Archive member included to satisfy reference by file (symbol)

/home/alchemic_ronin/STM32/gcc-arm-none-eabi-9-2019-q4-major/bin/../lib/gcc/arm-none-eabi/9.2.1/thumb/v7e-m/nofp/libgcc.a(_arm_mulsf3.o)
                              CMakeFiles/Music.elf.dir/Src/main.c.obj (__aeabi_fmul)
/home/alchemic_ronin/STM32/gcc-arm-none-eabi-9-2019-q4-major/bin/../lib/gcc/arm-none-eabi/9.2.1/thumb/v7e-m/nofp/libgcc.a(_arm_addsubdf3.o)
                              CMakeFiles/Music.elf.dir/Src/main.c.obj (__aeabi_i2d)
/home/alchemic_ronin/STM32/gcc-arm-none-eabi-9-2019-q4-major/bin/../lib/gcc/arm-none-eabi/9.2.1/thumb/v7e-m/nofp/libgcc.a(_arm_muldivdf3.o)
                              CMakeFiles/Music.elf.dir/Src/main.c.obj (__aeabi_ddiv)
/home/alchemic_ronin/STM32/gcc-arm-none-eabi-9-2019-q4-major/bin/../lib/gcc/arm-none-eabi/9.2.1/thumb/v7e-m/nofp/libgcc.a(_arm_fixunsdfsi.o)
                              CMakeFiles/Music.elf.dir/Src/main.c.obj (__aeabi_d2uiz)
/home/alchemic_ronin/STM32/gcc-arm-none-eabi-9-2019-q4-major/bin/../lib/gcc/arm-none-eabi/9.2.1/thumb/v7e-m/nofp/libgcc.a(_arm_fixunssfsi.o)
                              CMakeFiles/Music.elf.dir/Src/main.c.obj (__aeabi_f2uiz)
/home/alchemic_ronin/STM32/gcc-arm-none-eabi-9-2019-q4-major/bin/../lib/gcc/arm-none-eabi/9.2.1/thumb/v7e-m/nofp/libgcc.a(_aeabi_uldivmod.o)
                              CMakeFiles/Music.elf.dir/Drivers/STM32F4xx_HAL_Driver/Src/stm32f4xx_hal_rcc.c.obj (__aeabi_uldivmod)
/home/alchemic_ronin/STM32/gcc-arm-none-eabi-9-2019-q4-major/bin/../lib/gcc/arm-none-eabi/9.2.1/thumb/v7e-m/nofp/libgcc.a(_udivmoddi4.o)
                              /home/alchemic_ronin/STM32/gcc-arm-none-eabi-9-2019-q4-major/bin/../lib/gcc/arm-none-eabi/9.2.1/thumb/v7e-m/nofp/libgcc.a(_aeabi_uldivmod.o) (__udivmoddi4)
/home/alchemic_ronin/STM32/gcc-arm-none-eabi-9-2019-q4-major/bin/../lib/gcc/arm-none-eabi/9.2.1/thumb/v7e-m/nofp/libgcc.a(_dvmd_tls.o)
                              /home/alchemic_ronin/STM32/gcc-arm-none-eabi-9-2019-q4-major/bin/../lib/gcc/arm-none-eabi/9.2.1/thumb/v7e-m/nofp/libgcc.a(_aeabi_uldivmod.o) (__aeabi_ldiv0)
/home/alchemic_ronin/STM32/gcc-arm-none-eabi-9-2019-q4-major/bin/../lib/gcc/arm-none-eabi/9.2.1/../../../../arm-none-eabi/lib/thumb/v7e-m/nofp/libg_nano.a(lib_a-errno.o)
                              CMakeFiles/Music.elf.dir/Src/syscalls.c.obj (__errno)
/home/alchemic_ronin/STM32/gcc-arm-none-eabi-9-2019-q4-major/bin/../lib/gcc/arm-none-eabi/9.2.1/../../../../arm-none-eabi/lib/thumb/v7e-m/nofp/libg_nano.a(lib_a-exit.o)
                              /home/alchemic_ronin/STM32/gcc-arm-none-eabi-9-2019-q4-major/bin/../lib/gcc/arm-none-eabi/9.2.1/../../../../arm-none-eabi/lib/thumb/v7e-m/nofp/crt0.o (exit)
/home/alchemic_ronin/STM32/gcc-arm-none-eabi-9-2019-q4-major/bin/../lib/gcc/arm-none-eabi/9.2.1/../../../../arm-none-eabi/lib/thumb/v7e-m/nofp/libg_nano.a(lib_a-impure.o)
                              /home/alchemic_ronin/STM32/gcc-arm-none-eabi-9-2019-q4-major/bin/../lib/gcc/arm-none-eabi/9.2.1/../../../../arm-none-eabi/lib/thumb/v7e-m/nofp/libg_nano.a(lib_a-exit.o) (_global_impure_ptr)
/home/alchemic_ronin/STM32/gcc-arm-none-eabi-9-2019-q4-major/bin/../lib/gcc/arm-none-eabi/9.2.1/../../../../arm-none-eabi/lib/thumb/v7e-m/nofp/libg_nano.a(lib_a-init.o)
                              /home/alchemic_ronin/STM32/gcc-arm-none-eabi-9-2019-q4-major/bin/../lib/gcc/arm-none-eabi/9.2.1/../../../../arm-none-eabi/lib/thumb/v7e-m/nofp/crt0.o (__libc_init_array)
/home/alchemic_ronin/STM32/gcc-arm-none-eabi-9-2019-q4-major/bin/../lib/gcc/arm-none-eabi/9.2.1/../../../../arm-none-eabi/lib/thumb/v7e-m/nofp/libg_nano.a(lib_a-memset.o)
                              /home/alchemic_ronin/STM32/gcc-arm-none-eabi-9-2019-q4-major/bin/../lib/gcc/arm-none-eabi/9.2.1/../../../../arm-none-eabi/lib/thumb/v7e-m/nofp/crt0.o (memset)

Discarded input sections

 .text          0x0000000000000000        0x0 /home/alchemic_ronin/STM32/gcc-arm-none-eabi-9-2019-q4-major/bin/../lib/gcc/arm-none-eabi/9.2.1/thumb/v7e-m/nofp/crti.o
 .data          0x0000000000000000        0x0 /home/alchemic_ronin/STM32/gcc-arm-none-eabi-9-2019-q4-major/bin/../lib/gcc/arm-none-eabi/9.2.1/thumb/v7e-m/nofp/crti.o
 .bss           0x0000000000000000        0x0 /home/alchemic_ronin/STM32/gcc-arm-none-eabi-9-2019-q4-major/bin/../lib/gcc/arm-none-eabi/9.2.1/thumb/v7e-m/nofp/crti.o
 .data          0x0000000000000000        0x4 /home/alchemic_ronin/STM32/gcc-arm-none-eabi-9-2019-q4-major/bin/../lib/gcc/arm-none-eabi/9.2.1/thumb/v7e-m/nofp/crtbegin.o
 .text          0x0000000000000000       0x74 /home/alchemic_ronin/STM32/gcc-arm-none-eabi-9-2019-q4-major/bin/../lib/gcc/arm-none-eabi/9.2.1/../../../../arm-none-eabi/lib/thumb/v7e-m/nofp/crt0.o
 .data          0x0000000000000000        0x0 /home/alchemic_ronin/STM32/gcc-arm-none-eabi-9-2019-q4-major/bin/../lib/gcc/arm-none-eabi/9.2.1/../../../../arm-none-eabi/lib/thumb/v7e-m/nofp/crt0.o
[...]
Memory Configuration

Name             Origin             Length             Attributes
RAM              0x0000000020000000 0x0000000000030000 xrw
CCMRAM           0x0000000010000000 0x0000000000010000 xrw
FLASH            0x0000000008000000 0x0000000000200000 xr
*default*        0x0000000000000000 0xffffffffffffffff

Linker script and memory map

LOAD /home/alchemic_ronin/STM32/gcc-arm-none-eabi-9-2019-q4-major/bin/../lib/gcc/arm-none-eabi/9.2.1/thumb/v7e-m/nofp/crti.o
LOAD /home/alchemic_ronin/STM32/gcc-arm-none-eabi-9-2019-q4-major/bin/../lib/gcc/arm-none-eabi/9.2.1/thumb/v7e-m/nofp/crtbegin.o
LOAD /home/alchemic_ronin/STM32/gcc-arm-none-eabi-9-2019-q4-major/bin/../lib/gcc/arm-none-eabi/9.2.1/../../../../arm-none-eabi/lib/thumb/v7e-m/nofp/crt0.o
LOAD CMakeFiles/Music.elf.dir/Drivers/STM32F4xx_HAL_Driver/Src/stm32f4xx_hal.c.obj
LOAD CMakeFiles/Music.elf.dir/Drivers/STM32F4xx_HAL_Driver/Src/stm32f4xx_hal_cortex.c.obj
LOAD CMakeFiles/Music.elf.dir/Drivers/STM32F4xx_HAL_Driver/Src/stm32f4xx_hal_dma.c.obj
LOAD CMakeFiles/Music.elf.dir/Drivers/STM32F4xx_HAL_Driver/Src/stm32f4xx_hal_dma_ex.c.obj
LOAD CMakeFiles/Music.elf.dir/Drivers/STM32F4xx_HAL_Driver/Src/stm32f4xx_hal_exti.c.obj
LOAD CMakeFiles/Music.elf.dir/Drivers/STM32F4xx_HAL_Driver/Src/stm32f4xx_hal_flash.c.obj
LOAD CMakeFiles/Music.elf.dir/Drivers/STM32F4xx_HAL_Driver/Src/stm32f4xx_hal_flash_ex.c.obj
LOAD CMakeFiles/Music.elf.dir/Drivers/STM32F4xx_HAL_Driver/Src/stm32f4xx_hal_flash_ramfunc.c.obj
LOAD CMakeFiles/Music.elf.dir/Drivers/STM32F4xx_HAL_Driver/Src/stm32f4xx_hal_gpio.c.obj
LOAD CMakeFiles/Music.elf.dir/Drivers/STM32F4xx_HAL_Driver/Src/stm32f4xx_hal_pwr.c.obj
LOAD CMakeFiles/Music.elf.dir/Drivers/STM32F4xx_HAL_Driver/Src/stm32f4xx_hal_pwr_ex.c.obj
LOAD CMakeFiles/Music.elf.dir/Drivers/STM32F4xx_HAL_Driver/Src/stm32f4xx_hal_rcc.c.obj
LOAD CMakeFiles/Music.elf.dir/Drivers/STM32F4xx_HAL_Driver/Src/stm32f4xx_hal_rcc_ex.c.obj
LOAD CMakeFiles/Music.elf.dir/Drivers/STM32F4xx_HAL_Driver/Src/stm32f4xx_hal_tim.c.obj
LOAD CMakeFiles/Music.elf.dir/Drivers/STM32F4xx_HAL_Driver/Src/stm32f4xx_hal_tim_ex.c.obj
LOAD CMakeFiles/Music.elf.dir/Src/main.c.obj
LOAD CMakeFiles/Music.elf.dir/Src/stm32f4xx_hal_msp.c.obj
LOAD CMakeFiles/Music.elf.dir/Src/stm32f4xx_it.c.obj
LOAD CMakeFiles/Music.elf.dir/Src/syscalls.c.obj
LOAD CMakeFiles/Music.elf.dir/Src/system_stm32f4xx.c.obj
LOAD CMakeFiles/Music.elf.dir/startup/startup_stm32f427xx.s.obj
START GROUP
LOAD /home/alchemic_ronin/STM32/gcc-arm-none-eabi-9-2019-q4-major/bin/../lib/gcc/arm-none-eabi/9.2.1/thumb/v7e-m/nofp/libgcc.a
LOAD /home/alchemic_ronin/STM32/gcc-arm-none-eabi-9-2019-q4-major/bin/../lib/gcc/arm-none-eabi/9.2.1/../../../../arm-none-eabi/lib/thumb/v7e-m/nofp/libg_nano.a
LOAD /home/alchemic_ronin/STM32/gcc-arm-none-eabi-9-2019-q4-major/bin/../lib/gcc/arm-none-eabi/9.2.1/../../../../arm-none-eabi/lib/thumb/v7e-m/nofp/libc_nano.a
END GROUP
START GROUP
LOAD /home/alchemic_ronin/STM32/gcc-arm-none-eabi-9-2019-q4-major/bin/../lib/gcc/arm-none-eabi/9.2.1/thumb/v7e-m/nofp/libgcc.a
LOAD /home/alchemic_ronin/STM32/gcc-arm-none-eabi-9-2019-q4-major/bin/../lib/gcc/arm-none-eabi/9.2.1/../../../../arm-none-eabi/lib/thumb/v7e-m/nofp/libc_nano.a
LOAD /home/alchemic_ronin/STM32/gcc-arm-none-eabi-9-2019-q4-major/bin/../lib/gcc/arm-none-eabi/9.2.1/../../../../arm-none-eabi/lib/thumb/v7e-m/nofp/libnosys.a
END GROUP
START GROUP
LOAD /home/alchemic_ronin/STM32/gcc-arm-none-eabi-9-2019-q4-major/bin/../lib/gcc/arm-none-eabi/9.2.1/thumb/v7e-m/nofp/libgcc.a
LOAD /home/alchemic_ronin/STM32/gcc-arm-none-eabi-9-2019-q4-major/bin/../lib/gcc/arm-none-eabi/9.2.1/../../../../arm-none-eabi/lib/thumb/v7e-m/nofp/libc_nano.a
LOAD /home/alchemic_ronin/STM32/gcc-arm-none-eabi-9-2019-q4-major/bin/../lib/gcc/arm-none-eabi/9.2.1/../../../../arm-none-eabi/lib/thumb/v7e-m/nofp/libnosys.a
END GROUP
LOAD /home/alchemic_ronin/STM32/gcc-arm-none-eabi-9-2019-q4-major/bin/../lib/gcc/arm-none-eabi/9.2.1/thumb/v7e-m/nofp/crtend.o
LOAD /home/alchemic_ronin/STM32/gcc-arm-none-eabi-9-2019-q4-major/bin/../lib/gcc/arm-none-eabi/9.2.1/thumb/v7e-m/nofp/crtn.o
                0x0000000020030000                _estack = 0x20030000
                0x0000000000000200                _Min_Heap_Size = 0x200
                0x0000000000000400                _Min_Stack_Size = 0x400

.isr_vector     0x0000000008000000      0x1ac
                0x0000000008000000                . = ALIGN (0x4)
 *(.isr_vector)
 .isr_vector    0x0000000008000000      0x1ac CMakeFiles/Music.elf.dir/startup/startup_stm32f427xx.s.obj
                0x0000000008000000                g_pfnVectors
                0x00000000080001ac                . = ALIGN (0x4)

.text           0x00000000080001b0     0x2ab4
                0x00000000080001b0                . = ALIGN (0x4)
 *(.text)
 .text          0x00000000080001b0       0x40 /home/alchemic_ronin/STM32/gcc-arm-none-eabi-9-2019-q4-major/bin/../lib/gcc/arm-none-eabi/9.2.1/thumb/v7e-m/nofp/crtbegin.o
 .text          0x00000000080001f0      0x168 /home/alchemic_ronin/STM32/gcc-arm-none-eabi-9-2019-q4-major/bin/../lib/gcc/arm-none-eabi/9.2.1/thumb/v7e-m/nofp/libgcc.a(_arm_mulsf3.o)
                0x00000000080001f0                __mulsf3
                0x00000000080001f0                __aeabi_fmul
 .text          0x0000000008000358      0x378 /home/alchemic_ronin/STM32/gcc-arm-none-eabi-9-2019-q4-major/bin/../lib/gcc/arm-none-eabi/9.2.1/thumb/v7e-m/nofp/libgcc.a(_arm_addsubdf3.o)
                0x0000000008000358                __aeabi_drsub
                0x0000000008000360                __aeabi_dsub
                0x0000000008000360                __subdf3
                0x0000000008000364                __adddf3
                0x0000000008000364                __aeabi_dadd
                0x00000000080005dc                __aeabi_ui2d
                0x00000000080005dc                __floatunsidf
                0x00000000080005fc                __floatsidf
                0x00000000080005fc                __aeabi_i2d
                0x0000000008000620                __extendsfdf2
                0x0000000008000620                __aeabi_f2d
                0x0000000008000664                __aeabi_ul2d
                0x0000000008000664                __floatundidf
                0x0000000008000674                __floatdidf
                0x0000000008000674                __aeabi_l2d
 .text          0x00000000080006d0      0x424 /home/alchemic_ronin/STM32/gcc-arm-none-eabi-9-2019-q4-major/bin/../lib/gcc/arm-none-eabi/9.2.1/thumb/v7e-m/nofp/libgcc.a(_arm_muldivdf3.o)
                0x00000000080006d0                __aeabi_dmul
                0x00000000080006d0                __muldf3
                0x0000000008000924                __aeabi_ddiv
                0x0000000008000924                __divdf3
 .text          0x0000000008000af4       0x40 /home/alchemic_ronin/STM32/gcc-arm-none-eabi-9-2019-q4-major/bin/../lib/gcc/arm-none-eabi/9.2.1/thumb/v7e-m/nofp/libgcc.a(_arm_fixunsdfsi.o)
                0x0000000008000af4                __fixunsdfsi
                0x0000000008000af4                __aeabi_d2uiz
 .text          0x0000000008000b34       0x40 /home/alchemic_ronin/STM32/gcc-arm-none-eabi-9-2019-q4-major/bin/../lib/gcc/arm-none-eabi/9.2.1/thumb/v7e-m/nofp/libgcc.a(_arm_fixunssfsi.o)
                0x0000000008000b34                __aeabi_f2uiz
                0x0000000008000b34                __fixunssfsi
 .text          0x0000000008000b74       0x30 /home/alchemic_ronin/STM32/gcc-arm-none-eabi-9-2019-q4-major/bin/../lib/gcc/arm-none-eabi/9.2.1/thumb/v7e-m/nofp/libgcc.a(_aeabi_uldivmod.o)
                0x0000000008000b74                __aeabi_uldivmod
 .text          0x0000000008000ba4      0x2c0 /home/alchemic_ronin/STM32/gcc-arm-none-eabi-9-2019-q4-major/bin/../lib/gcc/arm-none-eabi/9.2.1/thumb/v7e-m/nofp/libgcc.a(_udivmoddi4.o)
                0x0000000008000ba4                __udivmoddi4
 .text          0x0000000008000e64        0x4 /home/alchemic_ronin/STM32/gcc-arm-none-eabi-9-2019-q4-major/bin/../lib/gcc/arm-none-eabi/9.2.1/thumb/v7e-m/nofp/libgcc.a(_dvmd_tls.o)
                0x0000000008000e64                __aeabi_ldiv0
                0x0000000008000e64                __aeabi_idiv0
 *(.text*)
 .text.HAL_Init
                0x0000000008000e68       0x44 CMakeFiles/Music.elf.dir/Drivers/STM32F4xx_HAL_Driver/Src/stm32f4xx_hal.c.obj
                0x0000000008000e68                HAL_Init
 .text.HAL_InitTick
                0x0000000008000eac       0x60 CMakeFiles/Music.elf.dir/Drivers/STM32F4xx_HAL_Driver/Src/stm32f4xx_hal.c.obj
                0x0000000008000eac                HAL_InitTick
 .text.HAL_IncTick
                0x0000000008000f0c       0x24 CMakeFiles/Music.elf.dir/Drivers/STM32F4xx_HAL_Driver/Src/stm32f4xx_hal.c.obj
                0x0000000008000f0c                HAL_IncTick
 .text.HAL_GetTick
                0x0000000008000f30       0x14 CMakeFiles/Music.elf.dir/Drivers/STM32F4xx_HAL_Driver/Src/stm32f4xx_hal.c.obj
                0x0000000008000f30                HAL_GetTick
 .text.HAL_Delay
                0x0000000008000f44       0x48 CMakeFiles/Music.elf.dir/Drivers/STM32F4xx_HAL_Driver/Src/stm32f4xx_hal.c.obj
                0x0000000008000f44                HAL_Delay
 .text.__NVIC_SetPriorityGrouping
                0x0000000008000f8c       0x48 CMakeFiles/Music.elf.dir/Drivers/STM32F4xx_HAL_Driver/Src/stm32f4xx_hal_cortex.c.obj
 .text.__NVIC_GetPriorityGrouping
                0x0000000008000fd4       0x1c CMakeFiles/Music.elf.dir/Drivers/STM32F4xx_HAL_Driver/Src/stm32f4xx_hal_cortex.c.obj
 .text.__NVIC_SetPriority
                0x0000000008000ff0       0x54 CMakeFiles/Music.elf.dir/Drivers/STM32F4xx_HAL_Driver/Src/stm32f4xx_hal_cortex.c.obj
 .text.NVIC_EncodePriority
                0x0000000008001044       0x64 CMakeFiles/Music.elf.dir/Drivers/STM32F4xx_HAL_Driver/Src/stm32f4xx_hal_cortex.c.obj
 .text.SysTick_Config
                0x00000000080010a8       0x44 CMakeFiles/Music.elf.dir/Drivers/STM32F4xx_HAL_Driver/Src/stm32f4xx_hal_cortex.c.obj
 .text.HAL_NVIC_SetPriorityGrouping
                0x00000000080010ec       0x16 CMakeFiles/Music.elf.dir/Drivers/STM32F4xx_HAL_Driver/Src/stm32f4xx_hal_cortex.c.obj
                0x00000000080010ec                HAL_NVIC_SetPriorityGrouping
 .text.HAL_NVIC_SetPriority
                0x0000000008001102       0x38 CMakeFiles/Music.elf.dir/Drivers/STM32F4xx_HAL_Driver/Src/stm32f4xx_hal_cortex.c.obj
                0x0000000008001102                HAL_NVIC_SetPriority
 .text.HAL_SYSTICK_Config
                0x000000000800113a       0x18 CMakeFiles/Music.elf.dir/Drivers/STM32F4xx_HAL_Driver/Src/stm32f4xx_hal_cortex.c.obj
                0x000000000800113a                HAL_SYSTICK_Config
 *fill*         0x0000000008001152        0x2 
 .text.HAL_GPIO_Init
                0x0000000008001154      0x354 CMakeFiles/Music.elf.dir/Drivers/STM32F4xx_HAL_Driver/Src/stm32f4xx_hal_gpio.c.obj
                0x0000000008001154                HAL_GPIO_Init
 .text.HAL_RCC_OscConfig
                0x00000000080014a8      0x4e0 CMakeFiles/Music.elf.dir/Drivers/STM32F4xx_HAL_Driver/Src/stm32f4xx_hal_rcc.c.obj
                0x00000000080014a8                HAL_RCC_OscConfig
 .text.HAL_RCC_ClockConfig
                0x0000000008001988      0x1cc CMakeFiles/Music.elf.dir/Drivers/STM32F4xx_HAL_Driver/Src/stm32f4xx_hal_rcc.c.obj
                0x0000000008001988                HAL_RCC_ClockConfig
 .text.HAL_RCC_GetSysClockFreq
                0x0000000008001b54      0x16c CMakeFiles/Music.elf.dir/Drivers/STM32F4xx_HAL_Driver/Src/stm32f4xx_hal_rcc.c.obj
                0x0000000008001b54                HAL_RCC_GetSysClockFreq
 .text.HAL_TIM_Base_Init
                0x0000000008001cc0       0x56 CMakeFiles/Music.elf.dir/Drivers/STM32F4xx_HAL_Driver/Src/stm32f4xx_hal_tim.c.obj
                0x0000000008001cc0                HAL_TIM_Base_Init
 .text.HAL_TIM_PWM_Init
                0x0000000008001d16       0x56 CMakeFiles/Music.elf.dir/Drivers/STM32F4xx_HAL_Driver/Src/stm32f4xx_hal_tim.c.obj
                0x0000000008001d16                HAL_TIM_PWM_Init
 .text.HAL_TIM_PWM_MspInit
                0x0000000008001d6c       0x12 CMakeFiles/Music.elf.dir/Drivers/STM32F4xx_HAL_Driver/Src/stm32f4xx_hal_tim.c.obj
                0x0000000008001d6c                HAL_TIM_PWM_MspInit
 *fill*         0x0000000008001d7e        0x2 
 .text.HAL_TIM_PWM_Start
                0x0000000008001d80       0x7c CMakeFiles/Music.elf.dir/Drivers/STM32F4xx_HAL_Driver/Src/stm32f4xx_hal_tim.c.obj
                0x0000000008001d80                HAL_TIM_PWM_Start
 .text.HAL_TIM_PWM_ConfigChannel
                0x0000000008001dfc      0x18c CMakeFiles/Music.elf.dir/Drivers/STM32F4xx_HAL_Driver/Src/stm32f4xx_hal_tim.c.obj
                0x0000000008001dfc                HAL_TIM_PWM_ConfigChannel
 .text.HAL_TIM_ConfigClockSource
                0x0000000008001f88      0x188 CMakeFiles/Music.elf.dir/Drivers/STM32F4xx_HAL_Driver/Src/stm32f4xx_hal_tim.c.obj
                0x0000000008001f88                HAL_TIM_ConfigClockSource
 .text.TIM_Base_SetConfig
                0x0000000008002110      0x13c CMakeFiles/Music.elf.dir/Drivers/STM32F4xx_HAL_Driver/Src/stm32f4xx_hal_tim.c.obj
                0x0000000008002110                TIM_Base_SetConfig
 .text.TIM_OC1_SetConfig
                0x000000000800224c       0xe0 CMakeFiles/Music.elf.dir/Drivers/STM32F4xx_HAL_Driver/Src/stm32f4xx_hal_tim.c.obj
 .text.TIM_OC2_SetConfig
                0x000000000800232c       0xe8 CMakeFiles/Music.elf.dir/Drivers/STM32F4xx_HAL_Driver/Src/stm32f4xx_hal_tim.c.obj
                0x000000000800232c                TIM_OC2_SetConfig
 .text.TIM_OC3_SetConfig
                0x0000000008002414       0xe8 CMakeFiles/Music.elf.dir/Drivers/STM32F4xx_HAL_Driver/Src/stm32f4xx_hal_tim.c.obj
 .text.TIM_OC4_SetConfig
                0x00000000080024fc       0xa8 CMakeFiles/Music.elf.dir/Drivers/STM32F4xx_HAL_Driver/Src/stm32f4xx_hal_tim.c.obj
 .text.TIM_TI1_ConfigInputStage
                0x00000000080025a4       0x5c CMakeFiles/Music.elf.dir/Drivers/STM32F4xx_HAL_Driver/Src/stm32f4xx_hal_tim.c.obj
 .text.TIM_TI2_ConfigInputStage
                0x0000000008002600       0x5e CMakeFiles/Music.elf.dir/Drivers/STM32F4xx_HAL_Driver/Src/stm32f4xx_hal_tim.c.obj
 .text.TIM_ITRx_SetConfig
                0x000000000800265e       0x34 CMakeFiles/Music.elf.dir/Drivers/STM32F4xx_HAL_Driver/Src/stm32f4xx_hal_tim.c.obj
 .text.TIM_ETR_SetConfig
                0x0000000008002692       0x3e CMakeFiles/Music.elf.dir/Drivers/STM32F4xx_HAL_Driver/Src/stm32f4xx_hal_tim.c.obj
                0x0000000008002692                TIM_ETR_SetConfig
 .text.TIM_CCxChannelCmd
                0x00000000080026d0       0x48 CMakeFiles/Music.elf.dir/Drivers/STM32F4xx_HAL_Driver/Src/stm32f4xx_hal_tim.c.obj
                0x00000000080026d0                TIM_CCxChannelCmd
 .text.main     0x0000000008002718       0x34 CMakeFiles/Music.elf.dir/Src/main.c.obj
                0x0000000008002718                main
 .text.SystemClock_Config
                0x000000000800274c       0xd4 CMakeFiles/Music.elf.dir/Src/main.c.obj
                0x000000000800274c                SystemClock_Config
 .text.MX_TIM12_Init
                0x0000000008002820       0xc4 CMakeFiles/Music.elf.dir/Src/main.c.obj
 .text.MX_GPIO_Init
                0x00000000080028e4       0x30 CMakeFiles/Music.elf.dir/Src/main.c.obj
 *fill*         0x0000000008002914        0x4 
 .text.buzzer_sing_tone
                0x0000000008002918       0xa4 CMakeFiles/Music.elf.dir/Src/main.c.obj
                0x0000000008002918                buzzer_sing_tone
 .text.buzzer_sing_song
                0x00000000080029bc       0x6c CMakeFiles/Music.elf.dir/Src/main.c.obj
                0x00000000080029bc                buzzer_sing_song
 .text.Error_Handler
                0x0000000008002a28        0xc CMakeFiles/Music.elf.dir/Src/main.c.obj
                0x0000000008002a28                Error_Handler
 .text.HAL_MspInit
                0x0000000008002a34       0x4c CMakeFiles/Music.elf.dir/Src/stm32f4xx_hal_msp.c.obj
                0x0000000008002a34                HAL_MspInit
 .text.HAL_TIM_Base_MspInit
                0x0000000008002a80       0x40 CMakeFiles/Music.elf.dir/Src/stm32f4xx_hal_msp.c.obj
                0x0000000008002a80                HAL_TIM_Base_MspInit
 .text.HAL_TIM_MspPostInit
                0x0000000008002ac0       0x74 CMakeFiles/Music.elf.dir/Src/stm32f4xx_hal_msp.c.obj
                0x0000000008002ac0                HAL_TIM_MspPostInit
 .text.NMI_Handler
                0x0000000008002b34        0xc CMakeFiles/Music.elf.dir/Src/stm32f4xx_it.c.obj
                0x0000000008002b34                NMI_Handler
 .text.HardFault_Handler
                0x0000000008002b40        0x6 CMakeFiles/Music.elf.dir/Src/stm32f4xx_it.c.obj
                0x0000000008002b40                HardFault_Handler
 .text.MemManage_Handler
                0x0000000008002b46        0x6 CMakeFiles/Music.elf.dir/Src/stm32f4xx_it.c.obj
                0x0000000008002b46                MemManage_Handler
 .text.BusFault_Handler
                0x0000000008002b4c        0x6 CMakeFiles/Music.elf.dir/Src/stm32f4xx_it.c.obj
                0x0000000008002b4c                BusFault_Handler
 .text.UsageFault_Handler
                0x0000000008002b52        0x6 CMakeFiles/Music.elf.dir/Src/stm32f4xx_it.c.obj
                0x0000000008002b52                UsageFault_Handler
 .text.SVC_Handler
                0x0000000008002b58        0xc CMakeFiles/Music.elf.dir/Src/stm32f4xx_it.c.obj
                0x0000000008002b58                SVC_Handler
 .text.DebugMon_Handler
                0x0000000008002b64        0xc CMakeFiles/Music.elf.dir/Src/stm32f4xx_it.c.obj
                0x0000000008002b64                DebugMon_Handler
 .text.PendSV_Handler
                0x0000000008002b70        0xc CMakeFiles/Music.elf.dir/Src/stm32f4xx_it.c.obj
                0x0000000008002b70                PendSV_Handler
 .text.SysTick_Handler
                0x0000000008002b7c        0xc CMakeFiles/Music.elf.dir/Src/stm32f4xx_it.c.obj
                0x0000000008002b7c                SysTick_Handler
 .text.SystemInit
                0x0000000008002b88       0x18 CMakeFiles/Music.elf.dir/Src/system_stm32f4xx.c.obj
                0x0000000008002b88                SystemInit
 .text.Reset_Handler
                0x0000000008002ba0       0x50 CMakeFiles/Music.elf.dir/startup/startup_stm32f427xx.s.obj
                0x0000000008002ba0                Reset_Handler
 .text.Default_Handler
                0x0000000008002bf0        0x2 CMakeFiles/Music.elf.dir/startup/startup_stm32f427xx.s.obj
                0x0000000008002bf0                RTC_Alarm_IRQHandler
                0x0000000008002bf0                HASH_RNG_IRQHandler
                0x0000000008002bf0                EXTI2_IRQHandler
                0x0000000008002bf0                TIM8_CC_IRQHandler
                0x0000000008002bf0                UART8_IRQHandler
                0x0000000008002bf0                SPI4_IRQHandler
                0x0000000008002bf0                TIM1_CC_IRQHandler
                0x0000000008002bf0                DMA2_Stream5_IRQHandler
                0x0000000008002bf0                DMA1_Stream5_IRQHandler
                0x0000000008002bf0                PVD_IRQHandler
                0x0000000008002bf0                SDIO_IRQHandler
                0x0000000008002bf0                TAMP_STAMP_IRQHandler
                0x0000000008002bf0                CAN2_RX1_IRQHandler
                0x0000000008002bf0                EXTI3_IRQHandler
                0x0000000008002bf0                TIM8_TRG_COM_TIM14_IRQHandler
                0x0000000008002bf0                TIM1_UP_TIM10_IRQHandler
                0x0000000008002bf0                TIM8_UP_TIM13_IRQHandler
                0x0000000008002bf0                I2C3_ER_IRQHandler
                0x0000000008002bf0                EXTI0_IRQHandler
                0x0000000008002bf0                I2C2_EV_IRQHandler
                0x0000000008002bf0                DMA1_Stream2_IRQHandler
                0x0000000008002bf0                CAN1_RX0_IRQHandler
                0x0000000008002bf0                FPU_IRQHandler
                0x0000000008002bf0                OTG_HS_WKUP_IRQHandler
                0x0000000008002bf0                CAN2_SCE_IRQHandler
                0x0000000008002bf0                DMA2_Stream2_IRQHandler
                0x0000000008002bf0                SPI1_IRQHandler
                0x0000000008002bf0                TIM6_DAC_IRQHandler
                0x0000000008002bf0                TIM1_BRK_TIM9_IRQHandler
                0x0000000008002bf0                DCMI_IRQHandler
                0x0000000008002bf0                CAN2_RX0_IRQHandler
                0x0000000008002bf0                DMA2_Stream3_IRQHandler
                0x0000000008002bf0                USART6_IRQHandler
                0x0000000008002bf0                USART3_IRQHandler
                0x0000000008002bf0                CAN1_RX1_IRQHandler
                0x0000000008002bf0                UART5_IRQHandler
                0x0000000008002bf0                DMA2_Stream0_IRQHandler
                0x0000000008002bf0                TIM4_IRQHandler
                0x0000000008002bf0                I2C1_EV_IRQHandler
                0x0000000008002bf0                DMA1_Stream6_IRQHandler
                0x0000000008002bf0                DMA1_Stream1_IRQHandler
                0x0000000008002bf0                UART4_IRQHandler
                0x0000000008002bf0                TIM3_IRQHandler
                0x0000000008002bf0                RCC_IRQHandler
                0x0000000008002bf0                TIM8_BRK_TIM12_IRQHandler
                0x0000000008002bf0                Default_Handler
                0x0000000008002bf0                EXTI15_10_IRQHandler
                0x0000000008002bf0                ADC_IRQHandler
                0x0000000008002bf0                DMA1_Stream7_IRQHandler
                0x0000000008002bf0                SPI5_IRQHandler
                0x0000000008002bf0                TIM7_IRQHandler
                0x0000000008002bf0                CAN2_TX_IRQHandler
                0x0000000008002bf0                TIM5_IRQHandler
                0x0000000008002bf0                DMA2_Stream7_IRQHandler
                0x0000000008002bf0                I2C3_EV_IRQHandler
                0x0000000008002bf0                EXTI9_5_IRQHandler
                0x0000000008002bf0                RTC_WKUP_IRQHandler
                0x0000000008002bf0                ETH_WKUP_IRQHandler
                0x0000000008002bf0                SPI2_IRQHandler
                0x0000000008002bf0                OTG_HS_EP1_IN_IRQHandler
                0x0000000008002bf0                DMA1_Stream0_IRQHandler
                0x0000000008002bf0                CAN1_TX_IRQHandler
                0x0000000008002bf0                EXTI4_IRQHandler
                0x0000000008002bf0                ETH_IRQHandler
                0x0000000008002bf0                OTG_HS_EP1_OUT_IRQHandler
                0x0000000008002bf0                WWDG_IRQHandler
                0x0000000008002bf0                SPI6_IRQHandler
                0x0000000008002bf0                TIM2_IRQHandler
                0x0000000008002bf0                OTG_FS_WKUP_IRQHandler
                0x0000000008002bf0                TIM1_TRG_COM_TIM11_IRQHandler
                0x0000000008002bf0                OTG_HS_IRQHandler
                0x0000000008002bf0                DMA2D_IRQHandler
                0x0000000008002bf0                EXTI1_IRQHandler
                0x0000000008002bf0                UART7_IRQHandler
                0x0000000008002bf0                USART2_IRQHandler
                0x0000000008002bf0                I2C2_ER_IRQHandler
                0x0000000008002bf0                DMA2_Stream1_IRQHandler
                0x0000000008002bf0                CAN1_SCE_IRQHandler
                0x0000000008002bf0                FLASH_IRQHandler
                0x0000000008002bf0                DMA2_Stream4_IRQHandler
                0x0000000008002bf0                USART1_IRQHandler
                0x0000000008002bf0                OTG_FS_IRQHandler
                0x0000000008002bf0                SPI3_IRQHandler
                0x0000000008002bf0                DMA1_Stream4_IRQHandler
                0x0000000008002bf0                I2C1_ER_IRQHandler
                0x0000000008002bf0                FMC_IRQHandler
                0x0000000008002bf0                DMA2_Stream6_IRQHandler
                0x0000000008002bf0                SAI1_IRQHandler
                0x0000000008002bf0                DMA1_Stream3_IRQHandler
 *fill*         0x0000000008002bf2        0x2 
 .text.__libc_init_array
                0x0000000008002bf4       0x48 /home/alchemic_ronin/STM32/gcc-arm-none-eabi-9-2019-q4-major/bin/../lib/gcc/arm-none-eabi/9.2.1/../../../../arm-none-eabi/lib/thumb/v7e-m/nofp/libg_nano.a(lib_a-init.o)
                0x0000000008002bf4                __libc_init_array
 .text.memset   0x0000000008002c3c       0x10 /home/alchemic_ronin/STM32/gcc-arm-none-eabi-9-2019-q4-major/bin/../lib/gcc/arm-none-eabi/9.2.1/../../../../arm-none-eabi/lib/thumb/v7e-m/nofp/libg_nano.a(lib_a-memset.o)
                0x0000000008002c3c                memset
 *(.glue_7)
 .glue_7        0x0000000008002c4c        0x0 linker stubs
 *(.glue_7t)
 .glue_7t       0x0000000008002c4c        0x0 linker stubs
 *(.eh_frame)
 .eh_frame      0x0000000008002c4c        0x0 /home/alchemic_ronin/STM32/gcc-arm-none-eabi-9-2019-q4-major/bin/../lib/gcc/arm-none-eabi/9.2.1/thumb/v7e-m/nofp/crtbegin.o
 *(.init)
 .init          0x0000000008002c4c        0x4 /home/alchemic_ronin/STM32/gcc-arm-none-eabi-9-2019-q4-major/bin/../lib/gcc/arm-none-eabi/9.2.1/thumb/v7e-m/nofp/crti.o
                0x0000000008002c4c                _init
 .init          0x0000000008002c50        0x8 /home/alchemic_ronin/STM32/gcc-arm-none-eabi-9-2019-q4-major/bin/../lib/gcc/arm-none-eabi/9.2.1/thumb/v7e-m/nofp/crtn.o
 *(.fini)
 .fini          0x0000000008002c58        0x4 /home/alchemic_ronin/STM32/gcc-arm-none-eabi-9-2019-q4-major/bin/../lib/gcc/arm-none-eabi/9.2.1/thumb/v7e-m/nofp/crti.o
                0x0000000008002c58                _fini
 .fini          0x0000000008002c5c        0x8 /home/alchemic_ronin/STM32/gcc-arm-none-eabi-9-2019-q4-major/bin/../lib/gcc/arm-none-eabi/9.2.1/thumb/v7e-m/nofp/crtn.o
                0x0000000008002c64                . = ALIGN (0x4)
                0x0000000008002c64                _etext = .

.vfp11_veneer   0x0000000008002c64        0x0
 .vfp11_veneer  0x0000000008002c64        0x0 linker stubs

.v4_bx          0x0000000008002c64        0x0
 .v4_bx         0x0000000008002c64        0x0 linker stubs

.iplt           0x0000000008002c64        0x0
 .iplt          0x0000000008002c64        0x0 /home/alchemic_ronin/STM32/gcc-arm-none-eabi-9-2019-q4-major/bin/../lib/gcc/arm-none-eabi/9.2.1/thumb/v7e-m/nofp/crtbegin.o

.rodata         0x0000000008002c64       0x10
                0x0000000008002c64                . = ALIGN (0x4)
 *(.rodata)
 *(.rodata*)
 .rodata.AHBPrescTable
                0x0000000008002c64       0x10 CMakeFiles/Music.elf.dir/Src/system_stm32f4xx.c.obj
                0x0000000008002c64                AHBPrescTable
                0x0000000008002c74                . = ALIGN (0x4)

.ARM.extab
 *(.ARM.extab* .gnu.linkonce.armextab.*)

.ARM            0x0000000008002c74        0x8
                0x0000000008002c74                __exidx_start = .
 *(.ARM.exidx*)
 .ARM.exidx     0x0000000008002c74        0x8 /home/alchemic_ronin/STM32/gcc-arm-none-eabi-9-2019-q4-major/bin/../lib/gcc/arm-none-eabi/9.2.1/thumb/v7e-m/nofp/libgcc.a(_udivmoddi4.o)
                0x0000000008002c7c                __exidx_end = .

.rel.dyn        0x0000000008002c7c        0x0
 .rel.iplt      0x0000000008002c7c        0x0 /home/alchemic_ronin/STM32/gcc-arm-none-eabi-9-2019-q4-major/bin/../lib/gcc/arm-none-eabi/9.2.1/thumb/v7e-m/nofp/crtbegin.o

.preinit_array  0x0000000008002c7c        0x0
                0x0000000008002c7c                PROVIDE (__preinit_array_start = .)
 *(.preinit_array*)
                0x0000000008002c7c                PROVIDE (__preinit_array_end = .)

.init_array     0x0000000008002c7c        0x4
                0x0000000008002c7c                PROVIDE (__init_array_start = .)
 *(SORT_BY_NAME(.init_array.*))
 *(.init_array*)
 .init_array    0x0000000008002c7c        0x4 /home/alchemic_ronin/STM32/gcc-arm-none-eabi-9-2019-q4-major/bin/../lib/gcc/arm-none-eabi/9.2.1/thumb/v7e-m/nofp/crtbegin.o
                0x0000000008002c80                PROVIDE (__init_array_end = .)

.fini_array     0x0000000008002c80        0x4
                [!provide]                        PROVIDE (__fini_array_start = .)
 *(SORT_BY_NAME(.fini_array.*))
 *(.fini_array*)
 .fini_array    0x0000000008002c80        0x4 /home/alchemic_ronin/STM32/gcc-arm-none-eabi-9-2019-q4-major/bin/../lib/gcc/arm-none-eabi/9.2.1/thumb/v7e-m/nofp/crtbegin.o
                [!provide]                        PROVIDE (__fini_array_end = .)
                0x0000000008002c84                _sidata = LOADADDR (.data)

.data           0x0000000020000000      0x218 load address 0x0000000008002c84
                0x0000000020000000                . = ALIGN (0x4)
                0x0000000020000000                _sdata = .
 *(.data)
 *(.data*)
 .data.uwTickPrio
                0x0000000020000000        0x4 CMakeFiles/Music.elf.dir/Drivers/STM32F4xx_HAL_Driver/Src/stm32f4xx_hal.c.obj
                0x0000000020000000                uwTickPrio
 .data.uwTickFreq
                0x0000000020000004        0x1 CMakeFiles/Music.elf.dir/Drivers/STM32F4xx_HAL_Driver/Src/stm32f4xx_hal.c.obj
                0x0000000020000004                uwTickFreq
 *fill*         0x0000000020000005        0x3 
 .data.mechanicus_freq
                0x0000000020000008       0xae CMakeFiles/Music.elf.dir/Src/main.c.obj
                0x0000000020000008                mechanicus_freq
 *fill*         0x00000000200000b6        0x2 
 .data.mechanicus_durt
                0x00000000200000b8      0x15c CMakeFiles/Music.elf.dir/Src/main.c.obj
                0x00000000200000b8                mechanicus_durt
 .data.SystemCoreClock
                0x0000000020000214        0x4 CMakeFiles/Music.elf.dir/Src/system_stm32f4xx.c.obj
                0x0000000020000214                SystemCoreClock
                0x0000000020000218                . = ALIGN (0x4)
                0x0000000020000218                _edata = .
                0x0000000008002e9c                _siccmram = LOADADDR (.ccmram)

.igot.plt       0x0000000020000218        0x0 load address 0x0000000008002e9c
 .igot.plt      0x0000000020000218        0x0 /home/alchemic_ronin/STM32/gcc-arm-none-eabi-9-2019-q4-major/bin/../lib/gcc/arm-none-eabi/9.2.1/thumb/v7e-m/nofp/crtbegin.o

.ccmram         0x0000000010000000        0x0 load address 0x0000000008002e9c
                0x0000000010000000                . = ALIGN (0x4)
                0x0000000010000000                _sccmram = .
 *(.ccmram)
 *(.ccmram*)
                0x0000000010000000                . = ALIGN (0x4)
                0x0000000010000000                _eccmram = .
                0x0000000010000000                . = ALIGN (0x4)

.bss            0x0000000020000218       0x60
                0x0000000020000218                _sbss = .
                0x0000000020000218                __bss_start__ = _sbss
 *(.bss)
 .bss           0x0000000020000218       0x1c /home/alchemic_ronin/STM32/gcc-arm-none-eabi-9-2019-q4-major/bin/../lib/gcc/arm-none-eabi/9.2.1/thumb/v7e-m/nofp/crtbegin.o
 *(.bss*)
 .bss.uwTick    0x0000000020000234        0x4 CMakeFiles/Music.elf.dir/Drivers/STM32F4xx_HAL_Driver/Src/stm32f4xx_hal.c.obj
                0x0000000020000234                uwTick
 .bss.htim12    0x0000000020000238       0x40 CMakeFiles/Music.elf.dir/Src/main.c.obj
                0x0000000020000238                htim12
 *(COMMON)
                0x0000000020000278                . = ALIGN (0x4)
                0x0000000020000278                _ebss = .
                0x0000000020000278                __bss_end__ = _ebss

._user_heap_stack
                0x0000000020000278      0x600
                0x0000000020000278                . = ALIGN (0x8)
                0x0000000020000278                PROVIDE (end = .)
                [!provide]                        PROVIDE (_end = .)
                0x0000000020000478                . = (. + _Min_Heap_Size)
 *fill*         0x0000000020000278      0x200 
                0x0000000020000878                . = (. + _Min_Stack_Size)
 *fill*         0x0000000020000478      0x400 
                0x0000000020000878                . = ALIGN (0x8)

/DISCARD/
 libc.a(*)
 libm.a(*)
 libgcc.a(*)

.ARM.attributes
                0x0000000000000000       0x2a
 *(.ARM.attributes)
 .ARM.attributes
                0x0000000000000000       0x1e /home/alchemic_ronin/STM32/gcc-arm-none-eabi-9-2019-q4-major/bin/../lib/gcc/arm-none-eabi/9.2.1/thumb/v7e-m/nofp/crti.o
 .ARM.attributes
                0x000000000000001e       0x2e /home/alchemic_ronin/STM32/gcc-arm-none-eabi-9-2019-q4-major/bin/../lib/gcc/arm-none-eabi/9.2.1/thumb/v7e-m/nofp/crtbegin.o
 .ARM.attributes
                0x000000000000004c       0x2e CMakeFiles/Music.elf.dir/Drivers/STM32F4xx_HAL_Driver/Src/stm32f4xx_hal.c.obj
 .ARM.attributes
                0x000000000000007a       0x2e CMakeFiles/Music.elf.dir/Drivers/STM32F4xx_HAL_Driver/Src/stm32f4xx_hal_cortex.c.obj
 .ARM.attributes
                0x00000000000000a8       0x2e CMakeFiles/Music.elf.dir/Drivers/STM32F4xx_HAL_Driver/Src/stm32f4xx_hal_gpio.c.obj
 .ARM.attributes
                0x00000000000000d6       0x2e CMakeFiles/Music.elf.dir/Drivers/STM32F4xx_HAL_Driver/Src/stm32f4xx_hal_rcc.c.obj
 .ARM.attributes
                0x0000000000000104       0x2e CMakeFiles/Music.elf.dir/Drivers/STM32F4xx_HAL_Driver/Src/stm32f4xx_hal_tim.c.obj
 .ARM.attributes
                0x0000000000000132       0x2e CMakeFiles/Music.elf.dir/Src/main.c.obj
 .ARM.attributes
                0x0000000000000160       0x2e CMakeFiles/Music.elf.dir/Src/stm32f4xx_hal_msp.c.obj
 .ARM.attributes
                0x000000000000018e       0x2e CMakeFiles/Music.elf.dir/Src/stm32f4xx_it.c.obj
 .ARM.attributes
                0x00000000000001bc       0x2e CMakeFiles/Music.elf.dir/Src/system_stm32f4xx.c.obj
 .ARM.attributes
                0x00000000000001ea       0x21 CMakeFiles/Music.elf.dir/startup/startup_stm32f427xx.s.obj
 .ARM.attributes
                0x000000000000020b       0x1e /home/alchemic_ronin/STM32/gcc-arm-none-eabi-9-2019-q4-major/bin/../lib/gcc/arm-none-eabi/9.2.1/thumb/v7e-m/nofp/libgcc.a(_arm_mulsf3.o)
 .ARM.attributes
                0x0000000000000229       0x1e /home/alchemic_ronin/STM32/gcc-arm-none-eabi-9-2019-q4-major/bin/../lib/gcc/arm-none-eabi/9.2.1/thumb/v7e-m/nofp/libgcc.a(_arm_addsubdf3.o)
 .ARM.attributes
                0x0000000000000247       0x1e /home/alchemic_ronin/STM32/gcc-arm-none-eabi-9-2019-q4-major/bin/../lib/gcc/arm-none-eabi/9.2.1/thumb/v7e-m/nofp/libgcc.a(_arm_muldivdf3.o)
 .ARM.attributes
                0x0000000000000265       0x1e /home/alchemic_ronin/STM32/gcc-arm-none-eabi-9-2019-q4-major/bin/../lib/gcc/arm-none-eabi/9.2.1/thumb/v7e-m/nofp/libgcc.a(_arm_fixunsdfsi.o)
 .ARM.attributes
                0x0000000000000283       0x1e /home/alchemic_ronin/STM32/gcc-arm-none-eabi-9-2019-q4-major/bin/../lib/gcc/arm-none-eabi/9.2.1/thumb/v7e-m/nofp/libgcc.a(_arm_fixunssfsi.o)
 .ARM.attributes
                0x00000000000002a1       0x1e /home/alchemic_ronin/STM32/gcc-arm-none-eabi-9-2019-q4-major/bin/../lib/gcc/arm-none-eabi/9.2.1/thumb/v7e-m/nofp/libgcc.a(_aeabi_uldivmod.o)
 .ARM.attributes
                0x00000000000002bf       0x2e /home/alchemic_ronin/STM32/gcc-arm-none-eabi-9-2019-q4-major/bin/../lib/gcc/arm-none-eabi/9.2.1/thumb/v7e-m/nofp/libgcc.a(_udivmoddi4.o)
 .ARM.attributes
                0x00000000000002ed       0x1e /home/alchemic_ronin/STM32/gcc-arm-none-eabi-9-2019-q4-major/bin/../lib/gcc/arm-none-eabi/9.2.1/thumb/v7e-m/nofp/libgcc.a(_dvmd_tls.o)
 .ARM.attributes
                0x000000000000030b       0x2e /home/alchemic_ronin/STM32/gcc-arm-none-eabi-9-2019-q4-major/bin/../lib/gcc/arm-none-eabi/9.2.1/../../../../arm-none-eabi/lib/thumb/v7e-m/nofp/libg_nano.a(lib_a-init.o)
 .ARM.attributes
                0x0000000000000339       0x2e /home/alchemic_ronin/STM32/gcc-arm-none-eabi-9-2019-q4-major/bin/../lib/gcc/arm-none-eabi/9.2.1/../../../../arm-none-eabi/lib/thumb/v7e-m/nofp/libg_nano.a(lib_a-memset.o)
 .ARM.attributes
                0x0000000000000367       0x1e /home/alchemic_ronin/STM32/gcc-arm-none-eabi-9-2019-q4-major/bin/../lib/gcc/arm-none-eabi/9.2.1/thumb/v7e-m/nofp/crtn.o
OUTPUT(Music.elf elf32-littlearm)

.debug_info     0x0000000000000000     0x71bb
 .debug_info    0x0000000000000000      0xa13 CMakeFiles/Music.elf.dir/Drivers/STM32F4xx_HAL_Driver/Src/stm32f4xx_hal.c.obj
 .debug_info    0x0000000000000a13      0xef6 CMakeFiles/Music.elf.dir/Drivers/STM32F4xx_HAL_Driver/Src/stm32f4xx_hal_cortex.c.obj
 .debug_info    0x0000000000001909      0x83f CMakeFiles/Music.elf.dir/Drivers/STM32F4xx_HAL_Driver/Src/stm32f4xx_hal_gpio.c.obj
 .debug_info    0x0000000000002148      0x9a7 CMakeFiles/Music.elf.dir/Drivers/STM32F4xx_HAL_Driver/Src/stm32f4xx_hal_rcc.c.obj
 .debug_info    0x0000000000002aef     0x26c2 CMakeFiles/Music.elf.dir/Drivers/STM32F4xx_HAL_Driver/Src/stm32f4xx_hal_tim.c.obj
 .debug_info    0x00000000000051b1      0xd8a CMakeFiles/Music.elf.dir/Src/main.c.obj
 .debug_info    0x0000000000005f3b      0xa92 CMakeFiles/Music.elf.dir/Src/stm32f4xx_hal_msp.c.obj
 .debug_info    0x00000000000069cd      0x217 CMakeFiles/Music.elf.dir/Src/stm32f4xx_it.c.obj
 .debug_info    0x0000000000006be4      0x5b5 CMakeFiles/Music.elf.dir/Src/system_stm32f4xx.c.obj
 .debug_info    0x0000000000007199       0x22 CMakeFiles/Music.elf.dir/startup/startup_stm32f427xx.s.obj

.debug_abbrev   0x0000000000000000     0x1248
 .debug_abbrev  0x0000000000000000      0x1ea CMakeFiles/Music.elf.dir/Drivers/STM32F4xx_HAL_Driver/Src/stm32f4xx_hal.c.obj
 .debug_abbrev  0x00000000000001ea      0x339 CMakeFiles/Music.elf.dir/Drivers/STM32F4xx_HAL_Driver/Src/stm32f4xx_hal_cortex.c.obj
 .debug_abbrev  0x0000000000000523      0x1ee CMakeFiles/Music.elf.dir/Drivers/STM32F4xx_HAL_Driver/Src/stm32f4xx_hal_gpio.c.obj
 .debug_abbrev  0x0000000000000711      0x272 CMakeFiles/Music.elf.dir/Drivers/STM32F4xx_HAL_Driver/Src/stm32f4xx_hal_rcc.c.obj
 .debug_abbrev  0x0000000000000983      0x25b CMakeFiles/Music.elf.dir/Drivers/STM32F4xx_HAL_Driver/Src/stm32f4xx_hal_tim.c.obj
 .debug_abbrev  0x0000000000000bde      0x26f CMakeFiles/Music.elf.dir/Src/main.c.obj
 .debug_abbrev  0x0000000000000e4d      0x1d8 CMakeFiles/Music.elf.dir/Src/stm32f4xx_hal_msp.c.obj
 .debug_abbrev  0x0000000000001025       0xcf CMakeFiles/Music.elf.dir/Src/stm32f4xx_it.c.obj
 .debug_abbrev  0x00000000000010f4      0x142 CMakeFiles/Music.elf.dir/Src/system_stm32f4xx.c.obj
 .debug_abbrev  0x0000000000001236       0x12 CMakeFiles/Music.elf.dir/startup/startup_stm32f427xx.s.obj

.debug_aranges  0x0000000000000000      0x7d8
 .debug_aranges
                0x0000000000000000      0x100 CMakeFiles/Music.elf.dir/Drivers/STM32F4xx_HAL_Driver/Src/stm32f4xx_hal.c.obj
 .debug_aranges
                0x0000000000000100      0x118 CMakeFiles/Music.elf.dir/Drivers/STM32F4xx_HAL_Driver/Src/stm32f4xx_hal_cortex.c.obj
 .debug_aranges
                0x0000000000000218       0x58 CMakeFiles/Music.elf.dir/Drivers/STM32F4xx_HAL_Driver/Src/stm32f4xx_hal_gpio.c.obj
 .debug_aranges
                0x0000000000000270       0x88 CMakeFiles/Music.elf.dir/Drivers/STM32F4xx_HAL_Driver/Src/stm32f4xx_hal_rcc.c.obj
 .debug_aranges
                0x00000000000002f8      0x3a8 CMakeFiles/Music.elf.dir/Drivers/STM32F4xx_HAL_Driver/Src/stm32f4xx_hal_tim.c.obj
 .debug_aranges
                0x00000000000006a0       0x50 CMakeFiles/Music.elf.dir/Src/main.c.obj
 .debug_aranges
                0x00000000000006f0       0x38 CMakeFiles/Music.elf.dir/Src/stm32f4xx_hal_msp.c.obj
 .debug_aranges
                0x0000000000000728       0x60 CMakeFiles/Music.elf.dir/Src/stm32f4xx_it.c.obj
 .debug_aranges
                0x0000000000000788       0x28 CMakeFiles/Music.elf.dir/Src/system_stm32f4xx.c.obj
 .debug_aranges
                0x00000000000007b0       0x28 CMakeFiles/Music.elf.dir/startup/startup_stm32f427xx.s.obj

.debug_ranges   0x0000000000000000      0x740
 .debug_ranges  0x0000000000000000       0xf0 CMakeFiles/Music.elf.dir/Drivers/STM32F4xx_HAL_Driver/Src/stm32f4xx_hal.c.obj
 .debug_ranges  0x00000000000000f0      0x108 CMakeFiles/Music.elf.dir/Drivers/STM32F4xx_HAL_Driver/Src/stm32f4xx_hal_cortex.c.obj
 .debug_ranges  0x00000000000001f8       0x48 CMakeFiles/Music.elf.dir/Drivers/STM32F4xx_HAL_Driver/Src/stm32f4xx_hal_gpio.c.obj
 .debug_ranges  0x0000000000000240       0x78 CMakeFiles/Music.elf.dir/Drivers/STM32F4xx_HAL_Driver/Src/stm32f4xx_hal_rcc.c.obj
 .debug_ranges  0x00000000000002b8      0x398 CMakeFiles/Music.elf.dir/Drivers/STM32F4xx_HAL_Driver/Src/stm32f4xx_hal_tim.c.obj
 .debug_ranges  0x0000000000000650       0x40 CMakeFiles/Music.elf.dir/Src/main.c.obj
 .debug_ranges  0x0000000000000690       0x28 CMakeFiles/Music.elf.dir/Src/stm32f4xx_hal_msp.c.obj
 .debug_ranges  0x00000000000006b8       0x50 CMakeFiles/Music.elf.dir/Src/stm32f4xx_it.c.obj
 .debug_ranges  0x0000000000000708       0x18 CMakeFiles/Music.elf.dir/Src/system_stm32f4xx.c.obj
 .debug_ranges  0x0000000000000720       0x20 CMakeFiles/Music.elf.dir/startup/startup_stm32f427xx.s.obj

.debug_line     0x0000000000000000     0x5451
 .debug_line    0x0000000000000000      0x5ff CMakeFiles/Music.elf.dir/Drivers/STM32F4xx_HAL_Driver/Src/stm32f4xx_hal.c.obj
 .debug_line    0x00000000000005ff      0x88a CMakeFiles/Music.elf.dir/Drivers/STM32F4xx_HAL_Driver/Src/stm32f4xx_hal_cortex.c.obj
 .debug_line    0x0000000000000e89      0x791 CMakeFiles/Music.elf.dir/Drivers/STM32F4xx_HAL_Driver/Src/stm32f4xx_hal_gpio.c.obj
 .debug_line    0x000000000000161a      0x975 CMakeFiles/Music.elf.dir/Drivers/STM32F4xx_HAL_Driver/Src/stm32f4xx_hal_rcc.c.obj
 .debug_line    0x0000000000001f8f     0x25d4 CMakeFiles/Music.elf.dir/Drivers/STM32F4xx_HAL_Driver/Src/stm32f4xx_hal_tim.c.obj
 .debug_line    0x0000000000004563      0x449 CMakeFiles/Music.elf.dir/Src/main.c.obj
 .debug_line    0x00000000000049ac      0x371 CMakeFiles/Music.elf.dir/Src/stm32f4xx_hal_msp.c.obj
 .debug_line    0x0000000000004d1d      0x346 CMakeFiles/Music.elf.dir/Src/stm32f4xx_it.c.obj
 .debug_line    0x0000000000005063      0x33b CMakeFiles/Music.elf.dir/Src/system_stm32f4xx.c.obj
 .debug_line    0x000000000000539e       0xb3 CMakeFiles/Music.elf.dir/startup/startup_stm32f427xx.s.obj

.debug_str      0x0000000000000000     0x2c30
 .debug_str     0x0000000000000000      0xc02 CMakeFiles/Music.elf.dir/Drivers/STM32F4xx_HAL_Driver/Src/stm32f4xx_hal.c.obj
                                        0xc6b (size before relaxing)
 .debug_str     0x0000000000000c02      0x527 CMakeFiles/Music.elf.dir/Drivers/STM32F4xx_HAL_Driver/Src/stm32f4xx_hal_cortex.c.obj
                                        0xda1 (size before relaxing)
 .debug_str     0x0000000000001129      0x213 CMakeFiles/Music.elf.dir/Drivers/STM32F4xx_HAL_Driver/Src/stm32f4xx_hal_gpio.c.obj
                                        0x62d (size before relaxing)
 .debug_str     0x000000000000133c      0x329 CMakeFiles/Music.elf.dir/Drivers/STM32F4xx_HAL_Driver/Src/stm32f4xx_hal_rcc.c.obj
                                        0x7e4 (size before relaxing)
 .debug_str     0x0000000000001665     0x1222 CMakeFiles/Music.elf.dir/Drivers/STM32F4xx_HAL_Driver/Src/stm32f4xx_hal_tim.c.obj
                                       0x15a4 (size before relaxing)
 .debug_str     0x0000000000002887      0x182 CMakeFiles/Music.elf.dir/Src/main.c.obj
                                        0xb5e (size before relaxing)
 .debug_str     0x0000000000002a09       0x6e CMakeFiles/Music.elf.dir/Src/stm32f4xx_hal_msp.c.obj
                                        0x8ff (size before relaxing)
 .debug_str     0x0000000000002a77       0xdb CMakeFiles/Music.elf.dir/Src/stm32f4xx_it.c.obj
                                        0x37e (size before relaxing)
 .debug_str     0x0000000000002b52       0x7a CMakeFiles/Music.elf.dir/Src/system_stm32f4xx.c.obj
                                        0x491 (size before relaxing)
 .debug_str     0x0000000000002bcc       0x64 CMakeFiles/Music.elf.dir/startup/startup_stm32f427xx.s.obj
                                         0xae (size before relaxing)

.comment        0x0000000000000000       0x79
 .comment       0x0000000000000000       0x79 CMakeFiles/Music.elf.dir/Drivers/STM32F4xx_HAL_Driver/Src/stm32f4xx_hal.c.obj
                                         0x7a (size before relaxing)
 .comment       0x0000000000000079       0x7a CMakeFiles/Music.elf.dir/Drivers/STM32F4xx_HAL_Driver/Src/stm32f4xx_hal_cortex.c.obj
 .comment       0x0000000000000079       0x7a CMakeFiles/Music.elf.dir/Drivers/STM32F4xx_HAL_Driver/Src/stm32f4xx_hal_gpio.c.obj
 .comment       0x0000000000000079       0x7a CMakeFiles/Music.elf.dir/Drivers/STM32F4xx_HAL_Driver/Src/stm32f4xx_hal_rcc.c.obj
 .comment       0x0000000000000079       0x7a CMakeFiles/Music.elf.dir/Drivers/STM32F4xx_HAL_Driver/Src/stm32f4xx_hal_tim.c.obj
 .comment       0x0000000000000079       0x7a CMakeFiles/Music.elf.dir/Src/main.c.obj
 .comment       0x0000000000000079       0x7a CMakeFiles/Music.elf.dir/Src/stm32f4xx_hal_msp.c.obj
 .comment       0x0000000000000079       0x7a CMakeFiles/Music.elf.dir/Src/stm32f4xx_it.c.obj
 .comment       0x0000000000000079       0x7a CMakeFiles/Music.elf.dir/Src/system_stm32f4xx.c.obj

.debug_frame    0x0000000000000000     0x21a0
 .debug_frame   0x0000000000000000      0x3b4 CMakeFiles/Music.elf.dir/Drivers/STM32F4xx_HAL_Driver/Src/stm32f4xx_hal.c.obj
 .debug_frame   0x00000000000003b4      0x498 CMakeFiles/Music.elf.dir/Drivers/STM32F4xx_HAL_Driver/Src/stm32f4xx_hal_cortex.c.obj
 .debug_frame   0x000000000000084c      0x14c CMakeFiles/Music.elf.dir/Drivers/STM32F4xx_HAL_Driver/Src/stm32f4xx_hal_gpio.c.obj
 .debug_frame   0x0000000000000998      0x1ec CMakeFiles/Music.elf.dir/Drivers/STM32F4xx_HAL_Driver/Src/stm32f4xx_hal_rcc.c.obj
 .debug_frame   0x0000000000000b84     0x10f0 CMakeFiles/Music.elf.dir/Drivers/STM32F4xx_HAL_Driver/Src/stm32f4xx_hal_tim.c.obj
 .debug_frame   0x0000000000001c74      0x108 CMakeFiles/Music.elf.dir/Src/main.c.obj
 .debug_frame   0x0000000000001d7c       0xac CMakeFiles/Music.elf.dir/Src/stm32f4xx_hal_msp.c.obj
 .debug_frame   0x0000000000001e28      0x10c CMakeFiles/Music.elf.dir/Src/stm32f4xx_it.c.obj
 .debug_frame   0x0000000000001f34       0x58 CMakeFiles/Music.elf.dir/Src/system_stm32f4xx.c.obj
 .debug_frame   0x0000000000001f8c       0x24 /home/alchemic_ronin/STM32/gcc-arm-none-eabi-9-2019-q4-major/bin/../lib/gcc/arm-none-eabi/9.2.1/thumb/v7e-m/nofp/libgcc.a(_arm_mulsf3.o)
 .debug_frame   0x0000000000001fb0       0xac /home/alchemic_ronin/STM32/gcc-arm-none-eabi-9-2019-q4-major/bin/../lib/gcc/arm-none-eabi/9.2.1/thumb/v7e-m/nofp/libgcc.a(_arm_addsubdf3.o)
 .debug_frame   0x000000000000205c       0x50 /home/alchemic_ronin/STM32/gcc-arm-none-eabi-9-2019-q4-major/bin/../lib/gcc/arm-none-eabi/9.2.1/thumb/v7e-m/nofp/libgcc.a(_arm_muldivdf3.o)
 .debug_frame   0x00000000000020ac       0x24 /home/alchemic_ronin/STM32/gcc-arm-none-eabi-9-2019-q4-major/bin/../lib/gcc/arm-none-eabi/9.2.1/thumb/v7e-m/nofp/libgcc.a(_arm_fixunsdfsi.o)
 .debug_frame   0x00000000000020d0       0x24 /home/alchemic_ronin/STM32/gcc-arm-none-eabi-9-2019-q4-major/bin/../lib/gcc/arm-none-eabi/9.2.1/thumb/v7e-m/nofp/libgcc.a(_arm_fixunssfsi.o)
 .debug_frame   0x00000000000020f4       0x2c /home/alchemic_ronin/STM32/gcc-arm-none-eabi-9-2019-q4-major/bin/../lib/gcc/arm-none-eabi/9.2.1/thumb/v7e-m/nofp/libgcc.a(_aeabi_uldivmod.o)
 .debug_frame   0x0000000000002120       0x34 /home/alchemic_ronin/STM32/gcc-arm-none-eabi-9-2019-q4-major/bin/../lib/gcc/arm-none-eabi/9.2.1/thumb/v7e-m/nofp/libgcc.a(_udivmoddi4.o)
 .debug_frame   0x0000000000002154       0x2c /home/alchemic_ronin/STM32/gcc-arm-none-eabi-9-2019-q4-major/bin/../lib/gcc/arm-none-eabi/9.2.1/../../../../arm-none-eabi/lib/thumb/v7e-m/nofp/libg_nano.a(lib_a-init.o)
 .debug_frame   0x0000000000002180       0x20 /home/alchemic_ronin/STM32/gcc-arm-none-eabi-9-2019-q4-major/bin/../lib/gcc/arm-none-eabi/9.2.1/../../../../arm-none-eabi/lib/thumb/v7e-m/nofp/libg_nano.a(lib_a-memset.o)
