Component: ARM Compiler 5.05 (build 41) Tool: armlink [4d0eb9]

==============================================================================

Section Cross References

    main.o(.text) refers to controltask.o(.text) for ControtLoopTaskInit
    main.o(.text) refers to remotetask.o(.text) for RemoteTaskInit
    main.o(.text) refers to delay.o(.text) for delay_ms
    main.o(.text) refers to bsp.o(.text) for BSP_Init
    main.o(.text) refers to timer.o(.text) for Get_Time_Micros
    main.o(.text) refers to imu.o(.text) for IMU_getYawPitchRoll
    main.o(.text) refers to iotask.o(.text) for UploadParameter
    main.o(.text) refers to main.o(.data) for system_micrsecond
    main.o(.text) refers to imu.o(.bss) for angle
    bsp.o(.text) refers to misc.o(.text) for NVIC_PriorityGroupConfig
    bsp.o(.text) refers to gun.o(.text) for PWM_Configuration
    bsp.o(.text) refers to led.o(.text) for Led_Configuration
    bsp.o(.text) refers to laser.o(.text) for Laser_Configuration
    bsp.o(.text) refers to timer.o(.text) for TIM2_Configuration
    bsp.o(.text) refers to mpu6050_driver.o(.text) for MPU6050_Initialize
    bsp.o(.text) refers to encoder.o(.text) for Quad_Encoder_Configuration
    bsp.o(.text) refers to can1.o(.text) for CAN1_Configuration
    bsp.o(.text) refers to can2.o(.text) for CAN2_Configuration
    bsp.o(.text) refers to usart1.o(.text) for USART1_Configuration
    bsp.o(.text) refers to usart3.o(.text) for USART3_Configuration
    bsp.o(.text) refers to mpu6050_interrupt.o(.text) for MPU6050_IntConfiguration
    led.o(.text) refers to stm32f4xx_rcc.o(.text) for RCC_AHB1PeriphClockCmd
    led.o(.text) refers to stm32f4xx_gpio.o(.text) for GPIO_Init
    oled.o(.text) refers to stm32f4xx_gpio.o(.text) for GPIO_SetBits
    oled.o(.text) refers to delay.o(.text) for delay_us
    oled.o(.text) refers to printfa.o(i.__0vsprintf) for vsprintf
    oled.o(.text) refers to strlen.o(.text) for strlen
    oled.o(.text) refers to stm32f4xx_rcc.o(.text) for RCC_AHB1PeriphClockCmd
    oled.o(.text) refers to oled.o(.constdata) for F8X16
    oled.o(.text) refers to oled.o(.bss) for LCD_BUF
    oled.o(.text) refers to oled.o(.data) for last_len
    gun.o(.text) refers to stm32f4xx_rcc.o(.text) for RCC_AHB1PeriphClockCmd
    gun.o(.text) refers to stm32f4xx_gpio.o(.text) for GPIO_Init
    gun.o(.text) refers to stm32f4xx_tim.o(.text) for TIM_TimeBaseInit
    can1.o(.text) refers to stm32f4xx_rcc.o(.text) for RCC_AHB1PeriphClockCmd
    can1.o(.text) refers to stm32f4xx_gpio.o(.text) for GPIO_PinAFConfig
    can1.o(.text) refers to misc.o(.text) for NVIC_Init
    can1.o(.text) refers to stm32f4xx_can.o(.text) for CAN_DeInit
    can1.o(.text) refers to canbustask.o(.text) for CanReceiveMsgProcess
    can2.o(.text) refers to stm32f4xx_rcc.o(.text) for RCC_AHB1PeriphClockCmd
    can2.o(.text) refers to stm32f4xx_gpio.o(.text) for GPIO_PinAFConfig
    can2.o(.text) refers to misc.o(.text) for NVIC_Init
    can2.o(.text) refers to stm32f4xx_can.o(.text) for CAN_DeInit
    can2.o(.text) refers to canbustask.o(.text) for CanReceiveMsgProcess
    exti.o(.text) refers to stm32f4xx_rcc.o(.text) for RCC_APB2PeriphClockCmd
    exti.o(.text) refers to stm32f4xx_gpio.o(.text) for GPIO_Init
    exti.o(.text) refers to stm32f4xx_syscfg.o(.text) for SYSCFG_EXTILineConfig
    exti.o(.text) refers to stm32f4xx_exti.o(.text) for EXTI_Init
    exti.o(.text) refers to misc.o(.text) for NVIC_Init
    laser.o(.text) refers to stm32f4xx_rcc.o(.text) for RCC_AHB1PeriphClockCmd
    laser.o(.text) refers to stm32f4xx_gpio.o(.text) for GPIO_Init
    sensor.o(.text) refers to stm32f4xx_rcc.o(.text) for RCC_AHB1PeriphClockCmd
    sensor.o(.text) refers to stm32f4xx_gpio.o(.text) for GPIO_Init
    timer.o(.text) refers to stm32f4xx_rcc.o(.text) for RCC_APB2PeriphClockCmd
    timer.o(.text) refers to stm32f4xx_tim.o(.text) for TIM_ARRPreloadConfig
    timer.o(.text) refers to misc.o(.text) for NVIC_Init
    timer.o(.text) refers to stm32f4xx_gpio.o(.text) for GPIO_ToggleBits
    timer.o(.text) refers to controltask.o(.text) for Control_Task
    usart1.o(.text) refers to fifo.o(.text) for FIFO_Init
    usart1.o(.text) refers to stm32f4xx_rcc.o(.text) for RCC_AHB1PeriphClockCmd
    usart1.o(.text) refers to stm32f4xx_gpio.o(.text) for GPIO_PinAFConfig
    usart1.o(.text) refers to stm32f4xx_usart.o(.text) for USART_DeInit
    usart1.o(.text) refers to stm32f4xx_dma.o(.text) for DMA_DeInit
    usart1.o(.text) refers to misc.o(.text) for NVIC_Init
    usart1.o(.text) refers to remotetask.o(.text) for RemoteDataPrcess
    usart1.o(.text) refers to supervisetask.o(.text) for GetLostCounter
    usart1.o(.text) refers to lostcounter.o(.text) for LostCounterFeed
    usart1.o(.text) refers to usart1.o(.bss) for _USART1_RX_BUF
    usart1.o(.text) refers to usart1.o(.data) for this_time_rx_len
    usart3.o(.text) refers to stm32f4xx_rcc.o(.text) for RCC_AHB1PeriphClockCmd
[...]
    __main_after_scatterload                 0x08000191   Thumb Code     0  entry5.o(.ARM.Collect$$$$00000004)
    _main_clock                              0x08000191   Thumb Code     0  entry7b.o(.ARM.Collect$$$$00000008)
    _main_cpp_init                           0x08000191   Thumb Code     0  entry8b.o(.ARM.Collect$$$$0000000A)
    _main_init                               0x08000191   Thumb Code     0  entry9a.o(.ARM.Collect$$$$0000000B)
    __rt_final_cpp                           0x08000199   Thumb Code     0  entry10a.o(.ARM.Collect$$$$0000000D)
    __rt_final_exit                          0x08000199   Thumb Code     0  entry11a.o(.ARM.Collect$$$$0000000F)
    main                                     0x0800019d   Thumb Code    80  main.o(.text)
    BSP_Init                                 0x080001fd   Thumb Code    74  bsp.o(.text)
    Led_Configuration                        0x0800024d   Thumb Code    58  led.o(.text)
    PWM_Configuration                        0x0800028d   Thumb Code   282  gun.o(.text)
    CAN1_Configuration                       0x080003b5   Thumb Code   262  can1.o(.text)
    GYRO_RST                                 0x080004bb   Thumb Code    86  can1.o(.text)
    CAN1_TX_IRQHandler                       0x08000511   Thumb Code    22  can1.o(.text)
    CAN1_RX0_IRQHandler                      0x08000527   Thumb Code    50  can1.o(.text)
    CAN2_Configuration                       0x08000565   Thumb Code   264  can2.o(.text)
    CAN2_TX_IRQHandler                       0x0800066d   Thumb Code    22  can2.o(.text)
    CAN2_RX0_IRQHandler                      0x08000683   Thumb Code    42  can2.o(.text)
    delay_ms                                 0x080006b5   Thumb Code    28  delay.o(.text)
    delay_us                                 0x080006d1   Thumb Code    26  delay.o(.text)
    Delay_ms                                 0x080006eb   Thumb Code    28  delay.o(.text)
    Delay_us                                 0x08000707   Thumb Code    26  delay.o(.text)
    Exti_Configuration                       0x08000721   Thumb Code   216  exti.o(.text)
    EXTI0_IRQHandler                         0x080007f9   Thumb Code    18  exti.o(.text)
    EXTI1_IRQHandler                         0x0800080b   Thumb Code    18  exti.o(.text)
    Laser_Configuration                      0x08000825   Thumb Code    54  laser.o(.text)
    TIM8_Configuration                       0x08000861   Thumb Code    84  timer.o(.text)
    TIM6_Configuration                       0x080008b5   Thumb Code    72  timer.o(.text)
    TIM6_Start                               0x080008fd   Thumb Code    30  timer.o(.text)
    TIM4_Configuration                       0x0800091b   Thumb Code    84  timer.o(.text)
    TIM2_Configuration                       0x0800096f   Thumb Code    60  timer.o(.text)
    TIM2_IRQHandler                          0x080009ab   Thumb Code    46  timer.o(.text)
    TIM6_DAC_IRQHandler                      0x080009d9   Thumb Code    34  timer.o(.text)
    Get_Time_Micros                          0x080009fb   Thumb Code     8  timer.o(.text)
    USART1_Configuration                     0x08000a25   Thumb Code   302  usart1.o(.text)
    USART1_GetRxBuf                          0x08000b53   Thumb Code     4  usart1.o(.text)
    USART1_IRQHandler                        0x08000b57   Thumb Code   208  usart1.o(.text)
    USART3_Configuration                     0x08000c49   Thumb Code   182  usart3.o(.text)
    UART3_PrintCh                            0x08000cff   Thumb Code    28  usart3.o(.text)
    UART3_PrintBlock                         0x08000d1b   Thumb Code    44  usart3.o(.text)
    UART3_Put_Char                           0x08000d47   Thumb Code    28  usart3.o(.text)
    USART3_SendChar                          0x08000d63   Thumb Code     2  usart3.o(.text)
    fputc                                    0x08000d65   Thumb Code    32  usart3.o(.text)
    UART3_ReportIMU                          0x08000d85   Thumb Code   300  usart3.o(.text)
    UART3_ReportMotion                       0x08000eb1   Thumb Code   412  usart3.o(.text)
    USART3_IRQHandler                        0x0800104d   Thumb Code   222  usart3.o(.text)
    Quad_Encoder_Configuration               0x08001139   Thumb Code    90  encoder.o(.text)
    Encoder_Start                            0x08001193   Thumb Code    12  encoder.o(.text)
    GetQuadEncoderDiff                       0x0800119f   Thumb Code    40  encoder.o(.text)
    BSP_FLASH_GetFlashSector                 0x080011db   Thumb Code   116  bsp_flash.o(.text)
    BSP_FLASH_Write                          0x0800124f   Thumb Code   168  bsp_flash.o(.text)
    BSP_FLASH_Read                           0x080012f7   Thumb Code    34  bsp_flash.o(.text)
    Reset_Handler                            0x08001349   Thumb Code     8  startup_stm32f4xx.o(.text)
    SysTick_Handler                          0x08001361   Thumb Code     2  startup_stm32f4xx.o(.text)
    ADC_IRQHandler                           0x08001363   Thumb Code     0  startup_stm32f4xx.o(.text)
    CAN1_RX1_IRQHandler                      0x08001363   Thumb Code     0  startup_stm32f4xx.o(.text)
    CAN1_SCE_IRQHandler                      0x08001363   Thumb Code     0  startup_stm32f4xx.o(.text)
    CAN2_RX1_IRQHandler                      0x08001363   Thumb Code     0  startup_stm32f4xx.o(.text)
    CAN2_SCE_IRQHandler                      0x08001363   Thumb Code     0  startup_stm32f4xx.o(.text)
    CRYP_IRQHandler                          0x08001363   Thumb Code     0  startup_stm32f4xx.o(.text)
    DCMI_IRQHandler                          0x08001363   Thumb Code     0  startup_stm32f4xx.o(.text)
    DMA1_Stream0_IRQHandler                  0x08001363   Thumb Code     0  startup_stm32f4xx.o(.text)
    DMA1_Stream1_IRQHandler                  0x08001363   Thumb Code     0  startup_stm32f4xx.o(.text)
    DMA1_Stream2_IRQHandler                  0x08001363   Thumb Code     0  startup_stm32f4xx.o(.text)
    DMA1_Stream3_IRQHandler                  0x08001363   Thumb Code     0  startup_stm32f4xx.o(.text)
    DMA1_Stream4_IRQHandler                  0x08001363   Thumb Code     0  startup_stm32f4xx.o(.text)
    DMA1_Stream5_IRQHandler                  0x08001363   Thumb Code     0  startup_stm32f4xx.o(.text)
    DMA1_Stream6_IRQHandler                  0x08001363   Thumb Code     0  startup_stm32f4xx.o(.text)
    DMA1_Stream7_IRQHandler                  0x08001363   Thumb Code     0  startup_stm32f4xx.o(.text)
    DMA2_Stream0_IRQHandler                  0x08001363   Thumb Code     0  startup_stm32f4xx.o(.text)
    DMA2_Stream1_IRQHandler                  0x08001363   Thumb Code     0  startup_stm32f4xx.o(.text)
    DMA2_Stream2_IRQHandler                  0x08001363   Thumb Code     0  startup_stm32f4xx.o(.text)
    DMA2_Stream3_IRQHandler                  0x08001363   Thumb Code     0  startup_stm32f4xx.o(.text)
    DMA2_Stream4_IRQHandler                  0x08001363   Thumb Code     0  startup_stm32f4xx.o(.text)
    DMA2_Stream5_IRQHandler                  0x08001363   Thumb Code     0  startup_stm32f4xx.o(.text)
    DMA2_Stream6_IRQHandler                  0x08001363   Thumb Code     0  startup_stm32f4xx.o(.text)
    DMA2_Stream7_IRQHandler                  0x08001363   Thumb Code     0  startup_stm32f4xx.o(.text)
    ETH_IRQHandler                           0x08001363   Thumb Code     0  startup_stm32f4xx.o(.text)
    ETH_WKUP_IRQHandler                      0x08001363   Thumb Code     0  startup_stm32f4xx.o(.text)
    EXTI15_10_IRQHandler                     0x08001363   Thumb Code     0  startup_stm32f4xx.o(.text)
    EXTI2_IRQHandler                         0x08001363   Thumb Code     0  startup_stm32f4xx.o(.text)
    EXTI3_IRQHandler                         0x08001363   Thumb Code     0  startup_stm32f4xx.o(.text)
    EXTI9_5_IRQHandler                       0x08001363   Thumb Code     0  startup_stm32f4xx.o(.text)
    FLASH_IRQHandler                         0x08001363   Thumb Code     0  startup_stm32f4xx.o(.text)
    FPU_IRQHandler                           0x08001363   Thumb Code     0  startup_stm32f4xx.o(.text)
    FSMC_IRQHandler                          0x08001363   Thumb Code     0  startup_stm32f4xx.o(.text)
    HASH_RNG_IRQHandler                      0x08001363   Thumb Code     0  startup_stm32f4xx.o(.text)
    I2C1_ER_IRQHandler                       0x08001363   Thumb Code     0  startup_stm32f4xx.o(.text)
    I2C1_EV_IRQHandler                       0x08001363   Thumb Code     0  startup_stm32f4xx.o(.text)
    I2C2_ER_IRQHandler                       0x08001363   Thumb Code     0  startup_stm32f4xx.o(.text)
    I2C2_EV_IRQHandler                       0x08001363   Thumb Code     0  startup_stm32f4xx.o(.text)
    I2C3_ER_IRQHandler                       0x08001363   Thumb Code     0  startup_stm32f4xx.o(.text)
    I2C3_EV_IRQHandler                       0x08001363   Thumb Code     0  startup_stm32f4xx.o(.text)
    OTG_FS_IRQHandler                        0x08001363   Thumb Code     0  startup_stm32f4xx.o(.text)
    OTG_FS_WKUP_IRQHandler                   0x08001363   Thumb Code     0  startup_stm32f4xx.o(.text)
    OTG_HS_EP1_IN_IRQHandler                 0x08001363   Thumb Code     0  startup_stm32f4xx.o(.text)
    OTG_HS_EP1_OUT_IRQHandler                0x08001363   Thumb Code     0  startup_stm32f4xx.o(.text)
    OTG_HS_IRQHandler                        0x08001363   Thumb Code     0  startup_stm32f4xx.o(.text)
    OTG_HS_WKUP_IRQHandler                   0x08001363   Thumb Code     0  startup_stm32f4xx.o(.text)
    PVD_IRQHandler                           0x08001363   Thumb Code     0  startup_stm32f4xx.o(.text)
    RCC_IRQHandler                           0x08001363   Thumb Code     0  startup_stm32f4xx.o(.text)
    RTC_Alarm_IRQHandler                     0x08001363   Thumb Code     0  startup_stm32f4xx.o(.text)
    RTC_WKUP_IRQHandler                      0x08001363   Thumb Code     0  startup_stm32f4xx.o(.text)
    SDIO_IRQHandler                          0x08001363   Thumb Code     0  startup_stm32f4xx.o(.text)
    SPI1_IRQHandler                          0x08001363   Thumb Code     0  startup_stm32f4xx.o(.text)
    SPI2_IRQHandler                          0x08001363   Thumb Code     0  startup_stm32f4xx.o(.text)
    SPI3_IRQHandler                          0x08001363   Thumb Code     0  startup_stm32f4xx.o(.text)
    TAMP_STAMP_IRQHandler                    0x08001363   Thumb Code     0  startup_stm32f4xx.o(.text)
    TIM1_BRK_TIM9_IRQHandler                 0x08001363   Thumb Code     0  startup_stm32f4xx.o(.text)
    TIM1_CC_IRQHandler                       0x08001363   Thumb Code     0  startup_stm32f4xx.o(.text)
    TIM1_TRG_COM_TIM11_IRQHandler            0x08001363   Thumb Code     0  startup_stm32f4xx.o(.text)
    TIM1_UP_TIM10_IRQHandler                 0x08001363   Thumb Code     0  startup_stm32f4xx.o(.text)
    TIM3_IRQHandler                          0x08001363   Thumb Code     0  startup_stm32f4xx.o(.text)
    TIM4_IRQHandler                          0x08001363   Thumb Code     0  startup_stm32f4xx.o(.text)
    TIM5_IRQHandler                          0x08001363   Thumb Code     0  startup_stm32f4xx.o(.text)
    TIM7_IRQHandler                          0x08001363   Thumb Code     0  startup_stm32f4xx.o(.text)
    TIM8_BRK_TIM12_IRQHandler                0x08001363   Thumb Code     0  startup_stm32f4xx.o(.text)
    TIM8_CC_IRQHandler                       0x08001363   Thumb Code     0  startup_stm32f4xx.o(.text)
    TIM8_TRG_COM_TIM14_IRQHandler            0x08001363   Thumb Code     0  startup_stm32f4xx.o(.text)
    TIM8_UP_TIM13_IRQHandler                 0x08001363   Thumb Code     0  startup_stm32f4xx.o(.text)
    UART4_IRQHandler                         0x08001363   Thumb Code     0  startup_stm32f4xx.o(.text)
    UART5_IRQHandler                         0x08001363   Thumb Code     0  startup_stm32f4xx.o(.text)
    USART2_IRQHandler                        0x08001363   Thumb Code     0  startup_stm32f4xx.o(.text)
    USART6_IRQHandler                        0x08001363   Thumb Code     0  startup_stm32f4xx.o(.text)
    WWDG_IRQHandler                          0x08001363   Thumb Code     0  startup_stm32f4xx.o(.text)
    NMI_Handler                              0x0800136d   Thumb Code     2  stm32f4xx_it.o(.text)
    HardFault_Handler                        0x0800136f   Thumb Code     4  stm32f4xx_it.o(.text)
    MemManage_Handler                        0x08001373   Thumb Code     4  stm32f4xx_it.o(.text)
    BusFault_Handler                         0x08001377   Thumb Code     4  stm32f4xx_it.o(.text)
    UsageFault_Handler                       0x0800137b   Thumb Code     4  stm32f4xx_it.o(.text)
    SVC_Handler                              0x0800137f   Thumb Code     2  stm32f4xx_it.o(.text)
    DebugMon_Handler                         0x08001381   Thumb Code     2  stm32f4xx_it.o(.text)
    PendSV_Handler                           0x08001383   Thumb Code     2  stm32f4xx_it.o(.text)
    NVIC_PriorityGroupConfig                 0x08001385   Thumb Code    10  misc.o(.text)
    NVIC_Init                                0x0800138f   Thumb Code   106  misc.o(.text)
    NVIC_SetVectorTable                      0x080013f9   Thumb Code    14  misc.o(.text)
    NVIC_SystemLPConfig                      0x08001407   Thumb Code    34  misc.o(.text)
    SysTick_CLKSourceConfig                  0x08001429   Thumb Code    40  misc.o(.text)
    CAN_DeInit                               0x08001465   Thumb Code    50  stm32f4xx_can.o(.text)
    CAN_Init                                 0x08001497   Thumb Code   276  stm32f4xx_can.o(.text)
    CAN_FilterInit                           0x080015ab   Thumb Code   258  stm32f4xx_can.o(.text)
    CAN_StructInit                           0x080016ad   Thumb Code    32  stm32f4xx_can.o(.text)
    CAN_SlaveStartBank                       0x080016cd   Thumb Code    48  stm32f4xx_can.o(.text)
    CAN_DBGFreeze                            0x080016fd   Thumb Code    22  stm32f4xx_can.o(.text)
    CAN_TTComModeCmd                         0x08001713   Thumb Code   118  stm32f4xx_can.o(.text)
    CAN_Transmit                             0x08001789   Thumb Code   304  stm32f4xx_can.o(.text)
    CAN_TransmitStatus                       0x080018b9   Thumb Code   138  stm32f4xx_can.o(.text)
    CAN_CancelTransmit                       0x08001943   Thumb Code    48  stm32f4xx_can.o(.text)
    CAN_Receive                              0x08001973   Thumb Code   240  stm32f4xx_can.o(.text)
    CAN_FIFORelease                          0x08001a63   Thumb Code    22  stm32f4xx_can.o(.text)
    CAN_MessagePending                       0x08001a79   Thumb Code    30  stm32f4xx_can.o(.text)
    CAN_OperatingModeRequest                 0x08001a97   Thumb Code   162  stm32f4xx_can.o(.text)
    CAN_Sleep                                0x08001b39   Thumb Code    30  stm32f4xx_can.o(.text)
    CAN_WakeUp                               0x08001b57   Thumb Code    48  stm32f4xx_can.o(.text)
    CAN_GetLastErrorCode                     0x08001b87   Thumb Code    12  stm32f4xx_can.o(.text)
    CAN_GetReceiveErrorCounter               0x08001b93   Thumb Code    10  stm32f4xx_can.o(.text)
    CAN_GetLSBTransmitErrorCounter           0x08001b9d   Thumb Code    12  stm32f4xx_can.o(.text)
    CAN_ITConfig                             0x08001ba9   Thumb Code    18  stm32f4xx_can.o(.text)
    CAN_GetFlagStatus                        0x08001bbb   Thumb Code   120  stm32f4xx_can.o(.text)
    CAN_ClearFlag                            0x08001c33   Thumb Code    52  stm32f4xx_can.o(.text)
    CAN_GetITStatus                          0x08001c79   Thumb Code   310  stm32f4xx_can.o(.text)
    CAN_ClearITPendingBit                    0x08001daf   Thumb Code   162  stm32f4xx_can.o(.text)
    DMA_DeInit                               0x08001e55   Thumb Code   324  stm32f4xx_dma.o(.text)
    DMA_Init                                 0x08001f99   Thumb Code    82  stm32f4xx_dma.o(.text)
    DMA_StructInit                           0x08001feb   Thumb Code    34  stm32f4xx_dma.o(.text)
    DMA_Cmd                                  0x0800200d   Thumb Code    22  stm32f4xx_dma.o(.text)
    DMA_PeriphIncOffsetSizeConfig            0x08002023   Thumb Code    22  stm32f4xx_dma.o(.text)
    DMA_FlowControllerConfig                 0x08002039   Thumb Code    22  stm32f4xx_dma.o(.text)
    DMA_SetCurrDataCounter                   0x0800204f   Thumb Code     4  stm32f4xx_dma.o(.text)
    DMA_GetCurrDataCounter                   0x08002053   Thumb Code     8  stm32f4xx_dma.o(.text)
    DMA_DoubleBufferModeConfig               0x0800205b   Thumb Code    24  stm32f4xx_dma.o(.text)
    DMA_DoubleBufferModeCmd                  0x08002073   Thumb Code    22  stm32f4xx_dma.o(.text)
    DMA_MemoryTargetConfig                   0x08002089   Thumb Code    10  stm32f4xx_dma.o(.text)
    DMA_GetCurrentMemoryTarget               0x08002093   Thumb Code    20  stm32f4xx_dma.o(.text)
    DMA_GetCmdStatus                         0x080020a7   Thumb Code    20  stm32f4xx_dma.o(.text)
    DMA_GetFIFOStatus                        0x080020bb   Thumb Code    12  stm32f4xx_dma.o(.text)
    DMA_GetFlagStatus                        0x080020c7   Thumb Code    56  stm32f4xx_dma.o(.text)
    DMA_ClearFlag                            0x080020ff   Thumb Code    40  stm32f4xx_dma.o(.text)
    DMA_ITConfig                             0x08002127   Thumb Code    58  stm32f4xx_dma.o(.text)
    DMA_GetITStatus                          0x08002161   Thumb Code    84  stm32f4xx_dma.o(.text)
    DMA_ClearITPendingBit                    0x080021b5   Thumb Code    40  stm32f4xx_dma.o(.text)
    EXTI_DeInit                              0x080021fd   Thumb Code    28  stm32f4xx_exti.o(.text)
    EXTI_Init                                0x08002219   Thumb Code   142  stm32f4xx_exti.o(.text)
    EXTI_StructInit                          0x080022a7   Thumb Code    16  stm32f4xx_exti.o(.text)
    EXTI_GenerateSWInterrupt                 0x080022b7   Thumb Code    16  stm32f4xx_exti.o(.text)
    EXTI_GetFlagStatus                       0x080022c7   Thumb Code    22  stm32f4xx_exti.o(.text)
    EXTI_ClearFlag                           0x080022dd   Thumb Code     8  stm32f4xx_exti.o(.text)
    EXTI_GetITStatus                         0x080022e5   Thumb Code    34  stm32f4xx_exti.o(.text)
    EXTI_ClearITPendingBit                   0x08002307   Thumb Code     8  stm32f4xx_exti.o(.text)
    FLASH_SetLatency                         0x08002319   Thumb Code     6  stm32f4xx_flash.o(.text)
    FLASH_PrefetchBufferCmd                  0x0800231f   Thumb Code    30  stm32f4xx_flash.o(.text)
    FLASH_InstructionCacheCmd                0x0800233d   Thumb Code    30  stm32f4xx_flash.o(.text)
    FLASH_DataCacheCmd                       0x0800235b   Thumb Code    30  stm32f4xx_flash.o(.text)
    FLASH_InstructionCacheReset              0x08002379   Thumb Code    14  stm32f4xx_flash.o(.text)
    FLASH_DataCacheReset                     0x08002387   Thumb Code    14  stm32f4xx_flash.o(.text)
    FLASH_Unlock                             0x08002395   Thumb Code    26  stm32f4xx_flash.o(.text)
    FLASH_Lock                               0x080023af   Thumb Code    18  stm32f4xx_flash.o(.text)
    FLASH_GetStatus                          0x080023c1   Thumb Code    74  stm32f4xx_flash.o(.text)
    FLASH_WaitForLastOperation               0x0800240b   Thumb Code    34  stm32f4xx_flash.o(.text)
    FLASH_EraseSector                        0x0800242d   Thumb Code   140  stm32f4xx_flash.o(.text)
    FLASH_EraseAllSectors                    0x080024b9   Thumb Code   112  stm32f4xx_flash.o(.text)
    FLASH_ProgramDoubleWord                  0x08002529   Thumb Code    86  stm32f4xx_flash.o(.text)
    FLASH_ProgramWord                        0x0800257f   Thumb Code    82  stm32f4xx_flash.o(.text)
    FLASH_ProgramHalfWord                    0x080025d1   Thumb Code    82  stm32f4xx_flash.o(.text)
    FLASH_ProgramByte                        0x08002623   Thumb Code    78  stm32f4xx_flash.o(.text)
    FLASH_OB_Unlock                          0x08002671   Thumb Code    26  stm32f4xx_flash.o(.text)
    FLASH_OB_Lock                            0x0800268b   Thumb Code    18  stm32f4xx_flash.o(.text)
    FLASH_OB_WRPConfig                       0x0800269d   Thumb Code    54  stm32f4xx_flash.o(.text)
    FLASH_OB_RDPConfig                       0x080026d3   Thumb Code    24  stm32f4xx_flash.o(.text)
    FLASH_OB_UserConfig                      0x080026eb   Thumb Code    68  stm32f4xx_flash.o(.text)
    FLASH_OB_BORConfig                       0x0800272f   Thumb Code    22  stm32f4xx_flash.o(.text)
    FLASH_OB_Launch                          0x08002745   Thumb Code    26  stm32f4xx_flash.o(.text)
    FLASH_OB_GetUser                         0x0800275f   Thumb Code    10  stm32f4xx_flash.o(.text)
    FLASH_OB_GetWRP                          0x08002769   Thumb Code     8  stm32f4xx_flash.o(.text)
    FLASH_OB_GetRDP                          0x08002771   Thumb Code    20  stm32f4xx_flash.o(.text)
    FLASH_OB_GetBOR                          0x08002785   Thumb Code    10  stm32f4xx_flash.o(.text)
    FLASH_ITConfig                           0x0800278f   Thumb Code    34  stm32f4xx_flash.o(.text)
    FLASH_GetFlagStatus                      0x080027b1   Thumb Code    22  stm32f4xx_flash.o(.text)
    FLASH_ClearFlag                          0x080027c7   Thumb Code     8  stm32f4xx_flash.o(.text)
    GPIO_DeInit                              0x080027d5   Thumb Code   220  stm32f4xx_gpio.o(.text)
    GPIO_Init                                0x080028b1   Thumb Code   144  stm32f4xx_gpio.o(.text)
    GPIO_StructInit                          0x08002941   Thumb Code    18  stm32f4xx_gpio.o(.text)
    GPIO_PinLockConfig                       0x08002953   Thumb Code    34  stm32f4xx_gpio.o(.text)
    GPIO_ReadInputDataBit                    0x08002975   Thumb Code    18  stm32f4xx_gpio.o(.text)
    GPIO_ReadInputData                       0x08002987   Thumb Code     8  stm32f4xx_gpio.o(.text)
    GPIO_ReadOutputDataBit                   0x0800298f   Thumb Code    18  stm32f4xx_gpio.o(.text)
    GPIO_ReadOutputData                      0x080029a1   Thumb Code     8  stm32f4xx_gpio.o(.text)
    GPIO_SetBits                             0x080029a9   Thumb Code     4  stm32f4xx_gpio.o(.text)
    GPIO_ResetBits                           0x080029ad   Thumb Code     4  stm32f4xx_gpio.o(.text)
    GPIO_WriteBit                            0x080029b1   Thumb Code    10  stm32f4xx_gpio.o(.text)
    GPIO_Write                               0x080029bb   Thumb Code     4  stm32f4xx_gpio.o(.text)
    GPIO_ToggleBits                          0x080029bf   Thumb Code     8  stm32f4xx_gpio.o(.text)
    GPIO_PinAFConfig                         0x080029c7   Thumb Code    70  stm32f4xx_gpio.o(.text)
    RCC_DeInit                               0x08002a31   Thumb Code    60  stm32f4xx_rcc.o(.text)
    RCC_HSEConfig                            0x08002a6d   Thumb Code    14  stm32f4xx_rcc.o(.text)
    RCC_GetFlagStatus                        0x08002a7b   Thumb Code    60  stm32f4xx_rcc.o(.text)
    RCC_WaitForHSEStartUp                    0x08002ab7   Thumb Code    56  stm32f4xx_rcc.o(.text)
    RCC_AdjustHSICalibrationValue            0x08002aef   Thumb Code    20  stm32f4xx_rcc.o(.text)
    RCC_HSICmd                               0x08002b03   Thumb Code     6  stm32f4xx_rcc.o(.text)
    RCC_LSEConfig                            0x08002b09   Thumb Code    46  stm32f4xx_rcc.o(.text)
    RCC_LSICmd                               0x08002b37   Thumb Code     6  stm32f4xx_rcc.o(.text)
    RCC_PLLConfig                            0x08002b3d   Thumb Code    32  stm32f4xx_rcc.o(.text)
    RCC_PLLCmd                               0x08002b5d   Thumb Code     6  stm32f4xx_rcc.o(.text)
    RCC_PLLI2SConfig                         0x08002b63   Thumb Code    14  stm32f4xx_rcc.o(.text)
    RCC_PLLI2SCmd                            0x08002b71   Thumb Code     6  stm32f4xx_rcc.o(.text)
    RCC_ClockSecuritySystemCmd               0x08002b77   Thumb Code     6  stm32f4xx_rcc.o(.text)
    RCC_MCO1Config                           0x08002b7d   Thumb Code    28  stm32f4xx_rcc.o(.text)
    RCC_MCO2Config                           0x08002b99   Thumb Code    28  stm32f4xx_rcc.o(.text)
    RCC_SYSCLKConfig                         0x08002bb5   Thumb Code    20  stm32f4xx_rcc.o(.text)
    RCC_GetSYSCLKSource                      0x08002bc9   Thumb Code    12  stm32f4xx_rcc.o(.text)
    RCC_HCLKConfig                           0x08002bd5   Thumb Code    20  stm32f4xx_rcc.o(.text)
    RCC_PCLK1Config                          0x08002be9   Thumb Code    20  stm32f4xx_rcc.o(.text)
    RCC_PCLK2Config                          0x08002bfd   Thumb Code    22  stm32f4xx_rcc.o(.text)
    RCC_GetClocksFreq                        0x08002c13   Thumb Code   222  stm32f4xx_rcc.o(.text)
    RCC_RTCCLKConfig                         0x08002cf1   Thumb Code    54  stm32f4xx_rcc.o(.text)
    RCC_RTCCLKCmd                            0x08002d27   Thumb Code     8  stm32f4xx_rcc.o(.text)
    RCC_BackupResetCmd                       0x08002d2f   Thumb Code     8  stm32f4xx_rcc.o(.text)
    RCC_I2SCLKConfig                         0x08002d37   Thumb Code     6  stm32f4xx_rcc.o(.text)
    RCC_AHB1PeriphClockCmd                   0x08002d3d   Thumb Code    34  stm32f4xx_rcc.o(.text)
    RCC_AHB2PeriphClockCmd                   0x08002d5f   Thumb Code    34  stm32f4xx_rcc.o(.text)
    RCC_AHB3PeriphClockCmd                   0x08002d81   Thumb Code    34  stm32f4xx_rcc.o(.text)
    RCC_APB1PeriphClockCmd                   0x08002da3   Thumb Code    34  stm32f4xx_rcc.o(.text)
    RCC_APB2PeriphClockCmd                   0x08002dc5   Thumb Code    34  stm32f4xx_rcc.o(.text)
    RCC_AHB1PeriphResetCmd                   0x08002de7   Thumb Code    34  stm32f4xx_rcc.o(.text)
    RCC_AHB2PeriphResetCmd                   0x08002e09   Thumb Code    72  stm32f4xx_rcc.o(.text)
    RCC_AHB3PeriphResetCmd                   0x08002e51   Thumb Code    34  stm32f4xx_rcc.o(.text)
    RCC_APB1PeriphResetCmd                   0x08002e73   Thumb Code    34  stm32f4xx_rcc.o(.text)
    RCC_APB2PeriphResetCmd                   0x08002e95   Thumb Code    34  stm32f4xx_rcc.o(.text)
    RCC_AHB1PeriphClockLPModeCmd             0x08002eb7   Thumb Code    34  stm32f4xx_rcc.o(.text)
    RCC_AHB2PeriphClockLPModeCmd             0x08002ed9   Thumb Code    34  stm32f4xx_rcc.o(.text)
    RCC_AHB3PeriphClockLPModeCmd             0x08002efb   Thumb Code    34  stm32f4xx_rcc.o(.text)
    RCC_APB1PeriphClockLPModeCmd             0x08002f1d   Thumb Code    34  stm32f4xx_rcc.o(.text)
    RCC_APB2PeriphClockLPModeCmd             0x08002f3f   Thumb Code    34  stm32f4xx_rcc.o(.text)
    RCC_ITConfig                             0x08002f61   Thumb Code    34  stm32f4xx_rcc.o(.text)
    RCC_ClearFlag                            0x08002f83   Thumb Code    18  stm32f4xx_rcc.o(.text)
    RCC_GetITStatus                          0x08002f95   Thumb Code    22  stm32f4xx_rcc.o(.text)
    RCC_ClearITPendingBit                    0x08002fab   Thumb Code     8  stm32f4xx_rcc.o(.text)
    SYSCFG_DeInit                            0x08002fb9   Thumb Code    22  stm32f4xx_syscfg.o(.text)
    SYSCFG_MemoryRemapConfig                 0x08002fcf   Thumb Code     6  stm32f4xx_syscfg.o(.text)
    SYSCFG_EXTILineConfig                    0x08002fd5   Thumb Code    66  stm32f4xx_syscfg.o(.text)
    SYSCFG_ETH_MediaInterfaceConfig          0x08003017   Thumb Code     6  stm32f4xx_syscfg.o(.text)
    SYSCFG_CompensationCellCmd               0x0800301d   Thumb Code     6  stm32f4xx_syscfg.o(.text)
    SYSCFG_GetCompensationCellStatus         0x08003023   Thumb Code    22  stm32f4xx_syscfg.o(.text)
    TIM_DeInit                               0x08003045   Thumb Code   346  stm32f4xx_tim.o(.text)
    TIM_TimeBaseInit                         0x0800319f   Thumb Code   104  stm32f4xx_tim.o(.text)
    TIM_TimeBaseStructInit                   0x08003207   Thumb Code    18  stm32f4xx_tim.o(.text)
    TIM_PrescalerConfig                      0x08003219   Thumb Code     6  stm32f4xx_tim.o(.text)
    TIM_CounterModeConfig                    0x0800321f   Thumb Code    18  stm32f4xx_tim.o(.text)
    TIM_SetCounter                           0x08003231   Thumb Code     4  stm32f4xx_tim.o(.text)
    TIM_SetAutoreload                        0x08003235   Thumb Code     4  stm32f4xx_tim.o(.text)
    TIM_GetCounter                           0x08003239   Thumb Code     6  stm32f4xx_tim.o(.text)
    TIM_GetPrescaler                         0x0800323f   Thumb Code     6  stm32f4xx_tim.o(.text)
    TIM_UpdateDisableConfig                  0x08003245   Thumb Code    24  stm32f4xx_tim.o(.text)
    TIM_UpdateRequestConfig                  0x0800325d   Thumb Code    24  stm32f4xx_tim.o(.text)
    TIM_ARRPreloadConfig                     0x08003275   Thumb Code    24  stm32f4xx_tim.o(.text)
    TIM_SelectOnePulseMode                   0x0800328d   Thumb Code    18  stm32f4xx_tim.o(.text)
    TIM_SetClockDivision                     0x0800329f   Thumb Code    18  stm32f4xx_tim.o(.text)
    TIM_Cmd                                  0x080032b1   Thumb Code    24  stm32f4xx_tim.o(.text)
    TIM_OC1Init                              0x080032c9   Thumb Code   114  stm32f4xx_tim.o(.text)
    TIM_OC2Init                              0x0800333b   Thumb Code   154  stm32f4xx_tim.o(.text)
    TIM_OC3Init                              0x080033d5   Thumb Code   204  stm32f4xx_tim.o(.text)
    TIM_OC4Init                              0x080034a1   Thumb Code   112  stm32f4xx_tim.o(.text)
    TIM_OCStructInit                         0x08003511   Thumb Code    20  stm32f4xx_tim.o(.text)
    TIM_SelectOCxM                           0x08003525   Thumb Code    86  stm32f4xx_tim.o(.text)
    TIM_SetCompare1                          0x0800357b   Thumb Code     4  stm32f4xx_tim.o(.text)
    TIM_SetCompare2                          0x0800357f   Thumb Code     4  stm32f4xx_tim.o(.text)
    TIM_SetCompare3                          0x08003583   Thumb Code     4  stm32f4xx_tim.o(.text)
    TIM_SetCompare4                          0x08003587   Thumb Code     4  stm32f4xx_tim.o(.text)
    TIM_ForcedOC1Config                      0x0800358b   Thumb Code    18  stm32f4xx_tim.o(.text)
    TIM_ForcedOC2Config                      0x0800359d   Thumb Code    26  stm32f4xx_tim.o(.text)
    TIM_ForcedOC3Config                      0x080035b7   Thumb Code    18  stm32f4xx_tim.o(.text)
    TIM_ForcedOC4Config                      0x080035c9   Thumb Code    26  stm32f4xx_tim.o(.text)
    TIM_OC1PreloadConfig                     0x080035e3   Thumb Code    18  stm32f4xx_tim.o(.text)
    TIM_OC2PreloadConfig                     0x080035f5   Thumb Code    26  stm32f4xx_tim.o(.text)
    TIM_OC3PreloadConfig                     0x0800360f   Thumb Code    18  stm32f4xx_tim.o(.text)
    TIM_OC4PreloadConfig                     0x08003621   Thumb Code    26  stm32f4xx_tim.o(.text)
    TIM_OC1FastConfig                        0x0800363b   Thumb Code    18  stm32f4xx_tim.o(.text)
    TIM_OC2FastConfig                        0x0800364d   Thumb Code    26  stm32f4xx_tim.o(.text)
    TIM_OC3FastConfig                        0x08003667   Thumb Code    18  stm32f4xx_tim.o(.text)
    TIM_OC4FastConfig                        0x08003679   Thumb Code    26  stm32f4xx_tim.o(.text)
    TIM_ClearOC1Ref                          0x08003693   Thumb Code    18  stm32f4xx_tim.o(.text)
    TIM_ClearOC2Ref                          0x080036a5   Thumb Code    24  stm32f4xx_tim.o(.text)
    TIM_ClearOC3Ref                          0x080036bd   Thumb Code    18  stm32f4xx_tim.o(.text)
    TIM_ClearOC4Ref                          0x080036cf   Thumb Code    24  stm32f4xx_tim.o(.text)
    TIM_OC1PolarityConfig                    0x080036e7   Thumb Code    18  stm32f4xx_tim.o(.text)
    TIM_OC1NPolarityConfig                   0x080036f9   Thumb Code    18  stm32f4xx_tim.o(.text)
    TIM_OC2PolarityConfig                    0x0800370b   Thumb Code    26  stm32f4xx_tim.o(.text)
    TIM_OC2NPolarityConfig                   0x08003725   Thumb Code    26  stm32f4xx_tim.o(.text)
    TIM_OC3PolarityConfig                    0x0800373f   Thumb Code    26  stm32f4xx_tim.o(.text)
    TIM_OC3NPolarityConfig                   0x08003759   Thumb Code    26  stm32f4xx_tim.o(.text)
    TIM_OC4PolarityConfig                    0x08003773   Thumb Code    26  stm32f4xx_tim.o(.text)
    TIM_CCxCmd                               0x0800378d   Thumb Code    30  stm32f4xx_tim.o(.text)
    TIM_CCxNCmd                              0x080037ab   Thumb Code    30  stm32f4xx_tim.o(.text)
    TIM_SetIC4Prescaler                      0x080037c9   Thumb Code    26  stm32f4xx_tim.o(.text)
    TIM_SetIC3Prescaler                      0x08003833   Thumb Code    18  stm32f4xx_tim.o(.text)
    TIM_SetIC2Prescaler                      0x0800388d   Thumb Code    26  stm32f4xx_tim.o(.text)
    TIM_SetIC1Prescaler                      0x08003901   Thumb Code    18  stm32f4xx_tim.o(.text)
    TIM_ICInit                               0x0800394d   Thumb Code   110  stm32f4xx_tim.o(.text)
    TIM_ICStructInit                         0x080039bb   Thumb Code    18  stm32f4xx_tim.o(.text)
    TIM_PWMIConfig                           0x080039cd   Thumb Code   124  stm32f4xx_tim.o(.text)
    TIM_GetCapture1                          0x08003a49   Thumb Code     6  stm32f4xx_tim.o(.text)
    TIM_GetCapture2                          0x08003a4f   Thumb Code     6  stm32f4xx_tim.o(.text)
    TIM_GetCapture3                          0x08003a55   Thumb Code     6  stm32f4xx_tim.o(.text)
    TIM_GetCapture4                          0x08003a5b   Thumb Code     6  stm32f4xx_tim.o(.text)
    TIM_BDTRConfig                           0x08003a61   Thumb Code    32  stm32f4xx_tim.o(.text)
    TIM_BDTRStructInit                       0x08003a81   Thumb Code    18  stm32f4xx_tim.o(.text)
    TIM_CtrlPWMOutputs                       0x08003a93   Thumb Code    30  stm32f4xx_tim.o(.text)
    TIM_SelectCOM                            0x08003ab1   Thumb Code    24  stm32f4xx_tim.o(.text)
    TIM_CCPreloadControl                     0x08003ac9   Thumb Code    24  stm32f4xx_tim.o(.text)
    TIM_ITConfig                             0x08003ae1   Thumb Code    18  stm32f4xx_tim.o(.text)
    TIM_GenerateEvent                        0x08003af3   Thumb Code     4  stm32f4xx_tim.o(.text)
    TIM_GetFlagStatus                        0x08003af7   Thumb Code    18  stm32f4xx_tim.o(.text)
    TIM_ClearFlag                            0x08003b09   Thumb Code     6  stm32f4xx_tim.o(.text)
    TIM_GetITStatus                          0x08003b0f   Thumb Code    34  stm32f4xx_tim.o(.text)
    TIM_ClearITPendingBit                    0x08003b31   Thumb Code     6  stm32f4xx_tim.o(.text)
    TIM_DMAConfig                            0x08003b37   Thumb Code    10  stm32f4xx_tim.o(.text)
    TIM_DMACmd                               0x08003b41   Thumb Code    18  stm32f4xx_tim.o(.text)
    TIM_SelectCCDMA                          0x08003b53   Thumb Code    24  stm32f4xx_tim.o(.text)
    TIM_InternalClockConfig                  0x08003b6b   Thumb Code    12  stm32f4xx_tim.o(.text)
    TIM_SelectInputTrigger                   0x08003b77   Thumb Code    18  stm32f4xx_tim.o(.text)
    TIM_ITRxExternalClockConfig              0x08003b89   Thumb Code    24  stm32f4xx_tim.o(.text)
    TIM_TIxExternalClockConfig               0x08003ba1   Thumb Code    62  stm32f4xx_tim.o(.text)
    TIM_ETRConfig                            0x08003bdf   Thumb Code    28  stm32f4xx_tim.o(.text)
    TIM_ETRClockMode1Config                  0x08003bfb   Thumb Code    54  stm32f4xx_tim.o(.text)
    TIM_ETRClockMode2Config                  0x08003c31   Thumb Code    32  stm32f4xx_tim.o(.text)
    TIM_SelectOutputTrigger                  0x08003c51   Thumb Code    18  stm32f4xx_tim.o(.text)
    TIM_SelectSlaveMode                      0x08003c63   Thumb Code    18  stm32f4xx_tim.o(.text)
    TIM_SelectMasterSlaveMode                0x08003c75   Thumb Code    18  stm32f4xx_tim.o(.text)
    TIM_EncoderInterfaceConfig               0x08003c87   Thumb Code    66  stm32f4xx_tim.o(.text)
    TIM_SelectHallSensor                     0x08003cc9   Thumb Code    24  stm32f4xx_tim.o(.text)
    TIM_RemapConfig                          0x08003ce1   Thumb Code     6  stm32f4xx_tim.o(.text)
    USART_DeInit                             0x08003ce9   Thumb Code   156  stm32f4xx_usart.o(.text)
    USART_Init                               0x08003d85   Thumb Code   204  stm32f4xx_usart.o(.text)
    USART_StructInit                         0x08003e51   Thumb Code    24  stm32f4xx_usart.o(.text)
    USART_ClockInit                          0x08003e69   Thumb Code    32  stm32f4xx_usart.o(.text)
    USART_ClockStructInit                    0x08003e89   Thumb Code    12  stm32f4xx_usart.o(.text)
    USART_Cmd                                0x08003e95   Thumb Code    24  stm32f4xx_usart.o(.text)
    USART_SetPrescaler                       0x08003ead   Thumb Code    16  stm32f4xx_usart.o(.text)
    USART_OverSampling8Cmd                   0x08003ebd   Thumb Code    22  stm32f4xx_usart.o(.text)
    USART_OneBitMethodCmd                    0x08003ed3   Thumb Code    24  stm32f4xx_usart.o(.text)
    USART_SendData                           0x08003eeb   Thumb Code     8  stm32f4xx_usart.o(.text)
    USART_ReceiveData                        0x08003ef3   Thumb Code    10  stm32f4xx_usart.o(.text)
    USART_SetAddress                         0x08003efd   Thumb Code    18  stm32f4xx_usart.o(.text)
    USART_ReceiverWakeUpCmd                  0x08003f0f   Thumb Code    24  stm32f4xx_usart.o(.text)
    USART_WakeUpConfig                       0x08003f27   Thumb Code    18  stm32f4xx_usart.o(.text)
    USART_LINBreakDetectLengthConfig         0x08003f39   Thumb Code    18  stm32f4xx_usart.o(.text)
    USART_LINCmd                             0x08003f4b   Thumb Code    24  stm32f4xx_usart.o(.text)
    USART_SendBreak                          0x08003f63   Thumb Code    10  stm32f4xx_usart.o(.text)
    USART_HalfDuplexCmd                      0x08003f6d   Thumb Code    24  stm32f4xx_usart.o(.text)
    USART_SetGuardTime                       0x08003f85   Thumb Code    16  stm32f4xx_usart.o(.text)
    USART_SmartCardCmd                       0x08003f95   Thumb Code    24  stm32f4xx_usart.o(.text)
    USART_SmartCardNACKCmd                   0x08003fad   Thumb Code    24  stm32f4xx_usart.o(.text)
    USART_IrDAConfig                         0x08003fc5   Thumb Code    18  stm32f4xx_usart.o(.text)
    USART_IrDACmd                            0x08003fd7   Thumb Code    24  stm32f4xx_usart.o(.text)
    USART_DMACmd                             0x08003fef   Thumb Code    18  stm32f4xx_usart.o(.text)
    USART_ITConfig                           0x08004001   Thumb Code    74  stm32f4xx_usart.o(.text)
    USART_GetFlagStatus                      0x0800404b   Thumb Code    26  stm32f4xx_usart.o(.text)
    USART_ClearFlag                          0x08004065   Thumb Code    18  stm32f4xx_usart.o(.text)
    USART_GetITStatus                        0x08004077   Thumb Code   110  stm32f4xx_usart.o(.text)
    USART_ClearITPendingBit                  0x080040e5   Thumb Code    30  stm32f4xx_usart.o(.text)
    SystemInit                               0x080041e1   Thumb Code    88  system_stm32f4xx.o(.text)
    SystemCoreClockUpdate                    0x08004239   Thumb Code   174  system_stm32f4xx.o(.text)
    IIC_Delay                                0x08004315   Thumb Code    26  mpu6050_i2c.o(.text)
    HEAT_Configuration                       0x0800432f   Thumb Code    50  mpu6050_i2c.o(.text)
    IIC_GPIO_Init                            0x08004361   Thumb Code    42  mpu6050_i2c.o(.text)
    IIC_SDA_Out                              0x0800438b   Thumb Code    34  mpu6050_i2c.o(.text)
    IIC_SDA_In                               0x080043ad   Thumb Code    38  mpu6050_i2c.o(.text)
    IIC_Start                                0x080043d3   Thumb Code    60  mpu6050_i2c.o(.text)
    IIC_Stop                                 0x0800440f   Thumb Code    60  mpu6050_i2c.o(.text)
    IIC_Ack                                  0x0800444b   Thumb Code    66  mpu6050_i2c.o(.text)
    IIC_WaitAck                              0x0800448d   Thumb Code    94  mpu6050_i2c.o(.text)
    IIC_WriteBit                             0x080044eb   Thumb Code    96  mpu6050_i2c.o(.text)
    IIC_ReadBit                              0x0800454b   Thumb Code    86  mpu6050_i2c.o(.text)
    IIC_WriteData                            0x080045a1   Thumb Code    92  mpu6050_i2c.o(.text)
    IIC_ReadData                             0x080045fd   Thumb Code   146  mpu6050_i2c.o(.text)
    GetCaliStatus                            0x080046e9   Thumb Code    20  mpu6050_driver.o(.text)
    SetCaliStatus                            0x080046fd   Thumb Code    12  mpu6050_driver.o(.text)
    ResetCaliStatus                          0x08004709   Thumb Code    12  mpu6050_driver.o(.text)
    MPU6050_ReadData                         0x08004715   Thumb Code    44  mpu6050_driver.o(.text)
    HMC5883_Init                             0x08004741   Thumb Code   116  mpu6050_driver.o(.text)
    MPU6050_Init                             0x080047b5   Thumb Code   254  mpu6050_driver.o(.text)
    MPU6050_EnableInt                        0x080048b3   Thumb Code    66  mpu6050_driver.o(.text)
    MPU6050_Initialize                       0x080048f5   Thumb Code    20  mpu6050_driver.o(.text)
    MPU6050_DataSave                         0x08004909   Thumb Code   720  mpu6050_driver.o(.text)
    HMC58X3_ReadData                         0x08004bd9   Thumb Code    18  mpu6050_driver.o(.text)
    MPU6050_getMotion6                       0x08004beb   Thumb Code   354  mpu6050_driver.o(.text)
    MPU6050_getlastMotion6                   0x08004d4d   Thumb Code    76  mpu6050_driver.o(.text)
    HMC58X3_newValues                        0x08004d99   Thumb Code   334  mpu6050_driver.o(.text)
    HMC58X3_getRaw                           0x08004ee7   Thumb Code    92  mpu6050_driver.o(.text)
    HMC58X3_getlastValues                    0x08004f43   Thumb Code    22  mpu6050_driver.o(.text)
    HMC58X3_mgetValues                       0x08004f59   Thumb Code   212  mpu6050_driver.o(.text)
    MPU6050_IntConfiguration                 0x0800502d   Thumb Code   124  mpu6050_interrupt.o(.text)
    EXTI4_IRQHandler                         0x080050a9   Thumb Code    46  mpu6050_interrupt.o(.text)
    invSqrt                                  0x080050e1   Thumb Code    56  imu.o(.text)
    Init_Quaternion                          0x08005119   Thumb Code   664  imu.o(.text)
    IMU_getValues                            0x080053b1   Thumb Code   196  imu.o(.text)
    IMU_AHRSupdate                           0x08005475   Thumb Code  2340  imu.o(.text)
    IMU_getQ                                 0x08005d99   Thumb Code    56  imu.o(.text)
    IMU_getYawPitchRoll                      0x08005dd1   Thumb Code   646  imu.o(.text)
    getPitchYawGxGyGz                        0x08006057   Thumb Code   204  imu.o(.text)
    Get_CRC8_Check_Sum                       0x08006155   Thumb Code    30  mf_crc8.o(.text)
    Verify_CRC8_Check_Sum                    0x08006173   Thumb Code    46  mf_crc8.o(.text)
    Append_CRC8_Check_Sum                    0x080061a1   Thumb Code    36  mf_crc8.o(.text)
    Get_CRC16_Check_Sum                      0x080061c9   Thumb Code    46  mf_crc16.o(.text)
    Verify_CRC16_Check_Sum                   0x080061f7   Thumb Code    60  mf_crc16.o(.text)
    Append_CRC16_Check_Sum                   0x08006233   Thumb Code    44  mf_crc16.o(.text)
    FrameUnpack                              0x080062e9   Thumb Code   234  protocal_parser.o(.text)
    FramePack                                0x080063d3   Thumb Code    50  protocal_parser.o(.text)
    Is_AppParam_Calied                       0x08006421   Thumb Code     6  iotask.o(.text)
    AppParamInit                             0x0800643b   Thumb Code   276  iotask.o(.text)
    SetGimbalCaliData                        0x0800654f   Thumb Code    24  iotask.o(.text)
    SetGyroCaliData                          0x08006567   Thumb Code    28  iotask.o(.text)
    SetAccCaliData                           0x08006583   Thumb Code    24  iotask.o(.text)
    SetMagCaliData                           0x0800659b   Thumb Code    24  iotask.o(.text)
    SetPIDCaliData                           0x080065b3   Thumb Code   280  iotask.o(.text)
    GetGimbalCaliData                        0x080066cb   Thumb Code    16  iotask.o(.text)
    GetGyroCaliData                          0x080066db   Thumb Code    20  iotask.o(.text)
    GetAccCaliData                           0x080066ef   Thumb Code    20  iotask.o(.text)
    GetMagCaliData                           0x08006703   Thumb Code    20  iotask.o(.text)
    IsGimbalCalied                           0x08006717   Thumb Code    16  iotask.o(.text)
    IsGyroCalied                             0x08006727   Thumb Code    16  iotask.o(.text)
    IsAccCalied                              0x08006737   Thumb Code    18  iotask.o(.text)
    IsMagCalied                              0x08006749   Thumb Code    18  iotask.o(.text)
    SetCaliCmdFlag                           0x0800675b   Thumb Code    12  iotask.o(.text)
    ResetCaliCmdFlag                         0x08006767   Thumb Code    12  iotask.o(.text)
    GetCaliCmdFlagGrp                        0x08006773   Thumb Code     6  iotask.o(.text)
    IsCaliCmdFlagSet                         0x08006779   Thumb Code    18  iotask.o(.text)
    Sensor_Offset_Param_Init                 0x0800678b   Thumb Code   112  iotask.o(.text)
    MagEndCaliProcess                        0x080067fb   Thumb Code   190  iotask.o(.text)
    MagStartCaliProcess                      0x080068b9   Thumb Code    26  iotask.o(.text)
    GimbalCaliProcess                        0x080068d3   Thumb Code   134  iotask.o(.text)
    GyroCaliProcess                          0x08006959   Thumb Code   202  iotask.o(.text)
    CalibrateLoop                            0x08006a23   Thumb Code   234  iotask.o(.text)
    PIDCaliProcess                           0x08006b0d   Thumb Code    22  iotask.o(.text)
    Version_Send                             0x08006b23   Thumb Code    94  iotask.o(.text)
    IMU_Info_Send                            0x08006b81   Thumb Code   124  iotask.o(.text)
    Sensor_Info_Send                         0x08006bfd   Thumb Code   216  iotask.o(.text)
    Mag_Cali_Info_Send                       0x08006cd5   Thumb Code   124  iotask.o(.text)
    Offset_Info_Send                         0x08006d51   Thumb Code   146  iotask.o(.text)
    Cali_Feedback_Info_Send                  0x08006de3   Thumb Code    88  iotask.o(.text)
    Robot_Error_Code_Send                    0x08006e3b   Thumb Code    74  iotask.o(.text)
    PID_Paremeter_Send                       0x08006e85   Thumb Code   286  iotask.o(.text)
    UploadParameter                          0x08006fa3   Thumb Code   424  iotask.o(.text)
    GetWorkState                             0x080071a3   Thumb Code     6  controltask.o(.text)
    CMControlLoop                            0x080071a9   Thumb Code   766  controltask.o(.text)
    ShooterMControlLoop                      0x080074a7   Thumb Code    74  controltask.o(.text)
    SetGimbalMotorOutput                     0x080074f1   Thumb Code    80  controltask.o(.text)
    GMYawControlLoop                         0x08007541   Thumb Code   256  controltask.o(.text)
    GMPitchControlLoop                       0x08007641   Thumb Code   238  controltask.o(.text)
    GimbalYawControlModeSwitch               0x0800772f   Thumb Code   284  controltask.o(.text)
    ControtLoopTaskInit                      0x0800784b   Thumb Code   136  controltask.o(.text)
    WorkStateFSM                             0x080078f1   Thumb Code   400  controltask.o(.text)
    Control_Task                             0x08007a81   Thumb Code    90  controltask.o(.text)
    GetRemoteSwitchAction                    0x08007ae5   Thumb Code   120  remotetask.o(.text)
    IsRemoteBeingAction                      0x08007b5d   Thumb Code   238  remotetask.o(.text)
    SetInputMode                             0x08007c4b   Thumb Code    36  remotetask.o(.text)
    GetInputMode                             0x08007c6f   Thumb Code     6  remotetask.o(.text)
    SetShootState                            0x08007c75   Thumb Code     6  remotetask.o(.text)
    RemoteShootControl                       0x08007c7b   Thumb Code   264  remotetask.o(.text)
    MouseShootControl                        0x08007d83   Thumb Code   288  remotetask.o(.text)
    GimbalAngleLimit                         0x08007ea3   Thumb Code   220  remotetask.o(.text)
    MouseKeyControlProcess                   0x08007f7f   Thumb Code   446  remotetask.o(.text)
    RemoteControlProcess                     0x0800813d   Thumb Code   222  remotetask.o(.text)
    RemoteDataPrcess                         0x0800821b   Thumb Code   210  remotetask.o(.text)
    GetShootState                            0x080082ed   Thumb Code     6  remotetask.o(.text)
    GetFrictionState                         0x080082f3   Thumb Code     6  remotetask.o(.text)
    SetFrictionState                         0x080082f9   Thumb Code     6  remotetask.o(.text)
    RemoteTaskInit                           0x080082ff   Thumb Code   144  remotetask.o(.text)
    GetEncoderBias                           0x08008391   Thumb Code    26  canbustask.o(.text)
    EncoderProcess                           0x080083ab   Thumb Code   202  canbustask.o(.text)
    CanReceiveMsgProcess                     0x08008475   Thumb Code   546  canbustask.o(.text)
    Set_CM_Speed                             0x08008697   Thumb Code    92  canbustask.o(.text)
    Set_Gimbal_Current                       0x080086f3   Thumb Code    82  canbustask.o(.text)
    LED_TOGGLE                               0x08008779   Thumb Code   214  supervisetask.o(.text)
    Get_Lost_Error                           0x0800884f   Thumb Code    10  supervisetask.o(.text)
    GetLostCounter                           0x08008859   Thumb Code    18  supervisetask.o(.text)
    SuperviseTask                            0x0800886b   Thumb Code   426  supervisetask.o(.text)
    Set_Error_Flag                           0x08008a15   Thumb Code     2  supervisetask.o(.text)
    Is_Lost_Error_Set                        0x08008a17   Thumb Code    22  supervisetask.o(.text)
    Is_Serious_Error                         0x08008a2d   Thumb Code    46  supervisetask.o(.text)
    FIFO_Init                                0x08008a79   Thumb Code    78  fifo.o(.text)
    FIFO_Create                              0x08008ac7   Thumb Code    80  fifo.o(.text)
    FIFO_Destory                             0x08008b17   Thumb Code    40  fifo.o(.text)
    FIFO_S_Init                              0x08008b3f   Thumb Code    62  fifo.o(.text)
    FIFO_S_Create                            0x08008b7d   Thumb Code    60  fifo.o(.text)
    FIFO_S_Destory                           0x08008bb9   Thumb Code    40  fifo.o(.text)
    FIFO_Put                                 0x08008be1   Thumb Code   106  fifo.o(.text)
    FIFO_S_Put                               0x08008c4b   Thumb Code    68  fifo.o(.text)
    FIFO_S_Puts                              0x08008c8f   Thumb Code    98  fifo.o(.text)
    FIFO_Get                                 0x08008cf1   Thumb Code   106  fifo.o(.text)
    FIFO_S_Get                               0x08008d5b   Thumb Code    58  fifo.o(.text)
    FIFO_GetHead                             0x08008d95   Thumb Code   162  fifo.o(.text)
    FIFO_S_GetHead                           0x08008e37   Thumb Code    76  fifo.o(.text)
    FIFO_PreRead                             0x08008e83   Thumb Code   108  fifo.o(.text)
    FIFO_S_PreRead                           0x08008eef   Thumb Code    48  fifo.o(.text)
    FIFO_IsEmpty                             0x08008f1f   Thumb Code    24  fifo.o(.text)
    FIFO_S_IsEmpty                           0x08008f37   Thumb Code    24  fifo.o(.text)
    FIFO_IsFull                              0x08008f4f   Thumb Code    24  fifo.o(.text)
    FIFO_S_IsFull                            0x08008f67   Thumb Code    24  fifo.o(.text)
    FIFO_CountUsed                           0x08008f7f   Thumb Code    16  fifo.o(.text)
    FIFO_S_CountUsed                         0x08008f8f   Thumb Code    16  fifo.o(.text)
    FIFO_CountFree                           0x08008f9f   Thumb Code    16  fifo.o(.text)
    FIFO_S_CountFree                         0x08008faf   Thumb Code    16  fifo.o(.text)
    FIFO_Flush                               0x08008fbf   Thumb Code    50  fifo.o(.text)
    FIFO_S_Flush                             0x08008ff1   Thumb Code    44  fifo.o(.text)
    RampInit                                 0x0800901d   Thumb Code     8  ramp.o(.text)
    RampCalc                                 0x08009025   Thumb Code    58  ramp.o(.text)
    RampSetCounter                           0x0800905f   Thumb Code     4  ramp.o(.text)
    RampResetCounter                         0x08009063   Thumb Code     6  ramp.o(.text)
    RampSetScale                             0x08009069   Thumb Code     4  ramp.o(.text)
    RampIsOverflow                           0x0800906d   Thumb Code    18  ramp.o(.text)
    LostCounterFeed                          0x08009085   Thumb Code     8  lostcounter.o(.text)
    LostCounterCount                         0x0800908d   Thumb Code    10  lostcounter.o(.text)
    LostCounterOverflowCheck                 0x08009097   Thumb Code    14  lostcounter.o(.text)
    PID_Reset                                0x080090a5   Thumb Code    50  pid_regulator.o(.text)
    PID_Calc                                 0x080090d7   Thumb Code   234  pid_regulator.o(.text)
    __aeabi_memcpy                           0x080091c5   Thumb Code    36  memcpya.o(.text)
    __aeabi_memcpy4                          0x080091c5   Thumb Code     0  memcpya.o(.text)
    __aeabi_memcpy8                          0x080091c5   Thumb Code     0  memcpya.o(.text)
    __aeabi_memset                           0x080091e9   Thumb Code    14  memseta.o(.text)
    __aeabi_memset4                          0x080091e9   Thumb Code     0  memseta.o(.text)
    __aeabi_memset8                          0x080091e9   Thumb Code     0  memseta.o(.text)
    __aeabi_memclr                           0x080091f7   Thumb Code     4  memseta.o(.text)
    __aeabi_memclr4                          0x080091f7   Thumb Code     0  memseta.o(.text)
    __aeabi_memclr8                          0x080091f7   Thumb Code     0  memseta.o(.text)
    _memset$wrapper                          0x080091fb   Thumb Code    18  memseta.o(.text)
    __aeabi_dadd                             0x0800920d   Thumb Code   322  dadd.o(.text)
    __aeabi_dsub                             0x0800934f   Thumb Code     6  dadd.o(.text)
    __aeabi_drsub                            0x08009355   Thumb Code     6  dadd.o(.text)
    __aeabi_dmul                             0x0800935b   Thumb Code   228  dmul.o(.text)
    __aeabi_ddiv                             0x0800943f   Thumb Code   222  ddiv.o(.text)
    __aeabi_i2d                              0x0800951d   Thumb Code    34  dflti.o(.text)
    __aeabi_d2uiz                            0x0800953f   Thumb Code    50  dfixui.o(.text)
    __aeabi_f2d                              0x08009571   Thumb Code    38  f2d.o(.text)
    __aeabi_cdrcmple                         0x08009599   Thumb Code    48  cdrcmple.o(.text)
    __aeabi_d2f                              0x080095c9   Thumb Code    56  d2f.o(.text)
    __aeabi_uidiv                            0x08009601   Thumb Code     0  uidiv.o(.text)
    __aeabi_uidivmod                         0x08009601   Thumb Code    44  uidiv.o(.text)
    __aeabi_uldivmod                         0x0800962d   Thumb Code    98  uldiv.o(.text)
    __aeabi_llsl                             0x0800968f   Thumb Code    30  llshl.o(.text)
    _ll_shift_l                              0x0800968f   Thumb Code     0  llshl.o(.text)
    __aeabi_llsr                             0x080096ad   Thumb Code    32  llushr.o(.text)
    _ll_ushift_r                             0x080096ad   Thumb Code     0  llushr.o(.text)
    __aeabi_lasr                             0x080096cd   Thumb Code    36  llsshr.o(.text)
    _ll_sshift_r                             0x080096cd   Thumb Code     0  llsshr.o(.text)
    __I$use$fp                               0x080096f1   Thumb Code     0  iusefp.o(.text)
    _float_round                             0x080096f1   Thumb Code    18  fepilogue.o(.text)
    _float_epilogue                          0x08009703   Thumb Code    92  fepilogue.o(.text)
    _double_round                            0x0800975f   Thumb Code    30  depilogue.o(.text)
    _double_epilogue                         0x0800977d   Thumb Code   156  depilogue.o(.text)
    _dsqrt                                   0x08009819   Thumb Code   162  dsqrt.o(.text)
    __aeabi_d2ulz                            0x080098bb   Thumb Code    48  dfixul.o(.text)
    __scatterload                            0x080098ed   Thumb Code    28  init.o(.text)
    __scatterload_rt2                        0x080098ed   Thumb Code     0  init.o(.text)
    __decompress                             0x08009911   Thumb Code     0  __dczerorl2.o(.text)
    __decompress1                            0x08009911   Thumb Code    86  __dczerorl2.o(.text)
    __0printf                                0x08009969   Thumb Code    22  printfa.o(i.__0printf)
    __1printf                                0x08009969   Thumb Code     0  printfa.o(i.__0printf)
    __2printf                                0x08009969   Thumb Code     0  printfa.o(i.__0printf)
    __c89printf                              0x08009969   Thumb Code     0  printfa.o(i.__0printf)
    printf                                   0x08009969   Thumb Code     0  printfa.o(i.__0printf)
    __ARM_fpclassify                         0x08009989   Thumb Code    48  fpclassify.o(i.__ARM_fpclassify)
    __hardfp_asin                            0x080099b9   Thumb Code   770  asin.o(i.__hardfp_asin)
    __hardfp_atan                            0x08009d19   Thumb Code   622  atan.o(i.__hardfp_atan)
    __hardfp_atan2                           0x08009ff1   Thumb Code   432  atan2.o(i.__hardfp_atan2)
    __hardfp_fabs                            0x0800a1e1   Thumb Code    20  fabs.o(i.__hardfp_fabs)
    __hardfp_sqrt                            0x0800a1f5   Thumb Code   122  sqrt.o(i.__hardfp_sqrt)
    __kernel_poly                            0x0800a26f   Thumb Code   248  poly.o(i.__kernel_poly)
    __mathlib_dbl_infnan                     0x0800a367   Thumb Code    20  dunder.o(i.__mathlib_dbl_infnan)
    __mathlib_dbl_infnan2                    0x0800a37b   Thumb Code    20  dunder.o(i.__mathlib_dbl_infnan2)
    __mathlib_dbl_invalid                    0x0800a391   Thumb Code    24  dunder.o(i.__mathlib_dbl_invalid)
    __mathlib_dbl_underflow                  0x0800a3b1   Thumb Code    24  dunder.o(i.__mathlib_dbl_underflow)
    __scatterload_copy                       0x0800a3d1   Thumb Code    14  handlers.o(i.__scatterload_copy)
    __scatterload_null                       0x0800a3df   Thumb Code     2  handlers.o(i.__scatterload_null)
    __scatterload_zeroinit                   0x0800a3e1   Thumb Code    14  handlers.o(i.__scatterload_zeroinit)
    __set_errno                              0x0800a3f1   Thumb Code     6  errno.o(i.__set_errno)
    atan                                     0x0800ac8f   Thumb Code    16  atan.o(i.atan)
    fabs                                     0x0800ac9f   Thumb Code    24  fabs.o(i.fabs)
    free                                     0x0800acb9   Thumb Code    76  malloc.o(i.free)
    malloc                                   0x0800ad09   Thumb Code    92  malloc.o(i.malloc)
    sqrt                                     0x0800ad75   Thumb Code   110  sqrt.o(i.sqrt)
    CRC8_INIT                                0x0800ade2   Data           1  mf_crc8.o(.constdata)
    CRC8_TAB                                 0x0800ade3   Data         256  mf_crc8.o(.constdata)
    wCRC_Table                               0x0800aee4   Data         512  mf_crc16.o(.constdata)
    lost_counter_len                         0x0800b0e4   Data          44  supervisetask.o(.constdata)
    __mathlib_zero                           0x0800b1f8   Data           8  qnan.o(.constdata)
    Region$$Table$$Base                      0x0800b200   Number         0  anon$$obj.o(Region$$Table)
    Region$$Table$$Limit                     0x0800b220   Number         0  anon$$obj.o(Region$$Table)
    Upload_Speed                             0x20000000   Data           4  main.o(.data)
    power1                                   0x20000004   Data           2  main.o(.data)
    power2                                   0x20000006   Data           2  main.o(.data)
    system_micrsecond                        0x20000008   Data           4  main.o(.data)
    movespeed_fb                             0x2000000c   Data           2  usart1.o(.data)
    movespeed_lr                             0x2000000e   Data           2  usart1.o(.data)
    car_stop_flag                            0x20000010   Data           1  usart1.o(.data)
    isShooting                               0x20000011   Data           1  usart1.o(.data)
    UART_TranFifo                            0x2000001c   Data           4  usart3.o(.data)
    SystemCoreClock                          0x20000034   Data           4  system_stm32f4xx.o(.data)
    AHBPrescTable                            0x20000038   Data          16  system_stm32f4xx.o(.data)
    HMC5883_lastx                            0x20000048   Data           4  mpu6050_driver.o(.data)
    HMC5883_lasty                            0x2000004c   Data           4  mpu6050_driver.o(.data)
    HMC5883_lastz                            0x20000050   Data           4  mpu6050_driver.o(.data)
    MPU6050_Lastax                           0x20000056   Data           2  mpu6050_driver.o(.data)
    MPU6050_Lastay                           0x20000058   Data           2  mpu6050_driver.o(.data)
    MPU6050_Lastaz                           0x2000005a   Data           2  mpu6050_driver.o(.data)
    MPU6050_Lastgx                           0x2000005c   Data           2  mpu6050_driver.o(.data)
    MPU6050_Lastgy                           0x2000005e   Data           2  mpu6050_driver.o(.data)
    MPU6050_Lastgz                           0x20000060   Data           2  mpu6050_driver.o(.data)
    isMPU6050_is_DRY                         0x20000062   Data           1  mpu6050_interrupt.o(.data)
    exInt                                    0x20000064   Data           4  imu.o(.data)
    eyInt                                    0x20000068   Data           4  imu.o(.data)
    ezInt                                    0x2000006c   Data           4  imu.o(.data)
    q0                                       0x20000070   Data           4  imu.o(.data)
    q1                                       0x20000074   Data           4  imu.o(.data)
    q2                                       0x20000078   Data           4  imu.o(.data)
    q3                                       0x2000007c   Data           4  imu.o(.data)
    integralFBhand                           0x200000a4   Data           4  imu.o(.data)
    handdiff                                 0x200000a8   Data           4  imu.o(.data)
    lastUpdate                               0x200000ac   Data           4  imu.o(.data)
    now                                      0x200000b0   Data           4  imu.o(.data)
    yaw_temp                                 0x200000b4   Data           4  imu.o(.data)
    pitch_temp                               0x200000b8   Data           4  imu.o(.data)
    roll_temp                                0x200000bc   Data           4  imu.o(.data)
    last_yaw_temp                            0x200000c0   Data           4  imu.o(.data)
    last_pitch_temp                          0x200000c4   Data           4  imu.o(.data)
    last_roll_temp                           0x200000c8   Data           4  imu.o(.data)
    yaw_angle                                0x200000cc   Data           4  imu.o(.data)
    pitch_angle                              0x200000d0   Data           4  imu.o(.data)
    roll_angle                               0x200000d4   Data           4  imu.o(.data)
    temp_halfT                               0x200000d8   Data           4  imu.o(.data)
    CRC_INIT                                 0x200000e0   Data           2  mf_crc16.o(.data)
    PIDCaliData                              0x200000f4   Data           8  iotask.o(.data)
    GimbalSavedCaliData                      0x200000fc   Data           5  iotask.o(.data)
    GyroSavedCaliData                        0x20000101   Data           7  iotask.o(.data)
    PitchPositionSavedPID                    0x20000108   Data           8  iotask.o(.data)
    PitchSpeedSavedPID                       0x20000110   Data           8  iotask.o(.data)
    YawPositionSavedPID                      0x20000118   Data           8  iotask.o(.data)
    YawSpeedSavedPID                         0x20000120   Data           8  iotask.o(.data)
    app_param_calied_flag                    0x20000128   Data           1  iotask.o(.data)
    GMPPositionPID                           0x20000164   Data          80  controltask.o(.data)
    GMPSpeedPID                              0x200001b4   Data          80  controltask.o(.data)
    GMYPositionPID                           0x20000204   Data          80  controltask.o(.data)
    GMYSpeedPID                              0x20000254   Data          80  controltask.o(.data)
    CMRotatePID                              0x200002a4   Data          80  controltask.o(.data)
    CM1SpeedPID                              0x200002f4   Data          80  controltask.o(.data)
    CM2SpeedPID                              0x20000344   Data          80  controltask.o(.data)
    CM3SpeedPID                              0x20000394   Data          80  controltask.o(.data)
    CM4SpeedPID                              0x200003e4   Data          80  controltask.o(.data)
    ShootMotorPositionPID                    0x20000434   Data          80  controltask.o(.data)
    ShootMotorSpeedPID                       0x20000484   Data          80  controltask.o(.data)
    lastWorkState                            0x200004d4   Data           1  controltask.o(.data)
    workState                                0x200004d5   Data           1  controltask.o(.data)
    GMPitchRamp                              0x200004d8   Data          36  controltask.o(.data)
    GMYawRamp                                0x200004fc   Data          36  controltask.o(.data)
    pwm_ccr                                  0x20000520   Data           2  controltask.o(.data)
    ChassisSpeedRef                          0x20000534   Data           6  remotetask.o(.data)
    friction_wheel_state                     0x2000053a   Data           1  remotetask.o(.data)
    frictionRamp                             0x20000540   Data          36  remotetask.o(.data)
    LRSpeedRamp                              0x20000564   Data          36  remotetask.o(.data)
    FBSpeedRamp                              0x20000588   Data          36  remotetask.o(.data)
    ZGyroModuleAngle                         0x200005b8   Data           4  canbustask.o(.data)
    lost_counter                             0x200005bc   Data          44  supervisetask.o(.data)
    lost_err                                 0x200005e8   Data           4  supervisetask.o(.data)
    __stdout                                 0x200005f8   Data           4  stdout.o(.data)
    __microlib_freelist                      0x200005fc   Data           4  mvars.o(.data)
    __microlib_freelist_initialised          0x20000600   Data           4  mvars.o(.data)
    rx_buffer                                0x20000746   Data         256  usart3.o(.bss)
    MPU6050_Raw_Data                         0x20000848   Data          20  mpu6050_driver.o(.bss)
    MPU6050_Real_Data                        0x2000085c   Data          40  mpu6050_driver.o(.bss)
    ahrs                                     0x20000884   Data          12  mpu6050_driver.o(.bss)
    mpu_buf                                  0x20000890   Data          20  mpu6050_driver.o(.bss)
    MPU6050_FIFO                             0x200008a4   Data         132  mpu6050_driver.o(.bss)
    HMC5883_FIFO                             0x20000928   Data          66  mpu6050_driver.o(.bss)
    MagMaxMinData                            0x2000096a   Data          12  mpu6050_driver.o(.bss)
    mygetqval                                0x20000978   Data          36  imu.o(.bss)
    angle                                    0x200009ac   Data          12  imu.o(.bss)
    gAppParamStruct                          0x20000ac2   Data          87  iotask.o(.bss)
    AccSavedCaliData                         0x20000b2c   Data          19  iotask.o(.bss)
    MagSavedCaliData                         0x20000b3f   Data          19  iotask.o(.bss)
    RC_CtrlData                              0x20000b54   Data          22  remotetask.o(.bss)
    GimbalRef                                0x20000b6c   Data          24  remotetask.o(.bss)
    CM1Encoder                               0x20000b9c   Data          68  canbustask.o(.bss)
    CM2Encoder                               0x20000be0   Data          68  canbustask.o(.bss)
    CM3Encoder                               0x20000c24   Data          68  canbustask.o(.bss)
    CM4Encoder                               0x20000c68   Data          68  canbustask.o(.bss)
    GMYawEncoder                             0x20000cac   Data          68  canbustask.o(.bss)
    GMPitchEncoder                           0x20000cf0   Data          68  canbustask.o(.bss)
    __heap_base                              0x20000d38   Data           0  startup_stm32f4xx.o(HEAP)
    __heap_limit                             0x20000f38   Data           0  startup_stm32f4xx.o(HEAP)
    __initial_sp                             0x20001938   Data           0  startup_stm32f4xx.o(STACK)



==============================================================================

Memory Map of the image

  Image Entry point : 0x08000189

  Load Region LR_IROM1 (Base: 0x08000000, Size: 0x0000b828, Max: 0x00100000, ABSOLUTE, COMPRESSED[0x0000b2d0])

    Execution Region ER_IROM1 (Base: 0x08000000, Size: 0x0000b220, Max: 0x00100000, ABSOLUTE)

    Base Addr    Size         Type   Attr      Idx    E Section Name        Object

    0x08000000   0x00000188   Data   RO          706    RESET               startup_stm32f4xx.o
    0x08000188   0x00000000   Code   RO         1622  * .ARM.Collect$$$$00000000  mc_w.l(entry.o)
    0x08000188   0x00000004   Code   RO         1972    .ARM.Collect$$$$00000001  mc_w.l(entry2.o)
    0x0800018c   0x00000004   Code   RO         1975    .ARM.Collect$$$$00000004  mc_w.l(entry5.o)
    0x08000190   0x00000000   Code   RO         1977    .ARM.Collect$$$$00000008  mc_w.l(entry7b.o)
    0x08000190   0x00000000   Code   RO         1979    .ARM.Collect$$$$0000000A  mc_w.l(entry8b.o)
    0x08000190   0x00000008   Code   RO         1980    .ARM.Collect$$$$0000000B  mc_w.l(entry9a.o)
    0x08000198   0x00000000   Code   RO         1982    .ARM.Collect$$$$0000000D  mc_w.l(entry10a.o)
    0x08000198   0x00000000   Code   RO         1984    .ARM.Collect$$$$0000000F  mc_w.l(entry11a.o)
    0x08000198   0x00000004   Code   RO         1973    .ARM.Collect$$$$00002712  mc_w.l(entry2.o)
    0x0800019c   0x00000060   Code   RO            3    .text               main.o
    0x080001fc   0x00000050   Code   RO          206    .text               bsp.o
    0x0800024c   0x00000040   Code   RO          233    .text               led.o
    0x0800028c   0x00000128   Code   RO          278    .text               gun.o
    0x080003b4   0x000001b0   Code   RO          301    .text               can1.o
    0x08000564   0x00000150   Code   RO          321    .text               can2.o
    0x080006b4   0x0000006c   Code   RO          344    .text               delay.o
    0x08000720   0x00000104   Code   RO          364    .text               exti.o
    0x08000824   0x0000003c   Code   RO          384    .text               laser.o
    0x08000860   0x000001b4   Code   RO          424    .text               timer.o
    0x08000a14   0x00000234   Code   RO          447    .text               usart1.o
    0x08000c48   0x000004f0   Code   RO          627    .text               usart3.o
    0x08001138   0x0000009c   Code   RO          657    .text               encoder.o
    0x080011d4   0x00000174   Code   RO          683    .text               bsp_flash.o
    0x08001348   0x00000024   Code   RO          707    .text               startup_stm32f4xx.o
    0x0800136c   0x00000018   Code   RO          713    .text               stm32f4xx_it.o
    0x08001384   0x000000e0   Code   RO          736    .text               misc.o
    0x08001464   0x000009f0   Code   RO          805    .text               stm32f4xx_can.o
    0x08001e54   0x000003a8   Code   RO          874    .text               stm32f4xx_dma.o
    0x080021fc   0x0000011c   Code   RO          897    .text               stm32f4xx_exti.o
    0x08002318   0x000004bc   Code   RO          920    .text               stm32f4xx_flash.o
    0x080027d4   0x0000025c   Code   RO          943    .text               stm32f4xx_gpio.o
    0x08002a30   0x00000588   Code   RO          989    .text               stm32f4xx_rcc.o
    0x08002fb8   0x0000008c   Code   RO         1037    .text               stm32f4xx_syscfg.o
    0x08003044   0x00000ca2   Code   RO         1060    .text               stm32f4xx_tim.o
    0x08003ce6   0x00000002   PAD
    0x08003ce8   0x0000041a   Code   RO         1083    .text               stm32f4xx_usart.o
    0x08004102   0x00000002   PAD
    0x08004104   0x00000210   Code   RO         1106    .text               system_stm32f4xx.o
    0x08004314   0x000003d4   Code   RO         1155    .text               mpu6050_i2c.o
    0x080046e8   0x00000944   Code   RO         1175    .text               mpu6050_driver.o
    0x0800502c   0x000000b4   Code   RO         1224    .text               mpu6050_interrupt.o
    0x080050e0   0x00001074   Code   RO         1250    .text               imu.o
    0x08006154   0x00000074   Code   RO         1276    .text               mf_crc8.o
    0x080061c8   0x000000a0   Code   RO         1291    .text               mf_crc16.o
    0x08006268   0x000001b8   Code   RO         1312    .text               protocal_parser.o
    0x08006420   0x00000d7c   Code   RO         1348    .text               iotask.o
    0x0800719c   0x00000948   Code   RO         1376    .text               controltask.o
    0x08007ae4   0x000008aa   Code   RO         1402    .text               remotetask.o
    0x0800838e   0x00000002   PAD
    0x08008390   0x000003e8   Code   RO         1429    .text               canbustask.o
    0x08008778   0x00000300   Code   RO         1456    .text               supervisetask.o
    0x08008a78   0x000005a4   Code   RO         1487    .text               fifo.o
    0x0800901c   0x00000068   Code   RO         1517    .text               ramp.o
    0x08009084   0x00000020   Code   RO         1537    .text               lostcounter.o
    0x080090a4   0x00000120   Code   RO         1560    .text               pid_regulator.o
    0x080091c4   0x00000024   Code   RO         1625    .text               mc_w.l(memcpya.o)
    0x080091e8   0x00000024   Code   RO         1627    .text               mc_w.l(memseta.o)
    0x0800920c   0x0000014e   Code   RO         1921    .text               mf_w.l(dadd.o)
    0x0800935a   0x000000e4   Code   RO         1923    .text               mf_w.l(dmul.o)
    0x0800943e   0x000000de   Code   RO         1925    .text               mf_w.l(ddiv.o)
    0x0800951c   0x00000022   Code   RO         1929    .text               mf_w.l(dflti.o)
    0x0800953e   0x00000032   Code   RO         1931    .text               mf_w.l(dfixui.o)
    0x08009570   0x00000026   Code   RO         1933    .text               mf_w.l(f2d.o)
    0x08009596   0x00000002   PAD
    0x08009598   0x00000030   Code   RO         1935    .text               mf_w.l(cdrcmple.o)
    0x080095c8   0x00000038   Code   RO         1937    .text               mf_w.l(d2f.o)
    0x08009600   0x0000002c   Code   RO         1987    .text               mc_w.l(uidiv.o)
    0x0800962c   0x00000062   Code   RO         1989    .text               mc_w.l(uldiv.o)
    0x0800968e   0x0000001e   Code   RO         1991    .text               mc_w.l(llshl.o)
    0x080096ac   0x00000020   Code   RO         1993    .text               mc_w.l(llushr.o)
    0x080096cc   0x00000024   Code   RO         1995    .text               mc_w.l(llsshr.o)
    0x080096f0   0x00000000   Code   RO         2006    .text               mc_w.l(iusefp.o)
    0x080096f0   0x0000006e   Code   RO         2007    .text               mf_w.l(fepilogue.o)
    0x0800975e   0x000000ba   Code   RO         2009    .text               mf_w.l(depilogue.o)
    0x08009818   0x000000a2   Code   RO         2011    .text               mf_w.l(dsqrt.o)
    0x080098ba   0x00000030   Code   RO         2013    .text               mf_w.l(dfixul.o)
    0x080098ea   0x00000002   PAD
    0x080098ec   0x00000024   Code   RO         2017    .text               mc_w.l(init.o)
    0x08009910   0x00000056   Code   RO         2027    .text               mc_w.l(__dczerorl2.o)
    0x08009966   0x00000002   PAD
    0x08009968   0x00000020   Code   RO         1866    i.__0printf         mc_w.l(printfa.o)
    0x08009988   0x00000030   Code   RO         1967    i.__ARM_fpclassify  m_wm.l(fpclassify.o)
    0x080099b8   0x00000360   Code   RO         1578    i.__hardfp_asin     m_wm.l(asin.o)
    0x08009d18   0x000002d8   Code   RO         1939    i.__hardfp_atan     m_wm.l(atan.o)
    0x08009ff0   0x000001f0   Code   RO         1592    i.__hardfp_atan2    m_wm.l(atan2.o)
    0x0800a1e0   0x00000014   Code   RO         1604    i.__hardfp_fabs     m_wm.l(fabs.o)
    0x0800a1f4   0x0000007a   Code   RO         1610    i.__hardfp_sqrt     m_wm.l(sqrt.o)
    0x0800a26e   0x000000f8   Code   RO         1969    i.__kernel_poly     m_wm.l(poly.o)
    0x0800a366   0x00000014   Code   RO         1954    i.__mathlib_dbl_infnan  m_wm.l(dunder.o)
    0x0800a37a   0x00000014   Code   RO         1955    i.__mathlib_dbl_infnan2  m_wm.l(dunder.o)
    0x0800a38e   0x00000002   PAD
    0x0800a390   0x00000020   Code   RO         1956    i.__mathlib_dbl_invalid  m_wm.l(dunder.o)
    0x0800a3b0   0x00000020   Code   RO         1959    i.__mathlib_dbl_underflow  m_wm.l(dunder.o)
    0x0800a3d0   0x0000000e   Code   RO         2021    i.__scatterload_copy  mc_w.l(handlers.o)
    0x0800a3de   0x00000002   Code   RO         2022    i.__scatterload_null  mc_w.l(handlers.o)
    0x0800a3e0   0x0000000e   Code   RO         2023    i.__scatterload_zeroinit  mc_w.l(handlers.o)
    0x0800a3ee   0x00000002   PAD
    0x0800a3f0   0x0000000c   Code   RO         2001    i.__set_errno       mc_w.l(errno.o)
    0x0800a3fc   0x00000164   Code   RO         1873    i._fp_digits        mc_w.l(printfa.o)
    0x0800a560   0x000006dc   Code   RO         1874    i._printf_core      mc_w.l(printfa.o)
    0x0800ac3c   0x00000024   Code   RO         1875    i._printf_post_padding  mc_w.l(printfa.o)
    0x0800ac60   0x0000002e   Code   RO         1876    i._printf_pre_padding  mc_w.l(printfa.o)
    0x0800ac8e   0x00000010   Code   RO         1941    i.atan              m_wm.l(atan.o)
    0x0800ac9e   0x00000018   Code   RO         1606    i.fabs              m_wm.l(fabs.o)
    0x0800acb6   0x00000002   PAD
    0x0800acb8   0x00000050   Code   RO         1893    i.free              mc_w.l(malloc.o)
    0x0800ad08   0x0000006c   Code   RO         1894    i.malloc            mc_w.l(malloc.o)
    0x0800ad74   0x0000006e   Code   RO         1612    i.sqrt              m_wm.l(sqrt.o)
    0x0800ade2   0x00000101   Data   RO         1277    .constdata          mf_crc8.o
    0x0800aee3   0x00000001   PAD
    0x0800aee4   0x00000200   Data   RO         1292    .constdata          mf_crc16.o
    0x0800b0e4   0x0000002c   Data   RO         1458    .constdata          supervisetask.o
    0x0800b110   0x00000050   Data   RO         1581    .constdata          m_wm.l(asin.o)
    0x0800b160   0x00000098   Data   RO         1942    .constdata          m_wm.l(atan.o)
    0x0800b1f8   0x00000008   Data   RO         1971    .constdata          m_wm.l(qnan.o)
    0x0800b200   0x00000020   Data   RO         2019    Region$$Table       anon$$obj.o


    Execution Region RW_IRAM1 (Base: 0x20000000, Size: 0x00001938, Max: 0x00020000, ABSOLUTE, COMPRESSED[0x000000b0])

    Base Addr    Size         Type   Attr      Idx    E Section Name        Object

    0x20000000   0x0000000c   Data   RW            4    .data               main.o
    0x2000000c   0x00000010   Data   RW          449    .data               usart1.o
    0x2000001c   0x00000004   Data   RW          629    .data               usart3.o
    0x20000020   0x00000001   Data   RW          658    .data               encoder.o
    0x20000021   0x00000010   Data   RW          990    .data               stm32f4xx_rcc.o
    0x20000031   0x00000003   PAD
    0x20000034   0x00000014   Data   RW         1107    .data               system_stm32f4xx.o
    0x20000048   0x0000001a   Data   RW         1177    .data               mpu6050_driver.o
    0x20000062   0x00000001   Data   RW         1225    .data               mpu6050_interrupt.o
    0x20000063   0x00000001   PAD
    0x20000064   0x0000007c   Data   RW         1252    .data               imu.o
    0x200000e0   0x00000002   Data   RW         1293    .data               mf_crc16.o
    0x200000e2   0x00000005   Data   RW         1314    .data               protocal_parser.o
    0x200000e7   0x00000001   PAD
    0x200000e8   0x0000007a   Data   RW         1350    .data               iotask.o
    0x20000162   0x00000002   PAD
    0x20000164   0x000003d0   Data   RW         1377    .data               controltask.o
    0x20000534   0x00000080   Data   RW         1404    .data               remotetask.o
    0x200005b4   0x00000008   Data   RW         1431    .data               canbustask.o
    0x200005bc   0x0000003c   Data   RW         1459    .data               supervisetask.o
    0x200005f8   0x00000004   Data   RW         1986    .data               mc_w.l(stdout.o)
    0x200005fc   0x00000004   Data   RW         1997    .data               mc_w.l(mvars.o)
    0x20000600   0x00000004   Data   RW         1998    .data               mc_w.l(mvars.o)
    0x20000604   0x00000004   Data   RW         2002    .data               mc_w.l(errno.o)
    0x20000608   0x0000013e   Zero   RW          448    .bss                usart1.o
    0x20000746   0x00000100   Zero   RW          628    .bss                usart3.o
    0x20000846   0x00000002   PAD
    0x20000848   0x0000012e   Zero   RW         1176    .bss                mpu6050_driver.o
    0x20000976   0x00000002   PAD
    0x20000978   0x00000040   Zero   RW         1251    .bss                imu.o
    0x200009b8   0x0000010a   Zero   RW         1313    .bss                protocal_parser.o
    0x20000ac2   0x00000090   Zero   RW         1349    .bss                iotask.o
    0x20000b52   0x00000002   PAD
    0x20000b54   0x00000047   Zero   RW         1403    .bss                remotetask.o
    0x20000b9b   0x00000001   PAD
    0x20000b9c   0x00000198   Zero   RW         1430    .bss                canbustask.o
    0x20000d34   0x00000004   PAD
    0x20000d38   0x00000200   Zero   RW          705    HEAP                startup_stm32f4xx.o
    0x20000f38   0x00000a00   Zero   RW          704    STACK               startup_stm32f4xx.o


==============================================================================

Image component sizes


      Code (inc. data)   RO Data    RW Data    ZI Data      Debug   Object Name

        80          6          0          0          0        515   bsp.o
       372         48          0          0          0       2226   bsp_flash.o
       432         12          0          0          0       1293   can1.o
       336          8          0          0          0       1072   can2.o
      1000         52          0          8        408       3112   canbustask.o
      2376        246          0        976          0       6202   controltask.o
       108          0          0          0          0       1222   delay.o
       156         14          0          1          0       1254   encoder.o
       260          8          0          0          0        943   exti.o
      1444          0          0          0          0       8276   fifo.o
       296         14          0          0          0        716   gun.o
      4212        344          0        124         64       4776   imu.o
      3452        214          0        122        144      14244   iotask.o
        60          6          0          0          0        530   laser.o
        64          6          0          0          0        520   led.o
        32          0          0          0          0       1660   lostcounter.o
        96         16          0         12          0     291432   main.o
       160         10        512          2          0       2398   mf_crc16.o
       116          4        257          0          0       1866   mf_crc8.o
       224         20          0          0          0     210889   misc.o
      2372        288          0         26        302      10602   mpu6050_driver.o
       980         90          0          0          0       3843   mpu6050_i2c.o
       180         10          0          1          0       1079   mpu6050_interrupt.o
       288          4          0          0          0       1061   pid_regulator.o
       440         28          0          5        266       1980   protocal_parser.o
       104          6          0          0          0       1836   ramp.o
      2218        126          0        128         71       7808   remotetask.o
        36          8        392          0       3072        820   startup_stm32f4xx.o
      2544         38          0          0          0      16224   stm32f4xx_can.o
       936         32          0          0          0      18865   stm32f4xx_dma.o
       284         10          0          0          0       4659   stm32f4xx_exti.o
      1212         26          0          0          0      12205   stm32f4xx_flash.o
       604         36          0          0          0      10381   stm32f4xx_gpio.o
        24          0          0          0          0       1150   stm32f4xx_it.o
      1416         48          0         16          0      23827   stm32f4xx_rcc.o
       140         12          0          0          0       1691   stm32f4xx_syscfg.o
      3234         60          0          0          0      42032   stm32f4xx_tim.o
      1050         26          0          0          0      13700   stm32f4xx_usart.o
       768         30         44         60          0       5215   supervisetask.o
       528         46          0         20          0       1883   system_stm32f4xx.o
       436         18          0          0          0       1745   timer.o
       564         34          0         16        318     250382   usart1.o
      1264         26          0          4        256       5114   usart3.o

    ----------------------------------------------------------------------
     36904       2030       1238       1528       4912     993248   Object Totals
         0          0         32          0          0          0   (incl. Generated)
         6          0          1          7         11          0   (incl. Padding)

    ----------------------------------------------------------------------

      Code (inc. data)   RO Data    RW Data    ZI Data      Debug   Library Member Name

       864         94         80          0          0        280   asin.o
       744        106        152          0          0        352   atan.o
       496         64          0          0          0        192   atan2.o
       104         16          0          0          0        496   dunder.o
        44          0          0          0          0        248   fabs.o
        48          0          0          0          0        124   fpclassify.o
       248          0          0          0          0        152   poly.o
         0          0          8          0          0          0   qnan.o
       232          0          0          0          0        296   sqrt.o
        86          0          0          0          0          0   __dczerorl2.o
         0          0          0          0          0          0   entry.o
         0          0          0          0          0          0   entry10a.o
         0          0          0          0          0          0   entry11a.o
         8          4          0          0          0          0   entry2.o
         4          0          0          0          0          0   entry5.o
         0          0          0          0          0          0   entry7b.o
         0          0          0          0          0          0   entry8b.o
         8          4          0          0          0          0   entry9a.o
        12          6          0          4          0         68   errno.o
        30          0          0          0          0          0   handlers.o
        36          8          0          0          0         68   init.o
         0          0          0          0          0          0   iusefp.o
        30          0          0          0          0         68   llshl.o
        36          0          0          0          0         68   llsshr.o
        32          0          0          0          0         68   llushr.o
       188         20          0          0          0        160   malloc.o
        36          0          0          0          0         68   memcpya.o
        36          0          0          0          0        108   memseta.o
         0          0          0          8          0          0   mvars.o
      2226         90          0          0          0        444   printfa.o
         0          0          0          4          0          0   stdout.o
        44          0          0          0          0         80   uidiv.o
        98          0          0          0          0         92   uldiv.o
        48          0          0          0          0         68   cdrcmple.o
        56          0          0          0          0         88   d2f.o
       334          0          0          0          0        148   dadd.o
       222          0          0          0          0        100   ddiv.o
       186          0          0          0          0        176   depilogue.o
        50          0          0          0          0         76   dfixui.o
        48          0          0          0          0         68   dfixul.o
        34          0          0          0          0         76   dflti.o
       228          0          0          0          0         96   dmul.o
       162          0          0          0          0        100   dsqrt.o
        38          0          0          0          0         68   f2d.o
       110          0          0          0          0        168   fepilogue.o

    ----------------------------------------------------------------------
      7218        412        240         16          0       4664   Library Totals
        12          0          0          0          0          0   (incl. Padding)

    ----------------------------------------------------------------------

      Code (inc. data)   RO Data    RW Data    ZI Data      Debug   Library Name

      2780        280        240          0          0       2140   m_wm.l
      2910        132          0         16          0       1292   mc_w.l
      1516          0          0          0          0       1232   mf_w.l

    ----------------------------------------------------------------------
      7218        412        240         16          0       4664   Library Totals

    ----------------------------------------------------------------------

==============================================================================


      Code (inc. data)   RO Data    RW Data    ZI Data      Debug   

     44122       2442       1478       1544       4912     986696   Grand Totals
     44122       2442       1478        176       4912     986696   ELF Image Totals (compressed)
     44122       2442       1478        176          0          0   ROM Totals

==============================================================================

    Total RO  Size (Code + RO Data)                45600 (  44.53kB)
    Total RW  Size (RW Data + ZI Data)              6456 (   6.30kB)
    Total ROM Size (Code + RO Data + RW Data)      45776 (  44.70kB)

==============================================================================

