Archive member included to satisfy reference by file (symbol)

/home/alchemic_ronin/STM32/gcc-arm-none-eabi-9-2019-q4-major/bin/../lib/gcc/arm-none-eabi/9.2.1/thumb/v7e-m/nofp/libgcc.a(_aeabi_uldivmod.o)
                              CMakeFiles/RoboMaster04-1.elf.dir/Drivers/STM32F4xx_HAL_Driver/Src/stm32f4xx_hal_rcc.c.obj (__aeabi_uldivmod)
/home/alchemic_ronin/STM32/gcc-arm-none-eabi-9-2019-q4-major/bin/../lib/gcc/arm-none-eabi/9.2.1/thumb/v7e-m/nofp/libgcc.a(_udivmoddi4.o)
                              /home/alchemic_ronin/STM32/gcc-arm-none-eabi-9-2019-q4-major/bin/../lib/gcc/arm-none-eabi/9.2.1/thumb/v7e-m/nofp/libgcc.a(_aeabi_uldivmod.o) (__udivmoddi4)
/home/alchemic_ronin/STM32/gcc-arm-none-eabi-9-2019-q4-major/bin/../lib/gcc/arm-none-eabi/9.2.1/thumb/v7e-m/nofp/libgcc.a(_dvmd_tls.o)
                              /home/alchemic_ronin/STM32/gcc-arm-none-eabi-9-2019-q4-major/bin/../lib/gcc/arm-none-eabi/9.2.1/thumb/v7e-m/nofp/libgcc.a(_aeabi_uldivmod.o) (__aeabi_ldiv0)
/home/alchemic_ronin/STM32/gcc-arm-none-eabi-9-2019-q4-major/bin/../lib/gcc/arm-none-eabi/9.2.1/../../../../arm-none-eabi/lib/thumb/v7e-m/nofp/libg_nano.a(lib_a-errno.o)
                              CMakeFiles/RoboMaster04-1.elf.dir/Src/syscalls.c.obj (__errno)
/home/alchemic_ronin/STM32/gcc-arm-none-eabi-9-2019-q4-major/bin/../lib/gcc/arm-none-eabi/9.2.1/../../../../arm-none-eabi/lib/thumb/v7e-m/nofp/libg_nano.a(lib_a-exit.o)
                              /home/alchemic_ronin/STM32/gcc-arm-none-eabi-9-2019-q4-major/bin/../lib/gcc/arm-none-eabi/9.2.1/../../../../arm-none-eabi/lib/thumb/v7e-m/nofp/crt0.o (exit)
/home/alchemic_ronin/STM32/gcc-arm-none-eabi-9-2019-q4-major/bin/../lib/gcc/arm-none-eabi/9.2.1/../../../../arm-none-eabi/lib/thumb/v7e-m/nofp/libg_nano.a(lib_a-impure.o)
                              /home/alchemic_ronin/STM32/gcc-arm-none-eabi-9-2019-q4-major/bin/../lib/gcc/arm-none-eabi/9.2.1/../../../../arm-none-eabi/lib/thumb/v7e-m/nofp/libg_nano.a(lib_a-exit.o) (_global_impure_ptr)
/home/alchemic_ronin/STM32/gcc-arm-none-eabi-9-2019-q4-major/bin/../lib/gcc/arm-none-eabi/9.2.1/../../../../arm-none-eabi/lib/thumb/v7e-m/nofp/libg_nano.a(lib_a-init.o)
                              /home/alchemic_ronin/STM32/gcc-arm-none-eabi-9-2019-q4-major/bin/../lib/gcc/arm-none-eabi/9.2.1/../../../../arm-none-eabi/lib/thumb/v7e-m/nofp/crt0.o (__libc_init_array)
/home/alchemic_ronin/STM32/gcc-arm-none-eabi-9-2019-q4-major/bin/../lib/gcc/arm-none-eabi/9.2.1/../../../../arm-none-eabi/lib/thumb/v7e-m/nofp/libg_nano.a(lib_a-memset.o)
                              /home/alchemic_ronin/STM32/gcc-arm-none-eabi-9-2019-q4-major/bin/../lib/gcc/arm-none-eabi/9.2.1/../../../../arm-none-eabi/lib/thumb/v7e-m/nofp/crt0.o (memset)
/home/alchemic_ronin/STM32/gcc-arm-none-eabi-9-2019-q4-major/bin/../lib/gcc/arm-none-eabi/9.2.1/../../../../arm-none-eabi/lib/thumb/v7e-m/nofp/libg_nano.a(lib_a-strlen.o)
                              CMakeFiles/RoboMaster04-1.elf.dir/Src/main.c.obj (strlen)

Discarded input sections

 .text          0x0000000000000000        0x0 /home/alchemic_ronin/STM32/gcc-arm-none-eabi-9-2019-q4-major/bin/../lib/gcc/arm-none-eabi/9.2.1/thumb/v7e-m/nofp/crti.o
 .data          0x0000000000000000        0x0 /home/alchemic_ronin/STM32/gcc-arm-none-eabi-9-2019-q4-major/bin/../lib/gcc/arm-none-eabi/9.2.1/thumb/v7e-m/nofp/crti.o
 .bss           0x0000000000000000        0x0 /home/alchemic_ronin/STM32/gcc-arm-none-eabi-9-2019-q4-major/bin/../lib/gcc/arm-none-eabi/9.2.1/thumb/v7e-m/nofp/crti.o
 .data          0x0000000000000000        0x4 /home/alchemic_ronin/STM32/gcc-arm-none-eabi-9-2019-q4-major/bin/../lib/gcc/arm-none-eabi/9.2.1/thumb/v7e-m/nofp/crtbegin.o
 .text          0x0000000000000000       0x74 /home/alchemic_ronin/STM32/gcc-arm-none-eabi-9-2019-q4-major/bin/../lib/gcc/arm-none-eabi/9.2.1/../../../../arm-none-eabi/lib/thumb/v7e-m/nofp/crt0.o
 .data          0x0000000000000000        0x0 /home/alchemic_ronin/STM32/gcc-arm-none-eabi-9-2019-q4-major/bin/../lib/gcc/arm-none-eabi/9.2.1/../../../../arm-none-eabi/lib/thumb/v7e-m/nofp/crt0.o
 .bss           0x0000000000000000        0x0 /home/alchemic_ronin/STM32/gcc-arm-none-eabi-9-2019-q4-major/bin/../lib/gcc/arm-none-eabi/9.2.1/../../../../arm-none-eabi/lib/thumb/v7e-m/nofp/crt0.o
 .ARM.extab     0x0000000000000000        0x0 /home/alchemic_ronin/STM32/gcc-arm-none-eabi-9-2019-q4-major/bin/../lib/gcc/arm-none-eabi/9.2.1/../../../../arm-none-eabi/lib/thumb/v7e-m/nofp/crt0.o
 .ARM.exidx     0x0000000000000000        0x8 /home/alchemic_ronin/STM32/gcc-arm-none-eabi-9-2019-q4-major/bin/../lib/gcc/arm-none-eabi/9.2.1/../../../../arm-none-eabi/lib/thumb/v7e-m/nofp/crt0.o
 .ARM.attributes
                0x0000000000000000       0x1c /home/alchemic_ronin/STM32/gcc-arm-none-eabi-9-2019-q4-major/bin/../lib/gcc/arm-none-eabi/9.2.1/../../../../arm-none-eabi/lib/thumb/v7e-m/nofp/crt0.o
[...]
Memory Configuration

Name             Origin             Length             Attributes
RAM              0x0000000020000000 0x0000000000030000 xrw
CCMRAM           0x0000000010000000 0x0000000000010000 xrw
FLASH            0x0000000008000000 0x0000000000200000 xr
*default*        0x0000000000000000 0xffffffffffffffff

Linker script and memory map

LOAD /home/alchemic_ronin/STM32/gcc-arm-none-eabi-9-2019-q4-major/bin/../lib/gcc/arm-none-eabi/9.2.1/thumb/v7e-m/nofp/crti.o
LOAD /home/alchemic_ronin/STM32/gcc-arm-none-eabi-9-2019-q4-major/bin/../lib/gcc/arm-none-eabi/9.2.1/thumb/v7e-m/nofp/crtbegin.o
LOAD /home/alchemic_ronin/STM32/gcc-arm-none-eabi-9-2019-q4-major/bin/../lib/gcc/arm-none-eabi/9.2.1/../../../../arm-none-eabi/lib/thumb/v7e-m/nofp/crt0.o
LOAD CMakeFiles/RoboMaster04-1.elf.dir/Drivers/STM32F4xx_HAL_Driver/Src/stm32f4xx_hal.c.obj
LOAD CMakeFiles/RoboMaster04-1.elf.dir/Drivers/STM32F4xx_HAL_Driver/Src/stm32f4xx_hal_cortex.c.obj
LOAD CMakeFiles/RoboMaster04-1.elf.dir/Drivers/STM32F4xx_HAL_Driver/Src/stm32f4xx_hal_dma.c.obj
LOAD CMakeFiles/RoboMaster04-1.elf.dir/Drivers/STM32F4xx_HAL_Driver/Src/stm32f4xx_hal_dma_ex.c.obj
LOAD CMakeFiles/RoboMaster04-1.elf.dir/Drivers/STM32F4xx_HAL_Driver/Src/stm32f4xx_hal_exti.c.obj
LOAD CMakeFiles/RoboMaster04-1.elf.dir/Drivers/STM32F4xx_HAL_Driver/Src/stm32f4xx_hal_flash.c.obj
LOAD CMakeFiles/RoboMaster04-1.elf.dir/Drivers/STM32F4xx_HAL_Driver/Src/stm32f4xx_hal_flash_ex.c.obj
LOAD CMakeFiles/RoboMaster04-1.elf.dir/Drivers/STM32F4xx_HAL_Driver/Src/stm32f4xx_hal_flash_ramfunc.c.obj
LOAD CMakeFiles/RoboMaster04-1.elf.dir/Drivers/STM32F4xx_HAL_Driver/Src/stm32f4xx_hal_gpio.c.obj
LOAD CMakeFiles/RoboMaster04-1.elf.dir/Drivers/STM32F4xx_HAL_Driver/Src/stm32f4xx_hal_pwr.c.obj
LOAD CMakeFiles/RoboMaster04-1.elf.dir/Drivers/STM32F4xx_HAL_Driver/Src/stm32f4xx_hal_pwr_ex.c.obj
LOAD CMakeFiles/RoboMaster04-1.elf.dir/Drivers/STM32F4xx_HAL_Driver/Src/stm32f4xx_hal_rcc.c.obj
LOAD CMakeFiles/RoboMaster04-1.elf.dir/Drivers/STM32F4xx_HAL_Driver/Src/stm32f4xx_hal_rcc_ex.c.obj
LOAD CMakeFiles/RoboMaster04-1.elf.dir/Drivers/STM32F4xx_HAL_Driver/Src/stm32f4xx_hal_tim.c.obj
LOAD CMakeFiles/RoboMaster04-1.elf.dir/Drivers/STM32F4xx_HAL_Driver/Src/stm32f4xx_hal_tim_ex.c.obj
LOAD CMakeFiles/RoboMaster04-1.elf.dir/Drivers/STM32F4xx_HAL_Driver/Src/stm32f4xx_hal_uart.c.obj
LOAD CMakeFiles/RoboMaster04-1.elf.dir/Src/main.c.obj
LOAD CMakeFiles/RoboMaster04-1.elf.dir/Src/stm32f4xx_hal_msp.c.obj
LOAD CMakeFiles/RoboMaster04-1.elf.dir/Src/stm32f4xx_it.c.obj
LOAD CMakeFiles/RoboMaster04-1.elf.dir/Src/syscalls.c.obj
LOAD CMakeFiles/RoboMaster04-1.elf.dir/Src/system_stm32f4xx.c.obj
LOAD CMakeFiles/RoboMaster04-1.elf.dir/startup/startup_stm32f427xx.s.obj
START GROUP
LOAD /home/alchemic_ronin/STM32/gcc-arm-none-eabi-9-2019-q4-major/bin/../lib/gcc/arm-none-eabi/9.2.1/thumb/v7e-m/nofp/libgcc.a
LOAD /home/alchemic_ronin/STM32/gcc-arm-none-eabi-9-2019-q4-major/bin/../lib/gcc/arm-none-eabi/9.2.1/../../../../arm-none-eabi/lib/thumb/v7e-m/nofp/libg_nano.a
LOAD /home/alchemic_ronin/STM32/gcc-arm-none-eabi-9-2019-q4-major/bin/../lib/gcc/arm-none-eabi/9.2.1/../../../../arm-none-eabi/lib/thumb/v7e-m/nofp/libc_nano.a
END GROUP
START GROUP
LOAD /home/alchemic_ronin/STM32/gcc-arm-none-eabi-9-2019-q4-major/bin/../lib/gcc/arm-none-eabi/9.2.1/thumb/v7e-m/nofp/libgcc.a
LOAD /home/alchemic_ronin/STM32/gcc-arm-none-eabi-9-2019-q4-major/bin/../lib/gcc/arm-none-eabi/9.2.1/../../../../arm-none-eabi/lib/thumb/v7e-m/nofp/libc_nano.a
LOAD /home/alchemic_ronin/STM32/gcc-arm-none-eabi-9-2019-q4-major/bin/../lib/gcc/arm-none-eabi/9.2.1/../../../../arm-none-eabi/lib/thumb/v7e-m/nofp/libnosys.a
END GROUP
START GROUP
LOAD /home/alchemic_ronin/STM32/gcc-arm-none-eabi-9-2019-q4-major/bin/../lib/gcc/arm-none-eabi/9.2.1/thumb/v7e-m/nofp/libgcc.a
LOAD /home/alchemic_ronin/STM32/gcc-arm-none-eabi-9-2019-q4-major/bin/../lib/gcc/arm-none-eabi/9.2.1/../../../../arm-none-eabi/lib/thumb/v7e-m/nofp/libc_nano.a
LOAD /home/alchemic_ronin/STM32/gcc-arm-none-eabi-9-2019-q4-major/bin/../lib/gcc/arm-none-eabi/9.2.1/../../../../arm-none-eabi/lib/thumb/v7e-m/nofp/libnosys.a
END GROUP
LOAD /home/alchemic_ronin/STM32/gcc-arm-none-eabi-9-2019-q4-major/bin/../lib/gcc/arm-none-eabi/9.2.1/thumb/v7e-m/nofp/crtend.o
LOAD /home/alchemic_ronin/STM32/gcc-arm-none-eabi-9-2019-q4-major/bin/../lib/gcc/arm-none-eabi/9.2.1/thumb/v7e-m/nofp/crtn.o
                0x0000000020030000                _estack = 0x20030000
                0x0000000000000200                _Min_Heap_Size = 0x200
                0x0000000000000400                _Min_Stack_Size = 0x400

.isr_vector     0x0000000008000000      0x1ac
                0x0000000008000000                . = ALIGN (0x4)
 *(.isr_vector)
 .isr_vector    0x0000000008000000      0x1ac CMakeFiles/RoboMaster04-1.elf.dir/startup/startup_stm32f427xx.s.obj
                0x0000000008000000                g_pfnVectors
                0x00000000080001ac                . = ALIGN (0x4)

.text           0x00000000080001ac     0x2e48
                0x00000000080001ac                . = ALIGN (0x4)
 *(.text)
 .text          0x00000000080001ac       0x40 /home/alchemic_ronin/STM32/gcc-arm-none-eabi-9-2019-q4-major/bin/../lib/gcc/arm-none-eabi/9.2.1/thumb/v7e-m/nofp/crtbegin.o
 .text          0x00000000080001ec       0x30 /home/alchemic_ronin/STM32/gcc-arm-none-eabi-9-2019-q4-major/bin/../lib/gcc/arm-none-eabi/9.2.1/thumb/v7e-m/nofp/libgcc.a(_aeabi_uldivmod.o)
                0x00000000080001ec                __aeabi_uldivmod
 .text          0x000000000800021c      0x2c0 /home/alchemic_ronin/STM32/gcc-arm-none-eabi-9-2019-q4-major/bin/../lib/gcc/arm-none-eabi/9.2.1/thumb/v7e-m/nofp/libgcc.a(_udivmoddi4.o)
                0x000000000800021c                __udivmoddi4
 .text          0x00000000080004dc        0x4 /home/alchemic_ronin/STM32/gcc-arm-none-eabi-9-2019-q4-major/bin/../lib/gcc/arm-none-eabi/9.2.1/thumb/v7e-m/nofp/libgcc.a(_dvmd_tls.o)
                0x00000000080004dc                __aeabi_ldiv0
                0x00000000080004dc                __aeabi_idiv0
 .text          0x00000000080004e0       0x10 /home/alchemic_ronin/STM32/gcc-arm-none-eabi-9-2019-q4-major/bin/../lib/gcc/arm-none-eabi/9.2.1/../../../../arm-none-eabi/lib/thumb/v7e-m/nofp/libg_nano.a(lib_a-strlen.o)
                0x00000000080004e0                strlen
 *(.text*)
 .text.HAL_Init
                0x00000000080004f0       0x44 CMakeFiles/RoboMaster04-1.elf.dir/Drivers/STM32F4xx_HAL_Driver/Src/stm32f4xx_hal.c.obj
                0x00000000080004f0                HAL_Init
 .text.HAL_InitTick
                0x0000000008000534       0x60 CMakeFiles/RoboMaster04-1.elf.dir/Drivers/STM32F4xx_HAL_Driver/Src/stm32f4xx_hal.c.obj
                0x0000000008000534                HAL_InitTick
 .text.HAL_IncTick
                0x0000000008000594       0x24 CMakeFiles/RoboMaster04-1.elf.dir/Drivers/STM32F4xx_HAL_Driver/Src/stm32f4xx_hal.c.obj
                0x0000000008000594                HAL_IncTick
 .text.HAL_GetTick
                0x00000000080005b8       0x14 CMakeFiles/RoboMaster04-1.elf.dir/Drivers/STM32F4xx_HAL_Driver/Src/stm32f4xx_hal.c.obj
                0x00000000080005b8                HAL_GetTick
 .text.HAL_Delay
                0x00000000080005cc       0x48 CMakeFiles/RoboMaster04-1.elf.dir/Drivers/STM32F4xx_HAL_Driver/Src/stm32f4xx_hal.c.obj
                0x00000000080005cc                HAL_Delay
 .text.__NVIC_SetPriorityGrouping
                0x0000000008000614       0x48 CMakeFiles/RoboMaster04-1.elf.dir/Drivers/STM32F4xx_HAL_Driver/Src/stm32f4xx_hal_cortex.c.obj
 .text.__NVIC_GetPriorityGrouping
                0x000000000800065c       0x1c CMakeFiles/RoboMaster04-1.elf.dir/Drivers/STM32F4xx_HAL_Driver/Src/stm32f4xx_hal_cortex.c.obj
 .text.__NVIC_EnableIRQ
                0x0000000008000678       0x38 CMakeFiles/RoboMaster04-1.elf.dir/Drivers/STM32F4xx_HAL_Driver/Src/stm32f4xx_hal_cortex.c.obj
 .text.__NVIC_SetPriority
                0x00000000080006b0       0x54 CMakeFiles/RoboMaster04-1.elf.dir/Drivers/STM32F4xx_HAL_Driver/Src/stm32f4xx_hal_cortex.c.obj
 .text.NVIC_EncodePriority
                0x0000000008000704       0x64 CMakeFiles/RoboMaster04-1.elf.dir/Drivers/STM32F4xx_HAL_Driver/Src/stm32f4xx_hal_cortex.c.obj
 .text.SysTick_Config
                0x0000000008000768       0x44 CMakeFiles/RoboMaster04-1.elf.dir/Drivers/STM32F4xx_HAL_Driver/Src/stm32f4xx_hal_cortex.c.obj
 .text.HAL_NVIC_SetPriorityGrouping
                0x00000000080007ac       0x16 CMakeFiles/RoboMaster04-1.elf.dir/Drivers/STM32F4xx_HAL_Driver/Src/stm32f4xx_hal_cortex.c.obj
                0x00000000080007ac                HAL_NVIC_SetPriorityGrouping
 .text.HAL_NVIC_SetPriority
                0x00000000080007c2       0x38 CMakeFiles/RoboMaster04-1.elf.dir/Drivers/STM32F4xx_HAL_Driver/Src/stm32f4xx_hal_cortex.c.obj
                0x00000000080007c2                HAL_NVIC_SetPriority
 .text.HAL_NVIC_EnableIRQ
                0x00000000080007fa       0x1c CMakeFiles/RoboMaster04-1.elf.dir/Drivers/STM32F4xx_HAL_Driver/Src/stm32f4xx_hal_cortex.c.obj
                0x00000000080007fa                HAL_NVIC_EnableIRQ
 .text.HAL_SYSTICK_Config
                0x0000000008000816       0x18 CMakeFiles/RoboMaster04-1.elf.dir/Drivers/STM32F4xx_HAL_Driver/Src/stm32f4xx_hal_cortex.c.obj
                0x0000000008000816                HAL_SYSTICK_Config
 *fill*         0x000000000800082e        0x2 
 .text.HAL_DMA_Init
                0x0000000008000830      0x15c CMakeFiles/RoboMaster04-1.elf.dir/Drivers/STM32F4xx_HAL_Driver/Src/stm32f4xx_hal_dma.c.obj
                0x0000000008000830                HAL_DMA_Init
 .text.HAL_DMA_Start
                0x000000000800098c       0x76 CMakeFiles/RoboMaster04-1.elf.dir/Drivers/STM32F4xx_HAL_Driver/Src/stm32f4xx_hal_dma.c.obj
                0x000000000800098c                HAL_DMA_Start
 .text.HAL_DMA_Abort
                0x0000000008000a02       0xe0 CMakeFiles/RoboMaster04-1.elf.dir/Drivers/STM32F4xx_HAL_Driver/Src/stm32f4xx_hal_dma.c.obj
                0x0000000008000a02                HAL_DMA_Abort
 .text.HAL_DMA_Abort_IT
                0x0000000008000ae2       0x42 CMakeFiles/RoboMaster04-1.elf.dir/Drivers/STM32F4xx_HAL_Driver/Src/stm32f4xx_hal_dma.c.obj
                0x0000000008000ae2                HAL_DMA_Abort_IT
 .text.HAL_DMA_PollForTransfer
                0x0000000008000b24      0x1be CMakeFiles/RoboMaster04-1.elf.dir/Drivers/STM32F4xx_HAL_Driver/Src/stm32f4xx_hal_dma.c.obj
                0x0000000008000b24                HAL_DMA_PollForTransfer
 *fill*         0x0000000008000ce2        0x2 
 .text.HAL_DMA_IRQHandler
                0x0000000008000ce4      0x314 CMakeFiles/RoboMaster04-1.elf.dir/Drivers/STM32F4xx_HAL_Driver/Src/stm32f4xx_hal_dma.c.obj
                0x0000000008000ce4                HAL_DMA_IRQHandler
 .text.DMA_SetConfig
                0x0000000008000ff8       0x5a CMakeFiles/RoboMaster04-1.elf.dir/Drivers/STM32F4xx_HAL_Driver/Src/stm32f4xx_hal_dma.c.obj
 *fill*         0x0000000008001052        0x2 
 .text.DMA_CalcBaseAndBitshift
                0x0000000008001054       0x68 CMakeFiles/RoboMaster04-1.elf.dir/Drivers/STM32F4xx_HAL_Driver/Src/stm32f4xx_hal_dma.c.obj
 .text.DMA_CheckFifoParam
                0x00000000080010bc       0xf4 CMakeFiles/RoboMaster04-1.elf.dir/Drivers/STM32F4xx_HAL_Driver/Src/stm32f4xx_hal_dma.c.obj
 .text.HAL_GPIO_Init
                0x00000000080011b0      0x354 CMakeFiles/RoboMaster04-1.elf.dir/Drivers/STM32F4xx_HAL_Driver/Src/stm32f4xx_hal_gpio.c.obj
                0x00000000080011b0                HAL_GPIO_Init
 .text.HAL_GPIO_WritePin
                0x0000000008001504       0x30 CMakeFiles/RoboMaster04-1.elf.dir/Drivers/STM32F4xx_HAL_Driver/Src/stm32f4xx_hal_gpio.c.obj
                0x0000000008001504                HAL_GPIO_WritePin
 .text.HAL_GPIO_TogglePin
                0x0000000008001534       0x34 CMakeFiles/RoboMaster04-1.elf.dir/Drivers/STM32F4xx_HAL_Driver/Src/stm32f4xx_hal_gpio.c.obj
                0x0000000008001534                HAL_GPIO_TogglePin
 .text.HAL_GPIO_EXTI_IRQHandler
                0x0000000008001568       0x30 CMakeFiles/RoboMaster04-1.elf.dir/Drivers/STM32F4xx_HAL_Driver/Src/stm32f4xx_hal_gpio.c.obj
                0x0000000008001568                HAL_GPIO_EXTI_IRQHandler
 .text.HAL_RCC_OscConfig
                0x0000000008001598      0x4e0 CMakeFiles/RoboMaster04-1.elf.dir/Drivers/STM32F4xx_HAL_Driver/Src/stm32f4xx_hal_rcc.c.obj
                0x0000000008001598                HAL_RCC_OscConfig
 .text.HAL_RCC_ClockConfig
                0x0000000008001a78      0x1cc CMakeFiles/RoboMaster04-1.elf.dir/Drivers/STM32F4xx_HAL_Driver/Src/stm32f4xx_hal_rcc.c.obj
                0x0000000008001a78                HAL_RCC_ClockConfig
 .text.HAL_RCC_GetSysClockFreq
                0x0000000008001c44      0x16c CMakeFiles/RoboMaster04-1.elf.dir/Drivers/STM32F4xx_HAL_Driver/Src/stm32f4xx_hal_rcc.c.obj
                0x0000000008001c44                HAL_RCC_GetSysClockFreq
 .text.HAL_RCC_GetHCLKFreq
                0x0000000008001db0       0x14 CMakeFiles/RoboMaster04-1.elf.dir/Drivers/STM32F4xx_HAL_Driver/Src/stm32f4xx_hal_rcc.c.obj
                0x0000000008001db0                HAL_RCC_GetHCLKFreq
 .text.HAL_RCC_GetPCLK1Freq
                0x0000000008001dc4       0x28 CMakeFiles/RoboMaster04-1.elf.dir/Drivers/STM32F4xx_HAL_Driver/Src/stm32f4xx_hal_rcc.c.obj
                0x0000000008001dc4                HAL_RCC_GetPCLK1Freq
 .text.HAL_RCC_GetPCLK2Freq
                0x0000000008001dec       0x28 CMakeFiles/RoboMaster04-1.elf.dir/Drivers/STM32F4xx_HAL_Driver/Src/stm32f4xx_hal_rcc.c.obj
                0x0000000008001dec                HAL_RCC_GetPCLK2Freq
 .text.HAL_UART_Init
                0x0000000008001e14       0x9a CMakeFiles/RoboMaster04-1.elf.dir/Drivers/STM32F4xx_HAL_Driver/Src/stm32f4xx_hal_uart.c.obj
                0x0000000008001e14                HAL_UART_Init
 *fill*         0x0000000008001eae        0x2 
 .text.HAL_UART_IRQHandler
                0x0000000008001eb0      0x200 CMakeFiles/RoboMaster04-1.elf.dir/Drivers/STM32F4xx_HAL_Driver/Src/stm32f4xx_hal_uart.c.obj
                0x0000000008001eb0                HAL_UART_IRQHandler
 .text.HAL_UART_TxCpltCallback
                0x00000000080020b0       0x12 CMakeFiles/RoboMaster04-1.elf.dir/Drivers/STM32F4xx_HAL_Driver/Src/stm32f4xx_hal_uart.c.obj
                0x00000000080020b0                HAL_UART_TxCpltCallback
 .text.HAL_UART_RxCpltCallback
                0x00000000080020c2       0x12 CMakeFiles/RoboMaster04-1.elf.dir/Drivers/STM32F4xx_HAL_Driver/Src/stm32f4xx_hal_uart.c.obj
                0x00000000080020c2                HAL_UART_RxCpltCallback
 .text.HAL_UART_ErrorCallback
                0x00000000080020d4       0x12 CMakeFiles/RoboMaster04-1.elf.dir/Drivers/STM32F4xx_HAL_Driver/Src/stm32f4xx_hal_uart.c.obj
                0x00000000080020d4                HAL_UART_ErrorCallback
 .text.UART_EndRxTransfer
                0x00000000080020e6       0x3a CMakeFiles/RoboMaster04-1.elf.dir/Drivers/STM32F4xx_HAL_Driver/Src/stm32f4xx_hal_uart.c.obj
 .text.UART_DMAAbortOnError
                0x0000000008002120       0x28 CMakeFiles/RoboMaster04-1.elf.dir/Drivers/STM32F4xx_HAL_Driver/Src/stm32f4xx_hal_uart.c.obj
 .text.UART_Transmit_IT
                0x0000000008002148       0xaa CMakeFiles/RoboMaster04-1.elf.dir/Drivers/STM32F4xx_HAL_Driver/Src/stm32f4xx_hal_uart.c.obj
 .text.UART_EndTransmit_IT
                0x00000000080021f2       0x30 CMakeFiles/RoboMaster04-1.elf.dir/Drivers/STM32F4xx_HAL_Driver/Src/stm32f4xx_hal_uart.c.obj
 .text.UART_Receive_IT
                0x0000000008002222      0x102 CMakeFiles/RoboMaster04-1.elf.dir/Drivers/STM32F4xx_HAL_Driver/Src/stm32f4xx_hal_uart.c.obj
 .text.UART_SetConfig
                0x0000000008002324      0x740 CMakeFiles/RoboMaster04-1.elf.dir/Drivers/STM32F4xx_HAL_Driver/Src/stm32f4xx_hal_uart.c.obj
 .text.main     0x0000000008002a64       0x2c CMakeFiles/RoboMaster04-1.elf.dir/Src/main.c.obj
                0x0000000008002a64                main
 .text.SystemClock_Config
                0x0000000008002a90       0xc0 CMakeFiles/RoboMaster04-1.elf.dir/Src/main.c.obj
                0x0000000008002a90                SystemClock_Config
 .text.MX_UART7_Init
                0x0000000008002b50       0x54 CMakeFiles/RoboMaster04-1.elf.dir/Src/main.c.obj
 .text.MX_DMA_Init
                0x0000000008002ba4       0x40 CMakeFiles/RoboMaster04-1.elf.dir/Src/main.c.obj
 .text.MX_GPIO_Init
                0x0000000008002be4       0xb8 CMakeFiles/RoboMaster04-1.elf.dir/Src/main.c.obj
 .text.HAL_GPIO_EXTI_Callback
                0x0000000008002c9c       0x94 CMakeFiles/RoboMaster04-1.elf.dir/Src/main.c.obj
                0x0000000008002c9c                HAL_GPIO_EXTI_Callback
 .text.Error_Handler
                0x0000000008002d30        0xc CMakeFiles/RoboMaster04-1.elf.dir/Src/main.c.obj
                0x0000000008002d30                Error_Handler
 .text.HAL_MspInit
                0x0000000008002d3c       0x4c CMakeFiles/RoboMaster04-1.elf.dir/Src/stm32f4xx_hal_msp.c.obj
                0x0000000008002d3c                HAL_MspInit
 .text.HAL_UART_MspInit
                0x0000000008002d88      0x104 CMakeFiles/RoboMaster04-1.elf.dir/Src/stm32f4xx_hal_msp.c.obj
                0x0000000008002d88                HAL_UART_MspInit
 .text.NMI_Handler
                0x0000000008002e8c        0xc CMakeFiles/RoboMaster04-1.elf.dir/Src/stm32f4xx_it.c.obj
                0x0000000008002e8c                NMI_Handler
 .text.HardFault_Handler
                0x0000000008002e98        0x6 CMakeFiles/RoboMaster04-1.elf.dir/Src/stm32f4xx_it.c.obj
                0x0000000008002e98                HardFault_Handler
 .text.MemManage_Handler
                0x0000000008002e9e        0x6 CMakeFiles/RoboMaster04-1.elf.dir/Src/stm32f4xx_it.c.obj
                0x0000000008002e9e                MemManage_Handler
 .text.BusFault_Handler
                0x0000000008002ea4        0x6 CMakeFiles/RoboMaster04-1.elf.dir/Src/stm32f4xx_it.c.obj
                0x0000000008002ea4                BusFault_Handler
 .text.UsageFault_Handler
                0x0000000008002eaa        0x6 CMakeFiles/RoboMaster04-1.elf.dir/Src/stm32f4xx_it.c.obj
                0x0000000008002eaa                UsageFault_Handler
 .text.SVC_Handler
                0x0000000008002eb0        0xc CMakeFiles/RoboMaster04-1.elf.dir/Src/stm32f4xx_it.c.obj
                0x0000000008002eb0                SVC_Handler
 .text.DebugMon_Handler
                0x0000000008002ebc        0xc CMakeFiles/RoboMaster04-1.elf.dir/Src/stm32f4xx_it.c.obj
                0x0000000008002ebc                DebugMon_Handler
 .text.PendSV_Handler
                0x0000000008002ec8        0xc CMakeFiles/RoboMaster04-1.elf.dir/Src/stm32f4xx_it.c.obj
                0x0000000008002ec8                PendSV_Handler
 .text.SysTick_Handler
                0x0000000008002ed4        0xc CMakeFiles/RoboMaster04-1.elf.dir/Src/stm32f4xx_it.c.obj
                0x0000000008002ed4                SysTick_Handler
 .text.EXTI2_IRQHandler
                0x0000000008002ee0        0xe CMakeFiles/RoboMaster04-1.elf.dir/Src/stm32f4xx_it.c.obj
                0x0000000008002ee0                EXTI2_IRQHandler
 *fill*         0x0000000008002eee        0x2 
 .text.DMA1_Stream1_IRQHandler
                0x0000000008002ef0       0x14 CMakeFiles/RoboMaster04-1.elf.dir/Src/stm32f4xx_it.c.obj
                0x0000000008002ef0                DMA1_Stream1_IRQHandler
 .text.UART7_IRQHandler
                0x0000000008002f04       0x14 CMakeFiles/RoboMaster04-1.elf.dir/Src/stm32f4xx_it.c.obj
                0x0000000008002f04                UART7_IRQHandler
 .text.SystemInit
                0x0000000008002f18       0x18 CMakeFiles/RoboMaster04-1.elf.dir/Src/system_stm32f4xx.c.obj
                0x0000000008002f18                SystemInit
 .text.Reset_Handler
                0x0000000008002f30       0x50 CMakeFiles/RoboMaster04-1.elf.dir/startup/startup_stm32f427xx.s.obj
                0x0000000008002f30                Reset_Handler
 .text.Default_Handler
                0x0000000008002f80        0x2 CMakeFiles/RoboMaster04-1.elf.dir/startup/startup_stm32f427xx.s.obj
                0x0000000008002f80                RTC_Alarm_IRQHandler
                0x0000000008002f80                HASH_RNG_IRQHandler
                0x0000000008002f80                TIM8_CC_IRQHandler
                0x0000000008002f80                UART8_IRQHandler
                0x0000000008002f80                SPI4_IRQHandler
                0x0000000008002f80                TIM1_CC_IRQHandler
                0x0000000008002f80                DMA2_Stream5_IRQHandler
                0x0000000008002f80                DMA1_Stream5_IRQHandler
                0x0000000008002f80                PVD_IRQHandler
                0x0000000008002f80                SDIO_IRQHandler
                0x0000000008002f80                TAMP_STAMP_IRQHandler
                0x0000000008002f80                CAN2_RX1_IRQHandler
                0x0000000008002f80                EXTI3_IRQHandler
                0x0000000008002f80                TIM8_TRG_COM_TIM14_IRQHandler
                0x0000000008002f80                TIM1_UP_TIM10_IRQHandler
                0x0000000008002f80                TIM8_UP_TIM13_IRQHandler
                0x0000000008002f80                I2C3_ER_IRQHandler
                0x0000000008002f80                EXTI0_IRQHandler
                0x0000000008002f80                I2C2_EV_IRQHandler
                0x0000000008002f80                DMA1_Stream2_IRQHandler
                0x0000000008002f80                CAN1_RX0_IRQHandler
                0x0000000008002f80                FPU_IRQHandler
                0x0000000008002f80                OTG_HS_WKUP_IRQHandler
                0x0000000008002f80                CAN2_SCE_IRQHandler
                0x0000000008002f80                DMA2_Stream2_IRQHandler
                0x0000000008002f80                SPI1_IRQHandler
                0x0000000008002f80                TIM6_DAC_IRQHandler
                0x0000000008002f80                TIM1_BRK_TIM9_IRQHandler
                0x0000000008002f80                DCMI_IRQHandler
                0x0000000008002f80                CAN2_RX0_IRQHandler
                0x0000000008002f80                DMA2_Stream3_IRQHandler
                0x0000000008002f80                USART6_IRQHandler
                0x0000000008002f80                USART3_IRQHandler
                0x0000000008002f80                CAN1_RX1_IRQHandler
                0x0000000008002f80                UART5_IRQHandler
                0x0000000008002f80                DMA2_Stream0_IRQHandler
                0x0000000008002f80                TIM4_IRQHandler
                0x0000000008002f80                I2C1_EV_IRQHandler
                0x0000000008002f80                DMA1_Stream6_IRQHandler
                0x0000000008002f80                UART4_IRQHandler
                0x0000000008002f80                TIM3_IRQHandler
                0x0000000008002f80                RCC_IRQHandler
                0x0000000008002f80                TIM8_BRK_TIM12_IRQHandler
                0x0000000008002f80                Default_Handler
                0x0000000008002f80                EXTI15_10_IRQHandler
                0x0000000008002f80                ADC_IRQHandler
                0x0000000008002f80                DMA1_Stream7_IRQHandler
                0x0000000008002f80                SPI5_IRQHandler
                0x0000000008002f80                TIM7_IRQHandler
                0x0000000008002f80                CAN2_TX_IRQHandler
                0x0000000008002f80                TIM5_IRQHandler
                0x0000000008002f80                DMA2_Stream7_IRQHandler
                0x0000000008002f80                I2C3_EV_IRQHandler
                0x0000000008002f80                EXTI9_5_IRQHandler
                0x0000000008002f80                RTC_WKUP_IRQHandler
                0x0000000008002f80                ETH_WKUP_IRQHandler
                0x0000000008002f80                SPI2_IRQHandler
                0x0000000008002f80                OTG_HS_EP1_IN_IRQHandler
                0x0000000008002f80                DMA1_Stream0_IRQHandler
                0x0000000008002f80                CAN1_TX_IRQHandler
                0x0000000008002f80                EXTI4_IRQHandler
                0x0000000008002f80                ETH_IRQHandler
                0x0000000008002f80                OTG_HS_EP1_OUT_IRQHandler
                0x0000000008002f80                WWDG_IRQHandler
                0x0000000008002f80                SPI6_IRQHandler
                0x0000000008002f80                TIM2_IRQHandler
                0x0000000008002f80                OTG_FS_WKUP_IRQHandler
                0x0000000008002f80                TIM1_TRG_COM_TIM11_IRQHandler
                0x0000000008002f80                OTG_HS_IRQHandler
                0x0000000008002f80                DMA2D_IRQHandler
                0x0000000008002f80                EXTI1_IRQHandler
                0x0000000008002f80                USART2_IRQHandler
                0x0000000008002f80                I2C2_ER_IRQHandler
                0x0000000008002f80                DMA2_Stream1_IRQHandler
                0x0000000008002f80                CAN1_SCE_IRQHandler
                0x0000000008002f80                FLASH_IRQHandler
                0x0000000008002f80                DMA2_Stream4_IRQHandler
                0x0000000008002f80                USART1_IRQHandler
                0x0000000008002f80                OTG_FS_IRQHandler
                0x0000000008002f80                SPI3_IRQHandler
                0x0000000008002f80                DMA1_Stream4_IRQHandler
                0x0000000008002f80                I2C1_ER_IRQHandler
                0x0000000008002f80                FMC_IRQHandler
                0x0000000008002f80                DMA2_Stream6_IRQHandler
                0x0000000008002f80                SAI1_IRQHandler
                0x0000000008002f80                DMA1_Stream3_IRQHandler
 *fill*         0x0000000008002f82        0x2 
 .text.__libc_init_array
                0x0000000008002f84       0x48 /home/alchemic_ronin/STM32/gcc-arm-none-eabi-9-2019-q4-major/bin/../lib/gcc/arm-none-eabi/9.2.1/../../../../arm-none-eabi/lib/thumb/v7e-m/nofp/libg_nano.a(lib_a-init.o)
                0x0000000008002f84                __libc_init_array
 .text.memset   0x0000000008002fcc       0x10 /home/alchemic_ronin/STM32/gcc-arm-none-eabi-9-2019-q4-major/bin/../lib/gcc/arm-none-eabi/9.2.1/../../../../arm-none-eabi/lib/thumb/v7e-m/nofp/libg_nano.a(lib_a-memset.o)
                0x0000000008002fcc                memset
 *(.glue_7)
 .glue_7        0x0000000008002fdc        0x0 linker stubs
 *(.glue_7t)
 .glue_7t       0x0000000008002fdc        0x0 linker stubs
 *(.eh_frame)
 .eh_frame      0x0000000008002fdc        0x0 /home/alchemic_ronin/STM32/gcc-arm-none-eabi-9-2019-q4-major/bin/../lib/gcc/arm-none-eabi/9.2.1/thumb/v7e-m/nofp/crtbegin.o
 *(.init)
 .init          0x0000000008002fdc        0x4 /home/alchemic_ronin/STM32/gcc-arm-none-eabi-9-2019-q4-major/bin/../lib/gcc/arm-none-eabi/9.2.1/thumb/v7e-m/nofp/crti.o
                0x0000000008002fdc                _init
 .init          0x0000000008002fe0        0x8 /home/alchemic_ronin/STM32/gcc-arm-none-eabi-9-2019-q4-major/bin/../lib/gcc/arm-none-eabi/9.2.1/thumb/v7e-m/nofp/crtn.o
 *(.fini)
 .fini          0x0000000008002fe8        0x4 /home/alchemic_ronin/STM32/gcc-arm-none-eabi-9-2019-q4-major/bin/../lib/gcc/arm-none-eabi/9.2.1/thumb/v7e-m/nofp/crti.o
                0x0000000008002fe8                _fini
 .fini          0x0000000008002fec        0x8 /home/alchemic_ronin/STM32/gcc-arm-none-eabi-9-2019-q4-major/bin/../lib/gcc/arm-none-eabi/9.2.1/thumb/v7e-m/nofp/crtn.o
                0x0000000008002ff4                . = ALIGN (0x4)
                0x0000000008002ff4                _etext = .

.vfp11_veneer   0x0000000008002ff4        0x0
 .vfp11_veneer  0x0000000008002ff4        0x0 linker stubs

.v4_bx          0x0000000008002ff4        0x0
 .v4_bx         0x0000000008002ff4        0x0 linker stubs

.iplt           0x0000000008002ff4        0x0
 .iplt          0x0000000008002ff4        0x0 /home/alchemic_ronin/STM32/gcc-arm-none-eabi-9-2019-q4-major/bin/../lib/gcc/arm-none-eabi/9.2.1/thumb/v7e-m/nofp/crtbegin.o

.rodata         0x0000000008002ff4       0x20
                0x0000000008002ff4                . = ALIGN (0x4)
 *(.rodata)
 *(.rodata*)
 .rodata.flagBitshiftOffset.6487
                0x0000000008002ff4        0x8 CMakeFiles/RoboMaster04-1.elf.dir/Drivers/STM32F4xx_HAL_Driver/Src/stm32f4xx_hal_dma.c.obj
 .rodata.AHBPrescTable
                0x0000000008002ffc       0x10 CMakeFiles/RoboMaster04-1.elf.dir/Src/system_stm32f4xx.c.obj
                0x0000000008002ffc                AHBPrescTable
 .rodata.APBPrescTable
                0x000000000800300c        0x8 CMakeFiles/RoboMaster04-1.elf.dir/Src/system_stm32f4xx.c.obj
                0x000000000800300c                APBPrescTable
                0x0000000008003014                . = ALIGN (0x4)

.ARM.extab
 *(.ARM.extab* .gnu.linkonce.armextab.*)

.ARM            0x0000000008003014        0x8
                0x0000000008003014                __exidx_start = .
 *(.ARM.exidx*)
 .ARM.exidx     0x0000000008003014        0x8 /home/alchemic_ronin/STM32/gcc-arm-none-eabi-9-2019-q4-major/bin/../lib/gcc/arm-none-eabi/9.2.1/thumb/v7e-m/nofp/libgcc.a(_udivmoddi4.o)
                0x000000000800301c                __exidx_end = .

.rel.dyn        0x000000000800301c        0x0
 .rel.iplt      0x000000000800301c        0x0 /home/alchemic_ronin/STM32/gcc-arm-none-eabi-9-2019-q4-major/bin/../lib/gcc/arm-none-eabi/9.2.1/thumb/v7e-m/nofp/crtbegin.o

.preinit_array  0x000000000800301c        0x0
                0x000000000800301c                PROVIDE (__preinit_array_start = .)
 *(.preinit_array*)
                0x000000000800301c                PROVIDE (__preinit_array_end = .)

.init_array     0x000000000800301c        0x4
                0x000000000800301c                PROVIDE (__init_array_start = .)
 *(SORT_BY_NAME(.init_array.*))
 *(.init_array*)
 .init_array    0x000000000800301c        0x4 /home/alchemic_ronin/STM32/gcc-arm-none-eabi-9-2019-q4-major/bin/../lib/gcc/arm-none-eabi/9.2.1/thumb/v7e-m/nofp/crtbegin.o
                0x0000000008003020                PROVIDE (__init_array_end = .)

.fini_array     0x0000000008003020        0x4
                [!provide]                        PROVIDE (__fini_array_start = .)
 *(SORT_BY_NAME(.fini_array.*))
 *(.fini_array*)
 .fini_array    0x0000000008003020        0x4 /home/alchemic_ronin/STM32/gcc-arm-none-eabi-9-2019-q4-major/bin/../lib/gcc/arm-none-eabi/9.2.1/thumb/v7e-m/nofp/crtbegin.o
                [!provide]                        PROVIDE (__fini_array_end = .)
                0x0000000008003024                _sidata = LOADADDR (.data)

.data           0x0000000020000000      0x958 load address 0x0000000008003024
                0x0000000020000000                . = ALIGN (0x4)
                0x0000000020000000                _sdata = .
 *(.data)
 *(.data*)
 .data.uwTickPrio
                0x0000000020000000        0x4 CMakeFiles/RoboMaster04-1.elf.dir/Drivers/STM32F4xx_HAL_Driver/Src/stm32f4xx_hal.c.obj
                0x0000000020000000                uwTickPrio
 .data.uwTickFreq
                0x0000000020000004        0x1 CMakeFiles/RoboMaster04-1.elf.dir/Drivers/STM32F4xx_HAL_Driver/Src/stm32f4xx_hal.c.obj
                0x0000000020000004                uwTickFreq
 *fill*         0x0000000020000005        0x3 
 .data.msg      0x0000000020000008      0x94b CMakeFiles/RoboMaster04-1.elf.dir/Src/main.c.obj
                0x0000000020000008                msg
 *fill*         0x0000000020000953        0x1 
 .data.SystemCoreClock
                0x0000000020000954        0x4 CMakeFiles/RoboMaster04-1.elf.dir/Src/system_stm32f4xx.c.obj
                0x0000000020000954                SystemCoreClock
                0x0000000020000958                . = ALIGN (0x4)
                0x0000000020000958                _edata = .
                0x000000000800397c                _siccmram = LOADADDR (.ccmram)

.igot.plt       0x0000000020000958        0x0 load address 0x000000000800397c
 .igot.plt      0x0000000020000958        0x0 /home/alchemic_ronin/STM32/gcc-arm-none-eabi-9-2019-q4-major/bin/../lib/gcc/arm-none-eabi/9.2.1/thumb/v7e-m/nofp/crtbegin.o

.ccmram         0x0000000010000000        0x0 load address 0x000000000800397c
                0x0000000010000000                . = ALIGN (0x4)
                0x0000000010000000                _sccmram = .
 *(.ccmram)
 *(.ccmram*)
                0x0000000010000000                . = ALIGN (0x4)
                0x0000000010000000                _eccmram = .
                0x0000000010000000                . = ALIGN (0x4)

.bss            0x0000000020000958       0xc0
                0x0000000020000958                _sbss = .
                0x0000000020000958                __bss_start__ = _sbss
 *(.bss)
 .bss           0x0000000020000958       0x1c /home/alchemic_ronin/STM32/gcc-arm-none-eabi-9-2019-q4-major/bin/../lib/gcc/arm-none-eabi/9.2.1/thumb/v7e-m/nofp/crtbegin.o
 *(.bss*)
 .bss.uwTick    0x0000000020000974        0x4 CMakeFiles/RoboMaster04-1.elf.dir/Drivers/STM32F4xx_HAL_Driver/Src/stm32f4xx_hal.c.obj
                0x0000000020000974                uwTick
 .bss.huart7    0x0000000020000978       0x40 CMakeFiles/RoboMaster04-1.elf.dir/Src/main.c.obj
                0x0000000020000978                huart7
 .bss.hdma_uart7_tx
                0x00000000200009b8       0x60 CMakeFiles/RoboMaster04-1.elf.dir/Src/main.c.obj
                0x00000000200009b8                hdma_uart7_tx
 *(COMMON)
                0x0000000020000a18                . = ALIGN (0x4)
                0x0000000020000a18                _ebss = .
                0x0000000020000a18                __bss_end__ = _ebss

._user_heap_stack
                0x0000000020000a18      0x600
                0x0000000020000a18                . = ALIGN (0x8)
                0x0000000020000a18                PROVIDE (end = .)
                [!provide]                        PROVIDE (_end = .)
                0x0000000020000c18                . = (. + _Min_Heap_Size)
 *fill*         0x0000000020000a18      0x200 
                0x0000000020001018                . = (. + _Min_Stack_Size)
 *fill*         0x0000000020000c18      0x400 
                0x0000000020001018                . = ALIGN (0x8)

/DISCARD/
 libc.a(*)
 libm.a(*)
 libgcc.a(*)

.ARM.attributes
                0x0000000000000000       0x2a
 *(.ARM.attributes)
 .ARM.attributes
                0x0000000000000000       0x1e /home/alchemic_ronin/STM32/gcc-arm-none-eabi-9-2019-q4-major/bin/../lib/gcc/arm-none-eabi/9.2.1/thumb/v7e-m/nofp/crti.o
 .ARM.attributes
                0x000000000000001e       0x2e /home/alchemic_ronin/STM32/gcc-arm-none-eabi-9-2019-q4-major/bin/../lib/gcc/arm-none-eabi/9.2.1/thumb/v7e-m/nofp/crtbegin.o
 .ARM.attributes
                0x000000000000004c       0x2e CMakeFiles/RoboMaster04-1.elf.dir/Drivers/STM32F4xx_HAL_Driver/Src/stm32f4xx_hal.c.obj
 .ARM.attributes
                0x000000000000007a       0x2e CMakeFiles/RoboMaster04-1.elf.dir/Drivers/STM32F4xx_HAL_Driver/Src/stm32f4xx_hal_cortex.c.obj
 .ARM.attributes
                0x00000000000000a8       0x2e CMakeFiles/RoboMaster04-1.elf.dir/Drivers/STM32F4xx_HAL_Driver/Src/stm32f4xx_hal_dma.c.obj
 .ARM.attributes
                0x00000000000000d6       0x2e CMakeFiles/RoboMaster04-1.elf.dir/Drivers/STM32F4xx_HAL_Driver/Src/stm32f4xx_hal_gpio.c.obj
 .ARM.attributes
                0x0000000000000104       0x2e CMakeFiles/RoboMaster04-1.elf.dir/Drivers/STM32F4xx_HAL_Driver/Src/stm32f4xx_hal_rcc.c.obj
 .ARM.attributes
                0x0000000000000132       0x2e CMakeFiles/RoboMaster04-1.elf.dir/Drivers/STM32F4xx_HAL_Driver/Src/stm32f4xx_hal_uart.c.obj
 .ARM.attributes
                0x0000000000000160       0x2e CMakeFiles/RoboMaster04-1.elf.dir/Src/main.c.obj
 .ARM.attributes
                0x000000000000018e       0x2e CMakeFiles/RoboMaster04-1.elf.dir/Src/stm32f4xx_hal_msp.c.obj
 .ARM.attributes
                0x00000000000001bc       0x2e CMakeFiles/RoboMaster04-1.elf.dir/Src/stm32f4xx_it.c.obj
 .ARM.attributes
                0x00000000000001ea       0x2e CMakeFiles/RoboMaster04-1.elf.dir/Src/system_stm32f4xx.c.obj
 .ARM.attributes
                0x0000000000000218       0x21 CMakeFiles/RoboMaster04-1.elf.dir/startup/startup_stm32f427xx.s.obj
 .ARM.attributes
                0x0000000000000239       0x1e /home/alchemic_ronin/STM32/gcc-arm-none-eabi-9-2019-q4-major/bin/../lib/gcc/arm-none-eabi/9.2.1/thumb/v7e-m/nofp/libgcc.a(_aeabi_uldivmod.o)
 .ARM.attributes
                0x0000000000000257       0x2e /home/alchemic_ronin/STM32/gcc-arm-none-eabi-9-2019-q4-major/bin/../lib/gcc/arm-none-eabi/9.2.1/thumb/v7e-m/nofp/libgcc.a(_udivmoddi4.o)
 .ARM.attributes
                0x0000000000000285       0x1e /home/alchemic_ronin/STM32/gcc-arm-none-eabi-9-2019-q4-major/bin/../lib/gcc/arm-none-eabi/9.2.1/thumb/v7e-m/nofp/libgcc.a(_dvmd_tls.o)
 .ARM.attributes
                0x00000000000002a3       0x2e /home/alchemic_ronin/STM32/gcc-arm-none-eabi-9-2019-q4-major/bin/../lib/gcc/arm-none-eabi/9.2.1/../../../../arm-none-eabi/lib/thumb/v7e-m/nofp/libg_nano.a(lib_a-init.o)
 .ARM.attributes
                0x00000000000002d1       0x2e /home/alchemic_ronin/STM32/gcc-arm-none-eabi-9-2019-q4-major/bin/../lib/gcc/arm-none-eabi/9.2.1/../../../../arm-none-eabi/lib/thumb/v7e-m/nofp/libg_nano.a(lib_a-memset.o)
 .ARM.attributes
                0x00000000000002ff       0x17 /home/alchemic_ronin/STM32/gcc-arm-none-eabi-9-2019-q4-major/bin/../lib/gcc/arm-none-eabi/9.2.1/../../../../arm-none-eabi/lib/thumb/v7e-m/nofp/libg_nano.a(lib_a-strlen.o)
 .ARM.attributes
                0x0000000000000316       0x1e /home/alchemic_ronin/STM32/gcc-arm-none-eabi-9-2019-q4-major/bin/../lib/gcc/arm-none-eabi/9.2.1/thumb/v7e-m/nofp/crtn.o
OUTPUT(RoboMaster04-1.elf elf32-littlearm)

.debug_info     0x0000000000000000     0x78d7
 .debug_info    0x0000000000000000      0xa13 CMakeFiles/RoboMaster04-1.elf.dir/Drivers/STM32F4xx_HAL_Driver/Src/stm32f4xx_hal.c.obj
 .debug_info    0x0000000000000a13      0xef6 CMakeFiles/RoboMaster04-1.elf.dir/Drivers/STM32F4xx_HAL_Driver/Src/stm32f4xx_hal_cortex.c.obj
 .debug_info    0x0000000000001909      0x9e6 CMakeFiles/RoboMaster04-1.elf.dir/Drivers/STM32F4xx_HAL_Driver/Src/stm32f4xx_hal_dma.c.obj
 .debug_info    0x00000000000022ef      0x83f CMakeFiles/RoboMaster04-1.elf.dir/Drivers/STM32F4xx_HAL_Driver/Src/stm32f4xx_hal_gpio.c.obj
 .debug_info    0x0000000000002b2e      0x9a7 CMakeFiles/RoboMaster04-1.elf.dir/Drivers/STM32F4xx_HAL_Driver/Src/stm32f4xx_hal_rcc.c.obj
 .debug_info    0x00000000000034d5     0x134c CMakeFiles/RoboMaster04-1.elf.dir/Drivers/STM32F4xx_HAL_Driver/Src/stm32f4xx_hal_uart.c.obj
 .debug_info    0x0000000000004821     0x175c CMakeFiles/RoboMaster04-1.elf.dir/Src/main.c.obj
 .debug_info    0x0000000000005f7d      0xc6f CMakeFiles/RoboMaster04-1.elf.dir/Src/stm32f4xx_hal_msp.c.obj
 .debug_info    0x0000000000006bec      0x714 CMakeFiles/RoboMaster04-1.elf.dir/Src/stm32f4xx_it.c.obj
 .debug_info    0x0000000000007300      0x5b5 CMakeFiles/RoboMaster04-1.elf.dir/Src/system_stm32f4xx.c.obj
 .debug_info    0x00000000000078b5       0x22 CMakeFiles/RoboMaster04-1.elf.dir/startup/startup_stm32f427xx.s.obj

.debug_abbrev   0x0000000000000000     0x1563
 .debug_abbrev  0x0000000000000000      0x1ea CMakeFiles/RoboMaster04-1.elf.dir/Drivers/STM32F4xx_HAL_Driver/Src/stm32f4xx_hal.c.obj
 .debug_abbrev  0x00000000000001ea      0x339 CMakeFiles/RoboMaster04-1.elf.dir/Drivers/STM32F4xx_HAL_Driver/Src/stm32f4xx_hal_cortex.c.obj
 .debug_abbrev  0x0000000000000523      0x256 CMakeFiles/RoboMaster04-1.elf.dir/Drivers/STM32F4xx_HAL_Driver/Src/stm32f4xx_hal_dma.c.obj
 .debug_abbrev  0x0000000000000779      0x1ee CMakeFiles/RoboMaster04-1.elf.dir/Drivers/STM32F4xx_HAL_Driver/Src/stm32f4xx_hal_gpio.c.obj
 .debug_abbrev  0x0000000000000967      0x272 CMakeFiles/RoboMaster04-1.elf.dir/Drivers/STM32F4xx_HAL_Driver/Src/stm32f4xx_hal_rcc.c.obj
 .debug_abbrev  0x0000000000000bd9      0x26d CMakeFiles/RoboMaster04-1.elf.dir/Drivers/STM32F4xx_HAL_Driver/Src/stm32f4xx_hal_uart.c.obj
 .debug_abbrev  0x0000000000000e46      0x2b7 CMakeFiles/RoboMaster04-1.elf.dir/Src/main.c.obj
 .debug_abbrev  0x00000000000010fd      0x1b2 CMakeFiles/RoboMaster04-1.elf.dir/Src/stm32f4xx_hal_msp.c.obj
 .debug_abbrev  0x00000000000012af      0x160 CMakeFiles/RoboMaster04-1.elf.dir/Src/stm32f4xx_it.c.obj
 .debug_abbrev  0x000000000000140f      0x142 CMakeFiles/RoboMaster04-1.elf.dir/Src/system_stm32f4xx.c.obj
 .debug_abbrev  0x0000000000001551       0x12 CMakeFiles/RoboMaster04-1.elf.dir/startup/startup_stm32f427xx.s.obj

.debug_aranges  0x0000000000000000      0x6a0
 .debug_aranges
                0x0000000000000000      0x100 CMakeFiles/RoboMaster04-1.elf.dir/Drivers/STM32F4xx_HAL_Driver/Src/stm32f4xx_hal.c.obj
 .debug_aranges
                0x0000000000000100      0x118 CMakeFiles/RoboMaster04-1.elf.dir/Drivers/STM32F4xx_HAL_Driver/Src/stm32f4xx_hal_cortex.c.obj
 .debug_aranges
                0x0000000000000218       0x90 CMakeFiles/RoboMaster04-1.elf.dir/Drivers/STM32F4xx_HAL_Driver/Src/stm32f4xx_hal_dma.c.obj
 .debug_aranges
                0x00000000000002a8       0x58 CMakeFiles/RoboMaster04-1.elf.dir/Drivers/STM32F4xx_HAL_Driver/Src/stm32f4xx_hal_gpio.c.obj
 .debug_aranges
                0x0000000000000300       0x88 CMakeFiles/RoboMaster04-1.elf.dir/Drivers/STM32F4xx_HAL_Driver/Src/stm32f4xx_hal_rcc.c.obj
 .debug_aranges
                0x0000000000000388      0x1d0 CMakeFiles/RoboMaster04-1.elf.dir/Drivers/STM32F4xx_HAL_Driver/Src/stm32f4xx_hal_uart.c.obj
 .debug_aranges
                0x0000000000000558       0x50 CMakeFiles/RoboMaster04-1.elf.dir/Src/main.c.obj
 .debug_aranges
                0x00000000000005a8       0x30 CMakeFiles/RoboMaster04-1.elf.dir/Src/stm32f4xx_hal_msp.c.obj
 .debug_aranges
                0x00000000000005d8       0x78 CMakeFiles/RoboMaster04-1.elf.dir/Src/stm32f4xx_it.c.obj
 .debug_aranges
                0x0000000000000650       0x28 CMakeFiles/RoboMaster04-1.elf.dir/Src/system_stm32f4xx.c.obj
 .debug_aranges
                0x0000000000000678       0x28 CMakeFiles/RoboMaster04-1.elf.dir/startup/startup_stm32f427xx.s.obj

.debug_ranges   0x0000000000000000      0x5f8
 .debug_ranges  0x0000000000000000       0xf0 CMakeFiles/RoboMaster04-1.elf.dir/Drivers/STM32F4xx_HAL_Driver/Src/stm32f4xx_hal.c.obj
 .debug_ranges  0x00000000000000f0      0x108 CMakeFiles/RoboMaster04-1.elf.dir/Drivers/STM32F4xx_HAL_Driver/Src/stm32f4xx_hal_cortex.c.obj
 .debug_ranges  0x00000000000001f8       0x80 CMakeFiles/RoboMaster04-1.elf.dir/Drivers/STM32F4xx_HAL_Driver/Src/stm32f4xx_hal_dma.c.obj
 .debug_ranges  0x0000000000000278       0x48 CMakeFiles/RoboMaster04-1.elf.dir/Drivers/STM32F4xx_HAL_Driver/Src/stm32f4xx_hal_gpio.c.obj
 .debug_ranges  0x00000000000002c0       0x78 CMakeFiles/RoboMaster04-1.elf.dir/Drivers/STM32F4xx_HAL_Driver/Src/stm32f4xx_hal_rcc.c.obj
 .debug_ranges  0x0000000000000338      0x1c0 CMakeFiles/RoboMaster04-1.elf.dir/Drivers/STM32F4xx_HAL_Driver/Src/stm32f4xx_hal_uart.c.obj
 .debug_ranges  0x00000000000004f8       0x40 CMakeFiles/RoboMaster04-1.elf.dir/Src/main.c.obj
 .debug_ranges  0x0000000000000538       0x20 CMakeFiles/RoboMaster04-1.elf.dir/Src/stm32f4xx_hal_msp.c.obj
 .debug_ranges  0x0000000000000558       0x68 CMakeFiles/RoboMaster04-1.elf.dir/Src/stm32f4xx_it.c.obj
 .debug_ranges  0x00000000000005c0       0x18 CMakeFiles/RoboMaster04-1.elf.dir/Src/system_stm32f4xx.c.obj
 .debug_ranges  0x00000000000005d8       0x20 CMakeFiles/RoboMaster04-1.elf.dir/startup/startup_stm32f427xx.s.obj

.debug_line     0x0000000000000000     0x50a1
 .debug_line    0x0000000000000000      0x623 CMakeFiles/RoboMaster04-1.elf.dir/Drivers/STM32F4xx_HAL_Driver/Src/stm32f4xx_hal.c.obj
 .debug_line    0x0000000000000623      0x8ae CMakeFiles/RoboMaster04-1.elf.dir/Drivers/STM32F4xx_HAL_Driver/Src/stm32f4xx_hal_cortex.c.obj
 .debug_line    0x0000000000000ed1      0xb6d CMakeFiles/RoboMaster04-1.elf.dir/Drivers/STM32F4xx_HAL_Driver/Src/stm32f4xx_hal_dma.c.obj
 .debug_line    0x0000000000001a3e      0x7b5 CMakeFiles/RoboMaster04-1.elf.dir/Drivers/STM32F4xx_HAL_Driver/Src/stm32f4xx_hal_gpio.c.obj
 .debug_line    0x00000000000021f3      0x999 CMakeFiles/RoboMaster04-1.elf.dir/Drivers/STM32F4xx_HAL_Driver/Src/stm32f4xx_hal_rcc.c.obj
 .debug_line    0x0000000000002b8c     0x1434 CMakeFiles/RoboMaster04-1.elf.dir/Drivers/STM32F4xx_HAL_Driver/Src/stm32f4xx_hal_uart.c.obj
 .debug_line    0x0000000000003fc0      0x517 CMakeFiles/RoboMaster04-1.elf.dir/Src/main.c.obj
 .debug_line    0x00000000000044d7      0x3a6 CMakeFiles/RoboMaster04-1.elf.dir/Src/stm32f4xx_hal_msp.c.obj
 .debug_line    0x000000000000487d      0x409 CMakeFiles/RoboMaster04-1.elf.dir/Src/stm32f4xx_it.c.obj
 .debug_line    0x0000000000004c86      0x35f CMakeFiles/RoboMaster04-1.elf.dir/Src/system_stm32f4xx.c.obj
 .debug_line    0x0000000000004fe5       0xbc CMakeFiles/RoboMaster04-1.elf.dir/startup/startup_stm32f427xx.s.obj

.debug_str      0x0000000000000000     0x2a16
 .debug_str     0x0000000000000000      0xc14 CMakeFiles/RoboMaster04-1.elf.dir/Drivers/STM32F4xx_HAL_Driver/Src/stm32f4xx_hal.c.obj
                                        0xc7d (size before relaxing)
 .debug_str     0x0000000000000c14      0x52b CMakeFiles/RoboMaster04-1.elf.dir/Drivers/STM32F4xx_HAL_Driver/Src/stm32f4xx_hal_cortex.c.obj
                                        0xdb3 (size before relaxing)
 .debug_str     0x000000000000113f      0x572 CMakeFiles/RoboMaster04-1.elf.dir/Drivers/STM32F4xx_HAL_Driver/Src/stm32f4xx_hal_dma.c.obj
                                        0x8a6 (size before relaxing)
 .debug_str     0x00000000000016b1      0x21c CMakeFiles/RoboMaster04-1.elf.dir/Drivers/STM32F4xx_HAL_Driver/Src/stm32f4xx_hal_gpio.c.obj
                                        0x63f (size before relaxing)
 .debug_str     0x00000000000018cd      0x332 CMakeFiles/RoboMaster04-1.elf.dir/Drivers/STM32F4xx_HAL_Driver/Src/stm32f4xx_hal_rcc.c.obj
                                        0x7f6 (size before relaxing)
 .debug_str     0x0000000000001bff      0x727 CMakeFiles/RoboMaster04-1.elf.dir/Drivers/STM32F4xx_HAL_Driver/Src/stm32f4xx_hal_uart.c.obj
                                        0xcf6 (size before relaxing)
 .debug_str     0x0000000000002326      0x489 CMakeFiles/RoboMaster04-1.elf.dir/Src/main.c.obj
                                       0x13e9 (size before relaxing)
 .debug_str     0x00000000000027af       0x59 CMakeFiles/RoboMaster04-1.elf.dir/Src/stm32f4xx_hal_msp.c.obj
                                        0xe38 (size before relaxing)
 .debug_str     0x0000000000002808      0x11e CMakeFiles/RoboMaster04-1.elf.dir/Src/stm32f4xx_it.c.obj
                                        0x7ef (size before relaxing)
 .debug_str     0x0000000000002926       0x83 CMakeFiles/RoboMaster04-1.elf.dir/Src/system_stm32f4xx.c.obj
                                        0x4a3 (size before relaxing)
 .debug_str     0x00000000000029a9       0x6d CMakeFiles/RoboMaster04-1.elf.dir/startup/startup_stm32f427xx.s.obj
                                         0xc0 (size before relaxing)

.comment        0x0000000000000000       0x79
 .comment       0x0000000000000000       0x79 CMakeFiles/RoboMaster04-1.elf.dir/Drivers/STM32F4xx_HAL_Driver/Src/stm32f4xx_hal.c.obj
                                         0x7a (size before relaxing)
 .comment       0x0000000000000079       0x7a CMakeFiles/RoboMaster04-1.elf.dir/Drivers/STM32F4xx_HAL_Driver/Src/stm32f4xx_hal_cortex.c.obj
 .comment       0x0000000000000079       0x7a CMakeFiles/RoboMaster04-1.elf.dir/Drivers/STM32F4xx_HAL_Driver/Src/stm32f4xx_hal_dma.c.obj
 .comment       0x0000000000000079       0x7a CMakeFiles/RoboMaster04-1.elf.dir/Drivers/STM32F4xx_HAL_Driver/Src/stm32f4xx_hal_gpio.c.obj
 .comment       0x0000000000000079       0x7a CMakeFiles/RoboMaster04-1.elf.dir/Drivers/STM32F4xx_HAL_Driver/Src/stm32f4xx_hal_rcc.c.obj
 .comment       0x0000000000000079       0x7a CMakeFiles/RoboMaster04-1.elf.dir/Drivers/STM32F4xx_HAL_Driver/Src/stm32f4xx_hal_uart.c.obj
 .comment       0x0000000000000079       0x7a CMakeFiles/RoboMaster04-1.elf.dir/Src/main.c.obj
 .comment       0x0000000000000079       0x7a CMakeFiles/RoboMaster04-1.elf.dir/Src/stm32f4xx_hal_msp.c.obj
 .comment       0x0000000000000079       0x7a CMakeFiles/RoboMaster04-1.elf.dir/Src/stm32f4xx_it.c.obj
 .comment       0x0000000000000079       0x7a CMakeFiles/RoboMaster04-1.elf.dir/Src/system_stm32f4xx.c.obj

.debug_frame    0x0000000000000000     0x19f8
 .debug_frame   0x0000000000000000      0x3b4 CMakeFiles/RoboMaster04-1.elf.dir/Drivers/STM32F4xx_HAL_Driver/Src/stm32f4xx_hal.c.obj
 .debug_frame   0x00000000000003b4      0x498 CMakeFiles/RoboMaster04-1.elf.dir/Drivers/STM32F4xx_HAL_Driver/Src/stm32f4xx_hal_cortex.c.obj
 .debug_frame   0x000000000000084c      0x250 CMakeFiles/RoboMaster04-1.elf.dir/Drivers/STM32F4xx_HAL_Driver/Src/stm32f4xx_hal_dma.c.obj
 .debug_frame   0x0000000000000a9c      0x14c CMakeFiles/RoboMaster04-1.elf.dir/Drivers/STM32F4xx_HAL_Driver/Src/stm32f4xx_hal_gpio.c.obj
 .debug_frame   0x0000000000000be8      0x1ec CMakeFiles/RoboMaster04-1.elf.dir/Drivers/STM32F4xx_HAL_Driver/Src/stm32f4xx_hal_rcc.c.obj
 .debug_frame   0x0000000000000dd4      0x844 CMakeFiles/RoboMaster04-1.elf.dir/Drivers/STM32F4xx_HAL_Driver/Src/stm32f4xx_hal_uart.c.obj
 .debug_frame   0x0000000000001618       0xfc CMakeFiles/RoboMaster04-1.elf.dir/Src/main.c.obj
 .debug_frame   0x0000000000001714       0x80 CMakeFiles/RoboMaster04-1.elf.dir/Src/stm32f4xx_hal_msp.c.obj
 .debug_frame   0x0000000000001794      0x160 CMakeFiles/RoboMaster04-1.elf.dir/Src/stm32f4xx_it.c.obj
 .debug_frame   0x00000000000018f4       0x58 CMakeFiles/RoboMaster04-1.elf.dir/Src/system_stm32f4xx.c.obj
 .debug_frame   0x000000000000194c       0x2c /home/alchemic_ronin/STM32/gcc-arm-none-eabi-9-2019-q4-major/bin/../lib/gcc/arm-none-eabi/9.2.1/thumb/v7e-m/nofp/libgcc.a(_aeabi_uldivmod.o)
 .debug_frame   0x0000000000001978       0x34 /home/alchemic_ronin/STM32/gcc-arm-none-eabi-9-2019-q4-major/bin/../lib/gcc/arm-none-eabi/9.2.1/thumb/v7e-m/nofp/libgcc.a(_udivmoddi4.o)
 .debug_frame   0x00000000000019ac       0x2c /home/alchemic_ronin/STM32/gcc-arm-none-eabi-9-2019-q4-major/bin/../lib/gcc/arm-none-eabi/9.2.1/../../../../arm-none-eabi/lib/thumb/v7e-m/nofp/libg_nano.a(lib_a-init.o)
 .debug_frame   0x00000000000019d8       0x20 /home/alchemic_ronin/STM32/gcc-arm-none-eabi-9-2019-q4-major/bin/../lib/gcc/arm-none-eabi/9.2.1/../../../../arm-none-eabi/lib/thumb/v7e-m/nofp/libg_nano.a(lib_a-memset.o)
