<!doctype html public "-//w3c//dtd html 4.0 transitional//en">
<html><head>
<title>Static Call Graph - [.\Outputs\RM2016_Infantry.axf]</title></head>
<body><HR>
<H1>Static Call Graph for image .\Outputs\RM2016_Infantry.axf</H1><HR>
<BR><P>#&#060CALLGRAPH&#062# ARM Linker, 5050041: Last Updated: Mon May 09 22:02:46 2016
<BR><P>
<H3>Maximum Stack Usage =        280 bytes + Unknown(Cycles, Untraceable Function Pointers)</H3><H3>
Call chain for Maximum Stack Depth:</H3>
main &rArr; IMU_getYawPitchRoll &rArr; IMU_getQ &rArr; IMU_AHRSupdate &rArr; __hardfp_sqrt &rArr; _dsqrt &rArr; _double_round
<P>
<H3>
Mutually Recursive functions
</H3> <LI><a href="#[12]">SysTick_Handler</a>&nbsp;&nbsp;&nbsp;&rArr;&nbsp;&nbsp;&nbsp;<a href="#[12]">SysTick_Handler</a><BR>
 <LI><a href="#[25]">ADC_IRQHandler</a>&nbsp;&nbsp;&nbsp;&rArr;&nbsp;&nbsp;&nbsp;<a href="#[25]">ADC_IRQHandler</a><BR>
</UL>
<P>
<H3>
Function Pointers
</H3><UL>
 <LI><a href="#[25]">ADC_IRQHandler</a> from startup_stm32f4xx.o(.text) referenced from startup_stm32f4xx.o(RESET)
 <LI><a href="#[d]">BusFault_Handler</a> from stm32f4xx_it.o(.text) referenced from startup_stm32f4xx.o(RESET)
 <LI><a href="#[27]">CAN1_RX0_IRQHandler</a> from can1.o(.text) referenced from startup_stm32f4xx.o(RESET)
 <LI><a href="#[28]">CAN1_RX1_IRQHandler</a> from startup_stm32f4xx.o(.text) referenced from startup_stm32f4xx.o(RESET)
 <LI><a href="#[29]">CAN1_SCE_IRQHandler</a> from startup_stm32f4xx.o(.text) referenced from startup_stm32f4xx.o(RESET)
 <LI><a href="#[26]">CAN1_TX_IRQHandler</a> from can1.o(.text) referenced from startup_stm32f4xx.o(RESET)
 <LI><a href="#[53]">CAN2_RX0_IRQHandler</a> from can2.o(.text) referenced from startup_stm32f4xx.o(RESET)
 <LI><a href="#[54]">CAN2_RX1_IRQHandler</a> from startup_stm32f4xx.o(.text) referenced from startup_stm32f4xx.o(RESET)
 <LI><a href="#[55]">CAN2_SCE_IRQHandler</a> from startup_stm32f4xx.o(.text) referenced from startup_stm32f4xx.o(RESET)
 <LI><a href="#[52]">CAN2_TX_IRQHandler</a> from can2.o(.text) referenced from startup_stm32f4xx.o(RESET)
 <LI><a href="#[62]">CRYP_IRQHandler</a> from startup_stm32f4xx.o(.text) referenced from startup_stm32f4xx.o(RESET)
 <LI><a href="#[61]">DCMI_IRQHandler</a> from startup_stm32f4xx.o(.text) referenced from startup_stm32f4xx.o(RESET)
 <LI><a href="#[1e]">DMA1_Stream0_IRQHandler</a> from startup_stm32f4xx.o(.text) referenced from startup_stm32f4xx.o(RESET)
 <LI><a href="#[1f]">DMA1_Stream1_IRQHandler</a> from startup_stm32f4xx.o(.text) referenced from startup_stm32f4xx.o(RESET)
 <LI><a href="#[20]">DMA1_Stream2_IRQHandler</a> from startup_stm32f4xx.o(.text) referenced from startup_stm32f4xx.o(RESET)
 <LI><a href="#[21]">DMA1_Stream3_IRQHandler</a> from startup_stm32f4xx.o(.text) referenced from startup_stm32f4xx.o(RESET)
 <LI><a href="#[22]">DMA1_Stream4_IRQHandler</a> from startup_stm32f4xx.o(.text) referenced from startup_stm32f4xx.o(RESET)
 <LI><a href="#[23]">DMA1_Stream5_IRQHandler</a> from startup_stm32f4xx.o(.text) referenced from startup_stm32f4xx.o(RESET)
 <LI><a href="#[24]">DMA1_Stream6_IRQHandler</a> from startup_stm32f4xx.o(.text) referenced from startup_stm32f4xx.o(RESET)
 <LI><a href="#[42]">DMA1_Stream7_IRQHandler</a> from startup_stm32f4xx.o(.text) referenced from startup_stm32f4xx.o(RESET)
 <LI><a href="#[4b]">DMA2_Stream0_IRQHandler</a> from startup_stm32f4xx.o(.text) referenced from startup_stm32f4xx.o(RESET)
 <LI><a href="#[4c]">DMA2_Stream1_IRQHandler</a> from startup_stm32f4xx.o(.text) referenced from startup_stm32f4xx.o(RESET)
 <LI><a href="#[4d]">DMA2_Stream2_IRQHandler</a> from startup_stm32f4xx.o(.text) referenced from startup_stm32f4xx.o(RESET)
 <LI><a href="#[4e]">DMA2_Stream3_IRQHandler</a> from startup_stm32f4xx.o(.text) referenced from startup_stm32f4xx.o(RESET)
 <LI><a href="#[4f]">DMA2_Stream4_IRQHandler</a> from startup_stm32f4xx.o(.text) referenced from startup_stm32f4xx.o(RESET)
 <LI><a href="#[57]">DMA2_Stream5_IRQHandler</a> from startup_stm32f4xx.o(.text) referenced from startup_stm32f4xx.o(RESET)
 <LI><a href="#[58]">DMA2_Stream6_IRQHandler</a> from startup_stm32f4xx.o(.text) referenced from startup_stm32f4xx.o(RESET)
 <LI><a href="#[59]">DMA2_Stream7_IRQHandler</a> from startup_stm32f4xx.o(.text) referenced from startup_stm32f4xx.o(RESET)
 <LI><a href="#[10]">DebugMon_Handler</a> from stm32f4xx_it.o(.text) referenced from startup_stm32f4xx.o(RESET)
 <LI><a href="#[50]">ETH_IRQHandler</a> from startup_stm32f4xx.o(.text) referenced from startup_stm32f4xx.o(RESET)
 <LI><a href="#[51]">ETH_WKUP_IRQHandler</a> from startup_stm32f4xx.o(.text) referenced from startup_stm32f4xx.o(RESET)
 <LI><a href="#[19]">EXTI0_IRQHandler</a> from exti.o(.text) referenced from startup_stm32f4xx.o(RESET)
 <LI><a href="#[3b]">EXTI15_10_IRQHandler</a> from startup_stm32f4xx.o(.text) referenced from startup_stm32f4xx.o(RESET)
 <LI><a href="#[1a]">EXTI1_IRQHandler</a> from exti.o(.text) referenced from startup_stm32f4xx.o(RESET)
 <LI><a href="#[1b]">EXTI2_IRQHandler</a> from startup_stm32f4xx.o(.text) referenced from startup_stm32f4xx.o(RESET)
 <LI><a href="#[1c]">EXTI3_IRQHandler</a> from startup_stm32f4xx.o(.text) referenced from startup_stm32f4xx.o(RESET)
 <LI><a href="#[1d]">EXTI4_IRQHandler</a> from mpu6050_interrupt.o(.text) referenced from startup_stm32f4xx.o(RESET)
 <LI><a href="#[2a]">EXTI9_5_IRQHandler</a> from startup_stm32f4xx.o(.text) referenced from startup_stm32f4xx.o(RESET)
 <LI><a href="#[17]">FLASH_IRQHandler</a> from startup_stm32f4xx.o(.text) referenced from startup_stm32f4xx.o(RESET)
 <LI><a href="#[64]">FPU_IRQHandler</a> from startup_stm32f4xx.o(.text) referenced from startup_stm32f4xx.o(RESET)
 <LI><a href="#[43]">FSMC_IRQHandler</a> from startup_stm32f4xx.o(.text) referenced from startup_stm32f4xx.o(RESET)
 <LI><a href="#[63]">HASH_RNG_IRQHandler</a> from startup_stm32f4xx.o(.text) referenced from startup_stm32f4xx.o(RESET)
 <LI><a href="#[b]">HardFault_Handler</a> from stm32f4xx_it.o(.text) referenced from startup_stm32f4xx.o(RESET)
 <LI><a href="#[33]">I2C1_ER_IRQHandler</a> from startup_stm32f4xx.o(.text) referenced from startup_stm32f4xx.o(RESET)
 <LI><a href="#[32]">I2C1_EV_IRQHandler</a> from startup_stm32f4xx.o(.text) referenced from startup_stm32f4xx.o(RESET)
 <LI><a href="#[35]">I2C2_ER_IRQHandler</a> from startup_stm32f4xx.o(.text) referenced from startup_stm32f4xx.o(RESET)
 <LI><a href="#[34]">I2C2_EV_IRQHandler</a> from startup_stm32f4xx.o(.text) referenced from startup_stm32f4xx.o(RESET)
 <LI><a href="#[5c]">I2C3_ER_IRQHandler</a> from startup_stm32f4xx.o(.text) referenced from startup_stm32f4xx.o(RESET)
 <LI><a href="#[5b]">I2C3_EV_IRQHandler</a> from startup_stm32f4xx.o(.text) referenced from startup_stm32f4xx.o(RESET)
 <LI><a href="#[c]">MemManage_Handler</a> from stm32f4xx_it.o(.text) referenced from startup_stm32f4xx.o(RESET)
 <LI><a href="#[a]">NMI_Handler</a> from stm32f4xx_it.o(.text) referenced from startup_stm32f4xx.o(RESET)
 <LI><a href="#[56]">OTG_FS_IRQHandler</a> from startup_stm32f4xx.o(.text) referenced from startup_stm32f4xx.o(RESET)
 <LI><a href="#[3d]">OTG_FS_WKUP_IRQHandler</a> from startup_stm32f4xx.o(.text) referenced from startup_stm32f4xx.o(RESET)
 <LI><a href="#[5e]">OTG_HS_EP1_IN_IRQHandler</a> from startup_stm32f4xx.o(.text) referenced from startup_stm32f4xx.o(RESET)
 <LI><a href="#[5d]">OTG_HS_EP1_OUT_IRQHandler</a> from startup_stm32f4xx.o(.text) referenced from startup_stm32f4xx.o(RESET)
 <LI><a href="#[60]">OTG_HS_IRQHandler</a> from startup_stm32f4xx.o(.text) referenced from startup_stm32f4xx.o(RESET)
 <LI><a href="#[5f]">OTG_HS_WKUP_IRQHandler</a> from startup_stm32f4xx.o(.text) referenced from startup_stm32f4xx.o(RESET)
 <LI><a href="#[1]">PID_Calc</a> from pid_regulator.o(.text) referenced 22 times from controltask.o(.data)
 <LI><a href="#[2]">PID_Reset</a> from pid_regulator.o(.text) referenced 22 times from controltask.o(.data)
 <LI><a href="#[14]">PVD_IRQHandler</a> from startup_stm32f4xx.o(.text) referenced from startup_stm32f4xx.o(RESET)
 <LI><a href="#[11]">PendSV_Handler</a> from stm32f4xx_it.o(.text) referenced from startup_stm32f4xx.o(RESET)
 <LI><a href="#[18]">RCC_IRQHandler</a> from startup_stm32f4xx.o(.text) referenced from startup_stm32f4xx.o(RESET)
 <LI><a href="#[3c]">RTC_Alarm_IRQHandler</a> from startup_stm32f4xx.o(.text) referenced from startup_stm32f4xx.o(RESET)
 <LI><a href="#[16]">RTC_WKUP_IRQHandler</a> from startup_stm32f4xx.o(.text) referenced from startup_stm32f4xx.o(RESET)
 <LI><a href="#[4]">RampCalc</a> from ramp.o(.text) referenced 10 times from controltask.o(.data)
 <LI><a href="#[3]">RampInit</a> from ramp.o(.text) referenced 10 times from controltask.o(.data)
 <LI><a href="#[8]">RampIsOverflow</a> from ramp.o(.text) referenced 10 times from controltask.o(.data)
 <LI><a href="#[6]">RampResetCounter</a> from ramp.o(.text) referenced 10 times from controltask.o(.data)
 <LI><a href="#[5]">RampSetCounter</a> from ramp.o(.text) referenced 10 times from controltask.o(.data)
 <LI><a href="#[7]">RampSetScale</a> from ramp.o(.text) referenced 10 times from controltask.o(.data)
 <LI><a href="#[9]">Reset_Handler</a> from startup_stm32f4xx.o(.text) referenced from startup_stm32f4xx.o(RESET)
 <LI><a href="#[44]">SDIO_IRQHandler</a> from startup_stm32f4xx.o(.text) referenced from startup_stm32f4xx.o(RESET)
 <LI><a href="#[36]">SPI1_IRQHandler</a> from startup_stm32f4xx.o(.text) referenced from startup_stm32f4xx.o(RESET)
 <LI><a href="#[37]">SPI2_IRQHandler</a> from startup_stm32f4xx.o(.text) referenced from startup_stm32f4xx.o(RESET)
 <LI><a href="#[46]">SPI3_IRQHandler</a> from startup_stm32f4xx.o(.text) referenced from startup_stm32f4xx.o(RESET)
 <LI><a href="#[f]">SVC_Handler</a> from stm32f4xx_it.o(.text) referenced from startup_stm32f4xx.o(RESET)
 <LI><a href="#[12]">SysTick_Handler</a> from startup_stm32f4xx.o(.text) referenced from startup_stm32f4xx.o(RESET)
 <LI><a href="#[66]">SystemInit</a> from system_stm32f4xx.o(.text) referenced from startup_stm32f4xx.o(.text)
 <LI><a href="#[15]">TAMP_STAMP_IRQHandler</a> from startup_stm32f4xx.o(.text) referenced from startup_stm32f4xx.o(RESET)
 <LI><a href="#[2b]">TIM1_BRK_TIM9_IRQHandler</a> from startup_stm32f4xx.o(.text) referenced from startup_stm32f4xx.o(RESET)
 <LI><a href="#[2e]">TIM1_CC_IRQHandler</a> from startup_stm32f4xx.o(.text) referenced from startup_stm32f4xx.o(RESET)
 <LI><a href="#[2d]">TIM1_TRG_COM_TIM11_IRQHandler</a> from startup_stm32f4xx.o(.text) referenced from startup_stm32f4xx.o(RESET)
 <LI><a href="#[2c]">TIM1_UP_TIM10_IRQHandler</a> from startup_stm32f4xx.o(.text) referenced from startup_stm32f4xx.o(RESET)
 <LI><a href="#[2f]">TIM2_IRQHandler</a> from timer.o(.text) referenced from startup_stm32f4xx.o(RESET)
 <LI><a href="#[30]">TIM3_IRQHandler</a> from startup_stm32f4xx.o(.text) referenced from startup_stm32f4xx.o(RESET)
 <LI><a href="#[31]">TIM4_IRQHandler</a> from startup_stm32f4xx.o(.text) referenced from startup_stm32f4xx.o(RESET)
 <LI><a href="#[45]">TIM5_IRQHandler</a> from startup_stm32f4xx.o(.text) referenced from startup_stm32f4xx.o(RESET)
 <LI><a href="#[49]">TIM6_DAC_IRQHandler</a> from timer.o(.text) referenced from startup_stm32f4xx.o(RESET)
 <LI><a href="#[4a]">TIM7_IRQHandler</a> from startup_stm32f4xx.o(.text) referenced from startup_stm32f4xx.o(RESET)
 <LI><a href="#[3e]">TIM8_BRK_TIM12_IRQHandler</a> from startup_stm32f4xx.o(.text) referenced from startup_stm32f4xx.o(RESET)
 <LI><a href="#[41]">TIM8_CC_IRQHandler</a> from startup_stm32f4xx.o(.text) referenced from startup_stm32f4xx.o(RESET)
 <LI><a href="#[40]">TIM8_TRG_COM_TIM14_IRQHandler</a> from startup_stm32f4xx.o(.text) referenced from startup_stm32f4xx.o(RESET)
 <LI><a href="#[3f]">TIM8_UP_TIM13_IRQHandler</a> from startup_stm32f4xx.o(.text) referenced from startup_stm32f4xx.o(RESET)
 <LI><a href="#[47]">UART4_IRQHandler</a> from startup_stm32f4xx.o(.text) referenced from startup_stm32f4xx.o(RESET)
 <LI><a href="#[48]">UART5_IRQHandler</a> from startup_stm32f4xx.o(.text) referenced from startup_stm32f4xx.o(RESET)
 <LI><a href="#[38]">USART1_IRQHandler</a> from usart1.o(.text) referenced from startup_stm32f4xx.o(RESET)
 <LI><a href="#[39]">USART2_IRQHandler</a> from startup_stm32f4xx.o(.text) referenced from startup_stm32f4xx.o(RESET)
 <LI><a href="#[3a]">USART3_IRQHandler</a> from usart3.o(.text) referenced from startup_stm32f4xx.o(RESET)
 <LI><a href="#[5a]">USART6_IRQHandler</a> from startup_stm32f4xx.o(.text) referenced from startup_stm32f4xx.o(RESET)
 <LI><a href="#[e]">UsageFault_Handler</a> from stm32f4xx_it.o(.text) referenced from startup_stm32f4xx.o(RESET)
 <LI><a href="#[13]">WWDG_IRQHandler</a> from startup_stm32f4xx.o(.text) referenced from startup_stm32f4xx.o(RESET)
 <LI><a href="#[67]">__main</a> from entry.o(.ARM.Collect$$$$00000000) referenced from startup_stm32f4xx.o(.text)
 <LI><a href="#[68]">fputc</a> from usart3.o(.text) referenced from printfb.o(i.__0printf$bare)
 <LI><a href="#[65]">main</a> from main.o(.text) referenced from entry9a.o(.ARM.Collect$$$$0000000B)
</UL>
<P>
<H3>
Global Symbols
</H3>
<P><STRONG><a name="[67]"></a>__main</STRONG> (Thumb, 0 bytes, Stack size unknown bytes, entry.o(.ARM.Collect$$$$00000000))
<BR>[Address Reference Count : 1]<UL><LI> startup_stm32f4xx.o(.text)
</UL>
<P><STRONG><a name="[195]"></a>_main_stk</STRONG> (Thumb, 0 bytes, Stack size unknown bytes, entry2.o(.ARM.Collect$$$$00000001))

<P><STRONG><a name="[69]"></a>_main_scatterload</STRONG> (Thumb, 0 bytes, Stack size unknown bytes, entry5.o(.ARM.Collect$$$$00000004))
<BR><BR>[Calls]<UL><LI><a href="#[6a]">&gt;&gt;</a>&nbsp;&nbsp;&nbsp;__scatterload
</UL>

<P><STRONG><a name="[187]"></a>__main_after_scatterload</STRONG> (Thumb, 0 bytes, Stack size unknown bytes, entry5.o(.ARM.Collect$$$$00000004))
<BR><BR>[Called By]<UL><LI><a href="#[6a]">&gt;&gt;</a>&nbsp;&nbsp;&nbsp;__scatterload
</UL>

<P><STRONG><a name="[196]"></a>_main_clock</STRONG> (Thumb, 0 bytes, Stack size unknown bytes, entry7b.o(.ARM.Collect$$$$00000008))

<P><STRONG><a name="[197]"></a>_main_cpp_init</STRONG> (Thumb, 0 bytes, Stack size unknown bytes, entry8b.o(.ARM.Collect$$$$0000000A))

<P><STRONG><a name="[198]"></a>_main_init</STRONG> (Thumb, 0 bytes, Stack size unknown bytes, entry9a.o(.ARM.Collect$$$$0000000B))

<P><STRONG><a name="[199]"></a>__rt_final_cpp</STRONG> (Thumb, 0 bytes, Stack size unknown bytes, entry10a.o(.ARM.Collect$$$$0000000D))

<P><STRONG><a name="[19a]"></a>__rt_final_exit</STRONG> (Thumb, 0 bytes, Stack size unknown bytes, entry11a.o(.ARM.Collect$$$$0000000F))

<P><STRONG><a name="[65]"></a>main</STRONG> (Thumb, 80 bytes, Stack size 0 bytes, main.o(.text))
<BR><BR>[Stack]<UL><LI>Max Depth = 280<LI>Call Chain = main &rArr; IMU_getYawPitchRoll &rArr; IMU_getQ &rArr; IMU_AHRSupdate &rArr; __hardfp_sqrt &rArr; _dsqrt &rArr; _double_round
</UL>
<BR>[Calls]<UL><LI><a href="#[6d]">&gt;&gt;</a>&nbsp;&nbsp;&nbsp;delay_ms
<LI><a href="#[71]">&gt;&gt;</a>&nbsp;&nbsp;&nbsp;UploadParameter
<LI><a href="#[6c]">&gt;&gt;</a>&nbsp;&nbsp;&nbsp;RemoteTaskInit
<LI><a href="#[70]">&gt;&gt;</a>&nbsp;&nbsp;&nbsp;IMU_getYawPitchRoll
<LI><a href="#[6f]">&gt;&gt;</a>&nbsp;&nbsp;&nbsp;Get_Time_Micros
<LI><a href="#[6b]">&gt;&gt;</a>&nbsp;&nbsp;&nbsp;ControtLoopTaskInit
<LI><a href="#[6e]">&gt;&gt;</a>&nbsp;&nbsp;&nbsp;BSP_Init
</UL>
<BR>[Address Reference Count : 1]<UL><LI> entry9a.o(.ARM.Collect$$$$0000000B)
</UL>
<P><STRONG><a name="[6e]"></a>BSP_Init</STRONG> (Thumb, 74 bytes, Stack size 8 bytes, bsp.o(.text))
<BR><BR>[Stack]<UL><LI>Max Depth = 172<LI>Call Chain = BSP_Init &rArr; USART1_Configuration &rArr; USART_Init &rArr; RCC_GetClocksFreq
</UL>
<BR>[Calls]<UL><LI><a href="#[7d]">&gt;&gt;</a>&nbsp;&nbsp;&nbsp;USART3_Configuration
<LI><a href="#[7c]">&gt;&gt;</a>&nbsp;&nbsp;&nbsp;USART1_Configuration
<LI><a href="#[7e]">&gt;&gt;</a>&nbsp;&nbsp;&nbsp;TIM6_Start
<LI><a href="#[78]">&gt;&gt;</a>&nbsp;&nbsp;&nbsp;TIM6_Configuration
<LI><a href="#[76]">&gt;&gt;</a>&nbsp;&nbsp;&nbsp;TIM2_Configuration
<LI><a href="#[79]">&gt;&gt;</a>&nbsp;&nbsp;&nbsp;Quad_Encoder_Configuration
<LI><a href="#[73]">&gt;&gt;</a>&nbsp;&nbsp;&nbsp;PWM_Configuration
<LI><a href="#[72]">&gt;&gt;</a>&nbsp;&nbsp;&nbsp;NVIC_PriorityGroupConfig
<LI><a href="#[7f]">&gt;&gt;</a>&nbsp;&nbsp;&nbsp;MPU6050_IntConfiguration
<LI><a href="#[77]">&gt;&gt;</a>&nbsp;&nbsp;&nbsp;MPU6050_Initialize
<LI><a href="#[80]">&gt;&gt;</a>&nbsp;&nbsp;&nbsp;MPU6050_EnableInt
<LI><a href="#[74]">&gt;&gt;</a>&nbsp;&nbsp;&nbsp;Led_Configuration
<LI><a href="#[75]">&gt;&gt;</a>&nbsp;&nbsp;&nbsp;Laser_Configuration
<LI><a href="#[81]">&gt;&gt;</a>&nbsp;&nbsp;&nbsp;Encoder_Start
<LI><a href="#[7b]">&gt;&gt;</a>&nbsp;&nbsp;&nbsp;CAN2_Configuration
<LI><a href="#[7a]">&gt;&gt;</a>&nbsp;&nbsp;&nbsp;CAN1_Configuration
</UL>
<BR>[Called By]<UL><LI><a href="#[65]">&gt;&gt;</a>&nbsp;&nbsp;&nbsp;main
</UL>

<P><STRONG><a name="[74]"></a>Led_Configuration</STRONG> (Thumb, 58 bytes, Stack size 16 bytes, led.o(.text))
<BR><BR>[Stack]<UL><LI>Max Depth = 36<LI>Call Chain = Led_Configuration &rArr; GPIO_Init
</UL>
<BR>[Calls]<UL><LI><a href="#[82]">&gt;&gt;</a>&nbsp;&nbsp;&nbsp;RCC_AHB1PeriphClockCmd
<LI><a href="#[84]">&gt;&gt;</a>&nbsp;&nbsp;&nbsp;GPIO_SetBits
<LI><a href="#[83]">&gt;&gt;</a>&nbsp;&nbsp;&nbsp;GPIO_Init
</UL>
<BR>[Called By]<UL><LI><a href="#[6e]">&gt;&gt;</a>&nbsp;&nbsp;&nbsp;BSP_Init
</UL>

<P><STRONG><a name="[73]"></a>PWM_Configuration</STRONG> (Thumb, 282 bytes, Stack size 48 bytes, gun.o(.text))
<BR><BR>[Stack]<UL><LI>Max Depth = 68<LI>Call Chain = PWM_Configuration &rArr; GPIO_PinAFConfig
</UL>
<BR>[Calls]<UL><LI><a href="#[88]">&gt;&gt;</a>&nbsp;&nbsp;&nbsp;TIM_TimeBaseInit
<LI><a href="#[8c]">&gt;&gt;</a>&nbsp;&nbsp;&nbsp;TIM_OC2PreloadConfig
<LI><a href="#[8a]">&gt;&gt;</a>&nbsp;&nbsp;&nbsp;TIM_OC2Init
<LI><a href="#[8b]">&gt;&gt;</a>&nbsp;&nbsp;&nbsp;TIM_OC1PreloadConfig
<LI><a href="#[89]">&gt;&gt;</a>&nbsp;&nbsp;&nbsp;TIM_OC1Init
<LI><a href="#[8e]">&gt;&gt;</a>&nbsp;&nbsp;&nbsp;TIM_Cmd
<LI><a href="#[8d]">&gt;&gt;</a>&nbsp;&nbsp;&nbsp;TIM_ARRPreloadConfig
<LI><a href="#[86]">&gt;&gt;</a>&nbsp;&nbsp;&nbsp;RCC_APB2PeriphClockCmd
<LI><a href="#[85]">&gt;&gt;</a>&nbsp;&nbsp;&nbsp;RCC_APB1PeriphClockCmd
<LI><a href="#[87]">&gt;&gt;</a>&nbsp;&nbsp;&nbsp;GPIO_PinAFConfig
<LI><a href="#[82]">&gt;&gt;</a>&nbsp;&nbsp;&nbsp;RCC_AHB1PeriphClockCmd
<LI><a href="#[83]">&gt;&gt;</a>&nbsp;&nbsp;&nbsp;GPIO_Init
</UL>
<BR>[Called By]<UL><LI><a href="#[6e]">&gt;&gt;</a>&nbsp;&nbsp;&nbsp;BSP_Init
</UL>

<P><STRONG><a name="[7a]"></a>CAN1_Configuration</STRONG> (Thumb, 262 bytes, Stack size 48 bytes, can1.o(.text))
<BR><BR>[Stack]<UL><LI>Max Depth = 68<LI>Call Chain = CAN1_Configuration &rArr; GPIO_PinAFConfig
</UL>
<BR>[Calls]<UL><LI><a href="#[8f]">&gt;&gt;</a>&nbsp;&nbsp;&nbsp;NVIC_Init
<LI><a href="#[91]">&gt;&gt;</a>&nbsp;&nbsp;&nbsp;CAN_StructInit
<LI><a href="#[92]">&gt;&gt;</a>&nbsp;&nbsp;&nbsp;CAN_Init
<LI><a href="#[94]">&gt;&gt;</a>&nbsp;&nbsp;&nbsp;CAN_ITConfig
<LI><a href="#[93]">&gt;&gt;</a>&nbsp;&nbsp;&nbsp;CAN_FilterInit
<LI><a href="#[90]">&gt;&gt;</a>&nbsp;&nbsp;&nbsp;CAN_DeInit
<LI><a href="#[85]">&gt;&gt;</a>&nbsp;&nbsp;&nbsp;RCC_APB1PeriphClockCmd
<LI><a href="#[87]">&gt;&gt;</a>&nbsp;&nbsp;&nbsp;GPIO_PinAFConfig
<LI><a href="#[82]">&gt;&gt;</a>&nbsp;&nbsp;&nbsp;RCC_AHB1PeriphClockCmd
<LI><a href="#[83]">&gt;&gt;</a>&nbsp;&nbsp;&nbsp;GPIO_Init
</UL>
<BR>[Called By]<UL><LI><a href="#[6e]">&gt;&gt;</a>&nbsp;&nbsp;&nbsp;BSP_Init
</UL>

<P><STRONG><a name="[95]"></a>GYRO_RST</STRONG> (Thumb, 86 bytes, Stack size 24 bytes, can1.o(.text))
<BR><BR>[Stack]<UL><LI>Max Depth = 32<LI>Call Chain = GYRO_RST &rArr; CAN_Transmit
</UL>
<BR>[Calls]<UL><LI><a href="#[96]">&gt;&gt;</a>&nbsp;&nbsp;&nbsp;CAN_Transmit
</UL>
<BR>[Called By]<UL><LI><a href="#[ab]">&gt;&gt;</a>&nbsp;&nbsp;&nbsp;Control_Task
</UL>

<P><STRONG><a name="[26]"></a>CAN1_TX_IRQHandler</STRONG> (Thumb, 22 bytes, Stack size 8 bytes, can1.o(.text))
<BR><BR>[Stack]<UL><LI>Max Depth = 24<LI>Call Chain = CAN1_TX_IRQHandler &rArr; CAN_GetITStatus
</UL>
<BR>[Calls]<UL><LI><a href="#[97]">&gt;&gt;</a>&nbsp;&nbsp;&nbsp;CAN_GetITStatus
<LI><a href="#[98]">&gt;&gt;</a>&nbsp;&nbsp;&nbsp;CAN_ClearITPendingBit
</UL>
<BR>[Address Reference Count : 1]<UL><LI> startup_stm32f4xx.o(RESET)
</UL>
<P><STRONG><a name="[27]"></a>CAN1_RX0_IRQHandler</STRONG> (Thumb, 50 bytes, Stack size 24 bytes, can1.o(.text))
<BR><BR>[Stack]<UL><LI>Max Depth = 72<LI>Call Chain = CAN1_RX0_IRQHandler &rArr; CanReceiveMsgProcess &rArr; EncoderProcess
</UL>
<BR>[Calls]<UL><LI><a href="#[9b]">&gt;&gt;</a>&nbsp;&nbsp;&nbsp;CanReceiveMsgProcess
<LI><a href="#[9a]">&gt;&gt;</a>&nbsp;&nbsp;&nbsp;CAN_Receive
<LI><a href="#[97]">&gt;&gt;</a>&nbsp;&nbsp;&nbsp;CAN_GetITStatus
<LI><a href="#[98]">&gt;&gt;</a>&nbsp;&nbsp;&nbsp;CAN_ClearITPendingBit
<LI><a href="#[99]">&gt;&gt;</a>&nbsp;&nbsp;&nbsp;CAN_ClearFlag
</UL>
<BR>[Address Reference Count : 1]<UL><LI> startup_stm32f4xx.o(RESET)
</UL>
<P><STRONG><a name="[7b]"></a>CAN2_Configuration</STRONG> (Thumb, 264 bytes, Stack size 48 bytes, can2.o(.text))
<BR><BR>[Stack]<UL><LI>Max Depth = 68<LI>Call Chain = CAN2_Configuration &rArr; GPIO_PinAFConfig
</UL>
<BR>[Calls]<UL><LI><a href="#[8f]">&gt;&gt;</a>&nbsp;&nbsp;&nbsp;NVIC_Init
<LI><a href="#[91]">&gt;&gt;</a>&nbsp;&nbsp;&nbsp;CAN_StructInit
<LI><a href="#[92]">&gt;&gt;</a>&nbsp;&nbsp;&nbsp;CAN_Init
<LI><a href="#[94]">&gt;&gt;</a>&nbsp;&nbsp;&nbsp;CAN_ITConfig
<LI><a href="#[93]">&gt;&gt;</a>&nbsp;&nbsp;&nbsp;CAN_FilterInit
<LI><a href="#[90]">&gt;&gt;</a>&nbsp;&nbsp;&nbsp;CAN_DeInit
<LI><a href="#[85]">&gt;&gt;</a>&nbsp;&nbsp;&nbsp;RCC_APB1PeriphClockCmd
<LI><a href="#[87]">&gt;&gt;</a>&nbsp;&nbsp;&nbsp;GPIO_PinAFConfig
<LI><a href="#[82]">&gt;&gt;</a>&nbsp;&nbsp;&nbsp;RCC_AHB1PeriphClockCmd
<LI><a href="#[83]">&gt;&gt;</a>&nbsp;&nbsp;&nbsp;GPIO_Init
</UL>
<BR>[Called By]<UL><LI><a href="#[6e]">&gt;&gt;</a>&nbsp;&nbsp;&nbsp;BSP_Init
</UL>

<P><STRONG><a name="[52]"></a>CAN2_TX_IRQHandler</STRONG> (Thumb, 22 bytes, Stack size 8 bytes, can2.o(.text))
<BR><BR>[Stack]<UL><LI>Max Depth = 24<LI>Call Chain = CAN2_TX_IRQHandler &rArr; CAN_GetITStatus
</UL>
<BR>[Calls]<UL><LI><a href="#[97]">&gt;&gt;</a>&nbsp;&nbsp;&nbsp;CAN_GetITStatus
<LI><a href="#[98]">&gt;&gt;</a>&nbsp;&nbsp;&nbsp;CAN_ClearITPendingBit
</UL>
<BR>[Address Reference Count : 1]<UL><LI> startup_stm32f4xx.o(RESET)
</UL>
<P><STRONG><a name="[53]"></a>CAN2_RX0_IRQHandler</STRONG> (Thumb, 42 bytes, Stack size 24 bytes, can2.o(.text))
<BR><BR>[Stack]<UL><LI>Max Depth = 72<LI>Call Chain = CAN2_RX0_IRQHandler &rArr; CanReceiveMsgProcess &rArr; EncoderProcess
</UL>
<BR>[Calls]<UL><LI><a href="#[9b]">&gt;&gt;</a>&nbsp;&nbsp;&nbsp;CanReceiveMsgProcess
<LI><a href="#[9a]">&gt;&gt;</a>&nbsp;&nbsp;&nbsp;CAN_Receive
<LI><a href="#[97]">&gt;&gt;</a>&nbsp;&nbsp;&nbsp;CAN_GetITStatus
<LI><a href="#[98]">&gt;&gt;</a>&nbsp;&nbsp;&nbsp;CAN_ClearITPendingBit
</UL>
<BR>[Address Reference Count : 1]<UL><LI> startup_stm32f4xx.o(RESET)
</UL>
<P><STRONG><a name="[6d]"></a>delay_ms</STRONG> (Thumb, 28 bytes, Stack size 8 bytes, delay.o(.text))
<BR><BR>[Stack]<UL><LI>Max Depth = 8<LI>Call Chain = delay_ms
</UL>
<BR>[Called By]<UL><LI><a href="#[65]">&gt;&gt;</a>&nbsp;&nbsp;&nbsp;main
</UL>

<P><STRONG><a name="[19b]"></a>delay_us</STRONG> (Thumb, 26 bytes, Stack size 8 bytes, delay.o(.text), UNUSED)

<P><STRONG><a name="[121]"></a>Delay_ms</STRONG> (Thumb, 28 bytes, Stack size 8 bytes, delay.o(.text))
<BR><BR>[Stack]<UL><LI>Max Depth = 8<LI>Call Chain = Delay_ms
</UL>
<BR>[Called By]<UL><LI><a href="#[77]">&gt;&gt;</a>&nbsp;&nbsp;&nbsp;MPU6050_Initialize
<LI><a href="#[80]">&gt;&gt;</a>&nbsp;&nbsp;&nbsp;MPU6050_EnableInt
<LI><a href="#[122]">&gt;&gt;</a>&nbsp;&nbsp;&nbsp;MPU6050_Init
<LI><a href="#[120]">&gt;&gt;</a>&nbsp;&nbsp;&nbsp;HMC5883_Init
</UL>

<P><STRONG><a name="[19c]"></a>Delay_us</STRONG> (Thumb, 26 bytes, Stack size 8 bytes, delay.o(.text), UNUSED)

<P><STRONG><a name="[9c]"></a>Exti_Configuration</STRONG> (Thumb, 216 bytes, Stack size 24 bytes, exti.o(.text), UNUSED)
<BR><BR>[Calls]<UL><LI><a href="#[9d]">&gt;&gt;</a>&nbsp;&nbsp;&nbsp;SYSCFG_EXTILineConfig
<LI><a href="#[9e]">&gt;&gt;</a>&nbsp;&nbsp;&nbsp;EXTI_Init
<LI><a href="#[8f]">&gt;&gt;</a>&nbsp;&nbsp;&nbsp;NVIC_Init
<LI><a href="#[86]">&gt;&gt;</a>&nbsp;&nbsp;&nbsp;RCC_APB2PeriphClockCmd
<LI><a href="#[82]">&gt;&gt;</a>&nbsp;&nbsp;&nbsp;RCC_AHB1PeriphClockCmd
<LI><a href="#[83]">&gt;&gt;</a>&nbsp;&nbsp;&nbsp;GPIO_Init
</UL>

<P><STRONG><a name="[19]"></a>EXTI0_IRQHandler</STRONG> (Thumb, 18 bytes, Stack size 8 bytes, exti.o(.text))
<BR><BR>[Stack]<UL><LI>Max Depth = 8<LI>Call Chain = EXTI0_IRQHandler
</UL>
<BR>[Calls]<UL><LI><a href="#[9f]">&gt;&gt;</a>&nbsp;&nbsp;&nbsp;EXTI_GetITStatus
<LI><a href="#[a0]">&gt;&gt;</a>&nbsp;&nbsp;&nbsp;EXTI_ClearITPendingBit
</UL>
<BR>[Address Reference Count : 1]<UL><LI> startup_stm32f4xx.o(RESET)
</UL>
<P><STRONG><a name="[1a]"></a>EXTI1_IRQHandler</STRONG> (Thumb, 18 bytes, Stack size 8 bytes, exti.o(.text))
<BR><BR>[Stack]<UL><LI>Max Depth = 8<LI>Call Chain = EXTI1_IRQHandler
</UL>
<BR>[Calls]<UL><LI><a href="#[9f]">&gt;&gt;</a>&nbsp;&nbsp;&nbsp;EXTI_GetITStatus
<LI><a href="#[a0]">&gt;&gt;</a>&nbsp;&nbsp;&nbsp;EXTI_ClearITPendingBit
</UL>
<BR>[Address Reference Count : 1]<UL><LI> startup_stm32f4xx.o(RESET)
</UL>
<P><STRONG><a name="[75]"></a>Laser_Configuration</STRONG> (Thumb, 54 bytes, Stack size 16 bytes, laser.o(.text))
<BR><BR>[Stack]<UL><LI>Max Depth = 36<LI>Call Chain = Laser_Configuration &rArr; GPIO_Init
</UL>
<BR>[Calls]<UL><LI><a href="#[a1]">&gt;&gt;</a>&nbsp;&nbsp;&nbsp;GPIO_ResetBits
<LI><a href="#[82]">&gt;&gt;</a>&nbsp;&nbsp;&nbsp;RCC_AHB1PeriphClockCmd
<LI><a href="#[83]">&gt;&gt;</a>&nbsp;&nbsp;&nbsp;GPIO_Init
</UL>
<BR>[Called By]<UL><LI><a href="#[6e]">&gt;&gt;</a>&nbsp;&nbsp;&nbsp;BSP_Init
</UL>

<P><STRONG><a name="[a2]"></a>TIM8_Configuration</STRONG> (Thumb, 84 bytes, Stack size 16 bytes, timer.o(.text), UNUSED)
<BR><BR>[Calls]<UL><LI><a href="#[a4]">&gt;&gt;</a>&nbsp;&nbsp;&nbsp;TIM_UpdateDisableConfig
<LI><a href="#[a3]">&gt;&gt;</a>&nbsp;&nbsp;&nbsp;TIM_PrescalerConfig
<LI><a href="#[88]">&gt;&gt;</a>&nbsp;&nbsp;&nbsp;TIM_TimeBaseInit
<LI><a href="#[8e]">&gt;&gt;</a>&nbsp;&nbsp;&nbsp;TIM_Cmd
<LI><a href="#[8d]">&gt;&gt;</a>&nbsp;&nbsp;&nbsp;TIM_ARRPreloadConfig
<LI><a href="#[86]">&gt;&gt;</a>&nbsp;&nbsp;&nbsp;RCC_APB2PeriphClockCmd
</UL>

<P><STRONG><a name="[78]"></a>TIM6_Configuration</STRONG> (Thumb, 72 bytes, Stack size 24 bytes, timer.o(.text))
<BR><BR>[Stack]<UL><LI>Max Depth = 40<LI>Call Chain = TIM6_Configuration &rArr; NVIC_Init
</UL>
<BR>[Calls]<UL><LI><a href="#[8f]">&gt;&gt;</a>&nbsp;&nbsp;&nbsp;NVIC_Init
<LI><a href="#[88]">&gt;&gt;</a>&nbsp;&nbsp;&nbsp;TIM_TimeBaseInit
<LI><a href="#[85]">&gt;&gt;</a>&nbsp;&nbsp;&nbsp;RCC_APB1PeriphClockCmd
</UL>
<BR>[Called By]<UL><LI><a href="#[6e]">&gt;&gt;</a>&nbsp;&nbsp;&nbsp;BSP_Init
</UL>

<P><STRONG><a name="[7e]"></a>TIM6_Start</STRONG> (Thumb, 30 bytes, Stack size 8 bytes, timer.o(.text))
<BR><BR>[Stack]<UL><LI>Max Depth = 8<LI>Call Chain = TIM6_Start
</UL>
<BR>[Calls]<UL><LI><a href="#[a5]">&gt;&gt;</a>&nbsp;&nbsp;&nbsp;TIM_ITConfig
<LI><a href="#[a6]">&gt;&gt;</a>&nbsp;&nbsp;&nbsp;TIM_ClearFlag
<LI><a href="#[8e]">&gt;&gt;</a>&nbsp;&nbsp;&nbsp;TIM_Cmd
</UL>
<BR>[Called By]<UL><LI><a href="#[6e]">&gt;&gt;</a>&nbsp;&nbsp;&nbsp;BSP_Init
</UL>

<P><STRONG><a name="[a7]"></a>TIM4_Configuration</STRONG> (Thumb, 84 bytes, Stack size 16 bytes, timer.o(.text), UNUSED)
<BR><BR>[Calls]<UL><LI><a href="#[a4]">&gt;&gt;</a>&nbsp;&nbsp;&nbsp;TIM_UpdateDisableConfig
<LI><a href="#[a3]">&gt;&gt;</a>&nbsp;&nbsp;&nbsp;TIM_PrescalerConfig
<LI><a href="#[88]">&gt;&gt;</a>&nbsp;&nbsp;&nbsp;TIM_TimeBaseInit
<LI><a href="#[8e]">&gt;&gt;</a>&nbsp;&nbsp;&nbsp;TIM_Cmd
<LI><a href="#[8d]">&gt;&gt;</a>&nbsp;&nbsp;&nbsp;TIM_ARRPreloadConfig
<LI><a href="#[85]">&gt;&gt;</a>&nbsp;&nbsp;&nbsp;RCC_APB1PeriphClockCmd
</UL>

<P><STRONG><a name="[76]"></a>TIM2_Configuration</STRONG> (Thumb, 60 bytes, Stack size 16 bytes, timer.o(.text))
<BR><BR>[Stack]<UL><LI>Max Depth = 16<LI>Call Chain = TIM2_Configuration
</UL>
<BR>[Calls]<UL><LI><a href="#[88]">&gt;&gt;</a>&nbsp;&nbsp;&nbsp;TIM_TimeBaseInit
<LI><a href="#[8e]">&gt;&gt;</a>&nbsp;&nbsp;&nbsp;TIM_Cmd
<LI><a href="#[8d]">&gt;&gt;</a>&nbsp;&nbsp;&nbsp;TIM_ARRPreloadConfig
<LI><a href="#[85]">&gt;&gt;</a>&nbsp;&nbsp;&nbsp;RCC_APB1PeriphClockCmd
</UL>
<BR>[Called By]<UL><LI><a href="#[6e]">&gt;&gt;</a>&nbsp;&nbsp;&nbsp;BSP_Init
</UL>

<P><STRONG><a name="[2f]"></a>TIM2_IRQHandler</STRONG> (Thumb, 46 bytes, Stack size 8 bytes, timer.o(.text))
<BR><BR>[Stack]<UL><LI>Max Depth = 20<LI>Call Chain = TIM2_IRQHandler &rArr; TIM_GetITStatus
</UL>
<BR>[Calls]<UL><LI><a href="#[a8]">&gt;&gt;</a>&nbsp;&nbsp;&nbsp;TIM_GetITStatus
<LI><a href="#[a9]">&gt;&gt;</a>&nbsp;&nbsp;&nbsp;TIM_ClearITPendingBit
<LI><a href="#[a6]">&gt;&gt;</a>&nbsp;&nbsp;&nbsp;TIM_ClearFlag
<LI><a href="#[aa]">&gt;&gt;</a>&nbsp;&nbsp;&nbsp;GPIO_ToggleBits
</UL>
<BR>[Address Reference Count : 1]<UL><LI> startup_stm32f4xx.o(RESET)
</UL>
<P><STRONG><a name="[49]"></a>TIM6_DAC_IRQHandler</STRONG> (Thumb, 34 bytes, Stack size 8 bytes, timer.o(.text))
<BR><BR>[Stack]<UL><LI>Max Depth = 196<LI>Call Chain = TIM6_DAC_IRQHandler &rArr; Control_Task &rArr; CalibrateLoop &rArr; GyroCaliProcess &rArr; MPU6050_getMotion6 &rArr; HMC58X3_ReadData &rArr; MPU6050_ReadData &rArr; IIC_ReadData &rArr; IIC_ReadBit &rArr; IIC_SDA_In &rArr; GPIO_Init
</UL>
<BR>[Calls]<UL><LI><a href="#[a8]">&gt;&gt;</a>&nbsp;&nbsp;&nbsp;TIM_GetITStatus
<LI><a href="#[a9]">&gt;&gt;</a>&nbsp;&nbsp;&nbsp;TIM_ClearITPendingBit
<LI><a href="#[a6]">&gt;&gt;</a>&nbsp;&nbsp;&nbsp;TIM_ClearFlag
<LI><a href="#[ab]">&gt;&gt;</a>&nbsp;&nbsp;&nbsp;Control_Task
</UL>
<BR>[Address Reference Count : 1]<UL><LI> startup_stm32f4xx.o(RESET)
</UL>
<P><STRONG><a name="[6f]"></a>Get_Time_Micros</STRONG> (Thumb, 8 bytes, Stack size 0 bytes, timer.o(.text))
<BR><BR>[Called By]<UL><LI><a href="#[65]">&gt;&gt;</a>&nbsp;&nbsp;&nbsp;main
<LI><a href="#[106]">&gt;&gt;</a>&nbsp;&nbsp;&nbsp;IMU_AHRSupdate
</UL>

<P><STRONG><a name="[7c]"></a>USART1_Configuration</STRONG> (Thumb, 302 bytes, Stack size 96 bytes, usart1.o(.text))
<BR><BR>[Stack]<UL><LI>Max Depth = 164<LI>Call Chain = USART1_Configuration &rArr; USART_Init &rArr; RCC_GetClocksFreq
</UL>
<BR>[Calls]<UL><LI><a href="#[b0]">&gt;&gt;</a>&nbsp;&nbsp;&nbsp;USART_StructInit
<LI><a href="#[b1]">&gt;&gt;</a>&nbsp;&nbsp;&nbsp;USART_Init
<LI><a href="#[b9]">&gt;&gt;</a>&nbsp;&nbsp;&nbsp;USART_ITConfig
<LI><a href="#[af]">&gt;&gt;</a>&nbsp;&nbsp;&nbsp;USART_DeInit
<LI><a href="#[b2]">&gt;&gt;</a>&nbsp;&nbsp;&nbsp;USART_DMACmd
<LI><a href="#[ba]">&gt;&gt;</a>&nbsp;&nbsp;&nbsp;USART_Cmd
<LI><a href="#[ae]">&gt;&gt;</a>&nbsp;&nbsp;&nbsp;GPIO_StructInit
<LI><a href="#[b4]">&gt;&gt;</a>&nbsp;&nbsp;&nbsp;DMA_StructInit
<LI><a href="#[b5]">&gt;&gt;</a>&nbsp;&nbsp;&nbsp;DMA_Init
<LI><a href="#[b6]">&gt;&gt;</a>&nbsp;&nbsp;&nbsp;DMA_DoubleBufferModeConfig
<LI><a href="#[b7]">&gt;&gt;</a>&nbsp;&nbsp;&nbsp;DMA_DoubleBufferModeCmd
<LI><a href="#[b3]">&gt;&gt;</a>&nbsp;&nbsp;&nbsp;DMA_DeInit
<LI><a href="#[b8]">&gt;&gt;</a>&nbsp;&nbsp;&nbsp;DMA_Cmd
<LI><a href="#[ac]">&gt;&gt;</a>&nbsp;&nbsp;&nbsp;USART1_FIFO_Init
<LI><a href="#[8f]">&gt;&gt;</a>&nbsp;&nbsp;&nbsp;NVIC_Init
<LI><a href="#[86]">&gt;&gt;</a>&nbsp;&nbsp;&nbsp;RCC_APB2PeriphClockCmd
<LI><a href="#[87]">&gt;&gt;</a>&nbsp;&nbsp;&nbsp;GPIO_PinAFConfig
<LI><a href="#[82]">&gt;&gt;</a>&nbsp;&nbsp;&nbsp;RCC_AHB1PeriphClockCmd
<LI><a href="#[83]">&gt;&gt;</a>&nbsp;&nbsp;&nbsp;GPIO_Init
</UL>
<BR>[Called By]<UL><LI><a href="#[6e]">&gt;&gt;</a>&nbsp;&nbsp;&nbsp;BSP_Init
</UL>

<P><STRONG><a name="[38]"></a>USART1_IRQHandler</STRONG> (Thumb, 190 bytes, Stack size 8 bytes, usart1.o(.text))
<BR><BR>[Stack]<UL><LI>Max Depth = 48<LI>Call Chain = USART1_IRQHandler &rArr; RemoteDataPrcess &rArr; RemoteControlProcess &rArr; RemoteShootControl &rArr; GetRemoteSwitchAction
</UL>
<BR>[Calls]<UL><LI><a href="#[bb]">&gt;&gt;</a>&nbsp;&nbsp;&nbsp;USART_GetITStatus
<LI><a href="#[be]">&gt;&gt;</a>&nbsp;&nbsp;&nbsp;RemoteDataPrcess
<LI><a href="#[c0]">&gt;&gt;</a>&nbsp;&nbsp;&nbsp;LostCounterFeed
<LI><a href="#[bf]">&gt;&gt;</a>&nbsp;&nbsp;&nbsp;GetLostCounter
<LI><a href="#[bc]">&gt;&gt;</a>&nbsp;&nbsp;&nbsp;DMA_GetCurrentMemoryTarget
<LI><a href="#[bd]">&gt;&gt;</a>&nbsp;&nbsp;&nbsp;DMA_GetCurrDataCounter
<LI><a href="#[b8]">&gt;&gt;</a>&nbsp;&nbsp;&nbsp;DMA_Cmd
</UL>
<BR>[Address Reference Count : 1]<UL><LI> startup_stm32f4xx.o(RESET)
</UL>
<P><STRONG><a name="[19d]"></a>USART1_GetRxBuf</STRONG> (Thumb, 4 bytes, Stack size 0 bytes, usart1.o(.text), UNUSED)

<P><STRONG><a name="[7d]"></a>USART3_Configuration</STRONG> (Thumb, 182 bytes, Stack size 32 bytes, usart3.o(.text))
<BR><BR>[Stack]<UL><LI>Max Depth = 100<LI>Call Chain = USART3_Configuration &rArr; USART_Init &rArr; RCC_GetClocksFreq
</UL>
<BR>[Calls]<UL><LI><a href="#[c1]">&gt;&gt;</a>&nbsp;&nbsp;&nbsp;FIFO_S_Create
<LI><a href="#[b1]">&gt;&gt;</a>&nbsp;&nbsp;&nbsp;USART_Init
<LI><a href="#[b9]">&gt;&gt;</a>&nbsp;&nbsp;&nbsp;USART_ITConfig
<LI><a href="#[ba]">&gt;&gt;</a>&nbsp;&nbsp;&nbsp;USART_Cmd
<LI><a href="#[8f]">&gt;&gt;</a>&nbsp;&nbsp;&nbsp;NVIC_Init
<LI><a href="#[85]">&gt;&gt;</a>&nbsp;&nbsp;&nbsp;RCC_APB1PeriphClockCmd
<LI><a href="#[87]">&gt;&gt;</a>&nbsp;&nbsp;&nbsp;GPIO_PinAFConfig
<LI><a href="#[82]">&gt;&gt;</a>&nbsp;&nbsp;&nbsp;RCC_AHB1PeriphClockCmd
<LI><a href="#[83]">&gt;&gt;</a>&nbsp;&nbsp;&nbsp;GPIO_Init
</UL>
<BR>[Called By]<UL><LI><a href="#[6e]">&gt;&gt;</a>&nbsp;&nbsp;&nbsp;BSP_Init
</UL>

<P><STRONG><a name="[c2]"></a>UART3_PrintCh</STRONG> (Thumb, 28 bytes, Stack size 8 bytes, usart3.o(.text), UNUSED)
<BR><BR>[Calls]<UL><LI><a href="#[c3]">&gt;&gt;</a>&nbsp;&nbsp;&nbsp;FIFO_S_Put
<LI><a href="#[b9]">&gt;&gt;</a>&nbsp;&nbsp;&nbsp;USART_ITConfig
</UL>

<P><STRONG><a name="[c4]"></a>UART3_PrintBlock</STRONG> (Thumb, 44 bytes, Stack size 16 bytes, usart3.o(.text))
<BR><BR>[Stack]<UL><LI>Max Depth = 36<LI>Call Chain = UART3_PrintBlock &rArr; USART_ITConfig
</UL>
<BR>[Calls]<UL><LI><a href="#[c3]">&gt;&gt;</a>&nbsp;&nbsp;&nbsp;FIFO_S_Put
<LI><a href="#[b9]">&gt;&gt;</a>&nbsp;&nbsp;&nbsp;USART_ITConfig
</UL>
<BR>[Called By]<UL><LI><a href="#[173]">&gt;&gt;</a>&nbsp;&nbsp;&nbsp;Cali_Feedback_Info_Send
<LI><a href="#[13e]">&gt;&gt;</a>&nbsp;&nbsp;&nbsp;Version_Send
<LI><a href="#[143]">&gt;&gt;</a>&nbsp;&nbsp;&nbsp;Sensor_Info_Send
<LI><a href="#[13f]">&gt;&gt;</a>&nbsp;&nbsp;&nbsp;PID_Paremeter_Send
<LI><a href="#[146]">&gt;&gt;</a>&nbsp;&nbsp;&nbsp;Offset_Info_Send
<LI><a href="#[144]">&gt;&gt;</a>&nbsp;&nbsp;&nbsp;Mag_Cali_Info_Send
<LI><a href="#[13d]">&gt;&gt;</a>&nbsp;&nbsp;&nbsp;IMU_Info_Send
</UL>

<P><STRONG><a name="[68]"></a>fputc</STRONG> (Thumb, 32 bytes, Stack size 16 bytes, usart3.o(.text))
<BR><BR>[Stack]<UL><LI>Max Depth = 16<LI>Call Chain = fputc
</UL>
<BR>[Calls]<UL><LI><a href="#[c6]">&gt;&gt;</a>&nbsp;&nbsp;&nbsp;USART_SendData
<LI><a href="#[c5]">&gt;&gt;</a>&nbsp;&nbsp;&nbsp;USART_GetFlagStatus
</UL>
<BR>[Address Reference Count : 1]<UL><LI> printfb.o(i.__0printf$bare)
</UL>
<P><STRONG><a name="[3a]"></a>USART3_IRQHandler</STRONG> (Thumb, 240 bytes, Stack size 16 bytes, usart3.o(.text))
<BR><BR>[Stack]<UL><LI>Max Depth = 68<LI>Call Chain = USART3_IRQHandler &rArr; FrameUnpack &rArr; ScanHeader &rArr; Verify_CRC8_Check_Sum &rArr; Get_CRC8_Check_Sum
</UL>
<BR>[Calls]<UL><LI><a href="#[c6]">&gt;&gt;</a>&nbsp;&nbsp;&nbsp;USART_SendData
<LI><a href="#[c9]">&gt;&gt;</a>&nbsp;&nbsp;&nbsp;USART_ReceiveData
<LI><a href="#[cd]">&gt;&gt;</a>&nbsp;&nbsp;&nbsp;SetCaliCmdFlag
<LI><a href="#[ce]">&gt;&gt;</a>&nbsp;&nbsp;&nbsp;PIDCaliProcess
<LI><a href="#[cc]">&gt;&gt;</a>&nbsp;&nbsp;&nbsp;GetFrameDataAddress
<LI><a href="#[cb]">&gt;&gt;</a>&nbsp;&nbsp;&nbsp;GetFrameCmd
<LI><a href="#[ca]">&gt;&gt;</a>&nbsp;&nbsp;&nbsp;FrameUnpack
<LI><a href="#[c7]">&gt;&gt;</a>&nbsp;&nbsp;&nbsp;FIFO_S_IsEmpty
<LI><a href="#[c8]">&gt;&gt;</a>&nbsp;&nbsp;&nbsp;FIFO_S_Get
<LI><a href="#[b9]">&gt;&gt;</a>&nbsp;&nbsp;&nbsp;USART_ITConfig
<LI><a href="#[bb]">&gt;&gt;</a>&nbsp;&nbsp;&nbsp;USART_GetITStatus
</UL>
<BR>[Address Reference Count : 1]<UL><LI> startup_stm32f4xx.o(RESET)
</UL>
<P><STRONG><a name="[79]"></a>Quad_Encoder_Configuration</STRONG> (Thumb, 90 bytes, Stack size 16 bytes, encoder.o(.text))
<BR><BR>[Stack]<UL><LI>Max Depth = 36<LI>Call Chain = Quad_Encoder_Configuration &rArr; TIM_EncoderInterfaceConfig
</UL>
<BR>[Calls]<UL><LI><a href="#[cf]">&gt;&gt;</a>&nbsp;&nbsp;&nbsp;TIM_EncoderInterfaceConfig
<LI><a href="#[8e]">&gt;&gt;</a>&nbsp;&nbsp;&nbsp;TIM_Cmd
<LI><a href="#[85]">&gt;&gt;</a>&nbsp;&nbsp;&nbsp;RCC_APB1PeriphClockCmd
<LI><a href="#[87]">&gt;&gt;</a>&nbsp;&nbsp;&nbsp;GPIO_PinAFConfig
<LI><a href="#[82]">&gt;&gt;</a>&nbsp;&nbsp;&nbsp;RCC_AHB1PeriphClockCmd
<LI><a href="#[83]">&gt;&gt;</a>&nbsp;&nbsp;&nbsp;GPIO_Init
</UL>
<BR>[Called By]<UL><LI><a href="#[6e]">&gt;&gt;</a>&nbsp;&nbsp;&nbsp;BSP_Init
</UL>

<P><STRONG><a name="[81]"></a>Encoder_Start</STRONG> (Thumb, 12 bytes, Stack size 0 bytes, encoder.o(.text))
<BR><BR>[Called By]<UL><LI><a href="#[6e]">&gt;&gt;</a>&nbsp;&nbsp;&nbsp;BSP_Init
</UL>

<P><STRONG><a name="[14f]"></a>GetQuadEncoderDiff</STRONG> (Thumb, 40 bytes, Stack size 0 bytes, encoder.o(.text))
<BR><BR>[Called By]<UL><LI><a href="#[14d]">&gt;&gt;</a>&nbsp;&nbsp;&nbsp;ShooterMControlLoop
</UL>

<P><STRONG><a name="[d3]"></a>BSP_FLASH_GetFlashSector</STRONG> (Thumb, 116 bytes, Stack size 0 bytes, bsp_flash.o(.text))
<BR><BR>[Called By]<UL><LI><a href="#[d0]">&gt;&gt;</a>&nbsp;&nbsp;&nbsp;BSP_FLASH_Write
</UL>

<P><STRONG><a name="[d0]"></a>BSP_FLASH_Write</STRONG> (Thumb, 168 bytes, Stack size 48 bytes, bsp_flash.o(.text))
<BR><BR>[Stack]<UL><LI>Max Depth = 72<LI>Call Chain = BSP_FLASH_Write &rArr; FLASH_EraseSector &rArr; FLASH_WaitForLastOperation
</UL>
<BR>[Calls]<UL><LI><a href="#[d1]">&gt;&gt;</a>&nbsp;&nbsp;&nbsp;FLASH_Unlock
<LI><a href="#[d5]">&gt;&gt;</a>&nbsp;&nbsp;&nbsp;FLASH_ProgramByte
<LI><a href="#[d6]">&gt;&gt;</a>&nbsp;&nbsp;&nbsp;FLASH_Lock
<LI><a href="#[d4]">&gt;&gt;</a>&nbsp;&nbsp;&nbsp;FLASH_EraseSector
<LI><a href="#[d2]">&gt;&gt;</a>&nbsp;&nbsp;&nbsp;FLASH_DataCacheCmd
<LI><a href="#[d3]">&gt;&gt;</a>&nbsp;&nbsp;&nbsp;BSP_FLASH_GetFlashSector
</UL>
<BR>[Called By]<UL><LI><a href="#[129]">&gt;&gt;</a>&nbsp;&nbsp;&nbsp;AppParamSave
</UL>

<P><STRONG><a name="[d7]"></a>BSP_FLASH_Read</STRONG> (Thumb, 34 bytes, Stack size 24 bytes, bsp_flash.o(.text), UNUSED)
<BR><BR>[Calls]<UL><LI><a href="#[d8]">&gt;&gt;</a>&nbsp;&nbsp;&nbsp;BSP_FLASH_ReadByte
</UL>

<P><STRONG><a name="[9]"></a>Reset_Handler</STRONG> (Thumb, 8 bytes, Stack size 0 bytes, startup_stm32f4xx.o(.text))
<BR>[Address Reference Count : 1]<UL><LI> startup_stm32f4xx.o(RESET)
</UL>
<P><STRONG><a name="[12]"></a>SysTick_Handler</STRONG> (Thumb, 2 bytes, Stack size 0 bytes, startup_stm32f4xx.o(.text))
<BR><BR>[Calls]<UL><LI><a href="#[12]">&gt;&gt;</a>&nbsp;&nbsp;&nbsp;SysTick_Handler
</UL>
<BR>[Called By]<UL><LI><a href="#[12]">&gt;&gt;</a>&nbsp;&nbsp;&nbsp;SysTick_Handler
</UL>
<BR>[Address Reference Count : 1]<UL><LI> startup_stm32f4xx.o(RESET)
</UL>
<P><STRONG><a name="[25]"></a>ADC_IRQHandler</STRONG> (Thumb, 0 bytes, Stack size 0 bytes, startup_stm32f4xx.o(.text))
<BR><BR>[Calls]<UL><LI><a href="#[25]">&gt;&gt;</a>&nbsp;&nbsp;&nbsp;ADC_IRQHandler
</UL>
<BR>[Called By]<UL><LI><a href="#[25]">&gt;&gt;</a>&nbsp;&nbsp;&nbsp;ADC_IRQHandler
</UL>
<BR>[Address Reference Count : 1]<UL><LI> startup_stm32f4xx.o(RESET)
</UL>
<P><STRONG><a name="[28]"></a>CAN1_RX1_IRQHandler</STRONG> (Thumb, 0 bytes, Stack size 0 bytes, startup_stm32f4xx.o(.text))
<BR>[Address Reference Count : 1]<UL><LI> startup_stm32f4xx.o(RESET)
</UL>
<P><STRONG><a name="[29]"></a>CAN1_SCE_IRQHandler</STRONG> (Thumb, 0 bytes, Stack size 0 bytes, startup_stm32f4xx.o(.text))
<BR>[Address Reference Count : 1]<UL><LI> startup_stm32f4xx.o(RESET)
</UL>
<P><STRONG><a name="[54]"></a>CAN2_RX1_IRQHandler</STRONG> (Thumb, 0 bytes, Stack size 0 bytes, startup_stm32f4xx.o(.text))
<BR>[Address Reference Count : 1]<UL><LI> startup_stm32f4xx.o(RESET)
</UL>
<P><STRONG><a name="[55]"></a>CAN2_SCE_IRQHandler</STRONG> (Thumb, 0 bytes, Stack size 0 bytes, startup_stm32f4xx.o(.text))
<BR>[Address Reference Count : 1]<UL><LI> startup_stm32f4xx.o(RESET)
</UL>
<P><STRONG><a name="[62]"></a>CRYP_IRQHandler</STRONG> (Thumb, 0 bytes, Stack size 0 bytes, startup_stm32f4xx.o(.text))
<BR>[Address Reference Count : 1]<UL><LI> startup_stm32f4xx.o(RESET)
</UL>
<P><STRONG><a name="[61]"></a>DCMI_IRQHandler</STRONG> (Thumb, 0 bytes, Stack size 0 bytes, startup_stm32f4xx.o(.text))
<BR>[Address Reference Count : 1]<UL><LI> startup_stm32f4xx.o(RESET)
</UL>
<P><STRONG><a name="[1e]"></a>DMA1_Stream0_IRQHandler</STRONG> (Thumb, 0 bytes, Stack size 0 bytes, startup_stm32f4xx.o(.text))
<BR>[Address Reference Count : 1]<UL><LI> startup_stm32f4xx.o(RESET)
</UL>
<P><STRONG><a name="[1f]"></a>DMA1_Stream1_IRQHandler</STRONG> (Thumb, 0 bytes, Stack size 0 bytes, startup_stm32f4xx.o(.text))
<BR>[Address Reference Count : 1]<UL><LI> startup_stm32f4xx.o(RESET)
</UL>
<P><STRONG><a name="[20]"></a>DMA1_Stream2_IRQHandler</STRONG> (Thumb, 0 bytes, Stack size 0 bytes, startup_stm32f4xx.o(.text))
<BR>[Address Reference Count : 1]<UL><LI> startup_stm32f4xx.o(RESET)
</UL>
<P><STRONG><a name="[21]"></a>DMA1_Stream3_IRQHandler</STRONG> (Thumb, 0 bytes, Stack size 0 bytes, startup_stm32f4xx.o(.text))
<BR>[Address Reference Count : 1]<UL><LI> startup_stm32f4xx.o(RESET)
</UL>
<P><STRONG><a name="[22]"></a>DMA1_Stream4_IRQHandler</STRONG> (Thumb, 0 bytes, Stack size 0 bytes, startup_stm32f4xx.o(.text))
<BR>[Address Reference Count : 1]<UL><LI> startup_stm32f4xx.o(RESET)
</UL>
<P><STRONG><a name="[23]"></a>DMA1_Stream5_IRQHandler</STRONG> (Thumb, 0 bytes, Stack size 0 bytes, startup_stm32f4xx.o(.text))
<BR>[Address Reference Count : 1]<UL><LI> startup_stm32f4xx.o(RESET)
</UL>
<P><STRONG><a name="[24]"></a>DMA1_Stream6_IRQHandler</STRONG> (Thumb, 0 bytes, Stack size 0 bytes, startup_stm32f4xx.o(.text))
<BR>[Address Reference Count : 1]<UL><LI> startup_stm32f4xx.o(RESET)
</UL>
<P><STRONG><a name="[42]"></a>DMA1_Stream7_IRQHandler</STRONG> (Thumb, 0 bytes, Stack size 0 bytes, startup_stm32f4xx.o(.text))
<BR>[Address Reference Count : 1]<UL><LI> startup_stm32f4xx.o(RESET)
</UL>
<P><STRONG><a name="[4b]"></a>DMA2_Stream0_IRQHandler</STRONG> (Thumb, 0 bytes, Stack size 0 bytes, startup_stm32f4xx.o(.text))
<BR>[Address Reference Count : 1]<UL><LI> startup_stm32f4xx.o(RESET)
</UL>
<P><STRONG><a name="[4c]"></a>DMA2_Stream1_IRQHandler</STRONG> (Thumb, 0 bytes, Stack size 0 bytes, startup_stm32f4xx.o(.text))
<BR>[Address Reference Count : 1]<UL><LI> startup_stm32f4xx.o(RESET)
</UL>
<P><STRONG><a name="[4d]"></a>DMA2_Stream2_IRQHandler</STRONG> (Thumb, 0 bytes, Stack size 0 bytes, startup_stm32f4xx.o(.text))
<BR>[Address Reference Count : 1]<UL><LI> startup_stm32f4xx.o(RESET)
</UL>
<P><STRONG><a name="[4e]"></a>DMA2_Stream3_IRQHandler</STRONG> (Thumb, 0 bytes, Stack size 0 bytes, startup_stm32f4xx.o(.text))
<BR>[Address Reference Count : 1]<UL><LI> startup_stm32f4xx.o(RESET)
</UL>
<P><STRONG><a name="[4f]"></a>DMA2_Stream4_IRQHandler</STRONG> (Thumb, 0 bytes, Stack size 0 bytes, startup_stm32f4xx.o(.text))
<BR>[Address Reference Count : 1]<UL><LI> startup_stm32f4xx.o(RESET)
</UL>
<P><STRONG><a name="[57]"></a>DMA2_Stream5_IRQHandler</STRONG> (Thumb, 0 bytes, Stack size 0 bytes, startup_stm32f4xx.o(.text))
<BR>[Address Reference Count : 1]<UL><LI> startup_stm32f4xx.o(RESET)
</UL>
<P><STRONG><a name="[58]"></a>DMA2_Stream6_IRQHandler</STRONG> (Thumb, 0 bytes, Stack size 0 bytes, startup_stm32f4xx.o(.text))
<BR>[Address Reference Count : 1]<UL><LI> startup_stm32f4xx.o(RESET)
</UL>
<P><STRONG><a name="[59]"></a>DMA2_Stream7_IRQHandler</STRONG> (Thumb, 0 bytes, Stack size 0 bytes, startup_stm32f4xx.o(.text))
<BR>[Address Reference Count : 1]<UL><LI> startup_stm32f4xx.o(RESET)
</UL>
<P><STRONG><a name="[50]"></a>ETH_IRQHandler</STRONG> (Thumb, 0 bytes, Stack size 0 bytes, startup_stm32f4xx.o(.text))
<BR>[Address Reference Count : 1]<UL><LI> startup_stm32f4xx.o(RESET)
</UL>
<P><STRONG><a name="[51]"></a>ETH_WKUP_IRQHandler</STRONG> (Thumb, 0 bytes, Stack size 0 bytes, startup_stm32f4xx.o(.text))
<BR>[Address Reference Count : 1]<UL><LI> startup_stm32f4xx.o(RESET)
</UL>
<P><STRONG><a name="[3b]"></a>EXTI15_10_IRQHandler</STRONG> (Thumb, 0 bytes, Stack size 0 bytes, startup_stm32f4xx.o(.text))
<BR>[Address Reference Count : 1]<UL><LI> startup_stm32f4xx.o(RESET)
</UL>
<P><STRONG><a name="[1b]"></a>EXTI2_IRQHandler</STRONG> (Thumb, 0 bytes, Stack size 0 bytes, startup_stm32f4xx.o(.text))
<BR>[Address Reference Count : 1]<UL><LI> startup_stm32f4xx.o(RESET)
</UL>
<P><STRONG><a name="[1c]"></a>EXTI3_IRQHandler</STRONG> (Thumb, 0 bytes, Stack size 0 bytes, startup_stm32f4xx.o(.text))
<BR>[Address Reference Count : 1]<UL><LI> startup_stm32f4xx.o(RESET)
</UL>
<P><STRONG><a name="[2a]"></a>EXTI9_5_IRQHandler</STRONG> (Thumb, 0 bytes, Stack size 0 bytes, startup_stm32f4xx.o(.text))
<BR>[Address Reference Count : 1]<UL><LI> startup_stm32f4xx.o(RESET)
</UL>
<P><STRONG><a name="[17]"></a>FLASH_IRQHandler</STRONG> (Thumb, 0 bytes, Stack size 0 bytes, startup_stm32f4xx.o(.text))
<BR>[Address Reference Count : 1]<UL><LI> startup_stm32f4xx.o(RESET)
</UL>
<P><STRONG><a name="[64]"></a>FPU_IRQHandler</STRONG> (Thumb, 0 bytes, Stack size 0 bytes, startup_stm32f4xx.o(.text))
<BR>[Address Reference Count : 1]<UL><LI> startup_stm32f4xx.o(RESET)
</UL>
<P><STRONG><a name="[43]"></a>FSMC_IRQHandler</STRONG> (Thumb, 0 bytes, Stack size 0 bytes, startup_stm32f4xx.o(.text))
<BR>[Address Reference Count : 1]<UL><LI> startup_stm32f4xx.o(RESET)
</UL>
<P><STRONG><a name="[63]"></a>HASH_RNG_IRQHandler</STRONG> (Thumb, 0 bytes, Stack size 0 bytes, startup_stm32f4xx.o(.text))
<BR>[Address Reference Count : 1]<UL><LI> startup_stm32f4xx.o(RESET)
</UL>
<P><STRONG><a name="[33]"></a>I2C1_ER_IRQHandler</STRONG> (Thumb, 0 bytes, Stack size 0 bytes, startup_stm32f4xx.o(.text))
<BR>[Address Reference Count : 1]<UL><LI> startup_stm32f4xx.o(RESET)
</UL>
<P><STRONG><a name="[32]"></a>I2C1_EV_IRQHandler</STRONG> (Thumb, 0 bytes, Stack size 0 bytes, startup_stm32f4xx.o(.text))
<BR>[Address Reference Count : 1]<UL><LI> startup_stm32f4xx.o(RESET)
</UL>
<P><STRONG><a name="[35]"></a>I2C2_ER_IRQHandler</STRONG> (Thumb, 0 bytes, Stack size 0 bytes, startup_stm32f4xx.o(.text))
<BR>[Address Reference Count : 1]<UL><LI> startup_stm32f4xx.o(RESET)
</UL>
<P><STRONG><a name="[34]"></a>I2C2_EV_IRQHandler</STRONG> (Thumb, 0 bytes, Stack size 0 bytes, startup_stm32f4xx.o(.text))
<BR>[Address Reference Count : 1]<UL><LI> startup_stm32f4xx.o(RESET)
</UL>
<P><STRONG><a name="[5c]"></a>I2C3_ER_IRQHandler</STRONG> (Thumb, 0 bytes, Stack size 0 bytes, startup_stm32f4xx.o(.text))
<BR>[Address Reference Count : 1]<UL><LI> startup_stm32f4xx.o(RESET)
</UL>
<P><STRONG><a name="[5b]"></a>I2C3_EV_IRQHandler</STRONG> (Thumb, 0 bytes, Stack size 0 bytes, startup_stm32f4xx.o(.text))
<BR>[Address Reference Count : 1]<UL><LI> startup_stm32f4xx.o(RESET)
</UL>
<P><STRONG><a name="[56]"></a>OTG_FS_IRQHandler</STRONG> (Thumb, 0 bytes, Stack size 0 bytes, startup_stm32f4xx.o(.text))
<BR>[Address Reference Count : 1]<UL><LI> startup_stm32f4xx.o(RESET)
</UL>
<P><STRONG><a name="[3d]"></a>OTG_FS_WKUP_IRQHandler</STRONG> (Thumb, 0 bytes, Stack size 0 bytes, startup_stm32f4xx.o(.text))
<BR>[Address Reference Count : 1]<UL><LI> startup_stm32f4xx.o(RESET)
</UL>
<P><STRONG><a name="[5e]"></a>OTG_HS_EP1_IN_IRQHandler</STRONG> (Thumb, 0 bytes, Stack size 0 bytes, startup_stm32f4xx.o(.text))
<BR>[Address Reference Count : 1]<UL><LI> startup_stm32f4xx.o(RESET)
</UL>
<P><STRONG><a name="[5d]"></a>OTG_HS_EP1_OUT_IRQHandler</STRONG> (Thumb, 0 bytes, Stack size 0 bytes, startup_stm32f4xx.o(.text))
<BR>[Address Reference Count : 1]<UL><LI> startup_stm32f4xx.o(RESET)
</UL>
<P><STRONG><a name="[60]"></a>OTG_HS_IRQHandler</STRONG> (Thumb, 0 bytes, Stack size 0 bytes, startup_stm32f4xx.o(.text))
<BR>[Address Reference Count : 1]<UL><LI> startup_stm32f4xx.o(RESET)
</UL>
<P><STRONG><a name="[5f]"></a>OTG_HS_WKUP_IRQHandler</STRONG> (Thumb, 0 bytes, Stack size 0 bytes, startup_stm32f4xx.o(.text))
<BR>[Address Reference Count : 1]<UL><LI> startup_stm32f4xx.o(RESET)
</UL>
<P><STRONG><a name="[14]"></a>PVD_IRQHandler</STRONG> (Thumb, 0 bytes, Stack size 0 bytes, startup_stm32f4xx.o(.text))
<BR>[Address Reference Count : 1]<UL><LI> startup_stm32f4xx.o(RESET)
</UL>
<P><STRONG><a name="[18]"></a>RCC_IRQHandler</STRONG> (Thumb, 0 bytes, Stack size 0 bytes, startup_stm32f4xx.o(.text))
<BR>[Address Reference Count : 1]<UL><LI> startup_stm32f4xx.o(RESET)
</UL>
<P><STRONG><a name="[3c]"></a>RTC_Alarm_IRQHandler</STRONG> (Thumb, 0 bytes, Stack size 0 bytes, startup_stm32f4xx.o(.text))
<BR>[Address Reference Count : 1]<UL><LI> startup_stm32f4xx.o(RESET)
</UL>
<P><STRONG><a name="[16]"></a>RTC_WKUP_IRQHandler</STRONG> (Thumb, 0 bytes, Stack size 0 bytes, startup_stm32f4xx.o(.text))
<BR>[Address Reference Count : 1]<UL><LI> startup_stm32f4xx.o(RESET)
</UL>
<P><STRONG><a name="[44]"></a>SDIO_IRQHandler</STRONG> (Thumb, 0 bytes, Stack size 0 bytes, startup_stm32f4xx.o(.text))
<BR>[Address Reference Count : 1]<UL><LI> startup_stm32f4xx.o(RESET)
</UL>
<P><STRONG><a name="[36]"></a>SPI1_IRQHandler</STRONG> (Thumb, 0 bytes, Stack size 0 bytes, startup_stm32f4xx.o(.text))
<BR>[Address Reference Count : 1]<UL><LI> startup_stm32f4xx.o(RESET)
</UL>
<P><STRONG><a name="[37]"></a>SPI2_IRQHandler</STRONG> (Thumb, 0 bytes, Stack size 0 bytes, startup_stm32f4xx.o(.text))
<BR>[Address Reference Count : 1]<UL><LI> startup_stm32f4xx.o(RESET)
</UL>
<P><STRONG><a name="[46]"></a>SPI3_IRQHandler</STRONG> (Thumb, 0 bytes, Stack size 0 bytes, startup_stm32f4xx.o(.text))
<BR>[Address Reference Count : 1]<UL><LI> startup_stm32f4xx.o(RESET)
</UL>
<P><STRONG><a name="[15]"></a>TAMP_STAMP_IRQHandler</STRONG> (Thumb, 0 bytes, Stack size 0 bytes, startup_stm32f4xx.o(.text))
<BR>[Address Reference Count : 1]<UL><LI> startup_stm32f4xx.o(RESET)
</UL>
<P><STRONG><a name="[2b]"></a>TIM1_BRK_TIM9_IRQHandler</STRONG> (Thumb, 0 bytes, Stack size 0 bytes, startup_stm32f4xx.o(.text))
<BR>[Address Reference Count : 1]<UL><LI> startup_stm32f4xx.o(RESET)
</UL>
<P><STRONG><a name="[2e]"></a>TIM1_CC_IRQHandler</STRONG> (Thumb, 0 bytes, Stack size 0 bytes, startup_stm32f4xx.o(.text))
<BR>[Address Reference Count : 1]<UL><LI> startup_stm32f4xx.o(RESET)
</UL>
<P><STRONG><a name="[2d]"></a>TIM1_TRG_COM_TIM11_IRQHandler</STRONG> (Thumb, 0 bytes, Stack size 0 bytes, startup_stm32f4xx.o(.text))
<BR>[Address Reference Count : 1]<UL><LI> startup_stm32f4xx.o(RESET)
</UL>
<P><STRONG><a name="[2c]"></a>TIM1_UP_TIM10_IRQHandler</STRONG> (Thumb, 0 bytes, Stack size 0 bytes, startup_stm32f4xx.o(.text))
<BR>[Address Reference Count : 1]<UL><LI> startup_stm32f4xx.o(RESET)
</UL>
<P><STRONG><a name="[30]"></a>TIM3_IRQHandler</STRONG> (Thumb, 0 bytes, Stack size 0 bytes, startup_stm32f4xx.o(.text))
<BR>[Address Reference Count : 1]<UL><LI> startup_stm32f4xx.o(RESET)
</UL>
<P><STRONG><a name="[31]"></a>TIM4_IRQHandler</STRONG> (Thumb, 0 bytes, Stack size 0 bytes, startup_stm32f4xx.o(.text))
<BR>[Address Reference Count : 1]<UL><LI> startup_stm32f4xx.o(RESET)
</UL>
<P><STRONG><a name="[45]"></a>TIM5_IRQHandler</STRONG> (Thumb, 0 bytes, Stack size 0 bytes, startup_stm32f4xx.o(.text))
<BR>[Address Reference Count : 1]<UL><LI> startup_stm32f4xx.o(RESET)
</UL>
<P><STRONG><a name="[4a]"></a>TIM7_IRQHandler</STRONG> (Thumb, 0 bytes, Stack size 0 bytes, startup_stm32f4xx.o(.text))
<BR>[Address Reference Count : 1]<UL><LI> startup_stm32f4xx.o(RESET)
</UL>
<P><STRONG><a name="[3e]"></a>TIM8_BRK_TIM12_IRQHandler</STRONG> (Thumb, 0 bytes, Stack size 0 bytes, startup_stm32f4xx.o(.text))
<BR>[Address Reference Count : 1]<UL><LI> startup_stm32f4xx.o(RESET)
</UL>
<P><STRONG><a name="[41]"></a>TIM8_CC_IRQHandler</STRONG> (Thumb, 0 bytes, Stack size 0 bytes, startup_stm32f4xx.o(.text))
<BR>[Address Reference Count : 1]<UL><LI> startup_stm32f4xx.o(RESET)
</UL>
<P><STRONG><a name="[40]"></a>TIM8_TRG_COM_TIM14_IRQHandler</STRONG> (Thumb, 0 bytes, Stack size 0 bytes, startup_stm32f4xx.o(.text))
<BR>[Address Reference Count : 1]<UL><LI> startup_stm32f4xx.o(RESET)
</UL>
<P><STRONG><a name="[3f]"></a>TIM8_UP_TIM13_IRQHandler</STRONG> (Thumb, 0 bytes, Stack size 0 bytes, startup_stm32f4xx.o(.text))
<BR>[Address Reference Count : 1]<UL><LI> startup_stm32f4xx.o(RESET)
</UL>
<P><STRONG><a name="[47]"></a>UART4_IRQHandler</STRONG> (Thumb, 0 bytes, Stack size 0 bytes, startup_stm32f4xx.o(.text))
<BR>[Address Reference Count : 1]<UL><LI> startup_stm32f4xx.o(RESET)
</UL>
<P><STRONG><a name="[48]"></a>UART5_IRQHandler</STRONG> (Thumb, 0 bytes, Stack size 0 bytes, startup_stm32f4xx.o(.text))
<BR>[Address Reference Count : 1]<UL><LI> startup_stm32f4xx.o(RESET)
</UL>
<P><STRONG><a name="[39]"></a>USART2_IRQHandler</STRONG> (Thumb, 0 bytes, Stack size 0 bytes, startup_stm32f4xx.o(.text))
<BR>[Address Reference Count : 1]<UL><LI> startup_stm32f4xx.o(RESET)
</UL>
<P><STRONG><a name="[5a]"></a>USART6_IRQHandler</STRONG> (Thumb, 0 bytes, Stack size 0 bytes, startup_stm32f4xx.o(.text))
<BR>[Address Reference Count : 1]<UL><LI> startup_stm32f4xx.o(RESET)
</UL>
<P><STRONG><a name="[13]"></a>WWDG_IRQHandler</STRONG> (Thumb, 0 bytes, Stack size 0 bytes, startup_stm32f4xx.o(.text))
<BR>[Address Reference Count : 1]<UL><LI> startup_stm32f4xx.o(RESET)
</UL>
<P><STRONG><a name="[a]"></a>NMI_Handler</STRONG> (Thumb, 2 bytes, Stack size 0 bytes, stm32f4xx_it.o(.text))
<BR>[Address Reference Count : 1]<UL><LI> startup_stm32f4xx.o(RESET)
</UL>
<P><STRONG><a name="[b]"></a>HardFault_Handler</STRONG> (Thumb, 4 bytes, Stack size 0 bytes, stm32f4xx_it.o(.text))
<BR>[Address Reference Count : 1]<UL><LI> startup_stm32f4xx.o(RESET)
</UL>
<P><STRONG><a name="[c]"></a>MemManage_Handler</STRONG> (Thumb, 4 bytes, Stack size 0 bytes, stm32f4xx_it.o(.text))
<BR>[Address Reference Count : 1]<UL><LI> startup_stm32f4xx.o(RESET)
</UL>
<P><STRONG><a name="[d]"></a>BusFault_Handler</STRONG> (Thumb, 4 bytes, Stack size 0 bytes, stm32f4xx_it.o(.text))
<BR>[Address Reference Count : 1]<UL><LI> startup_stm32f4xx.o(RESET)
</UL>
<P><STRONG><a name="[e]"></a>UsageFault_Handler</STRONG> (Thumb, 4 bytes, Stack size 0 bytes, stm32f4xx_it.o(.text))
<BR>[Address Reference Count : 1]<UL><LI> startup_stm32f4xx.o(RESET)
</UL>
<P><STRONG><a name="[f]"></a>SVC_Handler</STRONG> (Thumb, 2 bytes, Stack size 0 bytes, stm32f4xx_it.o(.text))
<BR>[Address Reference Count : 1]<UL><LI> startup_stm32f4xx.o(RESET)
</UL>
<P><STRONG><a name="[10]"></a>DebugMon_Handler</STRONG> (Thumb, 2 bytes, Stack size 0 bytes, stm32f4xx_it.o(.text))
<BR>[Address Reference Count : 1]<UL><LI> startup_stm32f4xx.o(RESET)
</UL>
<P><STRONG><a name="[11]"></a>PendSV_Handler</STRONG> (Thumb, 2 bytes, Stack size 0 bytes, stm32f4xx_it.o(.text))
<BR>[Address Reference Count : 1]<UL><LI> startup_stm32f4xx.o(RESET)
</UL>
<P><STRONG><a name="[72]"></a>NVIC_PriorityGroupConfig</STRONG> (Thumb, 10 bytes, Stack size 0 bytes, misc.o(.text))
<BR><BR>[Called By]<UL><LI><a href="#[6e]">&gt;&gt;</a>&nbsp;&nbsp;&nbsp;BSP_Init
</UL>

<P><STRONG><a name="[8f]"></a>NVIC_Init</STRONG> (Thumb, 106 bytes, Stack size 16 bytes, misc.o(.text))
<BR><BR>[Stack]<UL><LI>Max Depth = 16<LI>Call Chain = NVIC_Init
</UL>
<BR>[Called By]<UL><LI><a href="#[9c]">&gt;&gt;</a>&nbsp;&nbsp;&nbsp;Exti_Configuration
<LI><a href="#[7d]">&gt;&gt;</a>&nbsp;&nbsp;&nbsp;USART3_Configuration
<LI><a href="#[7c]">&gt;&gt;</a>&nbsp;&nbsp;&nbsp;USART1_Configuration
<LI><a href="#[78]">&gt;&gt;</a>&nbsp;&nbsp;&nbsp;TIM6_Configuration
<LI><a href="#[7f]">&gt;&gt;</a>&nbsp;&nbsp;&nbsp;MPU6050_IntConfiguration
<LI><a href="#[7b]">&gt;&gt;</a>&nbsp;&nbsp;&nbsp;CAN2_Configuration
<LI><a href="#[7a]">&gt;&gt;</a>&nbsp;&nbsp;&nbsp;CAN1_Configuration
</UL>

<P><STRONG><a name="[19e]"></a>NVIC_SetVectorTable</STRONG> (Thumb, 14 bytes, Stack size 0 bytes, misc.o(.text), UNUSED)

<P><STRONG><a name="[19f]"></a>NVIC_SystemLPConfig</STRONG> (Thumb, 34 bytes, Stack size 0 bytes, misc.o(.text), UNUSED)

<P><STRONG><a name="[1a0]"></a>SysTick_CLKSourceConfig</STRONG> (Thumb, 40 bytes, Stack size 0 bytes, misc.o(.text), UNUSED)

<P><STRONG><a name="[90]"></a>CAN_DeInit</STRONG> (Thumb, 50 bytes, Stack size 8 bytes, stm32f4xx_can.o(.text))
<BR><BR>[Stack]<UL><LI>Max Depth = 8<LI>Call Chain = CAN_DeInit
</UL>
<BR>[Calls]<UL><LI><a href="#[d9]">&gt;&gt;</a>&nbsp;&nbsp;&nbsp;RCC_APB1PeriphResetCmd
</UL>
<BR>[Called By]<UL><LI><a href="#[7b]">&gt;&gt;</a>&nbsp;&nbsp;&nbsp;CAN2_Configuration
<LI><a href="#[7a]">&gt;&gt;</a>&nbsp;&nbsp;&nbsp;CAN1_Configuration
</UL>

<P><STRONG><a name="[92]"></a>CAN_Init</STRONG> (Thumb, 276 bytes, Stack size 12 bytes, stm32f4xx_can.o(.text))
<BR><BR>[Stack]<UL><LI>Max Depth = 12<LI>Call Chain = CAN_Init
</UL>
<BR>[Called By]<UL><LI><a href="#[7b]">&gt;&gt;</a>&nbsp;&nbsp;&nbsp;CAN2_Configuration
<LI><a href="#[7a]">&gt;&gt;</a>&nbsp;&nbsp;&nbsp;CAN1_Configuration
</UL>

<P><STRONG><a name="[93]"></a>CAN_FilterInit</STRONG> (Thumb, 258 bytes, Stack size 8 bytes, stm32f4xx_can.o(.text))
<BR><BR>[Stack]<UL><LI>Max Depth = 8<LI>Call Chain = CAN_FilterInit
</UL>
<BR>[Called By]<UL><LI><a href="#[7b]">&gt;&gt;</a>&nbsp;&nbsp;&nbsp;CAN2_Configuration
<LI><a href="#[7a]">&gt;&gt;</a>&nbsp;&nbsp;&nbsp;CAN1_Configuration
</UL>

<P><STRONG><a name="[91]"></a>CAN_StructInit</STRONG> (Thumb, 32 bytes, Stack size 0 bytes, stm32f4xx_can.o(.text))
<BR><BR>[Called By]<UL><LI><a href="#[7b]">&gt;&gt;</a>&nbsp;&nbsp;&nbsp;CAN2_Configuration
<LI><a href="#[7a]">&gt;&gt;</a>&nbsp;&nbsp;&nbsp;CAN1_Configuration
</UL>

<P><STRONG><a name="[1a1]"></a>CAN_SlaveStartBank</STRONG> (Thumb, 48 bytes, Stack size 0 bytes, stm32f4xx_can.o(.text), UNUSED)

<P><STRONG><a name="[1a2]"></a>CAN_DBGFreeze</STRONG> (Thumb, 22 bytes, Stack size 0 bytes, stm32f4xx_can.o(.text), UNUSED)

<P><STRONG><a name="[1a3]"></a>CAN_TTComModeCmd</STRONG> (Thumb, 118 bytes, Stack size 0 bytes, stm32f4xx_can.o(.text), UNUSED)

<P><STRONG><a name="[96]"></a>CAN_Transmit</STRONG> (Thumb, 304 bytes, Stack size 8 bytes, stm32f4xx_can.o(.text))
<BR><BR>[Stack]<UL><LI>Max Depth = 8<LI>Call Chain = CAN_Transmit
</UL>
<BR>[Called By]<UL><LI><a href="#[95]">&gt;&gt;</a>&nbsp;&nbsp;&nbsp;GYRO_RST
<LI><a href="#[151]">&gt;&gt;</a>&nbsp;&nbsp;&nbsp;Set_Gimbal_Current
<LI><a href="#[14c]">&gt;&gt;</a>&nbsp;&nbsp;&nbsp;Set_CM_Speed
</UL>

<P><STRONG><a name="[1a4]"></a>CAN_TransmitStatus</STRONG> (Thumb, 138 bytes, Stack size 8 bytes, stm32f4xx_can.o(.text), UNUSED)

<P><STRONG><a name="[1a5]"></a>CAN_CancelTransmit</STRONG> (Thumb, 48 bytes, Stack size 0 bytes, stm32f4xx_can.o(.text), UNUSED)

<P><STRONG><a name="[9a]"></a>CAN_Receive</STRONG> (Thumb, 240 bytes, Stack size 8 bytes, stm32f4xx_can.o(.text))
<BR><BR>[Stack]<UL><LI>Max Depth = 8<LI>Call Chain = CAN_Receive
</UL>
<BR>[Called By]<UL><LI><a href="#[53]">&gt;&gt;</a>&nbsp;&nbsp;&nbsp;CAN2_RX0_IRQHandler
<LI><a href="#[27]">&gt;&gt;</a>&nbsp;&nbsp;&nbsp;CAN1_RX0_IRQHandler
</UL>

<P><STRONG><a name="[1a6]"></a>CAN_FIFORelease</STRONG> (Thumb, 22 bytes, Stack size 0 bytes, stm32f4xx_can.o(.text), UNUSED)

<P><STRONG><a name="[1a7]"></a>CAN_MessagePending</STRONG> (Thumb, 30 bytes, Stack size 0 bytes, stm32f4xx_can.o(.text), UNUSED)

<P><STRONG><a name="[1a8]"></a>CAN_OperatingModeRequest</STRONG> (Thumb, 162 bytes, Stack size 8 bytes, stm32f4xx_can.o(.text), UNUSED)

<P><STRONG><a name="[1a9]"></a>CAN_Sleep</STRONG> (Thumb, 30 bytes, Stack size 0 bytes, stm32f4xx_can.o(.text), UNUSED)

<P><STRONG><a name="[1aa]"></a>CAN_WakeUp</STRONG> (Thumb, 48 bytes, Stack size 0 bytes, stm32f4xx_can.o(.text), UNUSED)

<P><STRONG><a name="[1ab]"></a>CAN_GetLastErrorCode</STRONG> (Thumb, 12 bytes, Stack size 0 bytes, stm32f4xx_can.o(.text), UNUSED)

<P><STRONG><a name="[1ac]"></a>CAN_GetReceiveErrorCounter</STRONG> (Thumb, 10 bytes, Stack size 0 bytes, stm32f4xx_can.o(.text), UNUSED)

<P><STRONG><a name="[1ad]"></a>CAN_GetLSBTransmitErrorCounter</STRONG> (Thumb, 12 bytes, Stack size 0 bytes, stm32f4xx_can.o(.text), UNUSED)

<P><STRONG><a name="[94]"></a>CAN_ITConfig</STRONG> (Thumb, 18 bytes, Stack size 0 bytes, stm32f4xx_can.o(.text))
<BR><BR>[Called By]<UL><LI><a href="#[7b]">&gt;&gt;</a>&nbsp;&nbsp;&nbsp;CAN2_Configuration
<LI><a href="#[7a]">&gt;&gt;</a>&nbsp;&nbsp;&nbsp;CAN1_Configuration
</UL>

<P><STRONG><a name="[1ae]"></a>CAN_GetFlagStatus</STRONG> (Thumb, 120 bytes, Stack size 8 bytes, stm32f4xx_can.o(.text), UNUSED)

<P><STRONG><a name="[99]"></a>CAN_ClearFlag</STRONG> (Thumb, 52 bytes, Stack size 0 bytes, stm32f4xx_can.o(.text))
<BR><BR>[Called By]<UL><LI><a href="#[27]">&gt;&gt;</a>&nbsp;&nbsp;&nbsp;CAN1_RX0_IRQHandler
</UL>

<P><STRONG><a name="[97]"></a>CAN_GetITStatus</STRONG> (Thumb, 310 bytes, Stack size 16 bytes, stm32f4xx_can.o(.text))
<BR><BR>[Stack]<UL><LI>Max Depth = 16<LI>Call Chain = CAN_GetITStatus
</UL>
<BR>[Calls]<UL><LI><a href="#[da]">&gt;&gt;</a>&nbsp;&nbsp;&nbsp;CheckITStatus
</UL>
<BR>[Called By]<UL><LI><a href="#[53]">&gt;&gt;</a>&nbsp;&nbsp;&nbsp;CAN2_RX0_IRQHandler
<LI><a href="#[52]">&gt;&gt;</a>&nbsp;&nbsp;&nbsp;CAN2_TX_IRQHandler
<LI><a href="#[27]">&gt;&gt;</a>&nbsp;&nbsp;&nbsp;CAN1_RX0_IRQHandler
<LI><a href="#[26]">&gt;&gt;</a>&nbsp;&nbsp;&nbsp;CAN1_TX_IRQHandler
</UL>

<P><STRONG><a name="[98]"></a>CAN_ClearITPendingBit</STRONG> (Thumb, 162 bytes, Stack size 0 bytes, stm32f4xx_can.o(.text))
<BR><BR>[Called By]<UL><LI><a href="#[53]">&gt;&gt;</a>&nbsp;&nbsp;&nbsp;CAN2_RX0_IRQHandler
<LI><a href="#[52]">&gt;&gt;</a>&nbsp;&nbsp;&nbsp;CAN2_TX_IRQHandler
<LI><a href="#[27]">&gt;&gt;</a>&nbsp;&nbsp;&nbsp;CAN1_RX0_IRQHandler
<LI><a href="#[26]">&gt;&gt;</a>&nbsp;&nbsp;&nbsp;CAN1_TX_IRQHandler
</UL>

<P><STRONG><a name="[b3]"></a>DMA_DeInit</STRONG> (Thumb, 324 bytes, Stack size 0 bytes, stm32f4xx_dma.o(.text))
<BR><BR>[Called By]<UL><LI><a href="#[7c]">&gt;&gt;</a>&nbsp;&nbsp;&nbsp;USART1_Configuration
</UL>

<P><STRONG><a name="[b5]"></a>DMA_Init</STRONG> (Thumb, 82 bytes, Stack size 8 bytes, stm32f4xx_dma.o(.text))
<BR><BR>[Stack]<UL><LI>Max Depth = 8<LI>Call Chain = DMA_Init
</UL>
<BR>[Called By]<UL><LI><a href="#[7c]">&gt;&gt;</a>&nbsp;&nbsp;&nbsp;USART1_Configuration
</UL>

<P><STRONG><a name="[b4]"></a>DMA_StructInit</STRONG> (Thumb, 34 bytes, Stack size 0 bytes, stm32f4xx_dma.o(.text))
<BR><BR>[Called By]<UL><LI><a href="#[7c]">&gt;&gt;</a>&nbsp;&nbsp;&nbsp;USART1_Configuration
</UL>

<P><STRONG><a name="[b8]"></a>DMA_Cmd</STRONG> (Thumb, 22 bytes, Stack size 0 bytes, stm32f4xx_dma.o(.text))
<BR><BR>[Called By]<UL><LI><a href="#[38]">&gt;&gt;</a>&nbsp;&nbsp;&nbsp;USART1_IRQHandler
<LI><a href="#[7c]">&gt;&gt;</a>&nbsp;&nbsp;&nbsp;USART1_Configuration
</UL>

<P><STRONG><a name="[1af]"></a>DMA_PeriphIncOffsetSizeConfig</STRONG> (Thumb, 22 bytes, Stack size 0 bytes, stm32f4xx_dma.o(.text), UNUSED)

<P><STRONG><a name="[1b0]"></a>DMA_FlowControllerConfig</STRONG> (Thumb, 22 bytes, Stack size 0 bytes, stm32f4xx_dma.o(.text), UNUSED)

<P><STRONG><a name="[1b1]"></a>DMA_SetCurrDataCounter</STRONG> (Thumb, 4 bytes, Stack size 0 bytes, stm32f4xx_dma.o(.text), UNUSED)

<P><STRONG><a name="[bd]"></a>DMA_GetCurrDataCounter</STRONG> (Thumb, 8 bytes, Stack size 0 bytes, stm32f4xx_dma.o(.text))
<BR><BR>[Called By]<UL><LI><a href="#[38]">&gt;&gt;</a>&nbsp;&nbsp;&nbsp;USART1_IRQHandler
</UL>

<P><STRONG><a name="[b6]"></a>DMA_DoubleBufferModeConfig</STRONG> (Thumb, 24 bytes, Stack size 0 bytes, stm32f4xx_dma.o(.text))
<BR><BR>[Called By]<UL><LI><a href="#[7c]">&gt;&gt;</a>&nbsp;&nbsp;&nbsp;USART1_Configuration
</UL>

<P><STRONG><a name="[b7]"></a>DMA_DoubleBufferModeCmd</STRONG> (Thumb, 22 bytes, Stack size 0 bytes, stm32f4xx_dma.o(.text))
<BR><BR>[Called By]<UL><LI><a href="#[7c]">&gt;&gt;</a>&nbsp;&nbsp;&nbsp;USART1_Configuration
</UL>

<P><STRONG><a name="[1b2]"></a>DMA_MemoryTargetConfig</STRONG> (Thumb, 10 bytes, Stack size 0 bytes, stm32f4xx_dma.o(.text), UNUSED)

<P><STRONG><a name="[bc]"></a>DMA_GetCurrentMemoryTarget</STRONG> (Thumb, 20 bytes, Stack size 0 bytes, stm32f4xx_dma.o(.text))
<BR><BR>[Called By]<UL><LI><a href="#[38]">&gt;&gt;</a>&nbsp;&nbsp;&nbsp;USART1_IRQHandler
</UL>

<P><STRONG><a name="[1b3]"></a>DMA_GetCmdStatus</STRONG> (Thumb, 20 bytes, Stack size 0 bytes, stm32f4xx_dma.o(.text), UNUSED)

<P><STRONG><a name="[1b4]"></a>DMA_GetFIFOStatus</STRONG> (Thumb, 12 bytes, Stack size 0 bytes, stm32f4xx_dma.o(.text), UNUSED)

<P><STRONG><a name="[1b5]"></a>DMA_GetFlagStatus</STRONG> (Thumb, 56 bytes, Stack size 12 bytes, stm32f4xx_dma.o(.text), UNUSED)

<P><STRONG><a name="[1b6]"></a>DMA_ClearFlag</STRONG> (Thumb, 40 bytes, Stack size 0 bytes, stm32f4xx_dma.o(.text), UNUSED)

<P><STRONG><a name="[1b7]"></a>DMA_ITConfig</STRONG> (Thumb, 58 bytes, Stack size 8 bytes, stm32f4xx_dma.o(.text), UNUSED)

<P><STRONG><a name="[1b8]"></a>DMA_GetITStatus</STRONG> (Thumb, 84 bytes, Stack size 16 bytes, stm32f4xx_dma.o(.text), UNUSED)

<P><STRONG><a name="[1b9]"></a>DMA_ClearITPendingBit</STRONG> (Thumb, 40 bytes, Stack size 0 bytes, stm32f4xx_dma.o(.text), UNUSED)

<P><STRONG><a name="[1ba]"></a>EXTI_DeInit</STRONG> (Thumb, 28 bytes, Stack size 0 bytes, stm32f4xx_exti.o(.text), UNUSED)

<P><STRONG><a name="[9e]"></a>EXTI_Init</STRONG> (Thumb, 142 bytes, Stack size 0 bytes, stm32f4xx_exti.o(.text))
<BR><BR>[Called By]<UL><LI><a href="#[9c]">&gt;&gt;</a>&nbsp;&nbsp;&nbsp;Exti_Configuration
<LI><a href="#[7f]">&gt;&gt;</a>&nbsp;&nbsp;&nbsp;MPU6050_IntConfiguration
</UL>

<P><STRONG><a name="[1bb]"></a>EXTI_StructInit</STRONG> (Thumb, 16 bytes, Stack size 0 bytes, stm32f4xx_exti.o(.text), UNUSED)

<P><STRONG><a name="[1bc]"></a>EXTI_GenerateSWInterrupt</STRONG> (Thumb, 16 bytes, Stack size 0 bytes, stm32f4xx_exti.o(.text), UNUSED)

<P><STRONG><a name="[1bd]"></a>EXTI_GetFlagStatus</STRONG> (Thumb, 22 bytes, Stack size 0 bytes, stm32f4xx_exti.o(.text), UNUSED)

<P><STRONG><a name="[127]"></a>EXTI_ClearFlag</STRONG> (Thumb, 8 bytes, Stack size 0 bytes, stm32f4xx_exti.o(.text))
<BR><BR>[Called By]<UL><LI><a href="#[1d]">&gt;&gt;</a>&nbsp;&nbsp;&nbsp;EXTI4_IRQHandler
</UL>

<P><STRONG><a name="[9f]"></a>EXTI_GetITStatus</STRONG> (Thumb, 34 bytes, Stack size 0 bytes, stm32f4xx_exti.o(.text))
<BR><BR>[Called By]<UL><LI><a href="#[1a]">&gt;&gt;</a>&nbsp;&nbsp;&nbsp;EXTI1_IRQHandler
<LI><a href="#[19]">&gt;&gt;</a>&nbsp;&nbsp;&nbsp;EXTI0_IRQHandler
<LI><a href="#[1d]">&gt;&gt;</a>&nbsp;&nbsp;&nbsp;EXTI4_IRQHandler
</UL>

<P><STRONG><a name="[a0]"></a>EXTI_ClearITPendingBit</STRONG> (Thumb, 8 bytes, Stack size 0 bytes, stm32f4xx_exti.o(.text))
<BR><BR>[Called By]<UL><LI><a href="#[1a]">&gt;&gt;</a>&nbsp;&nbsp;&nbsp;EXTI1_IRQHandler
<LI><a href="#[19]">&gt;&gt;</a>&nbsp;&nbsp;&nbsp;EXTI0_IRQHandler
<LI><a href="#[1d]">&gt;&gt;</a>&nbsp;&nbsp;&nbsp;EXTI4_IRQHandler
</UL>

<P><STRONG><a name="[1be]"></a>FLASH_SetLatency</STRONG> (Thumb, 6 bytes, Stack size 0 bytes, stm32f4xx_flash.o(.text), UNUSED)

<P><STRONG><a name="[1bf]"></a>FLASH_PrefetchBufferCmd</STRONG> (Thumb, 30 bytes, Stack size 0 bytes, stm32f4xx_flash.o(.text), UNUSED)

<P><STRONG><a name="[1c0]"></a>FLASH_InstructionCacheCmd</STRONG> (Thumb, 30 bytes, Stack size 0 bytes, stm32f4xx_flash.o(.text), UNUSED)

<P><STRONG><a name="[d2]"></a>FLASH_DataCacheCmd</STRONG> (Thumb, 30 bytes, Stack size 0 bytes, stm32f4xx_flash.o(.text))
<BR><BR>[Called By]<UL><LI><a href="#[d0]">&gt;&gt;</a>&nbsp;&nbsp;&nbsp;BSP_FLASH_Write
</UL>

<P><STRONG><a name="[1c1]"></a>FLASH_InstructionCacheReset</STRONG> (Thumb, 14 bytes, Stack size 0 bytes, stm32f4xx_flash.o(.text), UNUSED)

<P><STRONG><a name="[1c2]"></a>FLASH_DataCacheReset</STRONG> (Thumb, 14 bytes, Stack size 0 bytes, stm32f4xx_flash.o(.text), UNUSED)

<P><STRONG><a name="[d1]"></a>FLASH_Unlock</STRONG> (Thumb, 26 bytes, Stack size 0 bytes, stm32f4xx_flash.o(.text))
<BR><BR>[Called By]<UL><LI><a href="#[d0]">&gt;&gt;</a>&nbsp;&nbsp;&nbsp;BSP_FLASH_Write
</UL>

<P><STRONG><a name="[d6]"></a>FLASH_Lock</STRONG> (Thumb, 18 bytes, Stack size 0 bytes, stm32f4xx_flash.o(.text))
<BR><BR>[Called By]<UL><LI><a href="#[d0]">&gt;&gt;</a>&nbsp;&nbsp;&nbsp;BSP_FLASH_Write
</UL>

<P><STRONG><a name="[dc]"></a>FLASH_GetStatus</STRONG> (Thumb, 74 bytes, Stack size 0 bytes, stm32f4xx_flash.o(.text))
<BR><BR>[Called By]<UL><LI><a href="#[db]">&gt;&gt;</a>&nbsp;&nbsp;&nbsp;FLASH_WaitForLastOperation
</UL>

<P><STRONG><a name="[db]"></a>FLASH_WaitForLastOperation</STRONG> (Thumb, 34 bytes, Stack size 8 bytes, stm32f4xx_flash.o(.text))
<BR><BR>[Stack]<UL><LI>Max Depth = 8<LI>Call Chain = FLASH_WaitForLastOperation
</UL>
<BR>[Calls]<UL><LI><a href="#[dc]">&gt;&gt;</a>&nbsp;&nbsp;&nbsp;FLASH_GetStatus
</UL>
<BR>[Called By]<UL><LI><a href="#[d5]">&gt;&gt;</a>&nbsp;&nbsp;&nbsp;FLASH_ProgramByte
<LI><a href="#[d4]">&gt;&gt;</a>&nbsp;&nbsp;&nbsp;FLASH_EraseSector
<LI><a href="#[e4]">&gt;&gt;</a>&nbsp;&nbsp;&nbsp;FLASH_OB_Launch
<LI><a href="#[e3]">&gt;&gt;</a>&nbsp;&nbsp;&nbsp;FLASH_OB_UserConfig
<LI><a href="#[e2]">&gt;&gt;</a>&nbsp;&nbsp;&nbsp;FLASH_OB_RDPConfig
<LI><a href="#[e1]">&gt;&gt;</a>&nbsp;&nbsp;&nbsp;FLASH_OB_WRPConfig
<LI><a href="#[e0]">&gt;&gt;</a>&nbsp;&nbsp;&nbsp;FLASH_ProgramHalfWord
<LI><a href="#[df]">&gt;&gt;</a>&nbsp;&nbsp;&nbsp;FLASH_ProgramWord
<LI><a href="#[de]">&gt;&gt;</a>&nbsp;&nbsp;&nbsp;FLASH_ProgramDoubleWord
<LI><a href="#[dd]">&gt;&gt;</a>&nbsp;&nbsp;&nbsp;FLASH_EraseAllSectors
</UL>

<P><STRONG><a name="[d4]"></a>FLASH_EraseSector</STRONG> (Thumb, 140 bytes, Stack size 16 bytes, stm32f4xx_flash.o(.text))
<BR><BR>[Stack]<UL><LI>Max Depth = 24<LI>Call Chain = FLASH_EraseSector &rArr; FLASH_WaitForLastOperation
</UL>
<BR>[Calls]<UL><LI><a href="#[db]">&gt;&gt;</a>&nbsp;&nbsp;&nbsp;FLASH_WaitForLastOperation
</UL>
<BR>[Called By]<UL><LI><a href="#[d0]">&gt;&gt;</a>&nbsp;&nbsp;&nbsp;BSP_FLASH_Write
</UL>

<P><STRONG><a name="[dd]"></a>FLASH_EraseAllSectors</STRONG> (Thumb, 112 bytes, Stack size 12 bytes, stm32f4xx_flash.o(.text), UNUSED)
<BR><BR>[Calls]<UL><LI><a href="#[db]">&gt;&gt;</a>&nbsp;&nbsp;&nbsp;FLASH_WaitForLastOperation
</UL>

<P><STRONG><a name="[de]"></a>FLASH_ProgramDoubleWord</STRONG> (Thumb, 86 bytes, Stack size 16 bytes, stm32f4xx_flash.o(.text), UNUSED)
<BR><BR>[Calls]<UL><LI><a href="#[db]">&gt;&gt;</a>&nbsp;&nbsp;&nbsp;FLASH_WaitForLastOperation
</UL>

<P><STRONG><a name="[df]"></a>FLASH_ProgramWord</STRONG> (Thumb, 82 bytes, Stack size 12 bytes, stm32f4xx_flash.o(.text), UNUSED)
<BR><BR>[Calls]<UL><LI><a href="#[db]">&gt;&gt;</a>&nbsp;&nbsp;&nbsp;FLASH_WaitForLastOperation
</UL>

<P><STRONG><a name="[e0]"></a>FLASH_ProgramHalfWord</STRONG> (Thumb, 82 bytes, Stack size 12 bytes, stm32f4xx_flash.o(.text), UNUSED)
<BR><BR>[Calls]<UL><LI><a href="#[db]">&gt;&gt;</a>&nbsp;&nbsp;&nbsp;FLASH_WaitForLastOperation
</UL>

<P><STRONG><a name="[d5]"></a>FLASH_ProgramByte</STRONG> (Thumb, 78 bytes, Stack size 12 bytes, stm32f4xx_flash.o(.text))
<BR><BR>[Stack]<UL><LI>Max Depth = 20<LI>Call Chain = FLASH_ProgramByte &rArr; FLASH_WaitForLastOperation
</UL>
<BR>[Calls]<UL><LI><a href="#[db]">&gt;&gt;</a>&nbsp;&nbsp;&nbsp;FLASH_WaitForLastOperation
</UL>
<BR>[Called By]<UL><LI><a href="#[d0]">&gt;&gt;</a>&nbsp;&nbsp;&nbsp;BSP_FLASH_Write
</UL>

<P><STRONG><a name="[1c3]"></a>FLASH_OB_Unlock</STRONG> (Thumb, 26 bytes, Stack size 0 bytes, stm32f4xx_flash.o(.text), UNUSED)

<P><STRONG><a name="[1c4]"></a>FLASH_OB_Lock</STRONG> (Thumb, 18 bytes, Stack size 0 bytes, stm32f4xx_flash.o(.text), UNUSED)

<P><STRONG><a name="[e1]"></a>FLASH_OB_WRPConfig</STRONG> (Thumb, 54 bytes, Stack size 12 bytes, stm32f4xx_flash.o(.text), UNUSED)
<BR><BR>[Calls]<UL><LI><a href="#[db]">&gt;&gt;</a>&nbsp;&nbsp;&nbsp;FLASH_WaitForLastOperation
</UL>

<P><STRONG><a name="[e2]"></a>FLASH_OB_RDPConfig</STRONG> (Thumb, 24 bytes, Stack size 8 bytes, stm32f4xx_flash.o(.text), UNUSED)
<BR><BR>[Calls]<UL><LI><a href="#[db]">&gt;&gt;</a>&nbsp;&nbsp;&nbsp;FLASH_WaitForLastOperation
</UL>

<P><STRONG><a name="[e3]"></a>FLASH_OB_UserConfig</STRONG> (Thumb, 68 bytes, Stack size 20 bytes, stm32f4xx_flash.o(.text), UNUSED)
<BR><BR>[Calls]<UL><LI><a href="#[db]">&gt;&gt;</a>&nbsp;&nbsp;&nbsp;FLASH_WaitForLastOperation
</UL>

<P><STRONG><a name="[1c5]"></a>FLASH_OB_BORConfig</STRONG> (Thumb, 22 bytes, Stack size 0 bytes, stm32f4xx_flash.o(.text), UNUSED)

<P><STRONG><a name="[e4]"></a>FLASH_OB_Launch</STRONG> (Thumb, 26 bytes, Stack size 4 bytes, stm32f4xx_flash.o(.text), UNUSED)
<BR><BR>[Calls]<UL><LI><a href="#[db]">&gt;&gt;</a>&nbsp;&nbsp;&nbsp;FLASH_WaitForLastOperation
</UL>

<P><STRONG><a name="[1c6]"></a>FLASH_OB_GetUser</STRONG> (Thumb, 10 bytes, Stack size 0 bytes, stm32f4xx_flash.o(.text), UNUSED)

<P><STRONG><a name="[1c7]"></a>FLASH_OB_GetWRP</STRONG> (Thumb, 8 bytes, Stack size 0 bytes, stm32f4xx_flash.o(.text), UNUSED)

<P><STRONG><a name="[1c8]"></a>FLASH_OB_GetRDP</STRONG> (Thumb, 20 bytes, Stack size 0 bytes, stm32f4xx_flash.o(.text), UNUSED)

<P><STRONG><a name="[1c9]"></a>FLASH_OB_GetBOR</STRONG> (Thumb, 10 bytes, Stack size 0 bytes, stm32f4xx_flash.o(.text), UNUSED)

<P><STRONG><a name="[1ca]"></a>FLASH_ITConfig</STRONG> (Thumb, 34 bytes, Stack size 0 bytes, stm32f4xx_flash.o(.text), UNUSED)

<P><STRONG><a name="[1cb]"></a>FLASH_GetFlagStatus</STRONG> (Thumb, 22 bytes, Stack size 0 bytes, stm32f4xx_flash.o(.text), UNUSED)

<P><STRONG><a name="[1cc]"></a>FLASH_ClearFlag</STRONG> (Thumb, 8 bytes, Stack size 0 bytes, stm32f4xx_flash.o(.text), UNUSED)

<P><STRONG><a name="[e5]"></a>GPIO_DeInit</STRONG> (Thumb, 220 bytes, Stack size 8 bytes, stm32f4xx_gpio.o(.text), UNUSED)
<BR><BR>[Calls]<UL><LI><a href="#[e6]">&gt;&gt;</a>&nbsp;&nbsp;&nbsp;RCC_AHB1PeriphResetCmd
</UL>

<P><STRONG><a name="[83]"></a>GPIO_Init</STRONG> (Thumb, 144 bytes, Stack size 20 bytes, stm32f4xx_gpio.o(.text))
<BR><BR>[Stack]<UL><LI>Max Depth = 20<LI>Call Chain = GPIO_Init
</UL>
<BR>[Called By]<UL><LI><a href="#[9c]">&gt;&gt;</a>&nbsp;&nbsp;&nbsp;Exti_Configuration
<LI><a href="#[7d]">&gt;&gt;</a>&nbsp;&nbsp;&nbsp;USART3_Configuration
<LI><a href="#[7c]">&gt;&gt;</a>&nbsp;&nbsp;&nbsp;USART1_Configuration
<LI><a href="#[79]">&gt;&gt;</a>&nbsp;&nbsp;&nbsp;Quad_Encoder_Configuration
<LI><a href="#[73]">&gt;&gt;</a>&nbsp;&nbsp;&nbsp;PWM_Configuration
<LI><a href="#[7f]">&gt;&gt;</a>&nbsp;&nbsp;&nbsp;MPU6050_IntConfiguration
<LI><a href="#[74]">&gt;&gt;</a>&nbsp;&nbsp;&nbsp;Led_Configuration
<LI><a href="#[75]">&gt;&gt;</a>&nbsp;&nbsp;&nbsp;Laser_Configuration
<LI><a href="#[7b]">&gt;&gt;</a>&nbsp;&nbsp;&nbsp;CAN2_Configuration
<LI><a href="#[7a]">&gt;&gt;</a>&nbsp;&nbsp;&nbsp;CAN1_Configuration
<LI><a href="#[113]">&gt;&gt;</a>&nbsp;&nbsp;&nbsp;IIC_SDA_In
<LI><a href="#[112]">&gt;&gt;</a>&nbsp;&nbsp;&nbsp;IIC_SDA_Out
<LI><a href="#[111]">&gt;&gt;</a>&nbsp;&nbsp;&nbsp;IIC_GPIO_Init
<LI><a href="#[110]">&gt;&gt;</a>&nbsp;&nbsp;&nbsp;HEAT_Configuration
</UL>

<P><STRONG><a name="[ae]"></a>GPIO_StructInit</STRONG> (Thumb, 18 bytes, Stack size 0 bytes, stm32f4xx_gpio.o(.text))
<BR><BR>[Called By]<UL><LI><a href="#[7c]">&gt;&gt;</a>&nbsp;&nbsp;&nbsp;USART1_Configuration
</UL>

<P><STRONG><a name="[1cd]"></a>GPIO_PinLockConfig</STRONG> (Thumb, 34 bytes, Stack size 8 bytes, stm32f4xx_gpio.o(.text), UNUSED)

<P><STRONG><a name="[11a]"></a>GPIO_ReadInputDataBit</STRONG> (Thumb, 18 bytes, Stack size 0 bytes, stm32f4xx_gpio.o(.text))
<BR><BR>[Called By]<UL><LI><a href="#[11c]">&gt;&gt;</a>&nbsp;&nbsp;&nbsp;IIC_ReadBit
<LI><a href="#[118]">&gt;&gt;</a>&nbsp;&nbsp;&nbsp;IIC_WaitAck
</UL>

<P><STRONG><a name="[1ce]"></a>GPIO_ReadInputData</STRONG> (Thumb, 8 bytes, Stack size 0 bytes, stm32f4xx_gpio.o(.text), UNUSED)

<P><STRONG><a name="[1cf]"></a>GPIO_ReadOutputDataBit</STRONG> (Thumb, 18 bytes, Stack size 0 bytes, stm32f4xx_gpio.o(.text), UNUSED)

<P><STRONG><a name="[1d0]"></a>GPIO_ReadOutputData</STRONG> (Thumb, 8 bytes, Stack size 0 bytes, stm32f4xx_gpio.o(.text), UNUSED)

<P><STRONG><a name="[84]"></a>GPIO_SetBits</STRONG> (Thumb, 4 bytes, Stack size 0 bytes, stm32f4xx_gpio.o(.text))
<BR><BR>[Called By]<UL><LI><a href="#[74]">&gt;&gt;</a>&nbsp;&nbsp;&nbsp;Led_Configuration
<LI><a href="#[16a]">&gt;&gt;</a>&nbsp;&nbsp;&nbsp;LED_TOGGLE
<LI><a href="#[160]">&gt;&gt;</a>&nbsp;&nbsp;&nbsp;MouseShootControl
<LI><a href="#[15d]">&gt;&gt;</a>&nbsp;&nbsp;&nbsp;RemoteShootControl
<LI><a href="#[11c]">&gt;&gt;</a>&nbsp;&nbsp;&nbsp;IIC_ReadBit
<LI><a href="#[11b]">&gt;&gt;</a>&nbsp;&nbsp;&nbsp;IIC_WriteBit
<LI><a href="#[118]">&gt;&gt;</a>&nbsp;&nbsp;&nbsp;IIC_WaitAck
<LI><a href="#[117]">&gt;&gt;</a>&nbsp;&nbsp;&nbsp;IIC_Ack
<LI><a href="#[116]">&gt;&gt;</a>&nbsp;&nbsp;&nbsp;IIC_Stop
<LI><a href="#[114]">&gt;&gt;</a>&nbsp;&nbsp;&nbsp;IIC_Start
</UL>

<P><STRONG><a name="[a1]"></a>GPIO_ResetBits</STRONG> (Thumb, 4 bytes, Stack size 0 bytes, stm32f4xx_gpio.o(.text))
<BR><BR>[Called By]<UL><LI><a href="#[75]">&gt;&gt;</a>&nbsp;&nbsp;&nbsp;Laser_Configuration
<LI><a href="#[16a]">&gt;&gt;</a>&nbsp;&nbsp;&nbsp;LED_TOGGLE
<LI><a href="#[160]">&gt;&gt;</a>&nbsp;&nbsp;&nbsp;MouseShootControl
<LI><a href="#[15d]">&gt;&gt;</a>&nbsp;&nbsp;&nbsp;RemoteShootControl
<LI><a href="#[11c]">&gt;&gt;</a>&nbsp;&nbsp;&nbsp;IIC_ReadBit
<LI><a href="#[11b]">&gt;&gt;</a>&nbsp;&nbsp;&nbsp;IIC_WriteBit
<LI><a href="#[118]">&gt;&gt;</a>&nbsp;&nbsp;&nbsp;IIC_WaitAck
<LI><a href="#[117]">&gt;&gt;</a>&nbsp;&nbsp;&nbsp;IIC_Ack
<LI><a href="#[116]">&gt;&gt;</a>&nbsp;&nbsp;&nbsp;IIC_Stop
<LI><a href="#[114]">&gt;&gt;</a>&nbsp;&nbsp;&nbsp;IIC_Start
<LI><a href="#[110]">&gt;&gt;</a>&nbsp;&nbsp;&nbsp;HEAT_Configuration
</UL>

<P><STRONG><a name="[1d1]"></a>GPIO_WriteBit</STRONG> (Thumb, 10 bytes, Stack size 0 bytes, stm32f4xx_gpio.o(.text), UNUSED)

<P><STRONG><a name="[1d2]"></a>GPIO_Write</STRONG> (Thumb, 4 bytes, Stack size 0 bytes, stm32f4xx_gpio.o(.text), UNUSED)

<P><STRONG><a name="[aa]"></a>GPIO_ToggleBits</STRONG> (Thumb, 8 bytes, Stack size 0 bytes, stm32f4xx_gpio.o(.text))
<BR><BR>[Called By]<UL><LI><a href="#[2f]">&gt;&gt;</a>&nbsp;&nbsp;&nbsp;TIM2_IRQHandler
<LI><a href="#[16a]">&gt;&gt;</a>&nbsp;&nbsp;&nbsp;LED_TOGGLE
</UL>

<P><STRONG><a name="[87]"></a>GPIO_PinAFConfig</STRONG> (Thumb, 70 bytes, Stack size 20 bytes, stm32f4xx_gpio.o(.text))
<BR><BR>[Stack]<UL><LI>Max Depth = 20<LI>Call Chain = GPIO_PinAFConfig
</UL>
<BR>[Called By]<UL><LI><a href="#[7d]">&gt;&gt;</a>&nbsp;&nbsp;&nbsp;USART3_Configuration
<LI><a href="#[7c]">&gt;&gt;</a>&nbsp;&nbsp;&nbsp;USART1_Configuration
<LI><a href="#[79]">&gt;&gt;</a>&nbsp;&nbsp;&nbsp;Quad_Encoder_Configuration
<LI><a href="#[73]">&gt;&gt;</a>&nbsp;&nbsp;&nbsp;PWM_Configuration
<LI><a href="#[7b]">&gt;&gt;</a>&nbsp;&nbsp;&nbsp;CAN2_Configuration
<LI><a href="#[7a]">&gt;&gt;</a>&nbsp;&nbsp;&nbsp;CAN1_Configuration
</UL>

<P><STRONG><a name="[1d3]"></a>RCC_DeInit</STRONG> (Thumb, 60 bytes, Stack size 0 bytes, stm32f4xx_rcc.o(.text), UNUSED)

[...]
<LI><a href="#[159]">&gt;&gt;</a>&nbsp;&nbsp;&nbsp;IsRemoteBeingAction
</UL>

<P><STRONG><a name="[102]"></a>__aeabi_cdrcmple</STRONG> (Thumb, 48 bytes, Stack size 0 bytes, cdrcmple.o(.text))
<BR><BR>[Called By]<UL><LI><a href="#[fe]">&gt;&gt;</a>&nbsp;&nbsp;&nbsp;Init_Quaternion
<LI><a href="#[159]">&gt;&gt;</a>&nbsp;&nbsp;&nbsp;IsRemoteBeingAction
</UL>

<P><STRONG><a name="[10a]"></a>__aeabi_d2f</STRONG> (Thumb, 56 bytes, Stack size 8 bytes, d2f.o(.text))
<BR><BR>[Stack]<UL><LI>Max Depth = 8<LI>Call Chain = __aeabi_d2f
</UL>
<BR>[Calls]<UL><LI><a href="#[185]">&gt;&gt;</a>&nbsp;&nbsp;&nbsp;_float_round
</UL>
<BR>[Called By]<UL><LI><a href="#[70]">&gt;&gt;</a>&nbsp;&nbsp;&nbsp;IMU_getYawPitchRoll
<LI><a href="#[106]">&gt;&gt;</a>&nbsp;&nbsp;&nbsp;IMU_AHRSupdate
<LI><a href="#[152]">&gt;&gt;</a>&nbsp;&nbsp;&nbsp;GMPitchControlLoop
<LI><a href="#[147]">&gt;&gt;</a>&nbsp;&nbsp;&nbsp;CMControlLoop
</UL>

<P><STRONG><a name="[17f]"></a>__aeabi_llsl</STRONG> (Thumb, 30 bytes, Stack size 0 bytes, llshl.o(.text))
<BR><BR>[Called By]<UL><LI><a href="#[149]">&gt;&gt;</a>&nbsp;&nbsp;&nbsp;__aeabi_dadd
<LI><a href="#[181]">&gt;&gt;</a>&nbsp;&nbsp;&nbsp;_double_epilogue
</UL>

<P><STRONG><a name="[268]"></a>_ll_shift_l</STRONG> (Thumb, 0 bytes, Stack size 0 bytes, llshl.o(.text), UNUSED)

<P><STRONG><a name="[184]"></a>__aeabi_llsr</STRONG> (Thumb, 32 bytes, Stack size 0 bytes, llushr.o(.text))
<BR><BR>[Called By]<UL><LI><a href="#[168]">&gt;&gt;</a>&nbsp;&nbsp;&nbsp;__aeabi_d2uiz
<LI><a href="#[181]">&gt;&gt;</a>&nbsp;&nbsp;&nbsp;_double_epilogue
<LI><a href="#[186]">&gt;&gt;</a>&nbsp;&nbsp;&nbsp;_dsqrt
</UL>

<P><STRONG><a name="[269]"></a>_ll_ushift_r</STRONG> (Thumb, 0 bytes, Stack size 0 bytes, llushr.o(.text), UNUSED)

<P><STRONG><a name="[180]"></a>__aeabi_lasr</STRONG> (Thumb, 36 bytes, Stack size 0 bytes, llsshr.o(.text))
<BR><BR>[Called By]<UL><LI><a href="#[149]">&gt;&gt;</a>&nbsp;&nbsp;&nbsp;__aeabi_dadd
</UL>

<P><STRONG><a name="[26a]"></a>_ll_sshift_r</STRONG> (Thumb, 0 bytes, Stack size 0 bytes, llsshr.o(.text), UNUSED)

<P><STRONG><a name="[26b]"></a>__I$use$fp</STRONG> (Thumb, 0 bytes, Stack size 0 bytes, iusefp.o(.text), UNUSED)

<P><STRONG><a name="[185]"></a>_float_round</STRONG> (Thumb, 18 bytes, Stack size 0 bytes, fepilogue.o(.text))
<BR><BR>[Called By]<UL><LI><a href="#[10a]">&gt;&gt;</a>&nbsp;&nbsp;&nbsp;__aeabi_d2f
</UL>

<P><STRONG><a name="[26c]"></a>_float_epilogue</STRONG> (Thumb, 92 bytes, Stack size 4 bytes, fepilogue.o(.text), UNUSED)

<P><STRONG><a name="[182]"></a>_double_round</STRONG> (Thumb, 30 bytes, Stack size 8 bytes, depilogue.o(.text))
<BR><BR>[Stack]<UL><LI>Max Depth = 8<LI>Call Chain = _double_round
</UL>
<BR>[Called By]<UL><LI><a href="#[10e]">&gt;&gt;</a>&nbsp;&nbsp;&nbsp;__aeabi_ddiv
<LI><a href="#[149]">&gt;&gt;</a>&nbsp;&nbsp;&nbsp;__aeabi_dadd
<LI><a href="#[181]">&gt;&gt;</a>&nbsp;&nbsp;&nbsp;_double_epilogue
<LI><a href="#[186]">&gt;&gt;</a>&nbsp;&nbsp;&nbsp;_dsqrt
</UL>

<P><STRONG><a name="[181]"></a>_double_epilogue</STRONG> (Thumb, 156 bytes, Stack size 32 bytes, depilogue.o(.text))
<BR><BR>[Stack]<UL><LI>Max Depth = 40<LI>Call Chain = _double_epilogue &rArr; _double_round
</UL>
<BR>[Calls]<UL><LI><a href="#[184]">&gt;&gt;</a>&nbsp;&nbsp;&nbsp;__aeabi_llsr
<LI><a href="#[17f]">&gt;&gt;</a>&nbsp;&nbsp;&nbsp;__aeabi_llsl
<LI><a href="#[182]">&gt;&gt;</a>&nbsp;&nbsp;&nbsp;_double_round
</UL>
<BR>[Called By]<UL><LI><a href="#[100]">&gt;&gt;</a>&nbsp;&nbsp;&nbsp;__aeabi_i2d
<LI><a href="#[10d]">&gt;&gt;</a>&nbsp;&nbsp;&nbsp;__aeabi_dmul
<LI><a href="#[149]">&gt;&gt;</a>&nbsp;&nbsp;&nbsp;__aeabi_dadd
</UL>

<P><STRONG><a name="[186]"></a>_dsqrt</STRONG> (Thumb, 162 bytes, Stack size 32 bytes, dsqrt.o(.text))
<BR><BR>[Stack]<UL><LI>Max Depth = 40<LI>Call Chain = _dsqrt &rArr; _double_round
</UL>
<BR>[Calls]<UL><LI><a href="#[184]">&gt;&gt;</a>&nbsp;&nbsp;&nbsp;__aeabi_llsr
<LI><a href="#[182]">&gt;&gt;</a>&nbsp;&nbsp;&nbsp;_double_round
</UL>
<BR>[Called By]<UL><LI><a href="#[191]">&gt;&gt;</a>&nbsp;&nbsp;&nbsp;sqrt
<LI><a href="#[109]">&gt;&gt;</a>&nbsp;&nbsp;&nbsp;__hardfp_sqrt
</UL>

<P><STRONG><a name="[6a]"></a>__scatterload</STRONG> (Thumb, 28 bytes, Stack size 0 bytes, init.o(.text))
<BR><BR>[Calls]<UL><LI><a href="#[187]">&gt;&gt;</a>&nbsp;&nbsp;&nbsp;__main_after_scatterload
</UL>
<BR>[Called By]<UL><LI><a href="#[69]">&gt;&gt;</a>&nbsp;&nbsp;&nbsp;_main_scatterload
</UL>

<P><STRONG><a name="[26d]"></a>__scatterload_rt2</STRONG> (Thumb, 0 bytes, Stack size 0 bytes, init.o(.text), UNUSED)

<P><STRONG><a name="[26e]"></a>__decompress</STRONG> (Thumb, 0 bytes, Stack size unknown bytes, __dczerorl2.o(.text), UNUSED)

<P><STRONG><a name="[26f]"></a>__decompress1</STRONG> (Thumb, 86 bytes, Stack size unknown bytes, __dczerorl2.o(.text), UNUSED)

<P><STRONG><a name="[188]"></a>__0printf$bare</STRONG> (Thumb, 8 bytes, Stack size 0 bytes, printfb.o(i.__0printf$bare), UNUSED)
<BR><BR>[Calls]<UL><LI><a href="#[189]">&gt;&gt;</a>&nbsp;&nbsp;&nbsp;_printf_core
</UL>

<P><STRONG><a name="[270]"></a>__1printf$bare</STRONG> (Thumb, 0 bytes, Stack size 0 bytes, printfb.o(i.__0printf$bare), UNUSED)

<P><STRONG><a name="[119]"></a>__2printf</STRONG> (Thumb, 0 bytes, Stack size 0 bytes, printfb.o(i.__0printf$bare))
<BR><BR>[Called By]<UL><LI><a href="#[80]">&gt;&gt;</a>&nbsp;&nbsp;&nbsp;MPU6050_EnableInt
<LI><a href="#[122]">&gt;&gt;</a>&nbsp;&nbsp;&nbsp;MPU6050_Init
<LI><a href="#[120]">&gt;&gt;</a>&nbsp;&nbsp;&nbsp;HMC5883_Init
<LI><a href="#[11f]">&gt;&gt;</a>&nbsp;&nbsp;&nbsp;MPU6050_ReadData
<LI><a href="#[11e]">&gt;&gt;</a>&nbsp;&nbsp;&nbsp;IIC_ReadData
<LI><a href="#[11d]">&gt;&gt;</a>&nbsp;&nbsp;&nbsp;IIC_WriteData
<LI><a href="#[118]">&gt;&gt;</a>&nbsp;&nbsp;&nbsp;IIC_WaitAck
</UL>

<P><STRONG><a name="[18d]"></a>__ARM_fpclassify</STRONG> (Thumb, 48 bytes, Stack size 8 bytes, fpclassify.o(i.__ARM_fpclassify))
<BR><BR>[Stack]<UL><LI>Max Depth = 8<LI>Call Chain = __ARM_fpclassify
</UL>
<BR>[Called By]<UL><LI><a href="#[192]">&gt;&gt;</a>&nbsp;&nbsp;&nbsp;__hardfp_atan
<LI><a href="#[10f]">&gt;&gt;</a>&nbsp;&nbsp;&nbsp;__hardfp_asin
</UL>

<P><STRONG><a name="[10f]"></a>__hardfp_asin</STRONG> (Thumb, 770 bytes, Stack size 88 bytes, asin.o(i.__hardfp_asin))
<BR><BR>[Stack]<UL><LI>Max Depth = 200<LI>Call Chain = __hardfp_asin &rArr; __kernel_poly &rArr; __aeabi_dmul &rArr; _double_epilogue &rArr; _double_round
</UL>
<BR>[Calls]<UL><LI><a href="#[10d]">&gt;&gt;</a>&nbsp;&nbsp;&nbsp;__aeabi_dmul
<LI><a href="#[10e]">&gt;&gt;</a>&nbsp;&nbsp;&nbsp;__aeabi_ddiv
<LI><a href="#[14a]">&gt;&gt;</a>&nbsp;&nbsp;&nbsp;__aeabi_dsub
<LI><a href="#[149]">&gt;&gt;</a>&nbsp;&nbsp;&nbsp;__aeabi_dadd
<LI><a href="#[18b]">&gt;&gt;</a>&nbsp;&nbsp;&nbsp;__set_errno
<LI><a href="#[18f]">&gt;&gt;</a>&nbsp;&nbsp;&nbsp;__kernel_poly
<LI><a href="#[18d]">&gt;&gt;</a>&nbsp;&nbsp;&nbsp;__ARM_fpclassify
<LI><a href="#[18e]">&gt;&gt;</a>&nbsp;&nbsp;&nbsp;__mathlib_dbl_underflow
<LI><a href="#[18c]">&gt;&gt;</a>&nbsp;&nbsp;&nbsp;__mathlib_dbl_invalid
<LI><a href="#[18a]">&gt;&gt;</a>&nbsp;&nbsp;&nbsp;__mathlib_dbl_infnan
<LI><a href="#[191]">&gt;&gt;</a>&nbsp;&nbsp;&nbsp;sqrt
<LI><a href="#[190]">&gt;&gt;</a>&nbsp;&nbsp;&nbsp;fabs
<LI><a href="#[183]">&gt;&gt;</a>&nbsp;&nbsp;&nbsp;__aeabi_drsub
</UL>
<BR>[Called By]<UL><LI><a href="#[70]">&gt;&gt;</a>&nbsp;&nbsp;&nbsp;IMU_getYawPitchRoll
</UL>

<P><STRONG><a name="[192]"></a>__hardfp_atan</STRONG> (Thumb, 622 bytes, Stack size 48 bytes, atan.o(i.__hardfp_atan))
<BR><BR>[Stack]<UL><LI>Max Depth = 160<LI>Call Chain = __hardfp_atan &rArr; __kernel_poly &rArr; __aeabi_dmul &rArr; _double_epilogue &rArr; _double_round
</UL>
<BR>[Calls]<UL><LI><a href="#[10d]">&gt;&gt;</a>&nbsp;&nbsp;&nbsp;__aeabi_dmul
<LI><a href="#[10e]">&gt;&gt;</a>&nbsp;&nbsp;&nbsp;__aeabi_ddiv
<LI><a href="#[14a]">&gt;&gt;</a>&nbsp;&nbsp;&nbsp;__aeabi_dsub
<LI><a href="#[149]">&gt;&gt;</a>&nbsp;&nbsp;&nbsp;__aeabi_dadd
<LI><a href="#[18f]">&gt;&gt;</a>&nbsp;&nbsp;&nbsp;__kernel_poly
<LI><a href="#[18d]">&gt;&gt;</a>&nbsp;&nbsp;&nbsp;__ARM_fpclassify
<LI><a href="#[18e]">&gt;&gt;</a>&nbsp;&nbsp;&nbsp;__mathlib_dbl_underflow
<LI><a href="#[18a]">&gt;&gt;</a>&nbsp;&nbsp;&nbsp;__mathlib_dbl_infnan
<LI><a href="#[190]">&gt;&gt;</a>&nbsp;&nbsp;&nbsp;fabs
<LI><a href="#[183]">&gt;&gt;</a>&nbsp;&nbsp;&nbsp;__aeabi_drsub
</UL>
<BR>[Called By]<UL><LI><a href="#[194]">&gt;&gt;</a>&nbsp;&nbsp;&nbsp;atan
</UL>

<P><STRONG><a name="[10c]"></a>__hardfp_atan2</STRONG> (Thumb, 432 bytes, Stack size 48 bytes, atan2.o(i.__hardfp_atan2))
<BR><BR>[Stack]<UL><LI>Max Depth = 216<LI>Call Chain = __hardfp_atan2 &rArr; atan &rArr; __hardfp_atan &rArr; __kernel_poly &rArr; __aeabi_dmul &rArr; _double_epilogue &rArr; _double_round
</UL>
<BR>[Calls]<UL><LI><a href="#[10e]">&gt;&gt;</a>&nbsp;&nbsp;&nbsp;__aeabi_ddiv
<LI><a href="#[14a]">&gt;&gt;</a>&nbsp;&nbsp;&nbsp;__aeabi_dsub
<LI><a href="#[193]">&gt;&gt;</a>&nbsp;&nbsp;&nbsp;__mathlib_dbl_infnan2
<LI><a href="#[194]">&gt;&gt;</a>&nbsp;&nbsp;&nbsp;atan
<LI><a href="#[190]">&gt;&gt;</a>&nbsp;&nbsp;&nbsp;fabs
<LI><a href="#[183]">&gt;&gt;</a>&nbsp;&nbsp;&nbsp;__aeabi_drsub
</UL>
<BR>[Called By]<UL><LI><a href="#[70]">&gt;&gt;</a>&nbsp;&nbsp;&nbsp;IMU_getYawPitchRoll
</UL>

<P><STRONG><a name="[101]"></a>__hardfp_fabs</STRONG> (Thumb, 20 bytes, Stack size 8 bytes, fabs.o(i.__hardfp_fabs))
<BR><BR>[Stack]<UL><LI>Max Depth = 8<LI>Call Chain = __hardfp_fabs
</UL>
<BR>[Called By]<UL><LI><a href="#[9b]">&gt;&gt;</a>&nbsp;&nbsp;&nbsp;CanReceiveMsgProcess
<LI><a href="#[fe]">&gt;&gt;</a>&nbsp;&nbsp;&nbsp;Init_Quaternion
<LI><a href="#[159]">&gt;&gt;</a>&nbsp;&nbsp;&nbsp;IsRemoteBeingAction
</UL>

<P><STRONG><a name="[109]"></a>__hardfp_sqrt</STRONG> (Thumb, 122 bytes, Stack size 32 bytes, sqrt.o(i.__hardfp_sqrt))
<BR><BR>[Stack]<UL><LI>Max Depth = 72<LI>Call Chain = __hardfp_sqrt &rArr; _dsqrt &rArr; _double_round
</UL>
<BR>[Calls]<UL><LI><a href="#[18b]">&gt;&gt;</a>&nbsp;&nbsp;&nbsp;__set_errno
<LI><a href="#[186]">&gt;&gt;</a>&nbsp;&nbsp;&nbsp;_dsqrt
</UL>
<BR>[Called By]<UL><LI><a href="#[106]">&gt;&gt;</a>&nbsp;&nbsp;&nbsp;IMU_AHRSupdate
</UL>

<P><STRONG><a name="[18f]"></a>__kernel_poly</STRONG> (Thumb, 248 bytes, Stack size 24 bytes, poly.o(i.__kernel_poly))
<BR><BR>[Stack]<UL><LI>Max Depth = 112<LI>Call Chain = __kernel_poly &rArr; __aeabi_dmul &rArr; _double_epilogue &rArr; _double_round
</UL>
<BR>[Calls]<UL><LI><a href="#[10d]">&gt;&gt;</a>&nbsp;&nbsp;&nbsp;__aeabi_dmul
<LI><a href="#[149]">&gt;&gt;</a>&nbsp;&nbsp;&nbsp;__aeabi_dadd
</UL>
<BR>[Called By]<UL><LI><a href="#[192]">&gt;&gt;</a>&nbsp;&nbsp;&nbsp;__hardfp_atan
<LI><a href="#[10f]">&gt;&gt;</a>&nbsp;&nbsp;&nbsp;__hardfp_asin
</UL>

<P><STRONG><a name="[18a]"></a>__mathlib_dbl_infnan</STRONG> (Thumb, 20 bytes, Stack size 8 bytes, dunder.o(i.__mathlib_dbl_infnan))
<BR><BR>[Stack]<UL><LI>Max Depth = 96<LI>Call Chain = __mathlib_dbl_infnan &rArr; __aeabi_dadd &rArr; _double_epilogue &rArr; _double_round
</UL>
<BR>[Calls]<UL><LI><a href="#[149]">&gt;&gt;</a>&nbsp;&nbsp;&nbsp;__aeabi_dadd
</UL>
<BR>[Called By]<UL><LI><a href="#[192]">&gt;&gt;</a>&nbsp;&nbsp;&nbsp;__hardfp_atan
<LI><a href="#[10f]">&gt;&gt;</a>&nbsp;&nbsp;&nbsp;__hardfp_asin
</UL>

<P><STRONG><a name="[193]"></a>__mathlib_dbl_infnan2</STRONG> (Thumb, 20 bytes, Stack size 8 bytes, dunder.o(i.__mathlib_dbl_infnan2))
<BR><BR>[Stack]<UL><LI>Max Depth = 96<LI>Call Chain = __mathlib_dbl_infnan2 &rArr; __aeabi_dadd &rArr; _double_epilogue &rArr; _double_round
</UL>
<BR>[Calls]<UL><LI><a href="#[149]">&gt;&gt;</a>&nbsp;&nbsp;&nbsp;__aeabi_dadd
</UL>
<BR>[Called By]<UL><LI><a href="#[10c]">&gt;&gt;</a>&nbsp;&nbsp;&nbsp;__hardfp_atan2
</UL>

<P><STRONG><a name="[18c]"></a>__mathlib_dbl_invalid</STRONG> (Thumb, 24 bytes, Stack size 8 bytes, dunder.o(i.__mathlib_dbl_invalid))
<BR><BR>[Stack]<UL><LI>Max Depth = 48<LI>Call Chain = __mathlib_dbl_invalid &rArr; __aeabi_ddiv &rArr; _double_round
</UL>
<BR>[Calls]<UL><LI><a href="#[10e]">&gt;&gt;</a>&nbsp;&nbsp;&nbsp;__aeabi_ddiv
</UL>
<BR>[Called By]<UL><LI><a href="#[10f]">&gt;&gt;</a>&nbsp;&nbsp;&nbsp;__hardfp_asin
</UL>

<P><STRONG><a name="[18e]"></a>__mathlib_dbl_underflow</STRONG> (Thumb, 24 bytes, Stack size 8 bytes, dunder.o(i.__mathlib_dbl_underflow))
<BR><BR>[Stack]<UL><LI>Max Depth = 96<LI>Call Chain = __mathlib_dbl_underflow &rArr; __aeabi_dmul &rArr; _double_epilogue &rArr; _double_round
</UL>
<BR>[Calls]<UL><LI><a href="#[10d]">&gt;&gt;</a>&nbsp;&nbsp;&nbsp;__aeabi_dmul
</UL>
<BR>[Called By]<UL><LI><a href="#[192]">&gt;&gt;</a>&nbsp;&nbsp;&nbsp;__hardfp_atan
<LI><a href="#[10f]">&gt;&gt;</a>&nbsp;&nbsp;&nbsp;__hardfp_asin
</UL>

<P><STRONG><a name="[271]"></a>__scatterload_copy</STRONG> (Thumb, 14 bytes, Stack size unknown bytes, handlers.o(i.__scatterload_copy), UNUSED)

<P><STRONG><a name="[272]"></a>__scatterload_null</STRONG> (Thumb, 2 bytes, Stack size unknown bytes, handlers.o(i.__scatterload_null), UNUSED)

<P><STRONG><a name="[273]"></a>__scatterload_zeroinit</STRONG> (Thumb, 14 bytes, Stack size unknown bytes, handlers.o(i.__scatterload_zeroinit), UNUSED)

<P><STRONG><a name="[18b]"></a>__set_errno</STRONG> (Thumb, 6 bytes, Stack size 0 bytes, errno.o(i.__set_errno))
<BR><BR>[Called By]<UL><LI><a href="#[191]">&gt;&gt;</a>&nbsp;&nbsp;&nbsp;sqrt
<LI><a href="#[109]">&gt;&gt;</a>&nbsp;&nbsp;&nbsp;__hardfp_sqrt
<LI><a href="#[10f]">&gt;&gt;</a>&nbsp;&nbsp;&nbsp;__hardfp_asin
</UL>

<P><STRONG><a name="[194]"></a>atan</STRONG> (Thumb, 16 bytes, Stack size 8 bytes, atan.o(i.atan))
<BR><BR>[Stack]<UL><LI>Max Depth = 168<LI>Call Chain = atan &rArr; __hardfp_atan &rArr; __kernel_poly &rArr; __aeabi_dmul &rArr; _double_epilogue &rArr; _double_round
</UL>
<BR>[Calls]<UL><LI><a href="#[192]">&gt;&gt;</a>&nbsp;&nbsp;&nbsp;__hardfp_atan
</UL>
<BR>[Called By]<UL><LI><a href="#[10c]">&gt;&gt;</a>&nbsp;&nbsp;&nbsp;__hardfp_atan2
</UL>

<P><STRONG><a name="[190]"></a>fabs</STRONG> (Thumb, 24 bytes, Stack size 8 bytes, fabs.o(i.fabs))
<BR><BR>[Stack]<UL><LI>Max Depth = 8<LI>Call Chain = fabs
</UL>
<BR>[Called By]<UL><LI><a href="#[192]">&gt;&gt;</a>&nbsp;&nbsp;&nbsp;__hardfp_atan
<LI><a href="#[10c]">&gt;&gt;</a>&nbsp;&nbsp;&nbsp;__hardfp_atan2
<LI><a href="#[10f]">&gt;&gt;</a>&nbsp;&nbsp;&nbsp;__hardfp_asin
</UL>

<P><STRONG><a name="[177]"></a>free</STRONG> (Thumb, 76 bytes, Stack size 8 bytes, malloc.o(i.free), UNUSED)
<BR><BR>[Called By]<UL><LI><a href="#[179]">&gt;&gt;</a>&nbsp;&nbsp;&nbsp;FIFO_S_Destory
<LI><a href="#[176]">&gt;&gt;</a>&nbsp;&nbsp;&nbsp;FIFO_Destory
</UL>

<P><STRONG><a name="[175]"></a>malloc</STRONG> (Thumb, 92 bytes, Stack size 20 bytes, malloc.o(i.malloc))
<BR><BR>[Stack]<UL><LI>Max Depth = 20<LI>Call Chain = malloc
</UL>
<BR>[Called By]<UL><LI><a href="#[c1]">&gt;&gt;</a>&nbsp;&nbsp;&nbsp;FIFO_S_Create
<LI><a href="#[174]">&gt;&gt;</a>&nbsp;&nbsp;&nbsp;FIFO_Create
</UL>

<P><STRONG><a name="[191]"></a>sqrt</STRONG> (Thumb, 110 bytes, Stack size 32 bytes, sqrt.o(i.sqrt))
<BR><BR>[Stack]<UL><LI>Max Depth = 72<LI>Call Chain = sqrt &rArr; _dsqrt &rArr; _double_round
</UL>
<BR>[Calls]<UL><LI><a href="#[18b]">&gt;&gt;</a>&nbsp;&nbsp;&nbsp;__set_errno
<LI><a href="#[186]">&gt;&gt;</a>&nbsp;&nbsp;&nbsp;_dsqrt
</UL>
<BR>[Called By]<UL><LI><a href="#[10f]">&gt;&gt;</a>&nbsp;&nbsp;&nbsp;__hardfp_asin
</UL>
<P>
<H3>
Local Symbols
</H3>
<P><STRONG><a name="[ac]"></a>USART1_FIFO_Init</STRONG> (Thumb, 16 bytes, Stack size 8 bytes, usart1.o(.text))
<BR><BR>[Stack]<UL><LI>Max Depth = 16<LI>Call Chain = USART1_FIFO_Init &rArr; FIFO_Init
</UL>
<BR>[Calls]<UL><LI><a href="#[ad]">&gt;&gt;</a>&nbsp;&nbsp;&nbsp;FIFO_Init
</UL>
<BR>[Called By]<UL><LI><a href="#[7c]">&gt;&gt;</a>&nbsp;&nbsp;&nbsp;USART1_Configuration
</UL>

<P><STRONG><a name="[d8]"></a>BSP_FLASH_ReadByte</STRONG> (Thumb, 6 bytes, Stack size 0 bytes, bsp_flash.o(.text), UNUSED)
<BR><BR>[Called By]<UL><LI><a href="#[d7]">&gt;&gt;</a>&nbsp;&nbsp;&nbsp;BSP_FLASH_Read
</UL>

<P><STRONG><a name="[da]"></a>CheckITStatus</STRONG> (Thumb, 18 bytes, Stack size 0 bytes, stm32f4xx_can.o(.text))
<BR><BR>[Called By]<UL><LI><a href="#[97]">&gt;&gt;</a>&nbsp;&nbsp;&nbsp;CAN_GetITStatus
</UL>

<P><STRONG><a name="[f3]"></a>TI4_Config</STRONG> (Thumb, 80 bytes, Stack size 20 bytes, stm32f4xx_tim.o(.text), UNUSED)
<BR><BR>[Called By]<UL><LI><a href="#[ec]">&gt;&gt;</a>&nbsp;&nbsp;&nbsp;TIM_ICInit
</UL>

<P><STRONG><a name="[f1]"></a>TI3_Config</STRONG> (Thumb, 72 bytes, Stack size 20 bytes, stm32f4xx_tim.o(.text), UNUSED)
<BR><BR>[Called By]<UL><LI><a href="#[ec]">&gt;&gt;</a>&nbsp;&nbsp;&nbsp;TIM_ICInit
</UL>

<P><STRONG><a name="[ef]"></a>TI2_Config</STRONG> (Thumb, 90 bytes, Stack size 20 bytes, stm32f4xx_tim.o(.text), UNUSED)
<BR><BR>[Called By]<UL><LI><a href="#[f8]">&gt;&gt;</a>&nbsp;&nbsp;&nbsp;TIM_TIxExternalClockConfig
<LI><a href="#[f5]">&gt;&gt;</a>&nbsp;&nbsp;&nbsp;TIM_PWMIConfig
<LI><a href="#[ec]">&gt;&gt;</a>&nbsp;&nbsp;&nbsp;TIM_ICInit
</UL>

<P><STRONG><a name="[ed]"></a>TI1_Config</STRONG> (Thumb, 58 bytes, Stack size 20 bytes, stm32f4xx_tim.o(.text), UNUSED)
<BR><BR>[Called By]<UL><LI><a href="#[f8]">&gt;&gt;</a>&nbsp;&nbsp;&nbsp;TIM_TIxExternalClockConfig
<LI><a href="#[f5]">&gt;&gt;</a>&nbsp;&nbsp;&nbsp;TIM_PWMIConfig
<LI><a href="#[ec]">&gt;&gt;</a>&nbsp;&nbsp;&nbsp;TIM_ICInit
</UL>

<P><STRONG><a name="[fd]"></a>SetSysClock</STRONG> (Thumb, 220 bytes, Stack size 12 bytes, system_stm32f4xx.o(.text))
<BR><BR>[Stack]<UL><LI>Max Depth = 12<LI>Call Chain = SetSysClock
</UL>
<BR>[Called By]<UL><LI><a href="#[66]">&gt;&gt;</a>&nbsp;&nbsp;&nbsp;SystemInit
</UL>

<P><STRONG><a name="[129]"></a>AppParamSave</STRONG> (Thumb, 20 bytes, Stack size 8 bytes, iotask.o(.text))
<BR><BR>[Stack]<UL><LI>Max Depth = 80<LI>Call Chain = AppParamSave &rArr; BSP_FLASH_Write &rArr; FLASH_EraseSector &rArr; FLASH_WaitForLastOperation
</UL>
<BR>[Calls]<UL><LI><a href="#[d0]">&gt;&gt;</a>&nbsp;&nbsp;&nbsp;BSP_FLASH_Write
</UL>
<BR>[Called By]<UL><LI><a href="#[131]">&gt;&gt;</a>&nbsp;&nbsp;&nbsp;SetPIDCaliData
<LI><a href="#[130]">&gt;&gt;</a>&nbsp;&nbsp;&nbsp;SetMagCaliData
<LI><a href="#[12f]">&gt;&gt;</a>&nbsp;&nbsp;&nbsp;SetAccCaliData
<LI><a href="#[12e]">&gt;&gt;</a>&nbsp;&nbsp;&nbsp;SetGyroCaliData
<LI><a href="#[12d]">&gt;&gt;</a>&nbsp;&nbsp;&nbsp;SetGimbalCaliData
</UL>

<P><STRONG><a name="[154]"></a>SetWorkState</STRONG> (Thumb, 6 bytes, Stack size 0 bytes, controltask.o(.text))
<BR><BR>[Called By]<UL><LI><a href="#[6b]">&gt;&gt;</a>&nbsp;&nbsp;&nbsp;ControtLoopTaskInit
</UL>

<P><STRONG><a name="[155]"></a>WorkStateSwitchProcess</STRONG> (Thumb, 30 bytes, Stack size 8 bytes, controltask.o(.text))
<BR><BR>[Stack]<UL><LI>Max Depth = 112<LI>Call Chain = WorkStateSwitchProcess &rArr; ControtLoopTaskInit &rArr; AppParamInit
</UL>
<BR>[Calls]<UL><LI><a href="#[6c]">&gt;&gt;</a>&nbsp;&nbsp;&nbsp;RemoteTaskInit
<LI><a href="#[6b]">&gt;&gt;</a>&nbsp;&nbsp;&nbsp;ControtLoopTaskInit
</UL>
<BR>[Called By]<UL><LI><a href="#[ab]">&gt;&gt;</a>&nbsp;&nbsp;&nbsp;Control_Task
</UL>

<P><STRONG><a name="[16c]"></a>ScanHeader</STRONG> (Thumb, 128 bytes, Stack size 8 bytes, protocal_parser.o(.text))
<BR><BR>[Stack]<UL><LI>Max Depth = 36<LI>Call Chain = ScanHeader &rArr; Verify_CRC8_Check_Sum &rArr; Get_CRC8_Check_Sum
</UL>
<BR>[Calls]<UL><LI><a href="#[16d]">&gt;&gt;</a>&nbsp;&nbsp;&nbsp;Verify_CRC8_Check_Sum
</UL>
<BR>[Called By]<UL><LI><a href="#[ca]">&gt;&gt;</a>&nbsp;&nbsp;&nbsp;FrameUnpack
</UL>

<P><STRONG><a name="[189]"></a>_printf_core</STRONG> (Thumb, 34 bytes, Stack size 24 bytes, printfb.o(i._printf_core), UNUSED)
<BR><BR>[Called By]<UL><LI><a href="#[188]">&gt;&gt;</a>&nbsp;&nbsp;&nbsp;__0printf$bare
</UL>
<P>
<H3>
Undefined Global Symbols
</H3><HR></body></html>
