Archive member included to satisfy reference by file (symbol)

/home/alchemic_ronin/STM32/gcc-arm-none-eabi-9-2019-q4-major/bin/../lib/gcc/arm-none-eabi/9.2.1/thumb/v7e-m/nofp/libgcc.a(_aeabi_uldivmod.o)
                              CMakeFiles/RoboMaster06.elf.dir/Drivers/STM32F4xx_HAL_Driver/Src/stm32f4xx_hal_rcc.c.obj (__aeabi_uldivmod)
/home/alchemic_ronin/STM32/gcc-arm-none-eabi-9-2019-q4-major/bin/../lib/gcc/arm-none-eabi/9.2.1/thumb/v7e-m/nofp/libgcc.a(_udivmoddi4.o)
                              /home/alchemic_ronin/STM32/gcc-arm-none-eabi-9-2019-q4-major/bin/../lib/gcc/arm-none-eabi/9.2.1/thumb/v7e-m/nofp/libgcc.a(_aeabi_uldivmod.o) (__udivmoddi4)
/home/alchemic_ronin/STM32/gcc-arm-none-eabi-9-2019-q4-major/bin/../lib/gcc/arm-none-eabi/9.2.1/thumb/v7e-m/nofp/libgcc.a(_dvmd_tls.o)
                              /home/alchemic_ronin/STM32/gcc-arm-none-eabi-9-2019-q4-major/bin/../lib/gcc/arm-none-eabi/9.2.1/thumb/v7e-m/nofp/libgcc.a(_aeabi_uldivmod.o) (__aeabi_ldiv0)
/home/alchemic_ronin/STM32/gcc-arm-none-eabi-9-2019-q4-major/bin/../lib/gcc/arm-none-eabi/9.2.1/../../../../arm-none-eabi/lib/thumb/v7e-m/nofp/libg_nano.a(lib_a-errno.o)
                              CMakeFiles/RoboMaster06.elf.dir/Src/syscalls.c.obj (__errno)
/home/alchemic_ronin/STM32/gcc-arm-none-eabi-9-2019-q4-major/bin/../lib/gcc/arm-none-eabi/9.2.1/../../../../arm-none-eabi/lib/thumb/v7e-m/nofp/libg_nano.a(lib_a-exit.o)
                              /home/alchemic_ronin/STM32/gcc-arm-none-eabi-9-2019-q4-major/bin/../lib/gcc/arm-none-eabi/9.2.1/../../../../arm-none-eabi/lib/thumb/v7e-m/nofp/crt0.o (exit)
/home/alchemic_ronin/STM32/gcc-arm-none-eabi-9-2019-q4-major/bin/../lib/gcc/arm-none-eabi/9.2.1/../../../../arm-none-eabi/lib/thumb/v7e-m/nofp/libg_nano.a(lib_a-impure.o)
                              /home/alchemic_ronin/STM32/gcc-arm-none-eabi-9-2019-q4-major/bin/../lib/gcc/arm-none-eabi/9.2.1/../../../../arm-none-eabi/lib/thumb/v7e-m/nofp/libg_nano.a(lib_a-exit.o) (_global_impure_ptr)
/home/alchemic_ronin/STM32/gcc-arm-none-eabi-9-2019-q4-major/bin/../lib/gcc/arm-none-eabi/9.2.1/../../../../arm-none-eabi/lib/thumb/v7e-m/nofp/libg_nano.a(lib_a-init.o)
                              /home/alchemic_ronin/STM32/gcc-arm-none-eabi-9-2019-q4-major/bin/../lib/gcc/arm-none-eabi/9.2.1/../../../../arm-none-eabi/lib/thumb/v7e-m/nofp/crt0.o (__libc_init_array)
/home/alchemic_ronin/STM32/gcc-arm-none-eabi-9-2019-q4-major/bin/../lib/gcc/arm-none-eabi/9.2.1/../../../../arm-none-eabi/lib/thumb/v7e-m/nofp/libg_nano.a(lib_a-memcpy-stub.o)
                              CMakeFiles/RoboMaster06.elf.dir/Src/main.c.obj (memcpy)
/home/alchemic_ronin/STM32/gcc-arm-none-eabi-9-2019-q4-major/bin/../lib/gcc/arm-none-eabi/9.2.1/../../../../arm-none-eabi/lib/thumb/v7e-m/nofp/libg_nano.a(lib_a-memset.o)
                              /home/alchemic_ronin/STM32/gcc-arm-none-eabi-9-2019-q4-major/bin/../lib/gcc/arm-none-eabi/9.2.1/../../../../arm-none-eabi/lib/thumb/v7e-m/nofp/crt0.o (memset)
/home/alchemic_ronin/STM32/gcc-arm-none-eabi-9-2019-q4-major/bin/../lib/gcc/arm-none-eabi/9.2.1/../../../../arm-none-eabi/lib/thumb/v7e-m/nofp/libg_nano.a(lib_a-sprintf.o)
                              CMakeFiles/RoboMaster06.elf.dir/Src/main.c.obj (sprintf)
/home/alchemic_ronin/STM32/gcc-arm-none-eabi-9-2019-q4-major/bin/../lib/gcc/arm-none-eabi/9.2.1/../../../../arm-none-eabi/lib/thumb/v7e-m/nofp/libg_nano.a(lib_a-strlen.o)
                              CMakeFiles/RoboMaster06.elf.dir/Src/main.c.obj (strlen)
/home/alchemic_ronin/STM32/gcc-arm-none-eabi-9-2019-q4-major/bin/../lib/gcc/arm-none-eabi/9.2.1/../../../../arm-none-eabi/lib/thumb/v7e-m/nofp/libg_nano.a(lib_a-nano-svfprintf.o)
                              /home/alchemic_ronin/STM32/gcc-arm-none-eabi-9-2019-q4-major/bin/../lib/gcc/arm-none-eabi/9.2.1/../../../../arm-none-eabi/lib/thumb/v7e-m/nofp/libg_nano.a(lib_a-sprintf.o) (_svfprintf_r)
/home/alchemic_ronin/STM32/gcc-arm-none-eabi-9-2019-q4-major/bin/../lib/gcc/arm-none-eabi/9.2.1/../../../../arm-none-eabi/lib/thumb/v7e-m/nofp/libg_nano.a(lib_a-nano-vfprintf_i.o)
                              /home/alchemic_ronin/STM32/gcc-arm-none-eabi-9-2019-q4-major/bin/../lib/gcc/arm-none-eabi/9.2.1/../../../../arm-none-eabi/lib/thumb/v7e-m/nofp/libg_nano.a(lib_a-nano-svfprintf.o) (_printf_i)
/home/alchemic_ronin/STM32/gcc-arm-none-eabi-9-2019-q4-major/bin/../lib/gcc/arm-none-eabi/9.2.1/../../../../arm-none-eabi/lib/thumb/v7e-m/nofp/libg_nano.a(lib_a-memchr.o)
                              /home/alchemic_ronin/STM32/gcc-arm-none-eabi-9-2019-q4-major/bin/../lib/gcc/arm-none-eabi/9.2.1/../../../../arm-none-eabi/lib/thumb/v7e-m/nofp/libg_nano.a(lib_a-nano-svfprintf.o) (memchr)
/home/alchemic_ronin/STM32/gcc-arm-none-eabi-9-2019-q4-major/bin/../lib/gcc/arm-none-eabi/9.2.1/../../../../arm-none-eabi/lib/thumb/v7e-m/nofp/libg_nano.a(lib_a-memmove.o)
[...]
Memory Configuration

Name             Origin             Length             Attributes
RAM              0x0000000020000000 0x0000000000030000 xrw
CCMRAM           0x0000000010000000 0x0000000000010000 xrw
FLASH            0x0000000008000000 0x0000000000200000 xr
*default*        0x0000000000000000 0xffffffffffffffff

Linker script and memory map

LOAD /home/alchemic_ronin/STM32/gcc-arm-none-eabi-9-2019-q4-major/bin/../lib/gcc/arm-none-eabi/9.2.1/thumb/v7e-m/nofp/crti.o
LOAD /home/alchemic_ronin/STM32/gcc-arm-none-eabi-9-2019-q4-major/bin/../lib/gcc/arm-none-eabi/9.2.1/thumb/v7e-m/nofp/crtbegin.o
LOAD /home/alchemic_ronin/STM32/gcc-arm-none-eabi-9-2019-q4-major/bin/../lib/gcc/arm-none-eabi/9.2.1/../../../../arm-none-eabi/lib/thumb/v7e-m/nofp/crt0.o
LOAD CMakeFiles/RoboMaster06.elf.dir/Drivers/STM32F4xx_HAL_Driver/Src/stm32f4xx_hal.c.obj
LOAD CMakeFiles/RoboMaster06.elf.dir/Drivers/STM32F4xx_HAL_Driver/Src/stm32f4xx_hal_can.c.obj
LOAD CMakeFiles/RoboMaster06.elf.dir/Drivers/STM32F4xx_HAL_Driver/Src/stm32f4xx_hal_cortex.c.obj
LOAD CMakeFiles/RoboMaster06.elf.dir/Drivers/STM32F4xx_HAL_Driver/Src/stm32f4xx_hal_dma.c.obj
LOAD CMakeFiles/RoboMaster06.elf.dir/Drivers/STM32F4xx_HAL_Driver/Src/stm32f4xx_hal_dma_ex.c.obj
LOAD CMakeFiles/RoboMaster06.elf.dir/Drivers/STM32F4xx_HAL_Driver/Src/stm32f4xx_hal_exti.c.obj
LOAD CMakeFiles/RoboMaster06.elf.dir/Drivers/STM32F4xx_HAL_Driver/Src/stm32f4xx_hal_flash.c.obj
LOAD CMakeFiles/RoboMaster06.elf.dir/Drivers/STM32F4xx_HAL_Driver/Src/stm32f4xx_hal_flash_ex.c.obj
LOAD CMakeFiles/RoboMaster06.elf.dir/Drivers/STM32F4xx_HAL_Driver/Src/stm32f4xx_hal_flash_ramfunc.c.obj
LOAD CMakeFiles/RoboMaster06.elf.dir/Drivers/STM32F4xx_HAL_Driver/Src/stm32f4xx_hal_gpio.c.obj
LOAD CMakeFiles/RoboMaster06.elf.dir/Drivers/STM32F4xx_HAL_Driver/Src/stm32f4xx_hal_pwr.c.obj
LOAD CMakeFiles/RoboMaster06.elf.dir/Drivers/STM32F4xx_HAL_Driver/Src/stm32f4xx_hal_pwr_ex.c.obj
LOAD CMakeFiles/RoboMaster06.elf.dir/Drivers/STM32F4xx_HAL_Driver/Src/stm32f4xx_hal_rcc.c.obj
LOAD CMakeFiles/RoboMaster06.elf.dir/Drivers/STM32F4xx_HAL_Driver/Src/stm32f4xx_hal_rcc_ex.c.obj
LOAD CMakeFiles/RoboMaster06.elf.dir/Drivers/STM32F4xx_HAL_Driver/Src/stm32f4xx_hal_tim.c.obj
LOAD CMakeFiles/RoboMaster06.elf.dir/Drivers/STM32F4xx_HAL_Driver/Src/stm32f4xx_hal_tim_ex.c.obj
LOAD CMakeFiles/RoboMaster06.elf.dir/Drivers/STM32F4xx_HAL_Driver/Src/stm32f4xx_hal_uart.c.obj
LOAD CMakeFiles/RoboMaster06.elf.dir/Src/main.c.obj
LOAD CMakeFiles/RoboMaster06.elf.dir/Src/stm32f4xx_hal_msp.c.obj
LOAD CMakeFiles/RoboMaster06.elf.dir/Src/stm32f4xx_it.c.obj
LOAD CMakeFiles/RoboMaster06.elf.dir/Src/syscalls.c.obj
LOAD CMakeFiles/RoboMaster06.elf.dir/Src/system_stm32f4xx.c.obj
LOAD CMakeFiles/RoboMaster06.elf.dir/startup/startup_stm32f427xx.s.obj
START GROUP
LOAD /home/alchemic_ronin/STM32/gcc-arm-none-eabi-9-2019-q4-major/bin/../lib/gcc/arm-none-eabi/9.2.1/thumb/v7e-m/nofp/libgcc.a
LOAD /home/alchemic_ronin/STM32/gcc-arm-none-eabi-9-2019-q4-major/bin/../lib/gcc/arm-none-eabi/9.2.1/../../../../arm-none-eabi/lib/thumb/v7e-m/nofp/libg_nano.a
LOAD /home/alchemic_ronin/STM32/gcc-arm-none-eabi-9-2019-q4-major/bin/../lib/gcc/arm-none-eabi/9.2.1/../../../../arm-none-eabi/lib/thumb/v7e-m/nofp/libc_nano.a
END GROUP
START GROUP
LOAD /home/alchemic_ronin/STM32/gcc-arm-none-eabi-9-2019-q4-major/bin/../lib/gcc/arm-none-eabi/9.2.1/thumb/v7e-m/nofp/libgcc.a
LOAD /home/alchemic_ronin/STM32/gcc-arm-none-eabi-9-2019-q4-major/bin/../lib/gcc/arm-none-eabi/9.2.1/../../../../arm-none-eabi/lib/thumb/v7e-m/nofp/libc_nano.a
LOAD /home/alchemic_ronin/STM32/gcc-arm-none-eabi-9-2019-q4-major/bin/../lib/gcc/arm-none-eabi/9.2.1/../../../../arm-none-eabi/lib/thumb/v7e-m/nofp/libnosys.a
END GROUP
START GROUP
LOAD /home/alchemic_ronin/STM32/gcc-arm-none-eabi-9-2019-q4-major/bin/../lib/gcc/arm-none-eabi/9.2.1/thumb/v7e-m/nofp/libgcc.a
LOAD /home/alchemic_ronin/STM32/gcc-arm-none-eabi-9-2019-q4-major/bin/../lib/gcc/arm-none-eabi/9.2.1/../../../../arm-none-eabi/lib/thumb/v7e-m/nofp/libc_nano.a
LOAD /home/alchemic_ronin/STM32/gcc-arm-none-eabi-9-2019-q4-major/bin/../lib/gcc/arm-none-eabi/9.2.1/../../../../arm-none-eabi/lib/thumb/v7e-m/nofp/libnosys.a
END GROUP
LOAD /home/alchemic_ronin/STM32/gcc-arm-none-eabi-9-2019-q4-major/bin/../lib/gcc/arm-none-eabi/9.2.1/thumb/v7e-m/nofp/crtend.o
LOAD /home/alchemic_ronin/STM32/gcc-arm-none-eabi-9-2019-q4-major/bin/../lib/gcc/arm-none-eabi/9.2.1/thumb/v7e-m/nofp/crtn.o
                0x0000000020030000                _estack = 0x20030000
                0x0000000000000200                _Min_Heap_Size = 0x200
                0x0000000000000400                _Min_Stack_Size = 0x400

.isr_vector     0x0000000008000000      0x1ac
                0x0000000008000000                . = ALIGN (0x4)
 *(.isr_vector)
 .isr_vector    0x0000000008000000      0x1ac CMakeFiles/RoboMaster06.elf.dir/startup/startup_stm32f427xx.s.obj
                0x0000000008000000                g_pfnVectors
                0x00000000080001ac                . = ALIGN (0x4)

.text           0x00000000080001b0     0x4064
                0x00000000080001b0                . = ALIGN (0x4)
 *(.text)
 .text          0x00000000080001b0       0x40 /home/alchemic_ronin/STM32/gcc-arm-none-eabi-9-2019-q4-major/bin/../lib/gcc/arm-none-eabi/9.2.1/thumb/v7e-m/nofp/crtbegin.o
 .text          0x00000000080001f0       0x30 /home/alchemic_ronin/STM32/gcc-arm-none-eabi-9-2019-q4-major/bin/../lib/gcc/arm-none-eabi/9.2.1/thumb/v7e-m/nofp/libgcc.a(_aeabi_uldivmod.o)
                0x00000000080001f0                __aeabi_uldivmod
 .text          0x0000000008000220      0x2c0 /home/alchemic_ronin/STM32/gcc-arm-none-eabi-9-2019-q4-major/bin/../lib/gcc/arm-none-eabi/9.2.1/thumb/v7e-m/nofp/libgcc.a(_udivmoddi4.o)
                0x0000000008000220                __udivmoddi4
 .text          0x00000000080004e0        0x4 /home/alchemic_ronin/STM32/gcc-arm-none-eabi-9-2019-q4-major/bin/../lib/gcc/arm-none-eabi/9.2.1/thumb/v7e-m/nofp/libgcc.a(_dvmd_tls.o)
                0x00000000080004e0                __aeabi_ldiv0
                0x00000000080004e0                __aeabi_idiv0
 .text          0x00000000080004e4       0x10 /home/alchemic_ronin/STM32/gcc-arm-none-eabi-9-2019-q4-major/bin/../lib/gcc/arm-none-eabi/9.2.1/../../../../arm-none-eabi/lib/thumb/v7e-m/nofp/libg_nano.a(lib_a-strlen.o)
                0x00000000080004e4                strlen
 *fill*         0x00000000080004f4        0xc 
 .text          0x0000000008000500       0xa0 /home/alchemic_ronin/STM32/gcc-arm-none-eabi-9-2019-q4-major/bin/../lib/gcc/arm-none-eabi/9.2.1/../../../../arm-none-eabi/lib/thumb/v7e-m/nofp/libg_nano.a(lib_a-memchr.o)
                0x0000000008000500                memchr
 *(.text*)
 .text.HAL_Init
                0x00000000080005a0       0x44 CMakeFiles/RoboMaster06.elf.dir/Drivers/STM32F4xx_HAL_Driver/Src/stm32f4xx_hal.c.obj
                0x00000000080005a0                HAL_Init
 .text.HAL_InitTick
                0x00000000080005e4       0x60 CMakeFiles/RoboMaster06.elf.dir/Drivers/STM32F4xx_HAL_Driver/Src/stm32f4xx_hal.c.obj
                0x00000000080005e4                HAL_InitTick
 .text.HAL_IncTick
                0x0000000008000644       0x24 CMakeFiles/RoboMaster06.elf.dir/Drivers/STM32F4xx_HAL_Driver/Src/stm32f4xx_hal.c.obj
                0x0000000008000644                HAL_IncTick
 .text.HAL_GetTick
                0x0000000008000668       0x14 CMakeFiles/RoboMaster06.elf.dir/Drivers/STM32F4xx_HAL_Driver/Src/stm32f4xx_hal.c.obj
                0x0000000008000668                HAL_GetTick
 .text.HAL_Delay
                0x000000000800067c       0x48 CMakeFiles/RoboMaster06.elf.dir/Drivers/STM32F4xx_HAL_Driver/Src/stm32f4xx_hal.c.obj
                0x000000000800067c                HAL_Delay
 .text.HAL_CAN_Init
                0x00000000080006c4      0x1f6 CMakeFiles/RoboMaster06.elf.dir/Drivers/STM32F4xx_HAL_Driver/Src/stm32f4xx_hal_can.c.obj
                0x00000000080006c4                HAL_CAN_Init
 *fill*         0x00000000080008ba        0x2 
 .text.HAL_CAN_ConfigFilter
                0x00000000080008bc      0x1c0 CMakeFiles/RoboMaster06.elf.dir/Drivers/STM32F4xx_HAL_Driver/Src/stm32f4xx_hal_can.c.obj
                0x00000000080008bc                HAL_CAN_ConfigFilter
 .text.HAL_CAN_Start
                0x0000000008000a7c       0x88 CMakeFiles/RoboMaster06.elf.dir/Drivers/STM32F4xx_HAL_Driver/Src/stm32f4xx_hal_can.c.obj
                0x0000000008000a7c                HAL_CAN_Start
 .text.HAL_CAN_AddTxMessage
                0x0000000008000b04      0x1b4 CMakeFiles/RoboMaster06.elf.dir/Drivers/STM32F4xx_HAL_Driver/Src/stm32f4xx_hal_can.c.obj
                0x0000000008000b04                HAL_CAN_AddTxMessage
 .text.HAL_CAN_IsTxMessagePending
                0x0000000008000cb8       0x46 CMakeFiles/RoboMaster06.elf.dir/Drivers/STM32F4xx_HAL_Driver/Src/stm32f4xx_hal_can.c.obj
                0x0000000008000cb8                HAL_CAN_IsTxMessagePending
 .text.HAL_CAN_GetRxMessage
                0x0000000008000cfe      0x222 CMakeFiles/RoboMaster06.elf.dir/Drivers/STM32F4xx_HAL_Driver/Src/stm32f4xx_hal_can.c.obj
                0x0000000008000cfe                HAL_CAN_GetRxMessage
 .text.HAL_CAN_ActivateNotification
                0x0000000008000f20       0x4a CMakeFiles/RoboMaster06.elf.dir/Drivers/STM32F4xx_HAL_Driver/Src/stm32f4xx_hal_can.c.obj
                0x0000000008000f20                HAL_CAN_ActivateNotification
 .text.HAL_CAN_IRQHandler
                0x0000000008000f6a      0x36e CMakeFiles/RoboMaster06.elf.dir/Drivers/STM32F4xx_HAL_Driver/Src/stm32f4xx_hal_can.c.obj
                0x0000000008000f6a                HAL_CAN_IRQHandler
 .text.HAL_CAN_TxMailbox0CompleteCallback
                0x00000000080012d8       0x12 CMakeFiles/RoboMaster06.elf.dir/Drivers/STM32F4xx_HAL_Driver/Src/stm32f4xx_hal_can.c.obj
                0x00000000080012d8                HAL_CAN_TxMailbox0CompleteCallback
 .text.HAL_CAN_TxMailbox1CompleteCallback
                0x00000000080012ea       0x12 CMakeFiles/RoboMaster06.elf.dir/Drivers/STM32F4xx_HAL_Driver/Src/stm32f4xx_hal_can.c.obj
                0x00000000080012ea                HAL_CAN_TxMailbox1CompleteCallback
 .text.HAL_CAN_TxMailbox2CompleteCallback
                0x00000000080012fc       0x12 CMakeFiles/RoboMaster06.elf.dir/Drivers/STM32F4xx_HAL_Driver/Src/stm32f4xx_hal_can.c.obj
                0x00000000080012fc                HAL_CAN_TxMailbox2CompleteCallback
 .text.HAL_CAN_TxMailbox0AbortCallback
                0x000000000800130e       0x12 CMakeFiles/RoboMaster06.elf.dir/Drivers/STM32F4xx_HAL_Driver/Src/stm32f4xx_hal_can.c.obj
                0x000000000800130e                HAL_CAN_TxMailbox0AbortCallback
 .text.HAL_CAN_TxMailbox1AbortCallback
                0x0000000008001320       0x12 CMakeFiles/RoboMaster06.elf.dir/Drivers/STM32F4xx_HAL_Driver/Src/stm32f4xx_hal_can.c.obj
                0x0000000008001320                HAL_CAN_TxMailbox1AbortCallback
 .text.HAL_CAN_TxMailbox2AbortCallback
                0x0000000008001332       0x12 CMakeFiles/RoboMaster06.elf.dir/Drivers/STM32F4xx_HAL_Driver/Src/stm32f4xx_hal_can.c.obj
                0x0000000008001332                HAL_CAN_TxMailbox2AbortCallback
 .text.HAL_CAN_RxFifo0FullCallback
                0x0000000008001344       0x12 CMakeFiles/RoboMaster06.elf.dir/Drivers/STM32F4xx_HAL_Driver/Src/stm32f4xx_hal_can.c.obj
                0x0000000008001344                HAL_CAN_RxFifo0FullCallback
 .text.HAL_CAN_RxFifo1MsgPendingCallback
                0x0000000008001356       0x12 CMakeFiles/RoboMaster06.elf.dir/Drivers/STM32F4xx_HAL_Driver/Src/stm32f4xx_hal_can.c.obj
                0x0000000008001356                HAL_CAN_RxFifo1MsgPendingCallback
 .text.HAL_CAN_RxFifo1FullCallback
                0x0000000008001368       0x12 CMakeFiles/RoboMaster06.elf.dir/Drivers/STM32F4xx_HAL_Driver/Src/stm32f4xx_hal_can.c.obj
                0x0000000008001368                HAL_CAN_RxFifo1FullCallback
 .text.HAL_CAN_SleepCallback
                0x000000000800137a       0x12 CMakeFiles/RoboMaster06.elf.dir/Drivers/STM32F4xx_HAL_Driver/Src/stm32f4xx_hal_can.c.obj
                0x000000000800137a                HAL_CAN_SleepCallback
 .text.HAL_CAN_WakeUpFromRxMsgCallback
                0x000000000800138c       0x12 CMakeFiles/RoboMaster06.elf.dir/Drivers/STM32F4xx_HAL_Driver/Src/stm32f4xx_hal_can.c.obj
                0x000000000800138c                HAL_CAN_WakeUpFromRxMsgCallback
 .text.HAL_CAN_ErrorCallback
                0x000000000800139e       0x12 CMakeFiles/RoboMaster06.elf.dir/Drivers/STM32F4xx_HAL_Driver/Src/stm32f4xx_hal_can.c.obj
                0x000000000800139e                HAL_CAN_ErrorCallback
 .text.__NVIC_SetPriorityGrouping
                0x00000000080013b0       0x48 CMakeFiles/RoboMaster06.elf.dir/Drivers/STM32F4xx_HAL_Driver/Src/stm32f4xx_hal_cortex.c.obj
 .text.__NVIC_GetPriorityGrouping
                0x00000000080013f8       0x1c CMakeFiles/RoboMaster06.elf.dir/Drivers/STM32F4xx_HAL_Driver/Src/stm32f4xx_hal_cortex.c.obj
 .text.__NVIC_EnableIRQ
                0x0000000008001414       0x38 CMakeFiles/RoboMaster06.elf.dir/Drivers/STM32F4xx_HAL_Driver/Src/stm32f4xx_hal_cortex.c.obj
 .text.__NVIC_SetPriority
                0x000000000800144c       0x54 CMakeFiles/RoboMaster06.elf.dir/Drivers/STM32F4xx_HAL_Driver/Src/stm32f4xx_hal_cortex.c.obj
 .text.NVIC_EncodePriority
                0x00000000080014a0       0x64 CMakeFiles/RoboMaster06.elf.dir/Drivers/STM32F4xx_HAL_Driver/Src/stm32f4xx_hal_cortex.c.obj
 .text.SysTick_Config
                0x0000000008001504       0x44 CMakeFiles/RoboMaster06.elf.dir/Drivers/STM32F4xx_HAL_Driver/Src/stm32f4xx_hal_cortex.c.obj
 .text.HAL_NVIC_SetPriorityGrouping
                0x0000000008001548       0x16 CMakeFiles/RoboMaster06.elf.dir/Drivers/STM32F4xx_HAL_Driver/Src/stm32f4xx_hal_cortex.c.obj
                0x0000000008001548                HAL_NVIC_SetPriorityGrouping
 .text.HAL_NVIC_SetPriority
                0x000000000800155e       0x38 CMakeFiles/RoboMaster06.elf.dir/Drivers/STM32F4xx_HAL_Driver/Src/stm32f4xx_hal_cortex.c.obj
                0x000000000800155e                HAL_NVIC_SetPriority
 .text.HAL_NVIC_EnableIRQ
                0x0000000008001596       0x1c CMakeFiles/RoboMaster06.elf.dir/Drivers/STM32F4xx_HAL_Driver/Src/stm32f4xx_hal_cortex.c.obj
                0x0000000008001596                HAL_NVIC_EnableIRQ
 .text.HAL_SYSTICK_Config
                0x00000000080015b2       0x18 CMakeFiles/RoboMaster06.elf.dir/Drivers/STM32F4xx_HAL_Driver/Src/stm32f4xx_hal_cortex.c.obj
                0x00000000080015b2                HAL_SYSTICK_Config
 .text.HAL_DMA_Abort_IT
                0x00000000080015ca       0x42 CMakeFiles/RoboMaster06.elf.dir/Drivers/STM32F4xx_HAL_Driver/Src/stm32f4xx_hal_dma.c.obj
                0x00000000080015ca                HAL_DMA_Abort_IT
 .text.HAL_GPIO_Init
                0x000000000800160c      0x354 CMakeFiles/RoboMaster06.elf.dir/Drivers/STM32F4xx_HAL_Driver/Src/stm32f4xx_hal_gpio.c.obj
                0x000000000800160c                HAL_GPIO_Init
 .text.HAL_GPIO_EXTI_IRQHandler
                0x0000000008001960       0x30 CMakeFiles/RoboMaster06.elf.dir/Drivers/STM32F4xx_HAL_Driver/Src/stm32f4xx_hal_gpio.c.obj
                0x0000000008001960                HAL_GPIO_EXTI_IRQHandler
 .text.HAL_RCC_OscConfig
                0x0000000008001990      0x4e0 CMakeFiles/RoboMaster06.elf.dir/Drivers/STM32F4xx_HAL_Driver/Src/stm32f4xx_hal_rcc.c.obj
                0x0000000008001990                HAL_RCC_OscConfig
 .text.HAL_RCC_ClockConfig
                0x0000000008001e70      0x1cc CMakeFiles/RoboMaster06.elf.dir/Drivers/STM32F4xx_HAL_Driver/Src/stm32f4xx_hal_rcc.c.obj
                0x0000000008001e70                HAL_RCC_ClockConfig
 .text.HAL_RCC_GetSysClockFreq
                0x000000000800203c      0x16c CMakeFiles/RoboMaster06.elf.dir/Drivers/STM32F4xx_HAL_Driver/Src/stm32f4xx_hal_rcc.c.obj
                0x000000000800203c                HAL_RCC_GetSysClockFreq
 .text.HAL_RCC_GetHCLKFreq
                0x00000000080021a8       0x14 CMakeFiles/RoboMaster06.elf.dir/Drivers/STM32F4xx_HAL_Driver/Src/stm32f4xx_hal_rcc.c.obj
                0x00000000080021a8                HAL_RCC_GetHCLKFreq
 .text.HAL_RCC_GetPCLK1Freq
                0x00000000080021bc       0x28 CMakeFiles/RoboMaster06.elf.dir/Drivers/STM32F4xx_HAL_Driver/Src/stm32f4xx_hal_rcc.c.obj
                0x00000000080021bc                HAL_RCC_GetPCLK1Freq
 .text.HAL_RCC_GetPCLK2Freq
                0x00000000080021e4       0x28 CMakeFiles/RoboMaster06.elf.dir/Drivers/STM32F4xx_HAL_Driver/Src/stm32f4xx_hal_rcc.c.obj
                0x00000000080021e4                HAL_RCC_GetPCLK2Freq
 .text.HAL_UART_Init
                0x000000000800220c       0x9a CMakeFiles/RoboMaster06.elf.dir/Drivers/STM32F4xx_HAL_Driver/Src/stm32f4xx_hal_uart.c.obj
                0x000000000800220c                HAL_UART_Init
 .text.HAL_UART_Transmit
                0x00000000080022a6      0x132 CMakeFiles/RoboMaster06.elf.dir/Drivers/STM32F4xx_HAL_Driver/Src/stm32f4xx_hal_uart.c.obj
                0x00000000080022a6                HAL_UART_Transmit
 .text.HAL_UART_IRQHandler
                0x00000000080023d8      0x200 CMakeFiles/RoboMaster06.elf.dir/Drivers/STM32F4xx_HAL_Driver/Src/stm32f4xx_hal_uart.c.obj
                0x00000000080023d8                HAL_UART_IRQHandler
 .text.HAL_UART_TxCpltCallback
                0x00000000080025d8       0x12 CMakeFiles/RoboMaster06.elf.dir/Drivers/STM32F4xx_HAL_Driver/Src/stm32f4xx_hal_uart.c.obj
                0x00000000080025d8                HAL_UART_TxCpltCallback
 .text.HAL_UART_RxCpltCallback
                0x00000000080025ea       0x12 CMakeFiles/RoboMaster06.elf.dir/Drivers/STM32F4xx_HAL_Driver/Src/stm32f4xx_hal_uart.c.obj
                0x00000000080025ea                HAL_UART_RxCpltCallback
 .text.HAL_UART_ErrorCallback
                0x00000000080025fc       0x12 CMakeFiles/RoboMaster06.elf.dir/Drivers/STM32F4xx_HAL_Driver/Src/stm32f4xx_hal_uart.c.obj
                0x00000000080025fc                HAL_UART_ErrorCallback
 .text.UART_WaitOnFlagUntilTimeout
                0x000000000800260e       0x94 CMakeFiles/RoboMaster06.elf.dir/Drivers/STM32F4xx_HAL_Driver/Src/stm32f4xx_hal_uart.c.obj
 .text.UART_EndRxTransfer
                0x00000000080026a2       0x3a CMakeFiles/RoboMaster06.elf.dir/Drivers/STM32F4xx_HAL_Driver/Src/stm32f4xx_hal_uart.c.obj
 .text.UART_DMAAbortOnError
                0x00000000080026dc       0x28 CMakeFiles/RoboMaster06.elf.dir/Drivers/STM32F4xx_HAL_Driver/Src/stm32f4xx_hal_uart.c.obj
 .text.UART_Transmit_IT
                0x0000000008002704       0xaa CMakeFiles/RoboMaster06.elf.dir/Drivers/STM32F4xx_HAL_Driver/Src/stm32f4xx_hal_uart.c.obj
 .text.UART_EndTransmit_IT
                0x00000000080027ae       0x30 CMakeFiles/RoboMaster06.elf.dir/Drivers/STM32F4xx_HAL_Driver/Src/stm32f4xx_hal_uart.c.obj
 .text.UART_Receive_IT
                0x00000000080027de      0x102 CMakeFiles/RoboMaster06.elf.dir/Drivers/STM32F4xx_HAL_Driver/Src/stm32f4xx_hal_uart.c.obj
 .text.UART_SetConfig
                0x00000000080028e0      0x740 CMakeFiles/RoboMaster06.elf.dir/Drivers/STM32F4xx_HAL_Driver/Src/stm32f4xx_hal_uart.c.obj
 .text.main     0x0000000008003020       0xe0 CMakeFiles/RoboMaster06.elf.dir/Src/main.c.obj
                0x0000000008003020                main
 .text.SystemClock_Config
                0x0000000008003100       0xd4 CMakeFiles/RoboMaster06.elf.dir/Src/main.c.obj
                0x0000000008003100                SystemClock_Config
 .text.MX_CAN1_Init
                0x00000000080031d4       0x6c CMakeFiles/RoboMaster06.elf.dir/Src/main.c.obj
 .text.MX_UART7_Init
                0x0000000008003240       0x54 CMakeFiles/RoboMaster06.elf.dir/Src/main.c.obj
 .text.MX_GPIO_Init
                0x0000000008003294       0xc4 CMakeFiles/RoboMaster06.elf.dir/Src/main.c.obj
 .text.can_filter_enable
                0x0000000008003358       0x44 CMakeFiles/RoboMaster06.elf.dir/Src/main.c.obj
                0x0000000008003358                can_filter_enable
 .text.can_filter_disable
                0x000000000800339c       0x44 CMakeFiles/RoboMaster06.elf.dir/Src/main.c.obj
                0x000000000800339c                can_filter_disable
 .text.can_transmit
                0x00000000080033e0       0xae CMakeFiles/RoboMaster06.elf.dir/Src/main.c.obj
                0x00000000080033e0                can_transmit
 *fill*         0x000000000800348e        0x2 
 .text.HAL_CAN_RxFifo0MsgPendingCallback
                0x0000000008003490       0x44 CMakeFiles/RoboMaster06.elf.dir/Src/main.c.obj
                0x0000000008003490                HAL_CAN_RxFifo0MsgPendingCallback
 .text.can1_read
                0x00000000080034d4       0x30 CMakeFiles/RoboMaster06.elf.dir/Src/main.c.obj
                0x00000000080034d4                can1_read
 .text.get_motor_data
                0x0000000008003504       0x6a CMakeFiles/RoboMaster06.elf.dir/Src/main.c.obj
                0x0000000008003504                get_motor_data
 *fill*         0x000000000800356e        0x2 
 .text.print_motor_data
                0x0000000008003570       0x4c CMakeFiles/RoboMaster06.elf.dir/Src/main.c.obj
                0x0000000008003570                print_motor_data
 .text.HAL_GPIO_EXTI_Callback
                0x00000000080035bc       0x78 CMakeFiles/RoboMaster06.elf.dir/Src/main.c.obj
                0x00000000080035bc                HAL_GPIO_EXTI_Callback
 .text.Error_Handler
                0x0000000008003634        0xc CMakeFiles/RoboMaster06.elf.dir/Src/main.c.obj
                0x0000000008003634                Error_Handler
 .text.HAL_MspInit
                0x0000000008003640       0x4c CMakeFiles/RoboMaster06.elf.dir/Src/stm32f4xx_hal_msp.c.obj
                0x0000000008003640                HAL_MspInit
 .text.HAL_CAN_MspInit
                0x000000000800368c       0xb0 CMakeFiles/RoboMaster06.elf.dir/Src/stm32f4xx_hal_msp.c.obj
                0x000000000800368c                HAL_CAN_MspInit
 .text.HAL_UART_MspInit
                0x000000000800373c       0xa0 CMakeFiles/RoboMaster06.elf.dir/Src/stm32f4xx_hal_msp.c.obj
                0x000000000800373c                HAL_UART_MspInit
 .text.NMI_Handler
                0x00000000080037dc        0xc CMakeFiles/RoboMaster06.elf.dir/Src/stm32f4xx_it.c.obj
                0x00000000080037dc                NMI_Handler
 .text.HardFault_Handler
                0x00000000080037e8        0x6 CMakeFiles/RoboMaster06.elf.dir/Src/stm32f4xx_it.c.obj
                0x00000000080037e8                HardFault_Handler
 .text.MemManage_Handler
                0x00000000080037ee        0x6 CMakeFiles/RoboMaster06.elf.dir/Src/stm32f4xx_it.c.obj
                0x00000000080037ee                MemManage_Handler
 .text.BusFault_Handler
                0x00000000080037f4        0x6 CMakeFiles/RoboMaster06.elf.dir/Src/stm32f4xx_it.c.obj
                0x00000000080037f4                BusFault_Handler
 .text.UsageFault_Handler
                0x00000000080037fa        0x6 CMakeFiles/RoboMaster06.elf.dir/Src/stm32f4xx_it.c.obj
                0x00000000080037fa                UsageFault_Handler
 .text.SVC_Handler
                0x0000000008003800        0xc CMakeFiles/RoboMaster06.elf.dir/Src/stm32f4xx_it.c.obj
                0x0000000008003800                SVC_Handler
 .text.DebugMon_Handler
                0x000000000800380c        0xc CMakeFiles/RoboMaster06.elf.dir/Src/stm32f4xx_it.c.obj
                0x000000000800380c                DebugMon_Handler
 .text.PendSV_Handler
                0x0000000008003818        0xc CMakeFiles/RoboMaster06.elf.dir/Src/stm32f4xx_it.c.obj
                0x0000000008003818                PendSV_Handler
 .text.SysTick_Handler
                0x0000000008003824        0xc CMakeFiles/RoboMaster06.elf.dir/Src/stm32f4xx_it.c.obj
                0x0000000008003824                SysTick_Handler
 .text.EXTI2_IRQHandler
                0x0000000008003830        0xe CMakeFiles/RoboMaster06.elf.dir/Src/stm32f4xx_it.c.obj
                0x0000000008003830                EXTI2_IRQHandler
 *fill*         0x000000000800383e        0x2 
 .text.CAN1_TX_IRQHandler
                0x0000000008003840       0x14 CMakeFiles/RoboMaster06.elf.dir/Src/stm32f4xx_it.c.obj
                0x0000000008003840                CAN1_TX_IRQHandler
 .text.CAN1_RX0_IRQHandler
                0x0000000008003854       0x14 CMakeFiles/RoboMaster06.elf.dir/Src/stm32f4xx_it.c.obj
                0x0000000008003854                CAN1_RX0_IRQHandler
 .text.UART7_IRQHandler
                0x0000000008003868       0x14 CMakeFiles/RoboMaster06.elf.dir/Src/stm32f4xx_it.c.obj
                0x0000000008003868                UART7_IRQHandler
 .text._sbrk    0x000000000800387c       0x58 CMakeFiles/RoboMaster06.elf.dir/Src/syscalls.c.obj
                0x000000000800387c                _sbrk
 .text.SystemInit
                0x00000000080038d4       0x18 CMakeFiles/RoboMaster06.elf.dir/Src/system_stm32f4xx.c.obj
                0x00000000080038d4                SystemInit
 .text.Reset_Handler
                0x00000000080038ec       0x50 CMakeFiles/RoboMaster06.elf.dir/startup/startup_stm32f427xx.s.obj
                0x00000000080038ec                Reset_Handler
 .text.Default_Handler
                0x000000000800393c        0x2 CMakeFiles/RoboMaster06.elf.dir/startup/startup_stm32f427xx.s.obj
                0x000000000800393c                RTC_Alarm_IRQHandler
                0x000000000800393c                HASH_RNG_IRQHandler
                0x000000000800393c                TIM8_CC_IRQHandler
                0x000000000800393c                UART8_IRQHandler
                0x000000000800393c                SPI4_IRQHandler
                0x000000000800393c                TIM1_CC_IRQHandler
                0x000000000800393c                DMA2_Stream5_IRQHandler
                0x000000000800393c                DMA1_Stream5_IRQHandler
                0x000000000800393c                PVD_IRQHandler
                0x000000000800393c                SDIO_IRQHandler
                0x000000000800393c                TAMP_STAMP_IRQHandler
                0x000000000800393c                CAN2_RX1_IRQHandler
                0x000000000800393c                EXTI3_IRQHandler
                0x000000000800393c                TIM8_TRG_COM_TIM14_IRQHandler
                0x000000000800393c                TIM1_UP_TIM10_IRQHandler
                0x000000000800393c                TIM8_UP_TIM13_IRQHandler
                0x000000000800393c                I2C3_ER_IRQHandler
                0x000000000800393c                EXTI0_IRQHandler
                0x000000000800393c                I2C2_EV_IRQHandler
                0x000000000800393c                DMA1_Stream2_IRQHandler
                0x000000000800393c                FPU_IRQHandler
                0x000000000800393c                OTG_HS_WKUP_IRQHandler
                0x000000000800393c                CAN2_SCE_IRQHandler
                0x000000000800393c                DMA2_Stream2_IRQHandler
                0x000000000800393c                SPI1_IRQHandler
                0x000000000800393c                TIM6_DAC_IRQHandler
                0x000000000800393c                TIM1_BRK_TIM9_IRQHandler
                0x000000000800393c                DCMI_IRQHandler
                0x000000000800393c                CAN2_RX0_IRQHandler
                0x000000000800393c                DMA2_Stream3_IRQHandler
                0x000000000800393c                USART6_IRQHandler
                0x000000000800393c                USART3_IRQHandler
                0x000000000800393c                CAN1_RX1_IRQHandler
                0x000000000800393c                UART5_IRQHandler
                0x000000000800393c                DMA2_Stream0_IRQHandler
                0x000000000800393c                TIM4_IRQHandler
                0x000000000800393c                I2C1_EV_IRQHandler
                0x000000000800393c                DMA1_Stream6_IRQHandler
                0x000000000800393c                DMA1_Stream1_IRQHandler
                0x000000000800393c                UART4_IRQHandler
                0x000000000800393c                TIM3_IRQHandler
                0x000000000800393c                RCC_IRQHandler
                0x000000000800393c                TIM8_BRK_TIM12_IRQHandler
                0x000000000800393c                Default_Handler
                0x000000000800393c                EXTI15_10_IRQHandler
                0x000000000800393c                ADC_IRQHandler
                0x000000000800393c                DMA1_Stream7_IRQHandler
                0x000000000800393c                SPI5_IRQHandler
                0x000000000800393c                TIM7_IRQHandler
                0x000000000800393c                CAN2_TX_IRQHandler
                0x000000000800393c                TIM5_IRQHandler
                0x000000000800393c                DMA2_Stream7_IRQHandler
                0x000000000800393c                I2C3_EV_IRQHandler
                0x000000000800393c                EXTI9_5_IRQHandler
                0x000000000800393c                RTC_WKUP_IRQHandler
                0x000000000800393c                ETH_WKUP_IRQHandler
                0x000000000800393c                SPI2_IRQHandler
                0x000000000800393c                OTG_HS_EP1_IN_IRQHandler
                0x000000000800393c                DMA1_Stream0_IRQHandler
                0x000000000800393c                EXTI4_IRQHandler
                0x000000000800393c                ETH_IRQHandler
                0x000000000800393c                OTG_HS_EP1_OUT_IRQHandler
                0x000000000800393c                WWDG_IRQHandler
                0x000000000800393c                SPI6_IRQHandler
                0x000000000800393c                TIM2_IRQHandler
                0x000000000800393c                OTG_FS_WKUP_IRQHandler
                0x000000000800393c                TIM1_TRG_COM_TIM11_IRQHandler
                0x000000000800393c                OTG_HS_IRQHandler
                0x000000000800393c                DMA2D_IRQHandler
                0x000000000800393c                EXTI1_IRQHandler
                0x000000000800393c                USART2_IRQHandler
                0x000000000800393c                I2C2_ER_IRQHandler
                0x000000000800393c                DMA2_Stream1_IRQHandler
                0x000000000800393c                CAN1_SCE_IRQHandler
                0x000000000800393c                FLASH_IRQHandler
                0x000000000800393c                DMA2_Stream4_IRQHandler
                0x000000000800393c                USART1_IRQHandler
                0x000000000800393c                OTG_FS_IRQHandler
                0x000000000800393c                SPI3_IRQHandler
                0x000000000800393c                DMA1_Stream4_IRQHandler
                0x000000000800393c                I2C1_ER_IRQHandler
                0x000000000800393c                FMC_IRQHandler
                0x000000000800393c                DMA2_Stream6_IRQHandler
                0x000000000800393c                SAI1_IRQHandler
                0x000000000800393c                DMA1_Stream3_IRQHandler
 *fill*         0x000000000800393e        0x2 
 .text.__errno  0x0000000008003940        0xc /home/alchemic_ronin/STM32/gcc-arm-none-eabi-9-2019-q4-major/bin/../lib/gcc/arm-none-eabi/9.2.1/../../../../arm-none-eabi/lib/thumb/v7e-m/nofp/libg_nano.a(lib_a-errno.o)
                0x0000000008003940                __errno
 .text.__libc_init_array
                0x000000000800394c       0x48 /home/alchemic_ronin/STM32/gcc-arm-none-eabi-9-2019-q4-major/bin/../lib/gcc/arm-none-eabi/9.2.1/../../../../arm-none-eabi/lib/thumb/v7e-m/nofp/libg_nano.a(lib_a-init.o)
                0x000000000800394c                __libc_init_array
 .text.memcpy   0x0000000008003994       0x1c /home/alchemic_ronin/STM32/gcc-arm-none-eabi-9-2019-q4-major/bin/../lib/gcc/arm-none-eabi/9.2.1/../../../../arm-none-eabi/lib/thumb/v7e-m/nofp/libg_nano.a(lib_a-memcpy-stub.o)
                0x0000000008003994                memcpy
 .text.memset   0x00000000080039b0       0x10 /home/alchemic_ronin/STM32/gcc-arm-none-eabi-9-2019-q4-major/bin/../lib/gcc/arm-none-eabi/9.2.1/../../../../arm-none-eabi/lib/thumb/v7e-m/nofp/libg_nano.a(lib_a-memset.o)
                0x00000000080039b0                memset
 .text.sprintf  0x00000000080039c0       0x40 /home/alchemic_ronin/STM32/gcc-arm-none-eabi-9-2019-q4-major/bin/../lib/gcc/arm-none-eabi/9.2.1/../../../../arm-none-eabi/lib/thumb/v7e-m/nofp/libg_nano.a(lib_a-sprintf.o)
                0x00000000080039c0                sprintf
                0x00000000080039c0                siprintf
 .text.__ssputs_r
                0x0000000008003a00       0xb6 /home/alchemic_ronin/STM32/gcc-arm-none-eabi-9-2019-q4-major/bin/../lib/gcc/arm-none-eabi/9.2.1/../../../../arm-none-eabi/lib/thumb/v7e-m/nofp/libg_nano.a(lib_a-nano-svfprintf.o)
                0x0000000008003a00                __ssputs_r
 *fill*         0x0000000008003ab6        0x2 
 .text._svfprintf_r
                0x0000000008003ab8      0x200 /home/alchemic_ronin/STM32/gcc-arm-none-eabi-9-2019-q4-major/bin/../lib/gcc/arm-none-eabi/9.2.1/../../../../arm-none-eabi/lib/thumb/v7e-m/nofp/libg_nano.a(lib_a-nano-svfprintf.o)
                0x0000000008003ab8                _svfprintf_r
                0x0000000008003ab8                _svfiprintf_r
 .text._printf_common
                0x0000000008003cb8       0xda /home/alchemic_ronin/STM32/gcc-arm-none-eabi-9-2019-q4-major/bin/../lib/gcc/arm-none-eabi/9.2.1/../../../../arm-none-eabi/lib/thumb/v7e-m/nofp/libg_nano.a(lib_a-nano-vfprintf_i.o)
                0x0000000008003cb8                _printf_common
 *fill*         0x0000000008003d92        0x2 
 .text._printf_i
                0x0000000008003d94      0x24c /home/alchemic_ronin/STM32/gcc-arm-none-eabi-9-2019-q4-major/bin/../lib/gcc/arm-none-eabi/9.2.1/../../../../arm-none-eabi/lib/thumb/v7e-m/nofp/libg_nano.a(lib_a-nano-vfprintf_i.o)
                0x0000000008003d94                _printf_i
 .text.memmove  0x0000000008003fe0       0x34 /home/alchemic_ronin/STM32/gcc-arm-none-eabi-9-2019-q4-major/bin/../lib/gcc/arm-none-eabi/9.2.1/../../../../arm-none-eabi/lib/thumb/v7e-m/nofp/libg_nano.a(lib_a-memmove.o)
                0x0000000008003fe0                memmove
 .text._free_r  0x0000000008004014       0x9c /home/alchemic_ronin/STM32/gcc-arm-none-eabi-9-2019-q4-major/bin/../lib/gcc/arm-none-eabi/9.2.1/../../../../arm-none-eabi/lib/thumb/v7e-m/nofp/libg_nano.a(lib_a-nano-freer.o)
                0x0000000008004014                _free_r
 .text._malloc_r
                0x00000000080040b0       0xb4 /home/alchemic_ronin/STM32/gcc-arm-none-eabi-9-2019-q4-major/bin/../lib/gcc/arm-none-eabi/9.2.1/../../../../arm-none-eabi/lib/thumb/v7e-m/nofp/libg_nano.a(lib_a-nano-mallocr.o)
                0x00000000080040b0                _malloc_r
 .text._realloc_r
                0x0000000008004164       0x4c /home/alchemic_ronin/STM32/gcc-arm-none-eabi-9-2019-q4-major/bin/../lib/gcc/arm-none-eabi/9.2.1/../../../../arm-none-eabi/lib/thumb/v7e-m/nofp/libg_nano.a(lib_a-nano-reallocr.o)
                0x0000000008004164                _realloc_r
 .text._sbrk_r  0x00000000080041b0       0x20 /home/alchemic_ronin/STM32/gcc-arm-none-eabi-9-2019-q4-major/bin/../lib/gcc/arm-none-eabi/9.2.1/../../../../arm-none-eabi/lib/thumb/v7e-m/nofp/libg_nano.a(lib_a-sbrkr.o)
                0x00000000080041b0                _sbrk_r
 .text.__malloc_lock
                0x00000000080041d0        0xc /home/alchemic_ronin/STM32/gcc-arm-none-eabi-9-2019-q4-major/bin/../lib/gcc/arm-none-eabi/9.2.1/../../../../arm-none-eabi/lib/thumb/v7e-m/nofp/libg_nano.a(lib_a-mlock.o)
                0x00000000080041d0                __malloc_lock
 .text.__malloc_unlock
                0x00000000080041dc        0xc /home/alchemic_ronin/STM32/gcc-arm-none-eabi-9-2019-q4-major/bin/../lib/gcc/arm-none-eabi/9.2.1/../../../../arm-none-eabi/lib/thumb/v7e-m/nofp/libg_nano.a(lib_a-mlock.o)
                0x00000000080041dc                __malloc_unlock
 .text._malloc_usable_size_r
                0x00000000080041e8       0x10 /home/alchemic_ronin/STM32/gcc-arm-none-eabi-9-2019-q4-major/bin/../lib/gcc/arm-none-eabi/9.2.1/../../../../arm-none-eabi/lib/thumb/v7e-m/nofp/libg_nano.a(lib_a-nano-msizer.o)
                0x00000000080041e8                _malloc_usable_size_r
 .text.__retarget_lock_acquire_recursive
                0x00000000080041f8        0x2 /home/alchemic_ronin/STM32/gcc-arm-none-eabi-9-2019-q4-major/bin/../lib/gcc/arm-none-eabi/9.2.1/../../../../arm-none-eabi/lib/thumb/v7e-m/nofp/libg_nano.a(lib_a-lock.o)
                0x00000000080041f8                __retarget_lock_acquire_recursive
 .text.__retarget_lock_release_recursive
                0x00000000080041fa        0x2 /home/alchemic_ronin/STM32/gcc-arm-none-eabi-9-2019-q4-major/bin/../lib/gcc/arm-none-eabi/9.2.1/../../../../arm-none-eabi/lib/thumb/v7e-m/nofp/libg_nano.a(lib_a-lock.o)
                0x00000000080041fa                __retarget_lock_release_recursive
 *(.glue_7)
 .glue_7        0x00000000080041fc        0x0 linker stubs
 *(.glue_7t)
 .glue_7t       0x00000000080041fc        0x0 linker stubs
 *(.eh_frame)
 .eh_frame      0x00000000080041fc        0x0 /home/alchemic_ronin/STM32/gcc-arm-none-eabi-9-2019-q4-major/bin/../lib/gcc/arm-none-eabi/9.2.1/thumb/v7e-m/nofp/crtbegin.o
 *(.init)
 .init          0x00000000080041fc        0x4 /home/alchemic_ronin/STM32/gcc-arm-none-eabi-9-2019-q4-major/bin/../lib/gcc/arm-none-eabi/9.2.1/thumb/v7e-m/nofp/crti.o
                0x00000000080041fc                _init
 .init          0x0000000008004200        0x8 /home/alchemic_ronin/STM32/gcc-arm-none-eabi-9-2019-q4-major/bin/../lib/gcc/arm-none-eabi/9.2.1/thumb/v7e-m/nofp/crtn.o
 *(.fini)
 .fini          0x0000000008004208        0x4 /home/alchemic_ronin/STM32/gcc-arm-none-eabi-9-2019-q4-major/bin/../lib/gcc/arm-none-eabi/9.2.1/thumb/v7e-m/nofp/crti.o
                0x0000000008004208                _fini
 .fini          0x000000000800420c        0x8 /home/alchemic_ronin/STM32/gcc-arm-none-eabi-9-2019-q4-major/bin/../lib/gcc/arm-none-eabi/9.2.1/thumb/v7e-m/nofp/crtn.o
                0x0000000008004214                . = ALIGN (0x4)
                0x0000000008004214                _etext = .

.vfp11_veneer   0x0000000008004214        0x0
 .vfp11_veneer  0x0000000008004214        0x0 linker stubs

.v4_bx          0x0000000008004214        0x0
 .v4_bx         0x0000000008004214        0x0 linker stubs

.iplt           0x0000000008004214        0x0
 .iplt          0x0000000008004214        0x0 /home/alchemic_ronin/STM32/gcc-arm-none-eabi-9-2019-q4-major/bin/../lib/gcc/arm-none-eabi/9.2.1/thumb/v7e-m/nofp/crtbegin.o

.rodata         0x0000000008004214       0xec
                0x0000000008004214                . = ALIGN (0x4)
 *(.rodata)
 .rodata        0x0000000008004214       0x9e CMakeFiles/RoboMaster06.elf.dir/Src/main.c.obj
 *(.rodata*)
 *fill*         0x00000000080042b2        0x2 
 .rodata.AHBPrescTable
                0x00000000080042b4       0x10 CMakeFiles/RoboMaster06.elf.dir/Src/system_stm32f4xx.c.obj
                0x00000000080042b4                AHBPrescTable
 .rodata.APBPrescTable
                0x00000000080042c4        0x8 CMakeFiles/RoboMaster06.elf.dir/Src/system_stm32f4xx.c.obj
                0x00000000080042c4                APBPrescTable
 .rodata._svfprintf_r.str1.1
                0x00000000080042cc       0x11 /home/alchemic_ronin/STM32/gcc-arm-none-eabi-9-2019-q4-major/bin/../lib/gcc/arm-none-eabi/9.2.1/../../../../arm-none-eabi/lib/thumb/v7e-m/nofp/libg_nano.a(lib_a-nano-svfprintf.o)
 .rodata._printf_i.str1.1
                0x00000000080042dd       0x22 /home/alchemic_ronin/STM32/gcc-arm-none-eabi-9-2019-q4-major/bin/../lib/gcc/arm-none-eabi/9.2.1/../../../../arm-none-eabi/lib/thumb/v7e-m/nofp/libg_nano.a(lib_a-nano-vfprintf_i.o)
                0x0000000008004300                . = ALIGN (0x4)
 *fill*         0x00000000080042ff        0x1 

.ARM.extab
 *(.ARM.extab* .gnu.linkonce.armextab.*)

.ARM            0x0000000008004300        0x8
                0x0000000008004300                __exidx_start = .
 *(.ARM.exidx*)
 .ARM.exidx     0x0000000008004300        0x8 /home/alchemic_ronin/STM32/gcc-arm-none-eabi-9-2019-q4-major/bin/../lib/gcc/arm-none-eabi/9.2.1/thumb/v7e-m/nofp/libgcc.a(_udivmoddi4.o)
                0x0000000008004308                __exidx_end = .

.rel.dyn        0x0000000008004308        0x0
 .rel.iplt      0x0000000008004308        0x0 /home/alchemic_ronin/STM32/gcc-arm-none-eabi-9-2019-q4-major/bin/../lib/gcc/arm-none-eabi/9.2.1/thumb/v7e-m/nofp/crtbegin.o

.preinit_array  0x0000000008004308        0x0
                0x0000000008004308                PROVIDE (__preinit_array_start = .)
 *(.preinit_array*)
                0x0000000008004308                PROVIDE (__preinit_array_end = .)

.init_array     0x0000000008004308        0x4
                0x0000000008004308                PROVIDE (__init_array_start = .)
 *(SORT_BY_NAME(.init_array.*))
 *(.init_array*)
 .init_array    0x0000000008004308        0x4 /home/alchemic_ronin/STM32/gcc-arm-none-eabi-9-2019-q4-major/bin/../lib/gcc/arm-none-eabi/9.2.1/thumb/v7e-m/nofp/crtbegin.o
                0x000000000800430c                PROVIDE (__init_array_end = .)

.fini_array     0x000000000800430c        0x4
                [!provide]                        PROVIDE (__fini_array_start = .)
 *(SORT_BY_NAME(.fini_array.*))
 *(.fini_array*)
 .fini_array    0x000000000800430c        0x4 /home/alchemic_ronin/STM32/gcc-arm-none-eabi-9-2019-q4-major/bin/../lib/gcc/arm-none-eabi/9.2.1/thumb/v7e-m/nofp/crtbegin.o
                [!provide]                        PROVIDE (__fini_array_end = .)
                0x0000000008004310                _sidata = LOADADDR (.data)

.data           0x0000000020000000       0x7c load address 0x0000000008004310
                0x0000000020000000                . = ALIGN (0x4)
                0x0000000020000000                _sdata = .
 *(.data)
 *(.data*)
 .data.uwTickPrio
                0x0000000020000000        0x4 CMakeFiles/RoboMaster06.elf.dir/Drivers/STM32F4xx_HAL_Driver/Src/stm32f4xx_hal.c.obj
                0x0000000020000000                uwTickPrio
 .data.uwTickFreq
                0x0000000020000004        0x1 CMakeFiles/RoboMaster06.elf.dir/Drivers/STM32F4xx_HAL_Driver/Src/stm32f4xx_hal.c.obj
                0x0000000020000004                uwTickFreq
 *fill*         0x0000000020000005        0x3 
 .data.motorPrintTest
                0x0000000020000008        0xa CMakeFiles/RoboMaster06.elf.dir/Src/main.c.obj
                0x0000000020000008                motorPrintTest
 *fill*         0x0000000020000012        0x2 
 .data.SystemCoreClock
                0x0000000020000014        0x4 CMakeFiles/RoboMaster06.elf.dir/Src/system_stm32f4xx.c.obj
                0x0000000020000014                SystemCoreClock
 .data._impure_ptr
                0x0000000020000018        0x4 /home/alchemic_ronin/STM32/gcc-arm-none-eabi-9-2019-q4-major/bin/../lib/gcc/arm-none-eabi/9.2.1/../../../../arm-none-eabi/lib/thumb/v7e-m/nofp/libg_nano.a(lib_a-impure.o)
                0x0000000020000018                _impure_ptr
 .data.impure_data
                0x000000002000001c       0x60 /home/alchemic_ronin/STM32/gcc-arm-none-eabi-9-2019-q4-major/bin/../lib/gcc/arm-none-eabi/9.2.1/../../../../arm-none-eabi/lib/thumb/v7e-m/nofp/libg_nano.a(lib_a-impure.o)
                0x000000002000007c                . = ALIGN (0x4)
                0x000000002000007c                _edata = .
                0x000000000800438c                _siccmram = LOADADDR (.ccmram)

.igot.plt       0x000000002000007c        0x0 load address 0x000000000800438c
 .igot.plt      0x000000002000007c        0x0 /home/alchemic_ronin/STM32/gcc-arm-none-eabi-9-2019-q4-major/bin/../lib/gcc/arm-none-eabi/9.2.1/thumb/v7e-m/nofp/crtbegin.o

.ccmram         0x0000000010000000        0x0 load address 0x000000000800438c
                0x0000000010000000                . = ALIGN (0x4)
                0x0000000010000000                _sccmram = .
 *(.ccmram)
 *(.ccmram*)
                0x0000000010000000                . = ALIGN (0x4)
                0x0000000010000000                _eccmram = .
                0x0000000010000000                . = ALIGN (0x4)

.bss            0x000000002000007c       0xc8
                0x000000002000007c                _sbss = .
                0x000000002000007c                __bss_start__ = _sbss
 *(.bss)
 .bss           0x000000002000007c       0x1c /home/alchemic_ronin/STM32/gcc-arm-none-eabi-9-2019-q4-major/bin/../lib/gcc/arm-none-eabi/9.2.1/thumb/v7e-m/nofp/crtbegin.o
 *(.bss*)
 .bss.uwTick    0x0000000020000098        0x4 CMakeFiles/RoboMaster06.elf.dir/Drivers/STM32F4xx_HAL_Driver/Src/stm32f4xx_hal.c.obj
                0x0000000020000098                uwTick
 .bss.hcan1     0x000000002000009c       0x28 CMakeFiles/RoboMaster06.elf.dir/Src/main.c.obj
                0x000000002000009c                hcan1
 .bss.huart7    0x00000000200000c4       0x40 CMakeFiles/RoboMaster06.elf.dir/Src/main.c.obj
                0x00000000200000c4                huart7
 .bss.speedFlag
                0x0000000020000104        0x2 CMakeFiles/RoboMaster06.elf.dir/Src/main.c.obj
                0x0000000020000104                speedFlag
 *fill*         0x0000000020000106        0x2 
 .bss.can1_rx_buffer
                0x0000000020000108       0x20 CMakeFiles/RoboMaster06.elf.dir/Src/main.c.obj
                0x0000000020000108                can1_rx_buffer
 .bss.heap_end.6018
                0x0000000020000128        0x4 CMakeFiles/RoboMaster06.elf.dir/Src/syscalls.c.obj
 .bss.__malloc_free_list
                0x000000002000012c        0x4 /home/alchemic_ronin/STM32/gcc-arm-none-eabi-9-2019-q4-major/bin/../lib/gcc/arm-none-eabi/9.2.1/../../../../arm-none-eabi/lib/thumb/v7e-m/nofp/libg_nano.a(lib_a-nano-mallocr.o)
                0x000000002000012c                __malloc_free_list
 .bss.__malloc_sbrk_start
                0x0000000020000130        0x4 /home/alchemic_ronin/STM32/gcc-arm-none-eabi-9-2019-q4-major/bin/../lib/gcc/arm-none-eabi/9.2.1/../../../../arm-none-eabi/lib/thumb/v7e-m/nofp/libg_nano.a(lib_a-nano-mallocr.o)
                0x0000000020000130                __malloc_sbrk_start
 *(COMMON)
 COMMON         0x0000000020000134        0x4 /home/alchemic_ronin/STM32/gcc-arm-none-eabi-9-2019-q4-major/bin/../lib/gcc/arm-none-eabi/9.2.1/../../../../arm-none-eabi/lib/thumb/v7e-m/nofp/libg_nano.a(lib_a-reent.o)
                0x0000000020000134                errno
 COMMON         0x0000000020000138        0x9 /home/alchemic_ronin/STM32/gcc-arm-none-eabi-9-2019-q4-major/bin/../lib/gcc/arm-none-eabi/9.2.1/../../../../arm-none-eabi/lib/thumb/v7e-m/nofp/libg_nano.a(lib_a-lock.o)
                0x0000000020000138                __lock___atexit_recursive_mutex
                0x0000000020000139                __lock___arc4random_mutex
                0x000000002000013a                __lock___env_recursive_mutex
                0x000000002000013b                __lock___sinit_recursive_mutex
                0x000000002000013c                __lock___malloc_recursive_mutex
                0x000000002000013d                __lock___at_quick_exit_mutex
                0x000000002000013e                __lock___dd_hash_mutex
                0x000000002000013f                __lock___tz_mutex
                0x0000000020000140                __lock___sfp_recursive_mutex
                0x0000000020000144                . = ALIGN (0x4)
 *fill*         0x0000000020000141        0x3 
                0x0000000020000144                _ebss = .
                0x0000000020000144                __bss_end__ = _ebss

._user_heap_stack
                0x0000000020000144      0x604
                0x0000000020000148                . = ALIGN (0x8)
 *fill*         0x0000000020000144        0x4 
                0x0000000020000148                PROVIDE (end = .)
                [!provide]                        PROVIDE (_end = .)
                0x0000000020000348                . = (. + _Min_Heap_Size)
 *fill*         0x0000000020000148      0x200 
                0x0000000020000748                . = (. + _Min_Stack_Size)
 *fill*         0x0000000020000348      0x400 
                0x0000000020000748                . = ALIGN (0x8)

/DISCARD/
 libc.a(*)
 libm.a(*)
 libgcc.a(*)

.ARM.attributes
                0x0000000000000000       0x2a
 *(.ARM.attributes)
 .ARM.attributes
                0x0000000000000000       0x1e /home/alchemic_ronin/STM32/gcc-arm-none-eabi-9-2019-q4-major/bin/../lib/gcc/arm-none-eabi/9.2.1/thumb/v7e-m/nofp/crti.o
 .ARM.attributes
                0x000000000000001e       0x2e /home/alchemic_ronin/STM32/gcc-arm-none-eabi-9-2019-q4-major/bin/../lib/gcc/arm-none-eabi/9.2.1/thumb/v7e-m/nofp/crtbegin.o
 .ARM.attributes
                0x000000000000004c       0x2e CMakeFiles/RoboMaster06.elf.dir/Drivers/STM32F4xx_HAL_Driver/Src/stm32f4xx_hal.c.obj
 .ARM.attributes
                0x000000000000007a       0x2e CMakeFiles/RoboMaster06.elf.dir/Drivers/STM32F4xx_HAL_Driver/Src/stm32f4xx_hal_can.c.obj
 .ARM.attributes
                0x00000000000000a8       0x2e CMakeFiles/RoboMaster06.elf.dir/Drivers/STM32F4xx_HAL_Driver/Src/stm32f4xx_hal_cortex.c.obj
 .ARM.attributes
                0x00000000000000d6       0x2e CMakeFiles/RoboMaster06.elf.dir/Drivers/STM32F4xx_HAL_Driver/Src/stm32f4xx_hal_dma.c.obj
 .ARM.attributes
                0x0000000000000104       0x2e CMakeFiles/RoboMaster06.elf.dir/Drivers/STM32F4xx_HAL_Driver/Src/stm32f4xx_hal_gpio.c.obj
 .ARM.attributes
                0x0000000000000132       0x2e CMakeFiles/RoboMaster06.elf.dir/Drivers/STM32F4xx_HAL_Driver/Src/stm32f4xx_hal_rcc.c.obj
 .ARM.attributes
                0x0000000000000160       0x2e CMakeFiles/RoboMaster06.elf.dir/Drivers/STM32F4xx_HAL_Driver/Src/stm32f4xx_hal_uart.c.obj
 .ARM.attributes
                0x000000000000018e       0x2e CMakeFiles/RoboMaster06.elf.dir/Src/main.c.obj
 .ARM.attributes
                0x00000000000001bc       0x2e CMakeFiles/RoboMaster06.elf.dir/Src/stm32f4xx_hal_msp.c.obj
 .ARM.attributes
                0x00000000000001ea       0x2e CMakeFiles/RoboMaster06.elf.dir/Src/stm32f4xx_it.c.obj
 .ARM.attributes
                0x0000000000000218       0x2e CMakeFiles/RoboMaster06.elf.dir/Src/syscalls.c.obj
 .ARM.attributes
                0x0000000000000246       0x2e CMakeFiles/RoboMaster06.elf.dir/Src/system_stm32f4xx.c.obj
 .ARM.attributes
                0x0000000000000274       0x21 CMakeFiles/RoboMaster06.elf.dir/startup/startup_stm32f427xx.s.obj
 .ARM.attributes
                0x0000000000000295       0x1e /home/alchemic_ronin/STM32/gcc-arm-none-eabi-9-2019-q4-major/bin/../lib/gcc/arm-none-eabi/9.2.1/thumb/v7e-m/nofp/libgcc.a(_aeabi_uldivmod.o)
 .ARM.attributes
                0x00000000000002b3       0x2e /home/alchemic_ronin/STM32/gcc-arm-none-eabi-9-2019-q4-major/bin/../lib/gcc/arm-none-eabi/9.2.1/thumb/v7e-m/nofp/libgcc.a(_udivmoddi4.o)
 .ARM.attributes
                0x00000000000002e1       0x1e /home/alchemic_ronin/STM32/gcc-arm-none-eabi-9-2019-q4-major/bin/../lib/gcc/arm-none-eabi/9.2.1/thumb/v7e-m/nofp/libgcc.a(_dvmd_tls.o)
 .ARM.attributes
                0x00000000000002ff       0x2e /home/alchemic_ronin/STM32/gcc-arm-none-eabi-9-2019-q4-major/bin/../lib/gcc/arm-none-eabi/9.2.1/../../../../arm-none-eabi/lib/thumb/v7e-m/nofp/libg_nano.a(lib_a-errno.o)
 .ARM.attributes
                0x000000000000032d       0x2e /home/alchemic_ronin/STM32/gcc-arm-none-eabi-9-2019-q4-major/bin/../lib/gcc/arm-none-eabi/9.2.1/../../../../arm-none-eabi/lib/thumb/v7e-m/nofp/libg_nano.a(lib_a-impure.o)
 .ARM.attributes
                0x000000000000035b       0x2e /home/alchemic_ronin/STM32/gcc-arm-none-eabi-9-2019-q4-major/bin/../lib/gcc/arm-none-eabi/9.2.1/../../../../arm-none-eabi/lib/thumb/v7e-m/nofp/libg_nano.a(lib_a-init.o)
 .ARM.attributes
                0x0000000000000389       0x2e /home/alchemic_ronin/STM32/gcc-arm-none-eabi-9-2019-q4-major/bin/../lib/gcc/arm-none-eabi/9.2.1/../../../../arm-none-eabi/lib/thumb/v7e-m/nofp/libg_nano.a(lib_a-memcpy-stub.o)
 .ARM.attributes
                0x00000000000003b7       0x2e /home/alchemic_ronin/STM32/gcc-arm-none-eabi-9-2019-q4-major/bin/../lib/gcc/arm-none-eabi/9.2.1/../../../../arm-none-eabi/lib/thumb/v7e-m/nofp/libg_nano.a(lib_a-memset.o)
 .ARM.attributes
                0x00000000000003e5       0x2e /home/alchemic_ronin/STM32/gcc-arm-none-eabi-9-2019-q4-major/bin/../lib/gcc/arm-none-eabi/9.2.1/../../../../arm-none-eabi/lib/thumb/v7e-m/nofp/libg_nano.a(lib_a-sprintf.o)
 .ARM.attributes
                0x0000000000000413       0x17 /home/alchemic_ronin/STM32/gcc-arm-none-eabi-9-2019-q4-major/bin/../lib/gcc/arm-none-eabi/9.2.1/../../../../arm-none-eabi/lib/thumb/v7e-m/nofp/libg_nano.a(lib_a-strlen.o)
 .ARM.attributes
                0x000000000000042a       0x2e /home/alchemic_ronin/STM32/gcc-arm-none-eabi-9-2019-q4-major/bin/../lib/gcc/arm-none-eabi/9.2.1/../../../../arm-none-eabi/lib/thumb/v7e-m/nofp/libg_nano.a(lib_a-nano-svfprintf.o)
 .ARM.attributes
                0x0000000000000458       0x2e /home/alchemic_ronin/STM32/gcc-arm-none-eabi-9-2019-q4-major/bin/../lib/gcc/arm-none-eabi/9.2.1/../../../../arm-none-eabi/lib/thumb/v7e-m/nofp/libg_nano.a(lib_a-nano-vfprintf_i.o)
 .ARM.attributes
                0x0000000000000486       0x1c /home/alchemic_ronin/STM32/gcc-arm-none-eabi-9-2019-q4-major/bin/../lib/gcc/arm-none-eabi/9.2.1/../../../../arm-none-eabi/lib/thumb/v7e-m/nofp/libg_nano.a(lib_a-memchr.o)
 .ARM.attributes
                0x00000000000004a2       0x2e /home/alchemic_ronin/STM32/gcc-arm-none-eabi-9-2019-q4-major/bin/../lib/gcc/arm-none-eabi/9.2.1/../../../../arm-none-eabi/lib/thumb/v7e-m/nofp/libg_nano.a(lib_a-memmove.o)
 .ARM.attributes
                0x00000000000004d0       0x2e /home/alchemic_ronin/STM32/gcc-arm-none-eabi-9-2019-q4-major/bin/../lib/gcc/arm-none-eabi/9.2.1/../../../../arm-none-eabi/lib/thumb/v7e-m/nofp/libg_nano.a(lib_a-nano-freer.o)
 .ARM.attributes
                0x00000000000004fe       0x2e /home/alchemic_ronin/STM32/gcc-arm-none-eabi-9-2019-q4-major/bin/../lib/gcc/arm-none-eabi/9.2.1/../../../../arm-none-eabi/lib/thumb/v7e-m/nofp/libg_nano.a(lib_a-nano-mallocr.o)
 .ARM.attributes
                0x000000000000052c       0x2e /home/alchemic_ronin/STM32/gcc-arm-none-eabi-9-2019-q4-major/bin/../lib/gcc/arm-none-eabi/9.2.1/../../../../arm-none-eabi/lib/thumb/v7e-m/nofp/libg_nano.a(lib_a-nano-reallocr.o)
 .ARM.attributes
                0x000000000000055a       0x2e /home/alchemic_ronin/STM32/gcc-arm-none-eabi-9-2019-q4-major/bin/../lib/gcc/arm-none-eabi/9.2.1/../../../../arm-none-eabi/lib/thumb/v7e-m/nofp/libg_nano.a(lib_a-sbrkr.o)
 .ARM.attributes
                0x0000000000000588       0x2e /home/alchemic_ronin/STM32/gcc-arm-none-eabi-9-2019-q4-major/bin/../lib/gcc/arm-none-eabi/9.2.1/../../../../arm-none-eabi/lib/thumb/v7e-m/nofp/libg_nano.a(lib_a-mlock.o)
 .ARM.attributes
                0x00000000000005b6       0x2e /home/alchemic_ronin/STM32/gcc-arm-none-eabi-9-2019-q4-major/bin/../lib/gcc/arm-none-eabi/9.2.1/../../../../arm-none-eabi/lib/thumb/v7e-m/nofp/libg_nano.a(lib_a-nano-msizer.o)
 .ARM.attributes
                0x00000000000005e4       0x2e /home/alchemic_ronin/STM32/gcc-arm-none-eabi-9-2019-q4-major/bin/../lib/gcc/arm-none-eabi/9.2.1/../../../../arm-none-eabi/lib/thumb/v7e-m/nofp/libg_nano.a(lib_a-reent.o)
 .ARM.attributes
                0x0000000000000612       0x2e /home/alchemic_ronin/STM32/gcc-arm-none-eabi-9-2019-q4-major/bin/../lib/gcc/arm-none-eabi/9.2.1/../../../../arm-none-eabi/lib/thumb/v7e-m/nofp/libg_nano.a(lib_a-lock.o)
 .ARM.attributes
                0x0000000000000640       0x1e /home/alchemic_ronin/STM32/gcc-arm-none-eabi-9-2019-q4-major/bin/../lib/gcc/arm-none-eabi/9.2.1/thumb/v7e-m/nofp/crtn.o
OUTPUT(RoboMaster06.elf elf32-littlearm)

.debug_info     0x0000000000000000     0xa9d3
 .debug_info    0x0000000000000000      0xa13 CMakeFiles/RoboMaster06.elf.dir/Drivers/STM32F4xx_HAL_Driver/Src/stm32f4xx_hal.c.obj
 .debug_info    0x0000000000000a13     0x1085 CMakeFiles/RoboMaster06.elf.dir/Drivers/STM32F4xx_HAL_Driver/Src/stm32f4xx_hal_can.c.obj
 .debug_info    0x0000000000001a98      0xef6 CMakeFiles/RoboMaster06.elf.dir/Drivers/STM32F4xx_HAL_Driver/Src/stm32f4xx_hal_cortex.c.obj
 .debug_info    0x000000000000298e      0x9e6 CMakeFiles/RoboMaster06.elf.dir/Drivers/STM32F4xx_HAL_Driver/Src/stm32f4xx_hal_dma.c.obj
 .debug_info    0x0000000000003374      0x83f CMakeFiles/RoboMaster06.elf.dir/Drivers/STM32F4xx_HAL_Driver/Src/stm32f4xx_hal_gpio.c.obj
 .debug_info    0x0000000000003bb3      0x9a7 CMakeFiles/RoboMaster06.elf.dir/Drivers/STM32F4xx_HAL_Driver/Src/stm32f4xx_hal_rcc.c.obj
 .debug_info    0x000000000000455a     0x134c CMakeFiles/RoboMaster06.elf.dir/Drivers/STM32F4xx_HAL_Driver/Src/stm32f4xx_hal_uart.c.obj
 .debug_info    0x00000000000058a6     0x1f8c CMakeFiles/RoboMaster06.elf.dir/Src/main.c.obj
 .debug_info    0x0000000000007832     0x10b4 CMakeFiles/RoboMaster06.elf.dir/Src/stm32f4xx_hal_msp.c.obj
 .debug_info    0x00000000000088e6      0xb07 CMakeFiles/RoboMaster06.elf.dir/Src/stm32f4xx_it.c.obj
 .debug_info    0x00000000000093ed     0x100f CMakeFiles/RoboMaster06.elf.dir/Src/syscalls.c.obj
 .debug_info    0x000000000000a3fc      0x5b5 CMakeFiles/RoboMaster06.elf.dir/Src/system_stm32f4xx.c.obj
 .debug_info    0x000000000000a9b1       0x22 CMakeFiles/RoboMaster06.elf.dir/startup/startup_stm32f427xx.s.obj

.debug_abbrev   0x0000000000000000     0x1b26
 .debug_abbrev  0x0000000000000000      0x1ea CMakeFiles/RoboMaster06.elf.dir/Drivers/STM32F4xx_HAL_Driver/Src/stm32f4xx_hal.c.obj
 .debug_abbrev  0x00000000000001ea      0x243 CMakeFiles/RoboMaster06.elf.dir/Drivers/STM32F4xx_HAL_Driver/Src/stm32f4xx_hal_can.c.obj
 .debug_abbrev  0x000000000000042d      0x339 CMakeFiles/RoboMaster06.elf.dir/Drivers/STM32F4xx_HAL_Driver/Src/stm32f4xx_hal_cortex.c.obj
 .debug_abbrev  0x0000000000000766      0x256 CMakeFiles/RoboMaster06.elf.dir/Drivers/STM32F4xx_HAL_Driver/Src/stm32f4xx_hal_dma.c.obj
 .debug_abbrev  0x00000000000009bc      0x1ee CMakeFiles/RoboMaster06.elf.dir/Drivers/STM32F4xx_HAL_Driver/Src/stm32f4xx_hal_gpio.c.obj
 .debug_abbrev  0x0000000000000baa      0x272 CMakeFiles/RoboMaster06.elf.dir/Drivers/STM32F4xx_HAL_Driver/Src/stm32f4xx_hal_rcc.c.obj
 .debug_abbrev  0x0000000000000e1c      0x26d CMakeFiles/RoboMaster06.elf.dir/Drivers/STM32F4xx_HAL_Driver/Src/stm32f4xx_hal_uart.c.obj
 .debug_abbrev  0x0000000000001089      0x31b CMakeFiles/RoboMaster06.elf.dir/Src/main.c.obj
 .debug_abbrev  0x00000000000013a4      0x1e3 CMakeFiles/RoboMaster06.elf.dir/Src/stm32f4xx_hal_msp.c.obj
 .debug_abbrev  0x0000000000001587      0x1a2 CMakeFiles/RoboMaster06.elf.dir/Src/stm32f4xx_it.c.obj
 .debug_abbrev  0x0000000000001729      0x2a9 CMakeFiles/RoboMaster06.elf.dir/Src/syscalls.c.obj
 .debug_abbrev  0x00000000000019d2      0x142 CMakeFiles/RoboMaster06.elf.dir/Src/system_stm32f4xx.c.obj
 .debug_abbrev  0x0000000000001b14       0x12 CMakeFiles/RoboMaster06.elf.dir/startup/startup_stm32f427xx.s.obj

.debug_aranges  0x0000000000000000      0x8d8
 .debug_aranges
                0x0000000000000000      0x100 CMakeFiles/RoboMaster06.elf.dir/Drivers/STM32F4xx_HAL_Driver/Src/stm32f4xx_hal.c.obj
 .debug_aranges
                0x0000000000000100      0x138 CMakeFiles/RoboMaster06.elf.dir/Drivers/STM32F4xx_HAL_Driver/Src/stm32f4xx_hal_can.c.obj
 .debug_aranges
                0x0000000000000238      0x118 CMakeFiles/RoboMaster06.elf.dir/Drivers/STM32F4xx_HAL_Driver/Src/stm32f4xx_hal_cortex.c.obj
 .debug_aranges
                0x0000000000000350       0x90 CMakeFiles/RoboMaster06.elf.dir/Drivers/STM32F4xx_HAL_Driver/Src/stm32f4xx_hal_dma.c.obj
 .debug_aranges
                0x00000000000003e0       0x58 CMakeFiles/RoboMaster06.elf.dir/Drivers/STM32F4xx_HAL_Driver/Src/stm32f4xx_hal_gpio.c.obj
 .debug_aranges
                0x0000000000000438       0x88 CMakeFiles/RoboMaster06.elf.dir/Drivers/STM32F4xx_HAL_Driver/Src/stm32f4xx_hal_rcc.c.obj
 .debug_aranges
                0x00000000000004c0      0x1d0 CMakeFiles/RoboMaster06.elf.dir/Drivers/STM32F4xx_HAL_Driver/Src/stm32f4xx_hal_uart.c.obj
 .debug_aranges
                0x0000000000000690       0x88 CMakeFiles/RoboMaster06.elf.dir/Src/main.c.obj
 .debug_aranges
                0x0000000000000718       0x40 CMakeFiles/RoboMaster06.elf.dir/Src/stm32f4xx_hal_msp.c.obj
 .debug_aranges
                0x0000000000000758       0x80 CMakeFiles/RoboMaster06.elf.dir/Src/stm32f4xx_it.c.obj
 .debug_aranges
                0x00000000000007d8       0xb0 CMakeFiles/RoboMaster06.elf.dir/Src/syscalls.c.obj
 .debug_aranges
                0x0000000000000888       0x28 CMakeFiles/RoboMaster06.elf.dir/Src/system_stm32f4xx.c.obj
 .debug_aranges
                0x00000000000008b0       0x28 CMakeFiles/RoboMaster06.elf.dir/startup/startup_stm32f427xx.s.obj

.debug_ranges   0x0000000000000000      0x810
 .debug_ranges  0x0000000000000000       0xf0 CMakeFiles/RoboMaster06.elf.dir/Drivers/STM32F4xx_HAL_Driver/Src/stm32f4xx_hal.c.obj
 .debug_ranges  0x00000000000000f0      0x128 CMakeFiles/RoboMaster06.elf.dir/Drivers/STM32F4xx_HAL_Driver/Src/stm32f4xx_hal_can.c.obj
 .debug_ranges  0x0000000000000218      0x108 CMakeFiles/RoboMaster06.elf.dir/Drivers/STM32F4xx_HAL_Driver/Src/stm32f4xx_hal_cortex.c.obj
 .debug_ranges  0x0000000000000320       0x80 CMakeFiles/RoboMaster06.elf.dir/Drivers/STM32F4xx_HAL_Driver/Src/stm32f4xx_hal_dma.c.obj
 .debug_ranges  0x00000000000003a0       0x48 CMakeFiles/RoboMaster06.elf.dir/Drivers/STM32F4xx_HAL_Driver/Src/stm32f4xx_hal_gpio.c.obj
 .debug_ranges  0x00000000000003e8       0x78 CMakeFiles/RoboMaster06.elf.dir/Drivers/STM32F4xx_HAL_Driver/Src/stm32f4xx_hal_rcc.c.obj
 .debug_ranges  0x0000000000000460      0x1c0 CMakeFiles/RoboMaster06.elf.dir/Drivers/STM32F4xx_HAL_Driver/Src/stm32f4xx_hal_uart.c.obj
 .debug_ranges  0x0000000000000620       0x78 CMakeFiles/RoboMaster06.elf.dir/Src/main.c.obj
 .debug_ranges  0x0000000000000698       0x30 CMakeFiles/RoboMaster06.elf.dir/Src/stm32f4xx_hal_msp.c.obj
 .debug_ranges  0x00000000000006c8       0x70 CMakeFiles/RoboMaster06.elf.dir/Src/stm32f4xx_it.c.obj
 .debug_ranges  0x0000000000000738       0xa0 CMakeFiles/RoboMaster06.elf.dir/Src/syscalls.c.obj
 .debug_ranges  0x00000000000007d8       0x18 CMakeFiles/RoboMaster06.elf.dir/Src/system_stm32f4xx.c.obj
 .debug_ranges  0x00000000000007f0       0x20 CMakeFiles/RoboMaster06.elf.dir/startup/startup_stm32f427xx.s.obj

.debug_line     0x0000000000000000     0x64eb
 .debug_line    0x0000000000000000      0x61b CMakeFiles/RoboMaster06.elf.dir/Drivers/STM32F4xx_HAL_Driver/Src/stm32f4xx_hal.c.obj
 .debug_line    0x000000000000061b      0xd77 CMakeFiles/RoboMaster06.elf.dir/Drivers/STM32F4xx_HAL_Driver/Src/stm32f4xx_hal_can.c.obj
 .debug_line    0x0000000000001392      0x8a6 CMakeFiles/RoboMaster06.elf.dir/Drivers/STM32F4xx_HAL_Driver/Src/stm32f4xx_hal_cortex.c.obj
 .debug_line    0x0000000000001c38      0xb65 CMakeFiles/RoboMaster06.elf.dir/Drivers/STM32F4xx_HAL_Driver/Src/stm32f4xx_hal_dma.c.obj
 .debug_line    0x000000000000279d      0x7ad CMakeFiles/RoboMaster06.elf.dir/Drivers/STM32F4xx_HAL_Driver/Src/stm32f4xx_hal_gpio.c.obj
 .debug_line    0x0000000000002f4a      0x991 CMakeFiles/RoboMaster06.elf.dir/Drivers/STM32F4xx_HAL_Driver/Src/stm32f4xx_hal_rcc.c.obj
 .debug_line    0x00000000000038db     0x142c CMakeFiles/RoboMaster06.elf.dir/Drivers/STM32F4xx_HAL_Driver/Src/stm32f4xx_hal_uart.c.obj
 .debug_line    0x0000000000004d07      0x6dc CMakeFiles/RoboMaster06.elf.dir/Src/main.c.obj
 .debug_line    0x00000000000053e3      0x3f0 CMakeFiles/RoboMaster06.elf.dir/Src/stm32f4xx_hal_msp.c.obj
 .debug_line    0x00000000000057d3      0x43f CMakeFiles/RoboMaster06.elf.dir/Src/stm32f4xx_it.c.obj
 .debug_line    0x0000000000005c12      0x4c8 CMakeFiles/RoboMaster06.elf.dir/Src/syscalls.c.obj
 .debug_line    0x00000000000060da      0x357 CMakeFiles/RoboMaster06.elf.dir/Src/system_stm32f4xx.c.obj
 .debug_line    0x0000000000006431       0xba CMakeFiles/RoboMaster06.elf.dir/startup/startup_stm32f427xx.s.obj

.debug_str      0x0000000000000000     0x3548
 .debug_str     0x0000000000000000      0xc0b CMakeFiles/RoboMaster06.elf.dir/Drivers/STM32F4xx_HAL_Driver/Src/stm32f4xx_hal.c.obj
                                        0xc79 (size before relaxing)
 .debug_str     0x0000000000000c0b      0x7ea CMakeFiles/RoboMaster06.elf.dir/Drivers/STM32F4xx_HAL_Driver/Src/stm32f4xx_hal_can.c.obj
                                        0xb87 (size before relaxing)
 .debug_str     0x00000000000013f5      0x529 CMakeFiles/RoboMaster06.elf.dir/Drivers/STM32F4xx_HAL_Driver/Src/stm32f4xx_hal_cortex.c.obj
                                        0xdaf (size before relaxing)
 .debug_str     0x000000000000191e      0x54b CMakeFiles/RoboMaster06.elf.dir/Drivers/STM32F4xx_HAL_Driver/Src/stm32f4xx_hal_dma.c.obj
                                        0x8a2 (size before relaxing)
 .debug_str     0x0000000000001e69      0x21a CMakeFiles/RoboMaster06.elf.dir/Drivers/STM32F4xx_HAL_Driver/Src/stm32f4xx_hal_gpio.c.obj
                                        0x63b (size before relaxing)
 .debug_str     0x0000000000002083      0x330 CMakeFiles/RoboMaster06.elf.dir/Drivers/STM32F4xx_HAL_Driver/Src/stm32f4xx_hal_rcc.c.obj
                                        0x7f2 (size before relaxing)
 .debug_str     0x00000000000023b3      0x720 CMakeFiles/RoboMaster06.elf.dir/Drivers/STM32F4xx_HAL_Driver/Src/stm32f4xx_hal_uart.c.obj
                                        0xcf2 (size before relaxing)
 .debug_str     0x0000000000002ad3      0x587 CMakeFiles/RoboMaster06.elf.dir/Src/main.c.obj
                                       0x1844 (size before relaxing)
 .debug_str     0x000000000000305a       0x57 CMakeFiles/RoboMaster06.elf.dir/Src/stm32f4xx_hal_msp.c.obj
                                       0x1062 (size before relaxing)
 .debug_str     0x00000000000030b1      0x12b CMakeFiles/RoboMaster06.elf.dir/Src/stm32f4xx_it.c.obj
                                        0xa69 (size before relaxing)
 .debug_str     0x00000000000031dc      0x280 CMakeFiles/RoboMaster06.elf.dir/Src/syscalls.c.obj
                                        0x8c6 (size before relaxing)
 .debug_str     0x000000000000345c       0x81 CMakeFiles/RoboMaster06.elf.dir/Src/system_stm32f4xx.c.obj
                                        0x49f (size before relaxing)
 .debug_str     0x00000000000034dd       0x6b CMakeFiles/RoboMaster06.elf.dir/startup/startup_stm32f427xx.s.obj
                                         0xbc (size before relaxing)

.comment        0x0000000000000000       0x79
 .comment       0x0000000000000000       0x79 CMakeFiles/RoboMaster06.elf.dir/Drivers/STM32F4xx_HAL_Driver/Src/stm32f4xx_hal.c.obj
                                         0x7a (size before relaxing)
 .comment       0x0000000000000079       0x7a CMakeFiles/RoboMaster06.elf.dir/Drivers/STM32F4xx_HAL_Driver/Src/stm32f4xx_hal_can.c.obj
 .comment       0x0000000000000079       0x7a CMakeFiles/RoboMaster06.elf.dir/Drivers/STM32F4xx_HAL_Driver/Src/stm32f4xx_hal_cortex.c.obj
 .comment       0x0000000000000079       0x7a CMakeFiles/RoboMaster06.elf.dir/Drivers/STM32F4xx_HAL_Driver/Src/stm32f4xx_hal_dma.c.obj
 .comment       0x0000000000000079       0x7a CMakeFiles/RoboMaster06.elf.dir/Drivers/STM32F4xx_HAL_Driver/Src/stm32f4xx_hal_gpio.c.obj
 .comment       0x0000000000000079       0x7a CMakeFiles/RoboMaster06.elf.dir/Drivers/STM32F4xx_HAL_Driver/Src/stm32f4xx_hal_rcc.c.obj
 .comment       0x0000000000000079       0x7a CMakeFiles/RoboMaster06.elf.dir/Drivers/STM32F4xx_HAL_Driver/Src/stm32f4xx_hal_uart.c.obj
 .comment       0x0000000000000079       0x7a CMakeFiles/RoboMaster06.elf.dir/Src/main.c.obj
 .comment       0x0000000000000079       0x7a CMakeFiles/RoboMaster06.elf.dir/Src/stm32f4xx_hal_msp.c.obj
 .comment       0x0000000000000079       0x7a CMakeFiles/RoboMaster06.elf.dir/Src/stm32f4xx_it.c.obj
 .comment       0x0000000000000079       0x7a CMakeFiles/RoboMaster06.elf.dir/Src/syscalls.c.obj
 .comment       0x0000000000000079       0x7a CMakeFiles/RoboMaster06.elf.dir/Src/system_stm32f4xx.c.obj

.debug_frame    0x0000000000000000     0x27c0
 .debug_frame   0x0000000000000000      0x3b4 CMakeFiles/RoboMaster06.elf.dir/Drivers/STM32F4xx_HAL_Driver/Src/stm32f4xx_hal.c.obj
 .debug_frame   0x00000000000003b4      0x5a0 CMakeFiles/RoboMaster06.elf.dir/Drivers/STM32F4xx_HAL_Driver/Src/stm32f4xx_hal_can.c.obj
 .debug_frame   0x0000000000000954      0x498 CMakeFiles/RoboMaster06.elf.dir/Drivers/STM32F4xx_HAL_Driver/Src/stm32f4xx_hal_cortex.c.obj
 .debug_frame   0x0000000000000dec      0x250 CMakeFiles/RoboMaster06.elf.dir/Drivers/STM32F4xx_HAL_Driver/Src/stm32f4xx_hal_dma.c.obj
 .debug_frame   0x000000000000103c      0x14c CMakeFiles/RoboMaster06.elf.dir/Drivers/STM32F4xx_HAL_Driver/Src/stm32f4xx_hal_gpio.c.obj
 .debug_frame   0x0000000000001188      0x1ec CMakeFiles/RoboMaster06.elf.dir/Drivers/STM32F4xx_HAL_Driver/Src/stm32f4xx_hal_rcc.c.obj
 .debug_frame   0x0000000000001374      0x844 CMakeFiles/RoboMaster06.elf.dir/Drivers/STM32F4xx_HAL_Driver/Src/stm32f4xx_hal_uart.c.obj
 .debug_frame   0x0000000000001bb8      0x1f8 CMakeFiles/RoboMaster06.elf.dir/Src/main.c.obj
 .debug_frame   0x0000000000001db0       0xc8 CMakeFiles/RoboMaster06.elf.dir/Src/stm32f4xx_hal_msp.c.obj
 .debug_frame   0x0000000000001e78      0x17c CMakeFiles/RoboMaster06.elf.dir/Src/stm32f4xx_it.c.obj
 .debug_frame   0x0000000000001ff4      0x2d0 CMakeFiles/RoboMaster06.elf.dir/Src/syscalls.c.obj
 .debug_frame   0x00000000000022c4       0x58 CMakeFiles/RoboMaster06.elf.dir/Src/system_stm32f4xx.c.obj
 .debug_frame   0x000000000000231c       0x2c /home/alchemic_ronin/STM32/gcc-arm-none-eabi-9-2019-q4-major/bin/../lib/gcc/arm-none-eabi/9.2.1/thumb/v7e-m/nofp/libgcc.a(_aeabi_uldivmod.o)
 .debug_frame   0x0000000000002348       0x34 /home/alchemic_ronin/STM32/gcc-arm-none-eabi-9-2019-q4-major/bin/../lib/gcc/arm-none-eabi/9.2.1/thumb/v7e-m/nofp/libgcc.a(_udivmoddi4.o)
 .debug_frame   0x000000000000237c       0x20 /home/alchemic_ronin/STM32/gcc-arm-none-eabi-9-2019-q4-major/bin/../lib/gcc/arm-none-eabi/9.2.1/../../../../arm-none-eabi/lib/thumb/v7e-m/nofp/libg_nano.a(lib_a-errno.o)
 .debug_frame   0x000000000000239c       0x2c /home/alchemic_ronin/STM32/gcc-arm-none-eabi-9-2019-q4-major/bin/../lib/gcc/arm-none-eabi/9.2.1/../../../../arm-none-eabi/lib/thumb/v7e-m/nofp/libg_nano.a(lib_a-init.o)
 .debug_frame   0x00000000000023c8       0x28 /home/alchemic_ronin/STM32/gcc-arm-none-eabi-9-2019-q4-major/bin/../lib/gcc/arm-none-eabi/9.2.1/../../../../arm-none-eabi/lib/thumb/v7e-m/nofp/libg_nano.a(lib_a-memcpy-stub.o)
 .debug_frame   0x00000000000023f0       0x20 /home/alchemic_ronin/STM32/gcc-arm-none-eabi-9-2019-q4-major/bin/../lib/gcc/arm-none-eabi/9.2.1/../../../../arm-none-eabi/lib/thumb/v7e-m/nofp/libg_nano.a(lib_a-memset.o)
 .debug_frame   0x0000000000002410       0x6c /home/alchemic_ronin/STM32/gcc-arm-none-eabi-9-2019-q4-major/bin/../lib/gcc/arm-none-eabi/9.2.1/../../../../arm-none-eabi/lib/thumb/v7e-m/nofp/libg_nano.a(lib_a-sprintf.o)
 .debug_frame   0x000000000000247c       0x90 /home/alchemic_ronin/STM32/gcc-arm-none-eabi-9-2019-q4-major/bin/../lib/gcc/arm-none-eabi/9.2.1/../../../../arm-none-eabi/lib/thumb/v7e-m/nofp/libg_nano.a(lib_a-nano-svfprintf.o)
 .debug_frame   0x000000000000250c       0x60 /home/alchemic_ronin/STM32/gcc-arm-none-eabi-9-2019-q4-major/bin/../lib/gcc/arm-none-eabi/9.2.1/../../../../arm-none-eabi/lib/thumb/v7e-m/nofp/libg_nano.a(lib_a-nano-vfprintf_i.o)
 .debug_frame   0x000000000000256c       0x28 /home/alchemic_ronin/STM32/gcc-arm-none-eabi-9-2019-q4-major/bin/../lib/gcc/arm-none-eabi/9.2.1/../../../../arm-none-eabi/lib/thumb/v7e-m/nofp/libg_nano.a(lib_a-memmove.o)
 .debug_frame   0x0000000000002594       0x38 /home/alchemic_ronin/STM32/gcc-arm-none-eabi-9-2019-q4-major/bin/../lib/gcc/arm-none-eabi/9.2.1/../../../../arm-none-eabi/lib/thumb/v7e-m/nofp/libg_nano.a(lib_a-nano-freer.o)
 .debug_frame   0x00000000000025cc       0x30 /home/alchemic_ronin/STM32/gcc-arm-none-eabi-9-2019-q4-major/bin/../lib/gcc/arm-none-eabi/9.2.1/../../../../arm-none-eabi/lib/thumb/v7e-m/nofp/libg_nano.a(lib_a-nano-mallocr.o)
 .debug_frame   0x00000000000025fc       0x3c /home/alchemic_ronin/STM32/gcc-arm-none-eabi-9-2019-q4-major/bin/../lib/gcc/arm-none-eabi/9.2.1/../../../../arm-none-eabi/lib/thumb/v7e-m/nofp/libg_nano.a(lib_a-nano-reallocr.o)
 .debug_frame   0x0000000000002638       0x2c /home/alchemic_ronin/STM32/gcc-arm-none-eabi-9-2019-q4-major/bin/../lib/gcc/arm-none-eabi/9.2.1/../../../../arm-none-eabi/lib/thumb/v7e-m/nofp/libg_nano.a(lib_a-sbrkr.o)
 .debug_frame   0x0000000000002664       0x30 /home/alchemic_ronin/STM32/gcc-arm-none-eabi-9-2019-q4-major/bin/../lib/gcc/arm-none-eabi/9.2.1/../../../../arm-none-eabi/lib/thumb/v7e-m/nofp/libg_nano.a(lib_a-mlock.o)
 .debug_frame   0x0000000000002694       0x20 /home/alchemic_ronin/STM32/gcc-arm-none-eabi-9-2019-q4-major/bin/../lib/gcc/arm-none-eabi/9.2.1/../../../../arm-none-eabi/lib/thumb/v7e-m/nofp/libg_nano.a(lib_a-nano-msizer.o)
 .debug_frame   0x00000000000026b4       0x5c /home/alchemic_ronin/STM32/gcc-arm-none-eabi-9-2019-q4-major/bin/../lib/gcc/arm-none-eabi/9.2.1/../../../../arm-none-eabi/lib/thumb/v7e-m/nofp/libg_nano.a(lib_a-reent.o)
 .debug_frame   0x0000000000002710       0xb0 /home/alchemic_ronin/STM32/gcc-arm-none-eabi-9-2019-q4-major/bin/../lib/gcc/arm-none-eabi/9.2.1/../../../../arm-none-eabi/lib/thumb/v7e-m/nofp/libg_nano.a(lib_a-lock.o)
