Archive member included to satisfy reference by file (symbol)

/home/alchemic_ronin/STM32/gcc-arm-none-eabi-9-2019-q4-major/bin/../lib/gcc/arm-none-eabi/9.2.1/thumb/v7e-m/nofp/libgcc.a(_aeabi_uldivmod.o)
                              CMakeFiles/RoboMaster05-3.elf.dir/Drivers/STM32F4xx_HAL_Driver/Src/stm32f4xx_hal_rcc.c.obj (__aeabi_uldivmod)
/home/alchemic_ronin/STM32/gcc-arm-none-eabi-9-2019-q4-major/bin/../lib/gcc/arm-none-eabi/9.2.1/thumb/v7e-m/nofp/libgcc.a(_udivmoddi4.o)
                              /home/alchemic_ronin/STM32/gcc-arm-none-eabi-9-2019-q4-major/bin/../lib/gcc/arm-none-eabi/9.2.1/thumb/v7e-m/nofp/libgcc.a(_aeabi_uldivmod.o) (__udivmoddi4)
/home/alchemic_ronin/STM32/gcc-arm-none-eabi-9-2019-q4-major/bin/../lib/gcc/arm-none-eabi/9.2.1/thumb/v7e-m/nofp/libgcc.a(_dvmd_tls.o)
                              /home/alchemic_ronin/STM32/gcc-arm-none-eabi-9-2019-q4-major/bin/../lib/gcc/arm-none-eabi/9.2.1/thumb/v7e-m/nofp/libgcc.a(_aeabi_uldivmod.o) (__aeabi_ldiv0)
/home/alchemic_ronin/STM32/gcc-arm-none-eabi-9-2019-q4-major/bin/../lib/gcc/arm-none-eabi/9.2.1/../../../../arm-none-eabi/lib/thumb/v7e-m/nofp/libg_nano.a(lib_a-errno.o)
                              CMakeFiles/RoboMaster05-3.elf.dir/Src/syscalls.c.obj (__errno)
/home/alchemic_ronin/STM32/gcc-arm-none-eabi-9-2019-q4-major/bin/../lib/gcc/arm-none-eabi/9.2.1/../../../../arm-none-eabi/lib/thumb/v7e-m/nofp/libg_nano.a(lib_a-exit.o)
                              /home/alchemic_ronin/STM32/gcc-arm-none-eabi-9-2019-q4-major/bin/../lib/gcc/arm-none-eabi/9.2.1/../../../../arm-none-eabi/lib/thumb/v7e-m/nofp/crt0.o (exit)
/home/alchemic_ronin/STM32/gcc-arm-none-eabi-9-2019-q4-major/bin/../lib/gcc/arm-none-eabi/9.2.1/../../../../arm-none-eabi/lib/thumb/v7e-m/nofp/libg_nano.a(lib_a-impure.o)
                              /home/alchemic_ronin/STM32/gcc-arm-none-eabi-9-2019-q4-major/bin/../lib/gcc/arm-none-eabi/9.2.1/../../../../arm-none-eabi/lib/thumb/v7e-m/nofp/libg_nano.a(lib_a-exit.o) (_global_impure_ptr)
/home/alchemic_ronin/STM32/gcc-arm-none-eabi-9-2019-q4-major/bin/../lib/gcc/arm-none-eabi/9.2.1/../../../../arm-none-eabi/lib/thumb/v7e-m/nofp/libg_nano.a(lib_a-init.o)
                              /home/alchemic_ronin/STM32/gcc-arm-none-eabi-9-2019-q4-major/bin/../lib/gcc/arm-none-eabi/9.2.1/../../../../arm-none-eabi/lib/thumb/v7e-m/nofp/crt0.o (__libc_init_array)
/home/alchemic_ronin/STM32/gcc-arm-none-eabi-9-2019-q4-major/bin/../lib/gcc/arm-none-eabi/9.2.1/../../../../arm-none-eabi/lib/thumb/v7e-m/nofp/libg_nano.a(lib_a-memset.o)
                              /home/alchemic_ronin/STM32/gcc-arm-none-eabi-9-2019-q4-major/bin/../lib/gcc/arm-none-eabi/9.2.1/../../../../arm-none-eabi/lib/thumb/v7e-m/nofp/crt0.o (memset)

Discarded input sections

 .text          0x0000000000000000        0x0 /home/alchemic_ronin/STM32/gcc-arm-none-eabi-9-2019-q4-major/bin/../lib/gcc/arm-none-eabi/9.2.1/thumb/v7e-m/nofp/crti.o
 .data          0x0000000000000000        0x0 /home/alchemic_ronin/STM32/gcc-arm-none-eabi-9-2019-q4-major/bin/../lib/gcc/arm-none-eabi/9.2.1/thumb/v7e-m/nofp/crti.o
 .bss           0x0000000000000000        0x0 /home/alchemic_ronin/STM32/gcc-arm-none-eabi-9-2019-q4-major/bin/../lib/gcc/arm-none-eabi/9.2.1/thumb/v7e-m/nofp/crti.o
 .data          0x0000000000000000        0x4 /home/alchemic_ronin/STM32/gcc-arm-none-eabi-9-2019-q4-major/bin/../lib/gcc/arm-none-eabi/9.2.1/thumb/v7e-m/nofp/crtbegin.o
 .text          0x0000000000000000       0x74 /home/alchemic_ronin/STM32/gcc-arm-none-eabi-9-2019-q4-major/bin/../lib/gcc/arm-none-eabi/9.2.1/../../../../arm-none-eabi/lib/thumb/v7e-m/nofp/crt0.o
 .data          0x0000000000000000        0x0 /home/alchemic_ronin/STM32/gcc-arm-none-eabi-9-2019-q4-major/bin/../lib/gcc/arm-none-eabi/9.2.1/../../../../arm-none-eabi/lib/thumb/v7e-m/nofp/crt0.o
 .bss           0x0000000000000000        0x0 /home/alchemic_ronin/STM32/gcc-arm-none-eabi-9-2019-q4-major/bin/../lib/gcc/arm-none-eabi/9.2.1/../../../../arm-none-eabi/lib/thumb/v7e-m/nofp/crt0.o
 .ARM.extab     0x0000000000000000        0x0 /home/alchemic_ronin/STM32/gcc-arm-none-eabi-9-2019-q4-major/bin/../lib/gcc/arm-none-eabi/9.2.1/../../../../arm-none-eabi/lib/thumb/v7e-m/nofp/crt0.o
 .ARM.exidx     0x0000000000000000        0x8 /home/alchemic_ronin/STM32/gcc-arm-none-eabi-9-2019-q4-major/bin/../lib/gcc/arm-none-eabi/9.2.1/../../../../arm-none-eabi/lib/thumb/v7e-m/nofp/crt0.o
 .ARM.attributes
                0x0000000000000000       0x1c /home/alchemic_ronin/STM32/gcc-arm-none-eabi-9-2019-q4-major/bin/../lib/gcc/arm-none-eabi/9.2.1/../../../../arm-none-eabi/lib/thumb/v7e-m/nofp/crt0.o
 .text          0x0000000000000000        0x0 CMakeFiles/RoboMaster05-3.elf.dir/Drivers/STM32F4xx_HAL_Driver/Src/stm32f4xx_hal.c.obj
 .data          0x0000000000000000        0x0 CMakeFiles/RoboMaster05-3.elf.dir/Drivers/STM32F4xx_HAL_Driver/Src/stm32f4xx_hal.c.obj
[...]
Memory Configuration

Name             Origin             Length             Attributes
RAM              0x0000000020000000 0x0000000000030000 xrw
CCMRAM           0x0000000010000000 0x0000000000010000 xrw
FLASH            0x0000000008000000 0x0000000000200000 xr
*default*        0x0000000000000000 0xffffffffffffffff

Linker script and memory map

LOAD /home/alchemic_ronin/STM32/gcc-arm-none-eabi-9-2019-q4-major/bin/../lib/gcc/arm-none-eabi/9.2.1/thumb/v7e-m/nofp/crti.o
LOAD /home/alchemic_ronin/STM32/gcc-arm-none-eabi-9-2019-q4-major/bin/../lib/gcc/arm-none-eabi/9.2.1/thumb/v7e-m/nofp/crtbegin.o
LOAD /home/alchemic_ronin/STM32/gcc-arm-none-eabi-9-2019-q4-major/bin/../lib/gcc/arm-none-eabi/9.2.1/../../../../arm-none-eabi/lib/thumb/v7e-m/nofp/crt0.o
LOAD CMakeFiles/RoboMaster05-3.elf.dir/Drivers/STM32F4xx_HAL_Driver/Src/stm32f4xx_hal.c.obj
LOAD CMakeFiles/RoboMaster05-3.elf.dir/Drivers/STM32F4xx_HAL_Driver/Src/stm32f4xx_hal_cortex.c.obj
LOAD CMakeFiles/RoboMaster05-3.elf.dir/Drivers/STM32F4xx_HAL_Driver/Src/stm32f4xx_hal_dma.c.obj
LOAD CMakeFiles/RoboMaster05-3.elf.dir/Drivers/STM32F4xx_HAL_Driver/Src/stm32f4xx_hal_dma_ex.c.obj
LOAD CMakeFiles/RoboMaster05-3.elf.dir/Drivers/STM32F4xx_HAL_Driver/Src/stm32f4xx_hal_exti.c.obj
LOAD CMakeFiles/RoboMaster05-3.elf.dir/Drivers/STM32F4xx_HAL_Driver/Src/stm32f4xx_hal_flash.c.obj
LOAD CMakeFiles/RoboMaster05-3.elf.dir/Drivers/STM32F4xx_HAL_Driver/Src/stm32f4xx_hal_flash_ex.c.obj
LOAD CMakeFiles/RoboMaster05-3.elf.dir/Drivers/STM32F4xx_HAL_Driver/Src/stm32f4xx_hal_flash_ramfunc.c.obj
LOAD CMakeFiles/RoboMaster05-3.elf.dir/Drivers/STM32F4xx_HAL_Driver/Src/stm32f4xx_hal_gpio.c.obj
LOAD CMakeFiles/RoboMaster05-3.elf.dir/Drivers/STM32F4xx_HAL_Driver/Src/stm32f4xx_hal_pwr.c.obj
LOAD CMakeFiles/RoboMaster05-3.elf.dir/Drivers/STM32F4xx_HAL_Driver/Src/stm32f4xx_hal_pwr_ex.c.obj
LOAD CMakeFiles/RoboMaster05-3.elf.dir/Drivers/STM32F4xx_HAL_Driver/Src/stm32f4xx_hal_rcc.c.obj
LOAD CMakeFiles/RoboMaster05-3.elf.dir/Drivers/STM32F4xx_HAL_Driver/Src/stm32f4xx_hal_rcc_ex.c.obj
LOAD CMakeFiles/RoboMaster05-3.elf.dir/Drivers/STM32F4xx_HAL_Driver/Src/stm32f4xx_hal_tim.c.obj
LOAD CMakeFiles/RoboMaster05-3.elf.dir/Drivers/STM32F4xx_HAL_Driver/Src/stm32f4xx_hal_tim_ex.c.obj
LOAD CMakeFiles/RoboMaster05-3.elf.dir/Src/main.c.obj
LOAD CMakeFiles/RoboMaster05-3.elf.dir/Src/stm32f4xx_hal_msp.c.obj
LOAD CMakeFiles/RoboMaster05-3.elf.dir/Src/stm32f4xx_it.c.obj
LOAD CMakeFiles/RoboMaster05-3.elf.dir/Src/syscalls.c.obj
LOAD CMakeFiles/RoboMaster05-3.elf.dir/Src/system_stm32f4xx.c.obj
LOAD CMakeFiles/RoboMaster05-3.elf.dir/startup/startup_stm32f427xx.s.obj
START GROUP
LOAD /home/alchemic_ronin/STM32/gcc-arm-none-eabi-9-2019-q4-major/bin/../lib/gcc/arm-none-eabi/9.2.1/thumb/v7e-m/nofp/libgcc.a
LOAD /home/alchemic_ronin/STM32/gcc-arm-none-eabi-9-2019-q4-major/bin/../lib/gcc/arm-none-eabi/9.2.1/../../../../arm-none-eabi/lib/thumb/v7e-m/nofp/libg_nano.a
LOAD /home/alchemic_ronin/STM32/gcc-arm-none-eabi-9-2019-q4-major/bin/../lib/gcc/arm-none-eabi/9.2.1/../../../../arm-none-eabi/lib/thumb/v7e-m/nofp/libc_nano.a
END GROUP
START GROUP
LOAD /home/alchemic_ronin/STM32/gcc-arm-none-eabi-9-2019-q4-major/bin/../lib/gcc/arm-none-eabi/9.2.1/thumb/v7e-m/nofp/libgcc.a
LOAD /home/alchemic_ronin/STM32/gcc-arm-none-eabi-9-2019-q4-major/bin/../lib/gcc/arm-none-eabi/9.2.1/../../../../arm-none-eabi/lib/thumb/v7e-m/nofp/libc_nano.a
LOAD /home/alchemic_ronin/STM32/gcc-arm-none-eabi-9-2019-q4-major/bin/../lib/gcc/arm-none-eabi/9.2.1/../../../../arm-none-eabi/lib/thumb/v7e-m/nofp/libnosys.a
END GROUP
START GROUP
LOAD /home/alchemic_ronin/STM32/gcc-arm-none-eabi-9-2019-q4-major/bin/../lib/gcc/arm-none-eabi/9.2.1/thumb/v7e-m/nofp/libgcc.a
LOAD /home/alchemic_ronin/STM32/gcc-arm-none-eabi-9-2019-q4-major/bin/../lib/gcc/arm-none-eabi/9.2.1/../../../../arm-none-eabi/lib/thumb/v7e-m/nofp/libc_nano.a
LOAD /home/alchemic_ronin/STM32/gcc-arm-none-eabi-9-2019-q4-major/bin/../lib/gcc/arm-none-eabi/9.2.1/../../../../arm-none-eabi/lib/thumb/v7e-m/nofp/libnosys.a
END GROUP
LOAD /home/alchemic_ronin/STM32/gcc-arm-none-eabi-9-2019-q4-major/bin/../lib/gcc/arm-none-eabi/9.2.1/thumb/v7e-m/nofp/crtend.o
LOAD /home/alchemic_ronin/STM32/gcc-arm-none-eabi-9-2019-q4-major/bin/../lib/gcc/arm-none-eabi/9.2.1/thumb/v7e-m/nofp/crtn.o
                0x0000000020030000                _estack = 0x20030000
                0x0000000000000200                _Min_Heap_Size = 0x200
                0x0000000000000400                _Min_Stack_Size = 0x400

.isr_vector     0x0000000008000000      0x1ac
                0x0000000008000000                . = ALIGN (0x4)
 *(.isr_vector)
 .isr_vector    0x0000000008000000      0x1ac CMakeFiles/RoboMaster05-3.elf.dir/startup/startup_stm32f427xx.s.obj
                0x0000000008000000                g_pfnVectors
                0x00000000080001ac                . = ALIGN (0x4)

.text           0x00000000080001ac     0x218c
                0x00000000080001ac                . = ALIGN (0x4)
 *(.text)
 .text          0x00000000080001ac       0x40 /home/alchemic_ronin/STM32/gcc-arm-none-eabi-9-2019-q4-major/bin/../lib/gcc/arm-none-eabi/9.2.1/thumb/v7e-m/nofp/crtbegin.o
 .text          0x00000000080001ec       0x30 /home/alchemic_ronin/STM32/gcc-arm-none-eabi-9-2019-q4-major/bin/../lib/gcc/arm-none-eabi/9.2.1/thumb/v7e-m/nofp/libgcc.a(_aeabi_uldivmod.o)
                0x00000000080001ec                __aeabi_uldivmod
 .text          0x000000000800021c      0x2c0 /home/alchemic_ronin/STM32/gcc-arm-none-eabi-9-2019-q4-major/bin/../lib/gcc/arm-none-eabi/9.2.1/thumb/v7e-m/nofp/libgcc.a(_udivmoddi4.o)
                0x000000000800021c                __udivmoddi4
 .text          0x00000000080004dc        0x4 /home/alchemic_ronin/STM32/gcc-arm-none-eabi-9-2019-q4-major/bin/../lib/gcc/arm-none-eabi/9.2.1/thumb/v7e-m/nofp/libgcc.a(_dvmd_tls.o)
                0x00000000080004dc                __aeabi_ldiv0
                0x00000000080004dc                __aeabi_idiv0
 *(.text*)
 .text.HAL_Init
                0x00000000080004e0       0x44 CMakeFiles/RoboMaster05-3.elf.dir/Drivers/STM32F4xx_HAL_Driver/Src/stm32f4xx_hal.c.obj
                0x00000000080004e0                HAL_Init
 .text.HAL_InitTick
                0x0000000008000524       0x60 CMakeFiles/RoboMaster05-3.elf.dir/Drivers/STM32F4xx_HAL_Driver/Src/stm32f4xx_hal.c.obj
                0x0000000008000524                HAL_InitTick
 .text.HAL_IncTick
                0x0000000008000584       0x24 CMakeFiles/RoboMaster05-3.elf.dir/Drivers/STM32F4xx_HAL_Driver/Src/stm32f4xx_hal.c.obj
                0x0000000008000584                HAL_IncTick
 .text.HAL_GetTick
                0x00000000080005a8       0x14 CMakeFiles/RoboMaster05-3.elf.dir/Drivers/STM32F4xx_HAL_Driver/Src/stm32f4xx_hal.c.obj
                0x00000000080005a8                HAL_GetTick
 .text.HAL_Delay
                0x00000000080005bc       0x48 CMakeFiles/RoboMaster05-3.elf.dir/Drivers/STM32F4xx_HAL_Driver/Src/stm32f4xx_hal.c.obj
                0x00000000080005bc                HAL_Delay
 .text.__NVIC_SetPriorityGrouping
                0x0000000008000604       0x48 CMakeFiles/RoboMaster05-3.elf.dir/Drivers/STM32F4xx_HAL_Driver/Src/stm32f4xx_hal_cortex.c.obj
 .text.__NVIC_GetPriorityGrouping
                0x000000000800064c       0x1c CMakeFiles/RoboMaster05-3.elf.dir/Drivers/STM32F4xx_HAL_Driver/Src/stm32f4xx_hal_cortex.c.obj
 .text.__NVIC_SetPriority
                0x0000000008000668       0x54 CMakeFiles/RoboMaster05-3.elf.dir/Drivers/STM32F4xx_HAL_Driver/Src/stm32f4xx_hal_cortex.c.obj
 .text.NVIC_EncodePriority
                0x00000000080006bc       0x64 CMakeFiles/RoboMaster05-3.elf.dir/Drivers/STM32F4xx_HAL_Driver/Src/stm32f4xx_hal_cortex.c.obj
 .text.SysTick_Config
                0x0000000008000720       0x44 CMakeFiles/RoboMaster05-3.elf.dir/Drivers/STM32F4xx_HAL_Driver/Src/stm32f4xx_hal_cortex.c.obj
 .text.HAL_NVIC_SetPriorityGrouping
                0x0000000008000764       0x16 CMakeFiles/RoboMaster05-3.elf.dir/Drivers/STM32F4xx_HAL_Driver/Src/stm32f4xx_hal_cortex.c.obj
                0x0000000008000764                HAL_NVIC_SetPriorityGrouping
 .text.HAL_NVIC_SetPriority
                0x000000000800077a       0x38 CMakeFiles/RoboMaster05-3.elf.dir/Drivers/STM32F4xx_HAL_Driver/Src/stm32f4xx_hal_cortex.c.obj
                0x000000000800077a                HAL_NVIC_SetPriority
 .text.HAL_SYSTICK_Config
                0x00000000080007b2       0x18 CMakeFiles/RoboMaster05-3.elf.dir/Drivers/STM32F4xx_HAL_Driver/Src/stm32f4xx_hal_cortex.c.obj
                0x00000000080007b2                HAL_SYSTICK_Config
 *fill*         0x00000000080007ca        0x2 
 .text.HAL_GPIO_Init
                0x00000000080007cc      0x354 CMakeFiles/RoboMaster05-3.elf.dir/Drivers/STM32F4xx_HAL_Driver/Src/stm32f4xx_hal_gpio.c.obj
                0x00000000080007cc                HAL_GPIO_Init
 .text.HAL_RCC_OscConfig
                0x0000000008000b20      0x4e0 CMakeFiles/RoboMaster05-3.elf.dir/Drivers/STM32F4xx_HAL_Driver/Src/stm32f4xx_hal_rcc.c.obj
                0x0000000008000b20                HAL_RCC_OscConfig
 .text.HAL_RCC_ClockConfig
                0x0000000008001000      0x1cc CMakeFiles/RoboMaster05-3.elf.dir/Drivers/STM32F4xx_HAL_Driver/Src/stm32f4xx_hal_rcc.c.obj
                0x0000000008001000                HAL_RCC_ClockConfig
 .text.HAL_RCC_GetSysClockFreq
                0x00000000080011cc      0x16c CMakeFiles/RoboMaster05-3.elf.dir/Drivers/STM32F4xx_HAL_Driver/Src/stm32f4xx_hal_rcc.c.obj
                0x00000000080011cc                HAL_RCC_GetSysClockFreq
 .text.HAL_TIM_Base_Init
                0x0000000008001338       0x56 CMakeFiles/RoboMaster05-3.elf.dir/Drivers/STM32F4xx_HAL_Driver/Src/stm32f4xx_hal_tim.c.obj
                0x0000000008001338                HAL_TIM_Base_Init
 .text.HAL_TIM_PWM_Init
                0x000000000800138e       0x56 CMakeFiles/RoboMaster05-3.elf.dir/Drivers/STM32F4xx_HAL_Driver/Src/stm32f4xx_hal_tim.c.obj
                0x000000000800138e                HAL_TIM_PWM_Init
 .text.HAL_TIM_PWM_MspInit
                0x00000000080013e4       0x12 CMakeFiles/RoboMaster05-3.elf.dir/Drivers/STM32F4xx_HAL_Driver/Src/stm32f4xx_hal_tim.c.obj
                0x00000000080013e4                HAL_TIM_PWM_MspInit
 *fill*         0x00000000080013f6        0x2 
 .text.HAL_TIM_PWM_Start
                0x00000000080013f8       0x7c CMakeFiles/RoboMaster05-3.elf.dir/Drivers/STM32F4xx_HAL_Driver/Src/stm32f4xx_hal_tim.c.obj
                0x00000000080013f8                HAL_TIM_PWM_Start
 .text.HAL_TIM_PWM_ConfigChannel
                0x0000000008001474      0x18c CMakeFiles/RoboMaster05-3.elf.dir/Drivers/STM32F4xx_HAL_Driver/Src/stm32f4xx_hal_tim.c.obj
                0x0000000008001474                HAL_TIM_PWM_ConfigChannel
 .text.HAL_TIM_ConfigClockSource
                0x0000000008001600      0x188 CMakeFiles/RoboMaster05-3.elf.dir/Drivers/STM32F4xx_HAL_Driver/Src/stm32f4xx_hal_tim.c.obj
                0x0000000008001600                HAL_TIM_ConfigClockSource
 .text.TIM_Base_SetConfig
                0x0000000008001788      0x13c CMakeFiles/RoboMaster05-3.elf.dir/Drivers/STM32F4xx_HAL_Driver/Src/stm32f4xx_hal_tim.c.obj
                0x0000000008001788                TIM_Base_SetConfig
 .text.TIM_OC1_SetConfig
                0x00000000080018c4       0xe0 CMakeFiles/RoboMaster05-3.elf.dir/Drivers/STM32F4xx_HAL_Driver/Src/stm32f4xx_hal_tim.c.obj
 .text.TIM_OC2_SetConfig
                0x00000000080019a4       0xe8 CMakeFiles/RoboMaster05-3.elf.dir/Drivers/STM32F4xx_HAL_Driver/Src/stm32f4xx_hal_tim.c.obj
                0x00000000080019a4                TIM_OC2_SetConfig
 .text.TIM_OC3_SetConfig
                0x0000000008001a8c       0xe8 CMakeFiles/RoboMaster05-3.elf.dir/Drivers/STM32F4xx_HAL_Driver/Src/stm32f4xx_hal_tim.c.obj
 .text.TIM_OC4_SetConfig
                0x0000000008001b74       0xa8 CMakeFiles/RoboMaster05-3.elf.dir/Drivers/STM32F4xx_HAL_Driver/Src/stm32f4xx_hal_tim.c.obj
 .text.TIM_TI1_ConfigInputStage
                0x0000000008001c1c       0x5c CMakeFiles/RoboMaster05-3.elf.dir/Drivers/STM32F4xx_HAL_Driver/Src/stm32f4xx_hal_tim.c.obj
 .text.TIM_TI2_ConfigInputStage
                0x0000000008001c78       0x5e CMakeFiles/RoboMaster05-3.elf.dir/Drivers/STM32F4xx_HAL_Driver/Src/stm32f4xx_hal_tim.c.obj
 .text.TIM_ITRx_SetConfig
                0x0000000008001cd6       0x34 CMakeFiles/RoboMaster05-3.elf.dir/Drivers/STM32F4xx_HAL_Driver/Src/stm32f4xx_hal_tim.c.obj
 .text.TIM_ETR_SetConfig
                0x0000000008001d0a       0x3e CMakeFiles/RoboMaster05-3.elf.dir/Drivers/STM32F4xx_HAL_Driver/Src/stm32f4xx_hal_tim.c.obj
                0x0000000008001d0a                TIM_ETR_SetConfig
 .text.TIM_CCxChannelCmd
                0x0000000008001d48       0x48 CMakeFiles/RoboMaster05-3.elf.dir/Drivers/STM32F4xx_HAL_Driver/Src/stm32f4xx_hal_tim.c.obj
                0x0000000008001d48                TIM_CCxChannelCmd
 .text.HAL_TIMEx_MasterConfigSynchronization
                0x0000000008001d90       0xf4 CMakeFiles/RoboMaster05-3.elf.dir/Drivers/STM32F4xx_HAL_Driver/Src/stm32f4xx_hal_tim_ex.c.obj
                0x0000000008001d90                HAL_TIMEx_MasterConfigSynchronization
 .text.main     0x0000000008001e84       0x74 CMakeFiles/RoboMaster05-3.elf.dir/Src/main.c.obj
                0x0000000008001e84                main
 .text.SystemClock_Config
                0x0000000008001ef8       0xd4 CMakeFiles/RoboMaster05-3.elf.dir/Src/main.c.obj
                0x0000000008001ef8                SystemClock_Config
 .text.MX_TIM2_Init
                0x0000000008001fcc       0xec CMakeFiles/RoboMaster05-3.elf.dir/Src/main.c.obj
 .text.MX_GPIO_Init
                0x00000000080020b8       0x4c CMakeFiles/RoboMaster05-3.elf.dir/Src/main.c.obj
 .text.Error_Handler
                0x0000000008002104        0xc CMakeFiles/RoboMaster05-3.elf.dir/Src/main.c.obj
                0x0000000008002104                Error_Handler
 .text.HAL_MspInit
                0x0000000008002110       0x4c CMakeFiles/RoboMaster05-3.elf.dir/Src/stm32f4xx_hal_msp.c.obj
                0x0000000008002110                HAL_MspInit
 .text.HAL_TIM_Base_MspInit
                0x000000000800215c       0x3c CMakeFiles/RoboMaster05-3.elf.dir/Src/stm32f4xx_hal_msp.c.obj
                0x000000000800215c                HAL_TIM_Base_MspInit
 .text.HAL_TIM_MspPostInit
                0x0000000008002198       0x70 CMakeFiles/RoboMaster05-3.elf.dir/Src/stm32f4xx_hal_msp.c.obj
                0x0000000008002198                HAL_TIM_MspPostInit
 .text.NMI_Handler
                0x0000000008002208        0xc CMakeFiles/RoboMaster05-3.elf.dir/Src/stm32f4xx_it.c.obj
                0x0000000008002208                NMI_Handler
 .text.HardFault_Handler
                0x0000000008002214        0x6 CMakeFiles/RoboMaster05-3.elf.dir/Src/stm32f4xx_it.c.obj
                0x0000000008002214                HardFault_Handler
 .text.MemManage_Handler
                0x000000000800221a        0x6 CMakeFiles/RoboMaster05-3.elf.dir/Src/stm32f4xx_it.c.obj
                0x000000000800221a                MemManage_Handler
 .text.BusFault_Handler
                0x0000000008002220        0x6 CMakeFiles/RoboMaster05-3.elf.dir/Src/stm32f4xx_it.c.obj
                0x0000000008002220                BusFault_Handler
 .text.UsageFault_Handler
                0x0000000008002226        0x6 CMakeFiles/RoboMaster05-3.elf.dir/Src/stm32f4xx_it.c.obj
                0x0000000008002226                UsageFault_Handler
 .text.SVC_Handler
                0x000000000800222c        0xc CMakeFiles/RoboMaster05-3.elf.dir/Src/stm32f4xx_it.c.obj
                0x000000000800222c                SVC_Handler
 .text.DebugMon_Handler
                0x0000000008002238        0xc CMakeFiles/RoboMaster05-3.elf.dir/Src/stm32f4xx_it.c.obj
                0x0000000008002238                DebugMon_Handler
 .text.PendSV_Handler
                0x0000000008002244        0xc CMakeFiles/RoboMaster05-3.elf.dir/Src/stm32f4xx_it.c.obj
                0x0000000008002244                PendSV_Handler
 .text.SysTick_Handler
                0x0000000008002250        0xc CMakeFiles/RoboMaster05-3.elf.dir/Src/stm32f4xx_it.c.obj
                0x0000000008002250                SysTick_Handler
 .text.SystemInit
                0x000000000800225c       0x18 CMakeFiles/RoboMaster05-3.elf.dir/Src/system_stm32f4xx.c.obj
                0x000000000800225c                SystemInit
 .text.Reset_Handler
                0x0000000008002274       0x50 CMakeFiles/RoboMaster05-3.elf.dir/startup/startup_stm32f427xx.s.obj
                0x0000000008002274                Reset_Handler
 .text.Default_Handler
                0x00000000080022c4        0x2 CMakeFiles/RoboMaster05-3.elf.dir/startup/startup_stm32f427xx.s.obj
                0x00000000080022c4                RTC_Alarm_IRQHandler
                0x00000000080022c4                HASH_RNG_IRQHandler
                0x00000000080022c4                EXTI2_IRQHandler
                0x00000000080022c4                TIM8_CC_IRQHandler
                0x00000000080022c4                UART8_IRQHandler
                0x00000000080022c4                SPI4_IRQHandler
                0x00000000080022c4                TIM1_CC_IRQHandler
                0x00000000080022c4                DMA2_Stream5_IRQHandler
                0x00000000080022c4                DMA1_Stream5_IRQHandler
                0x00000000080022c4                PVD_IRQHandler
                0x00000000080022c4                SDIO_IRQHandler
                0x00000000080022c4                TAMP_STAMP_IRQHandler
                0x00000000080022c4                CAN2_RX1_IRQHandler
                0x00000000080022c4                EXTI3_IRQHandler
                0x00000000080022c4                TIM8_TRG_COM_TIM14_IRQHandler
                0x00000000080022c4                TIM1_UP_TIM10_IRQHandler
                0x00000000080022c4                TIM8_UP_TIM13_IRQHandler
                0x00000000080022c4                I2C3_ER_IRQHandler
                0x00000000080022c4                EXTI0_IRQHandler
                0x00000000080022c4                I2C2_EV_IRQHandler
                0x00000000080022c4                DMA1_Stream2_IRQHandler
                0x00000000080022c4                CAN1_RX0_IRQHandler
                0x00000000080022c4                FPU_IRQHandler
                0x00000000080022c4                OTG_HS_WKUP_IRQHandler
                0x00000000080022c4                CAN2_SCE_IRQHandler
                0x00000000080022c4                DMA2_Stream2_IRQHandler
                0x00000000080022c4                SPI1_IRQHandler
                0x00000000080022c4                TIM6_DAC_IRQHandler
                0x00000000080022c4                TIM1_BRK_TIM9_IRQHandler
                0x00000000080022c4                DCMI_IRQHandler
                0x00000000080022c4                CAN2_RX0_IRQHandler
                0x00000000080022c4                DMA2_Stream3_IRQHandler
                0x00000000080022c4                USART6_IRQHandler
                0x00000000080022c4                USART3_IRQHandler
                0x00000000080022c4                CAN1_RX1_IRQHandler
                0x00000000080022c4                UART5_IRQHandler
                0x00000000080022c4                DMA2_Stream0_IRQHandler
                0x00000000080022c4                TIM4_IRQHandler
                0x00000000080022c4                I2C1_EV_IRQHandler
                0x00000000080022c4                DMA1_Stream6_IRQHandler
                0x00000000080022c4                DMA1_Stream1_IRQHandler
                0x00000000080022c4                UART4_IRQHandler
                0x00000000080022c4                TIM3_IRQHandler
                0x00000000080022c4                RCC_IRQHandler
                0x00000000080022c4                TIM8_BRK_TIM12_IRQHandler
                0x00000000080022c4                Default_Handler
                0x00000000080022c4                EXTI15_10_IRQHandler
                0x00000000080022c4                ADC_IRQHandler
                0x00000000080022c4                DMA1_Stream7_IRQHandler
                0x00000000080022c4                SPI5_IRQHandler
                0x00000000080022c4                TIM7_IRQHandler
                0x00000000080022c4                CAN2_TX_IRQHandler
                0x00000000080022c4                TIM5_IRQHandler
                0x00000000080022c4                DMA2_Stream7_IRQHandler
                0x00000000080022c4                I2C3_EV_IRQHandler
                0x00000000080022c4                EXTI9_5_IRQHandler
                0x00000000080022c4                RTC_WKUP_IRQHandler
                0x00000000080022c4                ETH_WKUP_IRQHandler
                0x00000000080022c4                SPI2_IRQHandler
                0x00000000080022c4                OTG_HS_EP1_IN_IRQHandler
                0x00000000080022c4                DMA1_Stream0_IRQHandler
                0x00000000080022c4                CAN1_TX_IRQHandler
                0x00000000080022c4                EXTI4_IRQHandler
                0x00000000080022c4                ETH_IRQHandler
                0x00000000080022c4                OTG_HS_EP1_OUT_IRQHandler
                0x00000000080022c4                WWDG_IRQHandler
                0x00000000080022c4                SPI6_IRQHandler
                0x00000000080022c4                TIM2_IRQHandler
                0x00000000080022c4                OTG_FS_WKUP_IRQHandler
                0x00000000080022c4                TIM1_TRG_COM_TIM11_IRQHandler
                0x00000000080022c4                OTG_HS_IRQHandler
                0x00000000080022c4                DMA2D_IRQHandler
                0x00000000080022c4                EXTI1_IRQHandler
                0x00000000080022c4                UART7_IRQHandler
                0x00000000080022c4                USART2_IRQHandler
                0x00000000080022c4                I2C2_ER_IRQHandler
                0x00000000080022c4                DMA2_Stream1_IRQHandler
                0x00000000080022c4                CAN1_SCE_IRQHandler
                0x00000000080022c4                FLASH_IRQHandler
                0x00000000080022c4                DMA2_Stream4_IRQHandler
                0x00000000080022c4                USART1_IRQHandler
                0x00000000080022c4                OTG_FS_IRQHandler
                0x00000000080022c4                SPI3_IRQHandler
                0x00000000080022c4                DMA1_Stream4_IRQHandler
                0x00000000080022c4                I2C1_ER_IRQHandler
                0x00000000080022c4                FMC_IRQHandler
                0x00000000080022c4                DMA2_Stream6_IRQHandler
                0x00000000080022c4                SAI1_IRQHandler
                0x00000000080022c4                DMA1_Stream3_IRQHandler
 *fill*         0x00000000080022c6        0x2 
 .text.__libc_init_array
                0x00000000080022c8       0x48 /home/alchemic_ronin/STM32/gcc-arm-none-eabi-9-2019-q4-major/bin/../lib/gcc/arm-none-eabi/9.2.1/../../../../arm-none-eabi/lib/thumb/v7e-m/nofp/libg_nano.a(lib_a-init.o)
                0x00000000080022c8                __libc_init_array
 .text.memset   0x0000000008002310       0x10 /home/alchemic_ronin/STM32/gcc-arm-none-eabi-9-2019-q4-major/bin/../lib/gcc/arm-none-eabi/9.2.1/../../../../arm-none-eabi/lib/thumb/v7e-m/nofp/libg_nano.a(lib_a-memset.o)
                0x0000000008002310                memset
 *(.glue_7)
 .glue_7        0x0000000008002320        0x0 linker stubs
 *(.glue_7t)
 .glue_7t       0x0000000008002320        0x0 linker stubs
 *(.eh_frame)
 .eh_frame      0x0000000008002320        0x0 /home/alchemic_ronin/STM32/gcc-arm-none-eabi-9-2019-q4-major/bin/../lib/gcc/arm-none-eabi/9.2.1/thumb/v7e-m/nofp/crtbegin.o
 *(.init)
 .init          0x0000000008002320        0x4 /home/alchemic_ronin/STM32/gcc-arm-none-eabi-9-2019-q4-major/bin/../lib/gcc/arm-none-eabi/9.2.1/thumb/v7e-m/nofp/crti.o
                0x0000000008002320                _init
 .init          0x0000000008002324        0x8 /home/alchemic_ronin/STM32/gcc-arm-none-eabi-9-2019-q4-major/bin/../lib/gcc/arm-none-eabi/9.2.1/thumb/v7e-m/nofp/crtn.o
 *(.fini)
 .fini          0x000000000800232c        0x4 /home/alchemic_ronin/STM32/gcc-arm-none-eabi-9-2019-q4-major/bin/../lib/gcc/arm-none-eabi/9.2.1/thumb/v7e-m/nofp/crti.o
                0x000000000800232c                _fini
 .fini          0x0000000008002330        0x8 /home/alchemic_ronin/STM32/gcc-arm-none-eabi-9-2019-q4-major/bin/../lib/gcc/arm-none-eabi/9.2.1/thumb/v7e-m/nofp/crtn.o
                0x0000000008002338                . = ALIGN (0x4)
                0x0000000008002338                _etext = .

.vfp11_veneer   0x0000000008002338        0x0
 .vfp11_veneer  0x0000000008002338        0x0 linker stubs

.v4_bx          0x0000000008002338        0x0
 .v4_bx         0x0000000008002338        0x0 linker stubs

.iplt           0x0000000008002338        0x0
 .iplt          0x0000000008002338        0x0 /home/alchemic_ronin/STM32/gcc-arm-none-eabi-9-2019-q4-major/bin/../lib/gcc/arm-none-eabi/9.2.1/thumb/v7e-m/nofp/crtbegin.o

.rodata         0x0000000008002338       0x10
                0x0000000008002338                . = ALIGN (0x4)
 *(.rodata)
 *(.rodata*)
 .rodata.AHBPrescTable
                0x0000000008002338       0x10 CMakeFiles/RoboMaster05-3.elf.dir/Src/system_stm32f4xx.c.obj
                0x0000000008002338                AHBPrescTable
                0x0000000008002348                . = ALIGN (0x4)

.ARM.extab
 *(.ARM.extab* .gnu.linkonce.armextab.*)

.ARM            0x0000000008002348        0x8
                0x0000000008002348                __exidx_start = .
 *(.ARM.exidx*)
 .ARM.exidx     0x0000000008002348        0x8 /home/alchemic_ronin/STM32/gcc-arm-none-eabi-9-2019-q4-major/bin/../lib/gcc/arm-none-eabi/9.2.1/thumb/v7e-m/nofp/libgcc.a(_udivmoddi4.o)
                0x0000000008002350                __exidx_end = .

.rel.dyn        0x0000000008002350        0x0
 .rel.iplt      0x0000000008002350        0x0 /home/alchemic_ronin/STM32/gcc-arm-none-eabi-9-2019-q4-major/bin/../lib/gcc/arm-none-eabi/9.2.1/thumb/v7e-m/nofp/crtbegin.o

.preinit_array  0x0000000008002350        0x0
                0x0000000008002350                PROVIDE (__preinit_array_start = .)
 *(.preinit_array*)
                0x0000000008002350                PROVIDE (__preinit_array_end = .)

.init_array     0x0000000008002350        0x4
                0x0000000008002350                PROVIDE (__init_array_start = .)
 *(SORT_BY_NAME(.init_array.*))
 *(.init_array*)
 .init_array    0x0000000008002350        0x4 /home/alchemic_ronin/STM32/gcc-arm-none-eabi-9-2019-q4-major/bin/../lib/gcc/arm-none-eabi/9.2.1/thumb/v7e-m/nofp/crtbegin.o
                0x0000000008002354                PROVIDE (__init_array_end = .)

.fini_array     0x0000000008002354        0x4
                [!provide]                        PROVIDE (__fini_array_start = .)
 *(SORT_BY_NAME(.fini_array.*))
 *(.fini_array*)
 .fini_array    0x0000000008002354        0x4 /home/alchemic_ronin/STM32/gcc-arm-none-eabi-9-2019-q4-major/bin/../lib/gcc/arm-none-eabi/9.2.1/thumb/v7e-m/nofp/crtbegin.o
                [!provide]                        PROVIDE (__fini_array_end = .)
                0x0000000008002358                _sidata = LOADADDR (.data)

.data           0x0000000020000000        0xc load address 0x0000000008002358
                0x0000000020000000                . = ALIGN (0x4)
                0x0000000020000000                _sdata = .
 *(.data)
 *(.data*)
 .data.uwTickPrio
                0x0000000020000000        0x4 CMakeFiles/RoboMaster05-3.elf.dir/Drivers/STM32F4xx_HAL_Driver/Src/stm32f4xx_hal.c.obj
                0x0000000020000000                uwTickPrio
 .data.uwTickFreq
                0x0000000020000004        0x1 CMakeFiles/RoboMaster05-3.elf.dir/Drivers/STM32F4xx_HAL_Driver/Src/stm32f4xx_hal.c.obj
                0x0000000020000004                uwTickFreq
 *fill*         0x0000000020000005        0x3 
 .data.SystemCoreClock
                0x0000000020000008        0x4 CMakeFiles/RoboMaster05-3.elf.dir/Src/system_stm32f4xx.c.obj
                0x0000000020000008                SystemCoreClock
                0x000000002000000c                . = ALIGN (0x4)
                0x000000002000000c                _edata = .
                0x0000000008002364                _siccmram = LOADADDR (.ccmram)

.igot.plt       0x000000002000000c        0x0 load address 0x0000000008002364
 .igot.plt      0x000000002000000c        0x0 /home/alchemic_ronin/STM32/gcc-arm-none-eabi-9-2019-q4-major/bin/../lib/gcc/arm-none-eabi/9.2.1/thumb/v7e-m/nofp/crtbegin.o

.ccmram         0x0000000010000000        0x0 load address 0x0000000008002364
                0x0000000010000000                . = ALIGN (0x4)
                0x0000000010000000                _sccmram = .
 *(.ccmram)
 *(.ccmram*)
                0x0000000010000000                . = ALIGN (0x4)
                0x0000000010000000                _eccmram = .
                0x0000000010000000                . = ALIGN (0x4)

.bss            0x000000002000000c       0x60
                0x000000002000000c                _sbss = .
                0x000000002000000c                __bss_start__ = _sbss
 *(.bss)
 .bss           0x000000002000000c       0x1c /home/alchemic_ronin/STM32/gcc-arm-none-eabi-9-2019-q4-major/bin/../lib/gcc/arm-none-eabi/9.2.1/thumb/v7e-m/nofp/crtbegin.o
 *(.bss*)
 .bss.uwTick    0x0000000020000028        0x4 CMakeFiles/RoboMaster05-3.elf.dir/Drivers/STM32F4xx_HAL_Driver/Src/stm32f4xx_hal.c.obj
                0x0000000020000028                uwTick
 .bss.htim2     0x000000002000002c       0x40 CMakeFiles/RoboMaster05-3.elf.dir/Src/main.c.obj
                0x000000002000002c                htim2
 *(COMMON)
                0x000000002000006c                . = ALIGN (0x4)
                0x000000002000006c                _ebss = .
                0x000000002000006c                __bss_end__ = _ebss

._user_heap_stack
                0x000000002000006c      0x604
                0x0000000020000070                . = ALIGN (0x8)
 *fill*         0x000000002000006c        0x4 
                0x0000000020000070                PROVIDE (end = .)
                [!provide]                        PROVIDE (_end = .)
                0x0000000020000270                . = (. + _Min_Heap_Size)
 *fill*         0x0000000020000070      0x200 
                0x0000000020000670                . = (. + _Min_Stack_Size)
 *fill*         0x0000000020000270      0x400 
                0x0000000020000670                . = ALIGN (0x8)

/DISCARD/
 libc.a(*)
 libm.a(*)
 libgcc.a(*)

.ARM.attributes
                0x0000000000000000       0x2a
 *(.ARM.attributes)
 .ARM.attributes
                0x0000000000000000       0x1e /home/alchemic_ronin/STM32/gcc-arm-none-eabi-9-2019-q4-major/bin/../lib/gcc/arm-none-eabi/9.2.1/thumb/v7e-m/nofp/crti.o
 .ARM.attributes
                0x000000000000001e       0x2e /home/alchemic_ronin/STM32/gcc-arm-none-eabi-9-2019-q4-major/bin/../lib/gcc/arm-none-eabi/9.2.1/thumb/v7e-m/nofp/crtbegin.o
 .ARM.attributes
                0x000000000000004c       0x2e CMakeFiles/RoboMaster05-3.elf.dir/Drivers/STM32F4xx_HAL_Driver/Src/stm32f4xx_hal.c.obj
 .ARM.attributes
                0x000000000000007a       0x2e CMakeFiles/RoboMaster05-3.elf.dir/Drivers/STM32F4xx_HAL_Driver/Src/stm32f4xx_hal_cortex.c.obj
 .ARM.attributes
                0x00000000000000a8       0x2e CMakeFiles/RoboMaster05-3.elf.dir/Drivers/STM32F4xx_HAL_Driver/Src/stm32f4xx_hal_gpio.c.obj
 .ARM.attributes
                0x00000000000000d6       0x2e CMakeFiles/RoboMaster05-3.elf.dir/Drivers/STM32F4xx_HAL_Driver/Src/stm32f4xx_hal_rcc.c.obj
 .ARM.attributes
                0x0000000000000104       0x2e CMakeFiles/RoboMaster05-3.elf.dir/Drivers/STM32F4xx_HAL_Driver/Src/stm32f4xx_hal_tim.c.obj
 .ARM.attributes
                0x0000000000000132       0x2e CMakeFiles/RoboMaster05-3.elf.dir/Drivers/STM32F4xx_HAL_Driver/Src/stm32f4xx_hal_tim_ex.c.obj
 .ARM.attributes
                0x0000000000000160       0x2e CMakeFiles/RoboMaster05-3.elf.dir/Src/main.c.obj
 .ARM.attributes
                0x000000000000018e       0x2e CMakeFiles/RoboMaster05-3.elf.dir/Src/stm32f4xx_hal_msp.c.obj
 .ARM.attributes
                0x00000000000001bc       0x2e CMakeFiles/RoboMaster05-3.elf.dir/Src/stm32f4xx_it.c.obj
 .ARM.attributes
                0x00000000000001ea       0x2e CMakeFiles/RoboMaster05-3.elf.dir/Src/system_stm32f4xx.c.obj
 .ARM.attributes
                0x0000000000000218       0x21 CMakeFiles/RoboMaster05-3.elf.dir/startup/startup_stm32f427xx.s.obj
 .ARM.attributes
                0x0000000000000239       0x1e /home/alchemic_ronin/STM32/gcc-arm-none-eabi-9-2019-q4-major/bin/../lib/gcc/arm-none-eabi/9.2.1/thumb/v7e-m/nofp/libgcc.a(_aeabi_uldivmod.o)
 .ARM.attributes
                0x0000000000000257       0x2e /home/alchemic_ronin/STM32/gcc-arm-none-eabi-9-2019-q4-major/bin/../lib/gcc/arm-none-eabi/9.2.1/thumb/v7e-m/nofp/libgcc.a(_udivmoddi4.o)
 .ARM.attributes
                0x0000000000000285       0x1e /home/alchemic_ronin/STM32/gcc-arm-none-eabi-9-2019-q4-major/bin/../lib/gcc/arm-none-eabi/9.2.1/thumb/v7e-m/nofp/libgcc.a(_dvmd_tls.o)
 .ARM.attributes
                0x00000000000002a3       0x2e /home/alchemic_ronin/STM32/gcc-arm-none-eabi-9-2019-q4-major/bin/../lib/gcc/arm-none-eabi/9.2.1/../../../../arm-none-eabi/lib/thumb/v7e-m/nofp/libg_nano.a(lib_a-init.o)
 .ARM.attributes
                0x00000000000002d1       0x2e /home/alchemic_ronin/STM32/gcc-arm-none-eabi-9-2019-q4-major/bin/../lib/gcc/arm-none-eabi/9.2.1/../../../../arm-none-eabi/lib/thumb/v7e-m/nofp/libg_nano.a(lib_a-memset.o)
 .ARM.attributes
                0x00000000000002ff       0x1e /home/alchemic_ronin/STM32/gcc-arm-none-eabi-9-2019-q4-major/bin/../lib/gcc/arm-none-eabi/9.2.1/thumb/v7e-m/nofp/crtn.o
OUTPUT(RoboMaster05-3.elf elf32-littlearm)

.debug_info     0x0000000000000000     0x82a5
 .debug_info    0x0000000000000000      0xa13 CMakeFiles/RoboMaster05-3.elf.dir/Drivers/STM32F4xx_HAL_Driver/Src/stm32f4xx_hal.c.obj
 .debug_info    0x0000000000000a13      0xef6 CMakeFiles/RoboMaster05-3.elf.dir/Drivers/STM32F4xx_HAL_Driver/Src/stm32f4xx_hal_cortex.c.obj
 .debug_info    0x0000000000001909      0x83f CMakeFiles/RoboMaster05-3.elf.dir/Drivers/STM32F4xx_HAL_Driver/Src/stm32f4xx_hal_gpio.c.obj
 .debug_info    0x0000000000002148      0x9a7 CMakeFiles/RoboMaster05-3.elf.dir/Drivers/STM32F4xx_HAL_Driver/Src/stm32f4xx_hal_rcc.c.obj
 .debug_info    0x0000000000002aef     0x26c2 CMakeFiles/RoboMaster05-3.elf.dir/Drivers/STM32F4xx_HAL_Driver/Src/stm32f4xx_hal_tim.c.obj
 .debug_info    0x00000000000051b1     0x1254 CMakeFiles/RoboMaster05-3.elf.dir/Drivers/STM32F4xx_HAL_Driver/Src/stm32f4xx_hal_tim_ex.c.obj
 .debug_info    0x0000000000006405      0xc20 CMakeFiles/RoboMaster05-3.elf.dir/Src/main.c.obj
 .debug_info    0x0000000000007025      0xa92 CMakeFiles/RoboMaster05-3.elf.dir/Src/stm32f4xx_hal_msp.c.obj
 .debug_info    0x0000000000007ab7      0x217 CMakeFiles/RoboMaster05-3.elf.dir/Src/stm32f4xx_it.c.obj
 .debug_info    0x0000000000007cce      0x5b5 CMakeFiles/RoboMaster05-3.elf.dir/Src/system_stm32f4xx.c.obj
 .debug_info    0x0000000000008283       0x22 CMakeFiles/RoboMaster05-3.elf.dir/startup/startup_stm32f427xx.s.obj

.debug_abbrev   0x0000000000000000     0x1430
 .debug_abbrev  0x0000000000000000      0x1ea CMakeFiles/RoboMaster05-3.elf.dir/Drivers/STM32F4xx_HAL_Driver/Src/stm32f4xx_hal.c.obj
 .debug_abbrev  0x00000000000001ea      0x339 CMakeFiles/RoboMaster05-3.elf.dir/Drivers/STM32F4xx_HAL_Driver/Src/stm32f4xx_hal_cortex.c.obj
 .debug_abbrev  0x0000000000000523      0x1ee CMakeFiles/RoboMaster05-3.elf.dir/Drivers/STM32F4xx_HAL_Driver/Src/stm32f4xx_hal_gpio.c.obj
 .debug_abbrev  0x0000000000000711      0x272 CMakeFiles/RoboMaster05-3.elf.dir/Drivers/STM32F4xx_HAL_Driver/Src/stm32f4xx_hal_rcc.c.obj
 .debug_abbrev  0x0000000000000983      0x25b CMakeFiles/RoboMaster05-3.elf.dir/Drivers/STM32F4xx_HAL_Driver/Src/stm32f4xx_hal_tim.c.obj
 .debug_abbrev  0x0000000000000bde      0x249 CMakeFiles/RoboMaster05-3.elf.dir/Drivers/STM32F4xx_HAL_Driver/Src/stm32f4xx_hal_tim_ex.c.obj
 .debug_abbrev  0x0000000000000e27      0x20e CMakeFiles/RoboMaster05-3.elf.dir/Src/main.c.obj
 .debug_abbrev  0x0000000000001035      0x1d8 CMakeFiles/RoboMaster05-3.elf.dir/Src/stm32f4xx_hal_msp.c.obj
 .debug_abbrev  0x000000000000120d       0xcf CMakeFiles/RoboMaster05-3.elf.dir/Src/stm32f4xx_it.c.obj
 .debug_abbrev  0x00000000000012dc      0x142 CMakeFiles/RoboMaster05-3.elf.dir/Src/system_stm32f4xx.c.obj
 .debug_abbrev  0x000000000000141e       0x12 CMakeFiles/RoboMaster05-3.elf.dir/startup/startup_stm32f427xx.s.obj

.debug_aranges  0x0000000000000000      0x918
 .debug_aranges
                0x0000000000000000      0x100 CMakeFiles/RoboMaster05-3.elf.dir/Drivers/STM32F4xx_HAL_Driver/Src/stm32f4xx_hal.c.obj
 .debug_aranges
                0x0000000000000100      0x118 CMakeFiles/RoboMaster05-3.elf.dir/Drivers/STM32F4xx_HAL_Driver/Src/stm32f4xx_hal_cortex.c.obj
 .debug_aranges
                0x0000000000000218       0x58 CMakeFiles/RoboMaster05-3.elf.dir/Drivers/STM32F4xx_HAL_Driver/Src/stm32f4xx_hal_gpio.c.obj
 .debug_aranges
                0x0000000000000270       0x88 CMakeFiles/RoboMaster05-3.elf.dir/Drivers/STM32F4xx_HAL_Driver/Src/stm32f4xx_hal_rcc.c.obj
 .debug_aranges
                0x00000000000002f8      0x3a8 CMakeFiles/RoboMaster05-3.elf.dir/Drivers/STM32F4xx_HAL_Driver/Src/stm32f4xx_hal_tim.c.obj
 .debug_aranges
                0x00000000000006a0      0x150 CMakeFiles/RoboMaster05-3.elf.dir/Drivers/STM32F4xx_HAL_Driver/Src/stm32f4xx_hal_tim_ex.c.obj
 .debug_aranges
                0x00000000000007f0       0x40 CMakeFiles/RoboMaster05-3.elf.dir/Src/main.c.obj
 .debug_aranges
                0x0000000000000830       0x38 CMakeFiles/RoboMaster05-3.elf.dir/Src/stm32f4xx_hal_msp.c.obj
 .debug_aranges
                0x0000000000000868       0x60 CMakeFiles/RoboMaster05-3.elf.dir/Src/stm32f4xx_it.c.obj
 .debug_aranges
                0x00000000000008c8       0x28 CMakeFiles/RoboMaster05-3.elf.dir/Src/system_stm32f4xx.c.obj
 .debug_aranges
                0x00000000000008f0       0x28 CMakeFiles/RoboMaster05-3.elf.dir/startup/startup_stm32f427xx.s.obj

.debug_ranges   0x0000000000000000      0x870
 .debug_ranges  0x0000000000000000       0xf0 CMakeFiles/RoboMaster05-3.elf.dir/Drivers/STM32F4xx_HAL_Driver/Src/stm32f4xx_hal.c.obj
 .debug_ranges  0x00000000000000f0      0x108 CMakeFiles/RoboMaster05-3.elf.dir/Drivers/STM32F4xx_HAL_Driver/Src/stm32f4xx_hal_cortex.c.obj
 .debug_ranges  0x00000000000001f8       0x48 CMakeFiles/RoboMaster05-3.elf.dir/Drivers/STM32F4xx_HAL_Driver/Src/stm32f4xx_hal_gpio.c.obj
 .debug_ranges  0x0000000000000240       0x78 CMakeFiles/RoboMaster05-3.elf.dir/Drivers/STM32F4xx_HAL_Driver/Src/stm32f4xx_hal_rcc.c.obj
 .debug_ranges  0x00000000000002b8      0x398 CMakeFiles/RoboMaster05-3.elf.dir/Drivers/STM32F4xx_HAL_Driver/Src/stm32f4xx_hal_tim.c.obj
 .debug_ranges  0x0000000000000650      0x140 CMakeFiles/RoboMaster05-3.elf.dir/Drivers/STM32F4xx_HAL_Driver/Src/stm32f4xx_hal_tim_ex.c.obj
 .debug_ranges  0x0000000000000790       0x30 CMakeFiles/RoboMaster05-3.elf.dir/Src/main.c.obj
 .debug_ranges  0x00000000000007c0       0x28 CMakeFiles/RoboMaster05-3.elf.dir/Src/stm32f4xx_hal_msp.c.obj
 .debug_ranges  0x00000000000007e8       0x50 CMakeFiles/RoboMaster05-3.elf.dir/Src/stm32f4xx_it.c.obj
 .debug_ranges  0x0000000000000838       0x18 CMakeFiles/RoboMaster05-3.elf.dir/Src/system_stm32f4xx.c.obj
 .debug_ranges  0x0000000000000850       0x20 CMakeFiles/RoboMaster05-3.elf.dir/startup/startup_stm32f427xx.s.obj

.debug_line     0x0000000000000000     0x63b9
 .debug_line    0x0000000000000000      0x623 CMakeFiles/RoboMaster05-3.elf.dir/Drivers/STM32F4xx_HAL_Driver/Src/stm32f4xx_hal.c.obj
 .debug_line    0x0000000000000623      0x8ae CMakeFiles/RoboMaster05-3.elf.dir/Drivers/STM32F4xx_HAL_Driver/Src/stm32f4xx_hal_cortex.c.obj
 .debug_line    0x0000000000000ed1      0x7b5 CMakeFiles/RoboMaster05-3.elf.dir/Drivers/STM32F4xx_HAL_Driver/Src/stm32f4xx_hal_gpio.c.obj
 .debug_line    0x0000000000001686      0x999 CMakeFiles/RoboMaster05-3.elf.dir/Drivers/STM32F4xx_HAL_Driver/Src/stm32f4xx_hal_rcc.c.obj
 .debug_line    0x000000000000201f     0x25f8 CMakeFiles/RoboMaster05-3.elf.dir/Drivers/STM32F4xx_HAL_Driver/Src/stm32f4xx_hal_tim.c.obj
 .debug_line    0x0000000000004617      0xe26 CMakeFiles/RoboMaster05-3.elf.dir/Drivers/STM32F4xx_HAL_Driver/Src/stm32f4xx_hal_tim_ex.c.obj
 .debug_line    0x000000000000543d      0x462 CMakeFiles/RoboMaster05-3.elf.dir/Src/main.c.obj
 .debug_line    0x000000000000589f      0x395 CMakeFiles/RoboMaster05-3.elf.dir/Src/stm32f4xx_hal_msp.c.obj
 .debug_line    0x0000000000005c34      0x36a CMakeFiles/RoboMaster05-3.elf.dir/Src/stm32f4xx_it.c.obj
 .debug_line    0x0000000000005f9e      0x35f CMakeFiles/RoboMaster05-3.elf.dir/Src/system_stm32f4xx.c.obj
 .debug_line    0x00000000000062fd       0xbc CMakeFiles/RoboMaster05-3.elf.dir/startup/startup_stm32f427xx.s.obj

.debug_str      0x0000000000000000     0x3151
 .debug_str     0x0000000000000000      0xc14 CMakeFiles/RoboMaster05-3.elf.dir/Drivers/STM32F4xx_HAL_Driver/Src/stm32f4xx_hal.c.obj
                                        0xc7d (size before relaxing)
 .debug_str     0x0000000000000c14      0x530 CMakeFiles/RoboMaster05-3.elf.dir/Drivers/STM32F4xx_HAL_Driver/Src/stm32f4xx_hal_cortex.c.obj
                                        0xdb3 (size before relaxing)
 .debug_str     0x0000000000001144      0x21c CMakeFiles/RoboMaster05-3.elf.dir/Drivers/STM32F4xx_HAL_Driver/Src/stm32f4xx_hal_gpio.c.obj
                                        0x63f (size before relaxing)
 .debug_str     0x0000000000001360      0x332 CMakeFiles/RoboMaster05-3.elf.dir/Drivers/STM32F4xx_HAL_Driver/Src/stm32f4xx_hal_rcc.c.obj
                                        0x7f6 (size before relaxing)
 .debug_str     0x0000000000001692     0x1221 CMakeFiles/RoboMaster05-3.elf.dir/Drivers/STM32F4xx_HAL_Driver/Src/stm32f4xx_hal_tim.c.obj
                                       0x15b6 (size before relaxing)
 .debug_str     0x00000000000028b3      0x5b7 CMakeFiles/RoboMaster05-3.elf.dir/Drivers/STM32F4xx_HAL_Driver/Src/stm32f4xx_hal_tim_ex.c.obj
                                        0xdb6 (size before relaxing)
 .debug_str     0x0000000000002e6a       0x9c CMakeFiles/RoboMaster05-3.elf.dir/Src/main.c.obj
                                        0xac1 (size before relaxing)
 .debug_str     0x0000000000002f06       0x77 CMakeFiles/RoboMaster05-3.elf.dir/Src/stm32f4xx_hal_msp.c.obj
                                        0x911 (size before relaxing)
 .debug_str     0x0000000000002f7d       0xe4 CMakeFiles/RoboMaster05-3.elf.dir/Src/stm32f4xx_it.c.obj
                                        0x390 (size before relaxing)
 .debug_str     0x0000000000003061       0x83 CMakeFiles/RoboMaster05-3.elf.dir/Src/system_stm32f4xx.c.obj
                                        0x4a3 (size before relaxing)
 .debug_str     0x00000000000030e4       0x6d CMakeFiles/RoboMaster05-3.elf.dir/startup/startup_stm32f427xx.s.obj
                                         0xc0 (size before relaxing)

.comment        0x0000000000000000       0x79
 .comment       0x0000000000000000       0x79 CMakeFiles/RoboMaster05-3.elf.dir/Drivers/STM32F4xx_HAL_Driver/Src/stm32f4xx_hal.c.obj
                                         0x7a (size before relaxing)
 .comment       0x0000000000000079       0x7a CMakeFiles/RoboMaster05-3.elf.dir/Drivers/STM32F4xx_HAL_Driver/Src/stm32f4xx_hal_cortex.c.obj
 .comment       0x0000000000000079       0x7a CMakeFiles/RoboMaster05-3.elf.dir/Drivers/STM32F4xx_HAL_Driver/Src/stm32f4xx_hal_gpio.c.obj
 .comment       0x0000000000000079       0x7a CMakeFiles/RoboMaster05-3.elf.dir/Drivers/STM32F4xx_HAL_Driver/Src/stm32f4xx_hal_rcc.c.obj
 .comment       0x0000000000000079       0x7a CMakeFiles/RoboMaster05-3.elf.dir/Drivers/STM32F4xx_HAL_Driver/Src/stm32f4xx_hal_tim.c.obj
 .comment       0x0000000000000079       0x7a CMakeFiles/RoboMaster05-3.elf.dir/Drivers/STM32F4xx_HAL_Driver/Src/stm32f4xx_hal_tim_ex.c.obj
 .comment       0x0000000000000079       0x7a CMakeFiles/RoboMaster05-3.elf.dir/Src/main.c.obj
 .comment       0x0000000000000079       0x7a CMakeFiles/RoboMaster05-3.elf.dir/Src/stm32f4xx_hal_msp.c.obj
 .comment       0x0000000000000079       0x7a CMakeFiles/RoboMaster05-3.elf.dir/Src/stm32f4xx_it.c.obj
 .comment       0x0000000000000079       0x7a CMakeFiles/RoboMaster05-3.elf.dir/Src/system_stm32f4xx.c.obj

.debug_frame    0x0000000000000000     0x25ac
 .debug_frame   0x0000000000000000      0x3b4 CMakeFiles/RoboMaster05-3.elf.dir/Drivers/STM32F4xx_HAL_Driver/Src/stm32f4xx_hal.c.obj
 .debug_frame   0x00000000000003b4      0x498 CMakeFiles/RoboMaster05-3.elf.dir/Drivers/STM32F4xx_HAL_Driver/Src/stm32f4xx_hal_cortex.c.obj
 .debug_frame   0x000000000000084c      0x14c CMakeFiles/RoboMaster05-3.elf.dir/Drivers/STM32F4xx_HAL_Driver/Src/stm32f4xx_hal_gpio.c.obj
 .debug_frame   0x0000000000000998      0x1ec CMakeFiles/RoboMaster05-3.elf.dir/Drivers/STM32F4xx_HAL_Driver/Src/stm32f4xx_hal_rcc.c.obj
 .debug_frame   0x0000000000000b84     0x10f0 CMakeFiles/RoboMaster05-3.elf.dir/Drivers/STM32F4xx_HAL_Driver/Src/stm32f4xx_hal_tim.c.obj
 .debug_frame   0x0000000000001c74      0x5c0 CMakeFiles/RoboMaster05-3.elf.dir/Drivers/STM32F4xx_HAL_Driver/Src/stm32f4xx_hal_tim_ex.c.obj
 .debug_frame   0x0000000000002234       0xbc CMakeFiles/RoboMaster05-3.elf.dir/Src/main.c.obj
 .debug_frame   0x00000000000022f0       0xac CMakeFiles/RoboMaster05-3.elf.dir/Src/stm32f4xx_hal_msp.c.obj
 .debug_frame   0x000000000000239c      0x10c CMakeFiles/RoboMaster05-3.elf.dir/Src/stm32f4xx_it.c.obj
 .debug_frame   0x00000000000024a8       0x58 CMakeFiles/RoboMaster05-3.elf.dir/Src/system_stm32f4xx.c.obj
 .debug_frame   0x0000000000002500       0x2c /home/alchemic_ronin/STM32/gcc-arm-none-eabi-9-2019-q4-major/bin/../lib/gcc/arm-none-eabi/9.2.1/thumb/v7e-m/nofp/libgcc.a(_aeabi_uldivmod.o)
 .debug_frame   0x000000000000252c       0x34 /home/alchemic_ronin/STM32/gcc-arm-none-eabi-9-2019-q4-major/bin/../lib/gcc/arm-none-eabi/9.2.1/thumb/v7e-m/nofp/libgcc.a(_udivmoddi4.o)
 .debug_frame   0x0000000000002560       0x2c /home/alchemic_ronin/STM32/gcc-arm-none-eabi-9-2019-q4-major/bin/../lib/gcc/arm-none-eabi/9.2.1/../../../../arm-none-eabi/lib/thumb/v7e-m/nofp/libg_nano.a(lib_a-init.o)
 .debug_frame   0x000000000000258c       0x20 /home/alchemic_ronin/STM32/gcc-arm-none-eabi-9-2019-q4-major/bin/../lib/gcc/arm-none-eabi/9.2.1/../../../../arm-none-eabi/lib/thumb/v7e-m/nofp/libg_nano.a(lib_a-memset.o)
