<html>
<body>
<pre>
<h1>µVision Build Log</h1>
<h2>Tool Versions:</h2>
IDE-Version: ¦ÌVision V5.15
Copyright (C) 2015 ARM Ltd and ARM Germany GmbH. All rights reserved.
License Information:  ,  , LIC=GE7BS-LR5H0-5AQDF-6C4PI-UQX64-1U0SU
 
Tool Versions:
Toolchain:       MDK-ARM Professional  Version: 5.15.0
Toolchain Path:  C:\Keil_v5\ARM\ARMCC\Bin
C Compiler:      Armcc.exe V5.05 update 2 (build 169)
Assembler:       Armasm.exe V5.05 update 2 (build 169)
Linker/Locator:  ArmLink.exe V5.05 update 2 (build 169)
Library Manager: ArmAr.exe V5.05 update 2 (build 169)
Hex Converter:   FromElf.exe V5.05 update 2 (build 169)
CPU DLL:         SARMCM3.DLL V5.15.0
Dialog DLL:      DCM.DLL V1.13.2.0
Target DLL:      Segger\JL2CM3.dll V2.99.15.0
Dialog DLL:      TCM.DLL V1.14.5.0
 
<h2>Project:</h2>
C:\Users\Macbook\Desktop\MistyMoon\5\3¸Ä5\USER\Ambition.uvprojx
Project File Date:  07/29/2019

<h2>Output:</h2>
*** Using Compiler 'V5.05 update 2 (build 169)', folder: 'C:\Keil_v5\ARM\ARMCC\Bin'
Build target 'Template'
compiling AHRS_middleware.c...
compiling mpu6500driver.c...
compiling mpu6500driver_middleware.c...
compiling ist8310driver.c...
compiling ist8310driver_middleware.c...
compiling adc.c...
compiling INS_task.c...
compiling main.c...
compiling stm32f4xx_it.c...
compiling system_stm32f4xx.c...
compiling bsp.c...
compiling timer.c...
compiling can1.c...
compiling can2.c...
compiling rm_pid.c...
compiling encoder.c...
compiling remote.c...
compiling serial.c...
compiling stmflash.c...
compiling spi.c...
compiling pwm.c...
compiling laser.c...
compiling buzzer.c...
compiling power_24V.c...
compiling shoot_plan.c...
compiling judgement_info.c...
compiling JudgeSystem.c...
compiling led.c...
compiling cloudmotor.c...
compiling chassismotor.c...
compiling feedmotor.c...
compiling firemotor.c...
compiling miniPC.c...
compiling imu.c...
compiling communicate.c...
compiling control_task.c...
linking...
Program Size: Code=52194 RO-data=3718 RW-data=1352 ZI-data=4672  
"..\OBJ\RM2019_Ambition.axf" - 0 Error(s), 0 Warning(s).

<h2>Collection of Component include folders:</h2>
  C:\Users\Macbook\Desktop\MistyMoon\5\3¸Ä5\USER\RTE
  C:\Keil_v5\ARM\PACK\Keil\STM32F4xx_DFP\2.5.0\Drivers\CMSIS\Device\ST\STM32F4xx\Include

<h2>Collection of Component Files used:</h2>
</pre>
</body>
</html>
