Archive member included to satisfy reference by file (symbol)

/home/alchemic_ronin/STM32/gcc-arm-none-eabi-9-2019-q4-major/bin/../lib/gcc/arm-none-eabi/9.2.1/thumb/v7e-m/nofp/libgcc.a(_aeabi_uldivmod.o)
                              CMakeFiles/RoboMaster01.elf.dir/Drivers/STM32F4xx_HAL_Driver/Src/stm32f4xx_hal_rcc.c.obj (__aeabi_uldivmod)
/home/alchemic_ronin/STM32/gcc-arm-none-eabi-9-2019-q4-major/bin/../lib/gcc/arm-none-eabi/9.2.1/thumb/v7e-m/nofp/libgcc.a(_udivmoddi4.o)
                              /home/alchemic_ronin/STM32/gcc-arm-none-eabi-9-2019-q4-major/bin/../lib/gcc/arm-none-eabi/9.2.1/thumb/v7e-m/nofp/libgcc.a(_aeabi_uldivmod.o) (__udivmoddi4)
/home/alchemic_ronin/STM32/gcc-arm-none-eabi-9-2019-q4-major/bin/../lib/gcc/arm-none-eabi/9.2.1/thumb/v7e-m/nofp/libgcc.a(_dvmd_tls.o)
                              /home/alchemic_ronin/STM32/gcc-arm-none-eabi-9-2019-q4-major/bin/../lib/gcc/arm-none-eabi/9.2.1/thumb/v7e-m/nofp/libgcc.a(_aeabi_uldivmod.o) (__aeabi_ldiv0)
/home/alchemic_ronin/STM32/gcc-arm-none-eabi-9-2019-q4-major/bin/../lib/gcc/arm-none-eabi/9.2.1/../../../../arm-none-eabi/lib/thumb/v7e-m/nofp/libg_nano.a(lib_a-errno.o)
                              CMakeFiles/RoboMaster01.elf.dir/Src/syscalls.c.obj (__errno)
/home/alchemic_ronin/STM32/gcc-arm-none-eabi-9-2019-q4-major/bin/../lib/gcc/arm-none-eabi/9.2.1/../../../../arm-none-eabi/lib/thumb/v7e-m/nofp/libg_nano.a(lib_a-exit.o)
                              /home/alchemic_ronin/STM32/gcc-arm-none-eabi-9-2019-q4-major/bin/../lib/gcc/arm-none-eabi/9.2.1/../../../../arm-none-eabi/lib/thumb/v7e-m/nofp/crt0.o (exit)
/home/alchemic_ronin/STM32/gcc-arm-none-eabi-9-2019-q4-major/bin/../lib/gcc/arm-none-eabi/9.2.1/../../../../arm-none-eabi/lib/thumb/v7e-m/nofp/libg_nano.a(lib_a-impure.o)
                              /home/alchemic_ronin/STM32/gcc-arm-none-eabi-9-2019-q4-major/bin/../lib/gcc/arm-none-eabi/9.2.1/../../../../arm-none-eabi/lib/thumb/v7e-m/nofp/libg_nano.a(lib_a-exit.o) (_global_impure_ptr)
/home/alchemic_ronin/STM32/gcc-arm-none-eabi-9-2019-q4-major/bin/../lib/gcc/arm-none-eabi/9.2.1/../../../../arm-none-eabi/lib/thumb/v7e-m/nofp/libg_nano.a(lib_a-init.o)
                              /home/alchemic_ronin/STM32/gcc-arm-none-eabi-9-2019-q4-major/bin/../lib/gcc/arm-none-eabi/9.2.1/../../../../arm-none-eabi/lib/thumb/v7e-m/nofp/crt0.o (__libc_init_array)
/home/alchemic_ronin/STM32/gcc-arm-none-eabi-9-2019-q4-major/bin/../lib/gcc/arm-none-eabi/9.2.1/../../../../arm-none-eabi/lib/thumb/v7e-m/nofp/libg_nano.a(lib_a-memset.o)
                              /home/alchemic_ronin/STM32/gcc-arm-none-eabi-9-2019-q4-major/bin/../lib/gcc/arm-none-eabi/9.2.1/../../../../arm-none-eabi/lib/thumb/v7e-m/nofp/crt0.o (memset)

Discarded input sections

 .text          0x0000000000000000        0x0 /home/alchemic_ronin/STM32/gcc-arm-none-eabi-9-2019-q4-major/bin/../lib/gcc/arm-none-eabi/9.2.1/thumb/v7e-m/nofp/crti.o
 .data          0x0000000000000000        0x0 /home/alchemic_ronin/STM32/gcc-arm-none-eabi-9-2019-q4-major/bin/../lib/gcc/arm-none-eabi/9.2.1/thumb/v7e-m/nofp/crti.o
 .bss           0x0000000000000000        0x0 /home/alchemic_ronin/STM32/gcc-arm-none-eabi-9-2019-q4-major/bin/../lib/gcc/arm-none-eabi/9.2.1/thumb/v7e-m/nofp/crti.o
 .data          0x0000000000000000        0x4 /home/alchemic_ronin/STM32/gcc-arm-none-eabi-9-2019-q4-major/bin/../lib/gcc/arm-none-eabi/9.2.1/thumb/v7e-m/nofp/crtbegin.o
 .text          0x0000000000000000       0x74 /home/alchemic_ronin/STM32/gcc-arm-none-eabi-9-2019-q4-major/bin/../lib/gcc/arm-none-eabi/9.2.1/../../../../arm-none-eabi/lib/thumb/v7e-m/nofp/crt0.o
 .data          0x0000000000000000        0x0 /home/alchemic_ronin/STM32/gcc-arm-none-eabi-9-2019-q4-major/bin/../lib/gcc/arm-none-eabi/9.2.1/../../../../arm-none-eabi/lib/thumb/v7e-m/nofp/crt0.o
 .bss           0x0000000000000000        0x0 /home/alchemic_ronin/STM32/gcc-arm-none-eabi-9-2019-q4-major/bin/../lib/gcc/arm-none-eabi/9.2.1/../../../../arm-none-eabi/lib/thumb/v7e-m/nofp/crt0.o
 .ARM.extab     0x0000000000000000        0x0 /home/alchemic_ronin/STM32/gcc-arm-none-eabi-9-2019-q4-major/bin/../lib/gcc/arm-none-eabi/9.2.1/../../../../arm-none-eabi/lib/thumb/v7e-m/nofp/crt0.o
 .ARM.exidx     0x0000000000000000        0x8 /home/alchemic_ronin/STM32/gcc-arm-none-eabi-9-2019-q4-major/bin/../lib/gcc/arm-none-eabi/9.2.1/../../../../arm-none-eabi/lib/thumb/v7e-m/nofp/crt0.o
 .ARM.attributes
                0x0000000000000000       0x1c /home/alchemic_ronin/STM32/gcc-arm-none-eabi-9-2019-q4-major/bin/../lib/gcc/arm-none-eabi/9.2.1/../../../../arm-none-eabi/lib/thumb/v7e-m/nofp/crt0.o
 .text          0x0000000000000000        0x0 CMakeFiles/RoboMaster01.elf.dir/Drivers/STM32F4xx_HAL_Driver/Src/stm32f4xx_hal.c.obj
 .data          0x0000000000000000        0x0 CMakeFiles/RoboMaster01.elf.dir/Drivers/STM32F4xx_HAL_Driver/Src/stm32f4xx_hal.c.obj
[...]
Memory Configuration

Name             Origin             Length             Attributes
RAM              0x0000000020000000 0x0000000000030000 xrw
CCMRAM           0x0000000010000000 0x0000000000010000 xrw
FLASH            0x0000000008000000 0x0000000000200000 xr
*default*        0x0000000000000000 0xffffffffffffffff

Linker script and memory map

LOAD /home/alchemic_ronin/STM32/gcc-arm-none-eabi-9-2019-q4-major/bin/../lib/gcc/arm-none-eabi/9.2.1/thumb/v7e-m/nofp/crti.o
LOAD /home/alchemic_ronin/STM32/gcc-arm-none-eabi-9-2019-q4-major/bin/../lib/gcc/arm-none-eabi/9.2.1/thumb/v7e-m/nofp/crtbegin.o
LOAD /home/alchemic_ronin/STM32/gcc-arm-none-eabi-9-2019-q4-major/bin/../lib/gcc/arm-none-eabi/9.2.1/../../../../arm-none-eabi/lib/thumb/v7e-m/nofp/crt0.o
LOAD CMakeFiles/RoboMaster01.elf.dir/Drivers/STM32F4xx_HAL_Driver/Src/stm32f4xx_hal.c.obj
LOAD CMakeFiles/RoboMaster01.elf.dir/Drivers/STM32F4xx_HAL_Driver/Src/stm32f4xx_hal_cortex.c.obj
LOAD CMakeFiles/RoboMaster01.elf.dir/Drivers/STM32F4xx_HAL_Driver/Src/stm32f4xx_hal_dma.c.obj
LOAD CMakeFiles/RoboMaster01.elf.dir/Drivers/STM32F4xx_HAL_Driver/Src/stm32f4xx_hal_dma_ex.c.obj
LOAD CMakeFiles/RoboMaster01.elf.dir/Drivers/STM32F4xx_HAL_Driver/Src/stm32f4xx_hal_exti.c.obj
LOAD CMakeFiles/RoboMaster01.elf.dir/Drivers/STM32F4xx_HAL_Driver/Src/stm32f4xx_hal_flash.c.obj
LOAD CMakeFiles/RoboMaster01.elf.dir/Drivers/STM32F4xx_HAL_Driver/Src/stm32f4xx_hal_flash_ex.c.obj
LOAD CMakeFiles/RoboMaster01.elf.dir/Drivers/STM32F4xx_HAL_Driver/Src/stm32f4xx_hal_flash_ramfunc.c.obj
LOAD CMakeFiles/RoboMaster01.elf.dir/Drivers/STM32F4xx_HAL_Driver/Src/stm32f4xx_hal_gpio.c.obj
LOAD CMakeFiles/RoboMaster01.elf.dir/Drivers/STM32F4xx_HAL_Driver/Src/stm32f4xx_hal_pwr.c.obj
LOAD CMakeFiles/RoboMaster01.elf.dir/Drivers/STM32F4xx_HAL_Driver/Src/stm32f4xx_hal_pwr_ex.c.obj
LOAD CMakeFiles/RoboMaster01.elf.dir/Drivers/STM32F4xx_HAL_Driver/Src/stm32f4xx_hal_rcc.c.obj
LOAD CMakeFiles/RoboMaster01.elf.dir/Drivers/STM32F4xx_HAL_Driver/Src/stm32f4xx_hal_rcc_ex.c.obj
LOAD CMakeFiles/RoboMaster01.elf.dir/Drivers/STM32F4xx_HAL_Driver/Src/stm32f4xx_hal_tim.c.obj
LOAD CMakeFiles/RoboMaster01.elf.dir/Drivers/STM32F4xx_HAL_Driver/Src/stm32f4xx_hal_tim_ex.c.obj
LOAD CMakeFiles/RoboMaster01.elf.dir/Src/main.c.obj
LOAD CMakeFiles/RoboMaster01.elf.dir/Src/stm32f4xx_hal_msp.c.obj
LOAD CMakeFiles/RoboMaster01.elf.dir/Src/stm32f4xx_it.c.obj
LOAD CMakeFiles/RoboMaster01.elf.dir/Src/syscalls.c.obj
LOAD CMakeFiles/RoboMaster01.elf.dir/Src/system_stm32f4xx.c.obj
LOAD CMakeFiles/RoboMaster01.elf.dir/startup/startup_stm32f427xx.s.obj
START GROUP
LOAD /home/alchemic_ronin/STM32/gcc-arm-none-eabi-9-2019-q4-major/bin/../lib/gcc/arm-none-eabi/9.2.1/thumb/v7e-m/nofp/libgcc.a
LOAD /home/alchemic_ronin/STM32/gcc-arm-none-eabi-9-2019-q4-major/bin/../lib/gcc/arm-none-eabi/9.2.1/../../../../arm-none-eabi/lib/thumb/v7e-m/nofp/libg_nano.a
LOAD /home/alchemic_ronin/STM32/gcc-arm-none-eabi-9-2019-q4-major/bin/../lib/gcc/arm-none-eabi/9.2.1/../../../../arm-none-eabi/lib/thumb/v7e-m/nofp/libc_nano.a
END GROUP
START GROUP
LOAD /home/alchemic_ronin/STM32/gcc-arm-none-eabi-9-2019-q4-major/bin/../lib/gcc/arm-none-eabi/9.2.1/thumb/v7e-m/nofp/libgcc.a
LOAD /home/alchemic_ronin/STM32/gcc-arm-none-eabi-9-2019-q4-major/bin/../lib/gcc/arm-none-eabi/9.2.1/../../../../arm-none-eabi/lib/thumb/v7e-m/nofp/libc_nano.a
LOAD /home/alchemic_ronin/STM32/gcc-arm-none-eabi-9-2019-q4-major/bin/../lib/gcc/arm-none-eabi/9.2.1/../../../../arm-none-eabi/lib/thumb/v7e-m/nofp/libnosys.a
END GROUP
START GROUP
LOAD /home/alchemic_ronin/STM32/gcc-arm-none-eabi-9-2019-q4-major/bin/../lib/gcc/arm-none-eabi/9.2.1/thumb/v7e-m/nofp/libgcc.a
LOAD /home/alchemic_ronin/STM32/gcc-arm-none-eabi-9-2019-q4-major/bin/../lib/gcc/arm-none-eabi/9.2.1/../../../../arm-none-eabi/lib/thumb/v7e-m/nofp/libc_nano.a
LOAD /home/alchemic_ronin/STM32/gcc-arm-none-eabi-9-2019-q4-major/bin/../lib/gcc/arm-none-eabi/9.2.1/../../../../arm-none-eabi/lib/thumb/v7e-m/nofp/libnosys.a
END GROUP
LOAD /home/alchemic_ronin/STM32/gcc-arm-none-eabi-9-2019-q4-major/bin/../lib/gcc/arm-none-eabi/9.2.1/thumb/v7e-m/nofp/crtend.o
LOAD /home/alchemic_ronin/STM32/gcc-arm-none-eabi-9-2019-q4-major/bin/../lib/gcc/arm-none-eabi/9.2.1/thumb/v7e-m/nofp/crtn.o
                0x0000000020030000                _estack = 0x20030000
                0x0000000000000200                _Min_Heap_Size = 0x200
                0x0000000000000400                _Min_Stack_Size = 0x400

.isr_vector     0x0000000008000000      0x1ac
                0x0000000008000000                . = ALIGN (0x4)
 *(.isr_vector)
 .isr_vector    0x0000000008000000      0x1ac CMakeFiles/RoboMaster01.elf.dir/startup/startup_stm32f427xx.s.obj
                0x0000000008000000                g_pfnVectors
                0x00000000080001ac                . = ALIGN (0x4)

.text           0x00000000080001ac     0x1664
                0x00000000080001ac                . = ALIGN (0x4)
 *(.text)
 .text          0x00000000080001ac       0x40 /home/alchemic_ronin/STM32/gcc-arm-none-eabi-9-2019-q4-major/bin/../lib/gcc/arm-none-eabi/9.2.1/thumb/v7e-m/nofp/crtbegin.o
 .text          0x00000000080001ec       0x30 /home/alchemic_ronin/STM32/gcc-arm-none-eabi-9-2019-q4-major/bin/../lib/gcc/arm-none-eabi/9.2.1/thumb/v7e-m/nofp/libgcc.a(_aeabi_uldivmod.o)
                0x00000000080001ec                __aeabi_uldivmod
 .text          0x000000000800021c      0x2c0 /home/alchemic_ronin/STM32/gcc-arm-none-eabi-9-2019-q4-major/bin/../lib/gcc/arm-none-eabi/9.2.1/thumb/v7e-m/nofp/libgcc.a(_udivmoddi4.o)
                0x000000000800021c                __udivmoddi4
 .text          0x00000000080004dc        0x4 /home/alchemic_ronin/STM32/gcc-arm-none-eabi-9-2019-q4-major/bin/../lib/gcc/arm-none-eabi/9.2.1/thumb/v7e-m/nofp/libgcc.a(_dvmd_tls.o)
                0x00000000080004dc                __aeabi_ldiv0
                0x00000000080004dc                __aeabi_idiv0
 *(.text*)
 .text.HAL_Init
                0x00000000080004e0       0x44 CMakeFiles/RoboMaster01.elf.dir/Drivers/STM32F4xx_HAL_Driver/Src/stm32f4xx_hal.c.obj
                0x00000000080004e0                HAL_Init
 .text.HAL_InitTick
                0x0000000008000524       0x60 CMakeFiles/RoboMaster01.elf.dir/Drivers/STM32F4xx_HAL_Driver/Src/stm32f4xx_hal.c.obj
                0x0000000008000524                HAL_InitTick
 .text.HAL_IncTick
                0x0000000008000584       0x24 CMakeFiles/RoboMaster01.elf.dir/Drivers/STM32F4xx_HAL_Driver/Src/stm32f4xx_hal.c.obj
                0x0000000008000584                HAL_IncTick
 .text.HAL_GetTick
                0x00000000080005a8       0x14 CMakeFiles/RoboMaster01.elf.dir/Drivers/STM32F4xx_HAL_Driver/Src/stm32f4xx_hal.c.obj
                0x00000000080005a8                HAL_GetTick
 .text.HAL_Delay
                0x00000000080005bc       0x48 CMakeFiles/RoboMaster01.elf.dir/Drivers/STM32F4xx_HAL_Driver/Src/stm32f4xx_hal.c.obj
                0x00000000080005bc                HAL_Delay
 .text.__NVIC_SetPriorityGrouping
                0x0000000008000604       0x48 CMakeFiles/RoboMaster01.elf.dir/Drivers/STM32F4xx_HAL_Driver/Src/stm32f4xx_hal_cortex.c.obj
 .text.__NVIC_GetPriorityGrouping
                0x000000000800064c       0x1c CMakeFiles/RoboMaster01.elf.dir/Drivers/STM32F4xx_HAL_Driver/Src/stm32f4xx_hal_cortex.c.obj
 .text.__NVIC_SetPriority
                0x0000000008000668       0x54 CMakeFiles/RoboMaster01.elf.dir/Drivers/STM32F4xx_HAL_Driver/Src/stm32f4xx_hal_cortex.c.obj
 .text.NVIC_EncodePriority
                0x00000000080006bc       0x64 CMakeFiles/RoboMaster01.elf.dir/Drivers/STM32F4xx_HAL_Driver/Src/stm32f4xx_hal_cortex.c.obj
 .text.SysTick_Config
                0x0000000008000720       0x44 CMakeFiles/RoboMaster01.elf.dir/Drivers/STM32F4xx_HAL_Driver/Src/stm32f4xx_hal_cortex.c.obj
 .text.HAL_NVIC_SetPriorityGrouping
                0x0000000008000764       0x16 CMakeFiles/RoboMaster01.elf.dir/Drivers/STM32F4xx_HAL_Driver/Src/stm32f4xx_hal_cortex.c.obj
                0x0000000008000764                HAL_NVIC_SetPriorityGrouping
 .text.HAL_NVIC_SetPriority
                0x000000000800077a       0x38 CMakeFiles/RoboMaster01.elf.dir/Drivers/STM32F4xx_HAL_Driver/Src/stm32f4xx_hal_cortex.c.obj
                0x000000000800077a                HAL_NVIC_SetPriority
 .text.HAL_SYSTICK_Config
                0x00000000080007b2       0x18 CMakeFiles/RoboMaster01.elf.dir/Drivers/STM32F4xx_HAL_Driver/Src/stm32f4xx_hal_cortex.c.obj
                0x00000000080007b2                HAL_SYSTICK_Config
 *fill*         0x00000000080007ca        0x2 
 .text.HAL_GPIO_Init
                0x00000000080007cc      0x354 CMakeFiles/RoboMaster01.elf.dir/Drivers/STM32F4xx_HAL_Driver/Src/stm32f4xx_hal_gpio.c.obj
                0x00000000080007cc                HAL_GPIO_Init
 .text.HAL_GPIO_ReadPin
                0x0000000008000b20       0x2e CMakeFiles/RoboMaster01.elf.dir/Drivers/STM32F4xx_HAL_Driver/Src/stm32f4xx_hal_gpio.c.obj
                0x0000000008000b20                HAL_GPIO_ReadPin
 .text.HAL_GPIO_WritePin
                0x0000000008000b4e       0x30 CMakeFiles/RoboMaster01.elf.dir/Drivers/STM32F4xx_HAL_Driver/Src/stm32f4xx_hal_gpio.c.obj
                0x0000000008000b4e                HAL_GPIO_WritePin
 .text.HAL_GPIO_TogglePin
                0x0000000008000b7e       0x34 CMakeFiles/RoboMaster01.elf.dir/Drivers/STM32F4xx_HAL_Driver/Src/stm32f4xx_hal_gpio.c.obj
                0x0000000008000b7e                HAL_GPIO_TogglePin
 *fill*         0x0000000008000bb2        0x2 
 .text.HAL_RCC_OscConfig
                0x0000000008000bb4      0x4e0 CMakeFiles/RoboMaster01.elf.dir/Drivers/STM32F4xx_HAL_Driver/Src/stm32f4xx_hal_rcc.c.obj
                0x0000000008000bb4                HAL_RCC_OscConfig
 .text.HAL_RCC_ClockConfig
                0x0000000008001094      0x1cc CMakeFiles/RoboMaster01.elf.dir/Drivers/STM32F4xx_HAL_Driver/Src/stm32f4xx_hal_rcc.c.obj
                0x0000000008001094                HAL_RCC_ClockConfig
 .text.HAL_RCC_GetSysClockFreq
                0x0000000008001260      0x16c CMakeFiles/RoboMaster01.elf.dir/Drivers/STM32F4xx_HAL_Driver/Src/stm32f4xx_hal_rcc.c.obj
                0x0000000008001260                HAL_RCC_GetSysClockFreq
 .text.main     0x00000000080013cc       0xc4 CMakeFiles/RoboMaster01.elf.dir/Src/main.c.obj
                0x00000000080013cc                main
 .text.SystemClock_Config
                0x0000000008001490       0xc0 CMakeFiles/RoboMaster01.elf.dir/Src/main.c.obj
                0x0000000008001490                SystemClock_Config
 .text.MX_GPIO_Init
                0x0000000008001550      0x138 CMakeFiles/RoboMaster01.elf.dir/Src/main.c.obj
 .text.Error_Handler
                0x0000000008001688        0xc CMakeFiles/RoboMaster01.elf.dir/Src/main.c.obj
                0x0000000008001688                Error_Handler
 .text.HAL_MspInit
                0x0000000008001694       0x4c CMakeFiles/RoboMaster01.elf.dir/Src/stm32f4xx_hal_msp.c.obj
                0x0000000008001694                HAL_MspInit
 .text.NMI_Handler
                0x00000000080016e0        0xc CMakeFiles/RoboMaster01.elf.dir/Src/stm32f4xx_it.c.obj
                0x00000000080016e0                NMI_Handler
 .text.HardFault_Handler
                0x00000000080016ec        0x6 CMakeFiles/RoboMaster01.elf.dir/Src/stm32f4xx_it.c.obj
                0x00000000080016ec                HardFault_Handler
 .text.MemManage_Handler
                0x00000000080016f2        0x6 CMakeFiles/RoboMaster01.elf.dir/Src/stm32f4xx_it.c.obj
                0x00000000080016f2                MemManage_Handler
 .text.BusFault_Handler
                0x00000000080016f8        0x6 CMakeFiles/RoboMaster01.elf.dir/Src/stm32f4xx_it.c.obj
                0x00000000080016f8                BusFault_Handler
 .text.UsageFault_Handler
                0x00000000080016fe        0x6 CMakeFiles/RoboMaster01.elf.dir/Src/stm32f4xx_it.c.obj
                0x00000000080016fe                UsageFault_Handler
 .text.SVC_Handler
                0x0000000008001704        0xc CMakeFiles/RoboMaster01.elf.dir/Src/stm32f4xx_it.c.obj
                0x0000000008001704                SVC_Handler
 .text.DebugMon_Handler
                0x0000000008001710        0xc CMakeFiles/RoboMaster01.elf.dir/Src/stm32f4xx_it.c.obj
                0x0000000008001710                DebugMon_Handler
 .text.PendSV_Handler
                0x000000000800171c        0xc CMakeFiles/RoboMaster01.elf.dir/Src/stm32f4xx_it.c.obj
                0x000000000800171c                PendSV_Handler
 .text.SysTick_Handler
                0x0000000008001728        0xc CMakeFiles/RoboMaster01.elf.dir/Src/stm32f4xx_it.c.obj
                0x0000000008001728                SysTick_Handler
 .text.SystemInit
                0x0000000008001734       0x18 CMakeFiles/RoboMaster01.elf.dir/Src/system_stm32f4xx.c.obj
                0x0000000008001734                SystemInit
 .text.Reset_Handler
                0x000000000800174c       0x50 CMakeFiles/RoboMaster01.elf.dir/startup/startup_stm32f427xx.s.obj
                0x000000000800174c                Reset_Handler
 .text.Default_Handler
                0x000000000800179c        0x2 CMakeFiles/RoboMaster01.elf.dir/startup/startup_stm32f427xx.s.obj
                0x000000000800179c                RTC_Alarm_IRQHandler
                0x000000000800179c                HASH_RNG_IRQHandler
                0x000000000800179c                EXTI2_IRQHandler
                0x000000000800179c                TIM8_CC_IRQHandler
                0x000000000800179c                UART8_IRQHandler
                0x000000000800179c                SPI4_IRQHandler
                0x000000000800179c                TIM1_CC_IRQHandler
                0x000000000800179c                DMA2_Stream5_IRQHandler
                0x000000000800179c                DMA1_Stream5_IRQHandler
                0x000000000800179c                PVD_IRQHandler
                0x000000000800179c                SDIO_IRQHandler
                0x000000000800179c                TAMP_STAMP_IRQHandler
                0x000000000800179c                CAN2_RX1_IRQHandler
                0x000000000800179c                EXTI3_IRQHandler
                0x000000000800179c                TIM8_TRG_COM_TIM14_IRQHandler
                0x000000000800179c                TIM1_UP_TIM10_IRQHandler
                0x000000000800179c                TIM8_UP_TIM13_IRQHandler
                0x000000000800179c                I2C3_ER_IRQHandler
                0x000000000800179c                EXTI0_IRQHandler
                0x000000000800179c                I2C2_EV_IRQHandler
                0x000000000800179c                DMA1_Stream2_IRQHandler
                0x000000000800179c                CAN1_RX0_IRQHandler
                0x000000000800179c                FPU_IRQHandler
                0x000000000800179c                OTG_HS_WKUP_IRQHandler
                0x000000000800179c                CAN2_SCE_IRQHandler
                0x000000000800179c                DMA2_Stream2_IRQHandler
                0x000000000800179c                SPI1_IRQHandler
                0x000000000800179c                TIM6_DAC_IRQHandler
                0x000000000800179c                TIM1_BRK_TIM9_IRQHandler
                0x000000000800179c                DCMI_IRQHandler
                0x000000000800179c                CAN2_RX0_IRQHandler
                0x000000000800179c                DMA2_Stream3_IRQHandler
                0x000000000800179c                USART6_IRQHandler
                0x000000000800179c                USART3_IRQHandler
                0x000000000800179c                CAN1_RX1_IRQHandler
                0x000000000800179c                UART5_IRQHandler
                0x000000000800179c                DMA2_Stream0_IRQHandler
                0x000000000800179c                TIM4_IRQHandler
                0x000000000800179c                I2C1_EV_IRQHandler
                0x000000000800179c                DMA1_Stream6_IRQHandler
                0x000000000800179c                DMA1_Stream1_IRQHandler
                0x000000000800179c                UART4_IRQHandler
                0x000000000800179c                TIM3_IRQHandler
                0x000000000800179c                RCC_IRQHandler
                0x000000000800179c                TIM8_BRK_TIM12_IRQHandler
                0x000000000800179c                Default_Handler
                0x000000000800179c                EXTI15_10_IRQHandler
                0x000000000800179c                ADC_IRQHandler
                0x000000000800179c                DMA1_Stream7_IRQHandler
                0x000000000800179c                SPI5_IRQHandler
                0x000000000800179c                TIM7_IRQHandler
                0x000000000800179c                CAN2_TX_IRQHandler
                0x000000000800179c                TIM5_IRQHandler
                0x000000000800179c                DMA2_Stream7_IRQHandler
                0x000000000800179c                I2C3_EV_IRQHandler
                0x000000000800179c                EXTI9_5_IRQHandler
                0x000000000800179c                RTC_WKUP_IRQHandler
                0x000000000800179c                ETH_WKUP_IRQHandler
                0x000000000800179c                SPI2_IRQHandler
                0x000000000800179c                OTG_HS_EP1_IN_IRQHandler
                0x000000000800179c                DMA1_Stream0_IRQHandler
                0x000000000800179c                CAN1_TX_IRQHandler
                0x000000000800179c                EXTI4_IRQHandler
                0x000000000800179c                ETH_IRQHandler
                0x000000000800179c                OTG_HS_EP1_OUT_IRQHandler
                0x000000000800179c                WWDG_IRQHandler
                0x000000000800179c                SPI6_IRQHandler
                0x000000000800179c                TIM2_IRQHandler
                0x000000000800179c                OTG_FS_WKUP_IRQHandler
                0x000000000800179c                TIM1_TRG_COM_TIM11_IRQHandler
                0x000000000800179c                OTG_HS_IRQHandler
                0x000000000800179c                DMA2D_IRQHandler
                0x000000000800179c                EXTI1_IRQHandler
                0x000000000800179c                UART7_IRQHandler
                0x000000000800179c                USART2_IRQHandler
                0x000000000800179c                I2C2_ER_IRQHandler
                0x000000000800179c                DMA2_Stream1_IRQHandler
                0x000000000800179c                CAN1_SCE_IRQHandler
                0x000000000800179c                FLASH_IRQHandler
                0x000000000800179c                DMA2_Stream4_IRQHandler
                0x000000000800179c                USART1_IRQHandler
                0x000000000800179c                OTG_FS_IRQHandler
                0x000000000800179c                SPI3_IRQHandler
                0x000000000800179c                DMA1_Stream4_IRQHandler
                0x000000000800179c                I2C1_ER_IRQHandler
                0x000000000800179c                FMC_IRQHandler
                0x000000000800179c                DMA2_Stream6_IRQHandler
                0x000000000800179c                SAI1_IRQHandler
                0x000000000800179c                DMA1_Stream3_IRQHandler
 *fill*         0x000000000800179e        0x2 
 .text.__libc_init_array
                0x00000000080017a0       0x48 /home/alchemic_ronin/STM32/gcc-arm-none-eabi-9-2019-q4-major/bin/../lib/gcc/arm-none-eabi/9.2.1/../../../../arm-none-eabi/lib/thumb/v7e-m/nofp/libg_nano.a(lib_a-init.o)
                0x00000000080017a0                __libc_init_array
 .text.memset   0x00000000080017e8       0x10 /home/alchemic_ronin/STM32/gcc-arm-none-eabi-9-2019-q4-major/bin/../lib/gcc/arm-none-eabi/9.2.1/../../../../arm-none-eabi/lib/thumb/v7e-m/nofp/libg_nano.a(lib_a-memset.o)
                0x00000000080017e8                memset
 *(.glue_7)
 .glue_7        0x00000000080017f8        0x0 linker stubs
 *(.glue_7t)
 .glue_7t       0x00000000080017f8        0x0 linker stubs
 *(.eh_frame)
 .eh_frame      0x00000000080017f8        0x0 /home/alchemic_ronin/STM32/gcc-arm-none-eabi-9-2019-q4-major/bin/../lib/gcc/arm-none-eabi/9.2.1/thumb/v7e-m/nofp/crtbegin.o
 *(.init)
 .init          0x00000000080017f8        0x4 /home/alchemic_ronin/STM32/gcc-arm-none-eabi-9-2019-q4-major/bin/../lib/gcc/arm-none-eabi/9.2.1/thumb/v7e-m/nofp/crti.o
                0x00000000080017f8                _init
 .init          0x00000000080017fc        0x8 /home/alchemic_ronin/STM32/gcc-arm-none-eabi-9-2019-q4-major/bin/../lib/gcc/arm-none-eabi/9.2.1/thumb/v7e-m/nofp/crtn.o
 *(.fini)
 .fini          0x0000000008001804        0x4 /home/alchemic_ronin/STM32/gcc-arm-none-eabi-9-2019-q4-major/bin/../lib/gcc/arm-none-eabi/9.2.1/thumb/v7e-m/nofp/crti.o
                0x0000000008001804                _fini
 .fini          0x0000000008001808        0x8 /home/alchemic_ronin/STM32/gcc-arm-none-eabi-9-2019-q4-major/bin/../lib/gcc/arm-none-eabi/9.2.1/thumb/v7e-m/nofp/crtn.o
                0x0000000008001810                . = ALIGN (0x4)
                0x0000000008001810                _etext = .

.vfp11_veneer   0x0000000008001810        0x0
 .vfp11_veneer  0x0000000008001810        0x0 linker stubs

.v4_bx          0x0000000008001810        0x0
 .v4_bx         0x0000000008001810        0x0 linker stubs

.iplt           0x0000000008001810        0x0
 .iplt          0x0000000008001810        0x0 /home/alchemic_ronin/STM32/gcc-arm-none-eabi-9-2019-q4-major/bin/../lib/gcc/arm-none-eabi/9.2.1/thumb/v7e-m/nofp/crtbegin.o

.rodata         0x0000000008001810       0x10
                0x0000000008001810                . = ALIGN (0x4)
 *(.rodata)
 *(.rodata*)
 .rodata.AHBPrescTable
                0x0000000008001810       0x10 CMakeFiles/RoboMaster01.elf.dir/Src/system_stm32f4xx.c.obj
                0x0000000008001810                AHBPrescTable
                0x0000000008001820                . = ALIGN (0x4)

.ARM.extab
 *(.ARM.extab* .gnu.linkonce.armextab.*)

.ARM            0x0000000008001820        0x8
                0x0000000008001820                __exidx_start = .
 *(.ARM.exidx*)
 .ARM.exidx     0x0000000008001820        0x8 /home/alchemic_ronin/STM32/gcc-arm-none-eabi-9-2019-q4-major/bin/../lib/gcc/arm-none-eabi/9.2.1/thumb/v7e-m/nofp/libgcc.a(_udivmoddi4.o)
                0x0000000008001828                __exidx_end = .

.rel.dyn        0x0000000008001828        0x0
 .rel.iplt      0x0000000008001828        0x0 /home/alchemic_ronin/STM32/gcc-arm-none-eabi-9-2019-q4-major/bin/../lib/gcc/arm-none-eabi/9.2.1/thumb/v7e-m/nofp/crtbegin.o

.preinit_array  0x0000000008001828        0x0
                0x0000000008001828                PROVIDE (__preinit_array_start = .)
 *(.preinit_array*)
                0x0000000008001828                PROVIDE (__preinit_array_end = .)

.init_array     0x0000000008001828        0x4
                0x0000000008001828                PROVIDE (__init_array_start = .)
 *(SORT_BY_NAME(.init_array.*))
 *(.init_array*)
 .init_array    0x0000000008001828        0x4 /home/alchemic_ronin/STM32/gcc-arm-none-eabi-9-2019-q4-major/bin/../lib/gcc/arm-none-eabi/9.2.1/thumb/v7e-m/nofp/crtbegin.o
                0x000000000800182c                PROVIDE (__init_array_end = .)

.fini_array     0x000000000800182c        0x4
                [!provide]                        PROVIDE (__fini_array_start = .)
 *(SORT_BY_NAME(.fini_array.*))
 *(.fini_array*)
 .fini_array    0x000000000800182c        0x4 /home/alchemic_ronin/STM32/gcc-arm-none-eabi-9-2019-q4-major/bin/../lib/gcc/arm-none-eabi/9.2.1/thumb/v7e-m/nofp/crtbegin.o
                [!provide]                        PROVIDE (__fini_array_end = .)
                0x0000000008001830                _sidata = LOADADDR (.data)

.data           0x0000000020000000        0xc load address 0x0000000008001830
                0x0000000020000000                . = ALIGN (0x4)
                0x0000000020000000                _sdata = .
 *(.data)
 *(.data*)
 .data.uwTickPrio
                0x0000000020000000        0x4 CMakeFiles/RoboMaster01.elf.dir/Drivers/STM32F4xx_HAL_Driver/Src/stm32f4xx_hal.c.obj
                0x0000000020000000                uwTickPrio
 .data.uwTickFreq
                0x0000000020000004        0x1 CMakeFiles/RoboMaster01.elf.dir/Drivers/STM32F4xx_HAL_Driver/Src/stm32f4xx_hal.c.obj
                0x0000000020000004                uwTickFreq
 *fill*         0x0000000020000005        0x3 
 .data.SystemCoreClock
                0x0000000020000008        0x4 CMakeFiles/RoboMaster01.elf.dir/Src/system_stm32f4xx.c.obj
                0x0000000020000008                SystemCoreClock
                0x000000002000000c                . = ALIGN (0x4)
                0x000000002000000c                _edata = .
                0x000000000800183c                _siccmram = LOADADDR (.ccmram)

.igot.plt       0x000000002000000c        0x0 load address 0x000000000800183c
 .igot.plt      0x000000002000000c        0x0 /home/alchemic_ronin/STM32/gcc-arm-none-eabi-9-2019-q4-major/bin/../lib/gcc/arm-none-eabi/9.2.1/thumb/v7e-m/nofp/crtbegin.o

.ccmram         0x0000000010000000        0x0 load address 0x000000000800183c
                0x0000000010000000                . = ALIGN (0x4)
                0x0000000010000000                _sccmram = .
 *(.ccmram)
 *(.ccmram*)
                0x0000000010000000                . = ALIGN (0x4)
                0x0000000010000000                _eccmram = .
                0x0000000010000000                . = ALIGN (0x4)

.bss            0x000000002000000c       0x20
                0x000000002000000c                _sbss = .
                0x000000002000000c                __bss_start__ = _sbss
 *(.bss)
 .bss           0x000000002000000c       0x1c /home/alchemic_ronin/STM32/gcc-arm-none-eabi-9-2019-q4-major/bin/../lib/gcc/arm-none-eabi/9.2.1/thumb/v7e-m/nofp/crtbegin.o
 *(.bss*)
 .bss.uwTick    0x0000000020000028        0x4 CMakeFiles/RoboMaster01.elf.dir/Drivers/STM32F4xx_HAL_Driver/Src/stm32f4xx_hal.c.obj
                0x0000000020000028                uwTick
 *(COMMON)
                0x000000002000002c                . = ALIGN (0x4)
                0x000000002000002c                _ebss = .
                0x000000002000002c                __bss_end__ = _ebss

._user_heap_stack
                0x000000002000002c      0x604
                0x0000000020000030                . = ALIGN (0x8)
 *fill*         0x000000002000002c        0x4 
                0x0000000020000030                PROVIDE (end = .)
                [!provide]                        PROVIDE (_end = .)
                0x0000000020000230                . = (. + _Min_Heap_Size)
 *fill*         0x0000000020000030      0x200 
                0x0000000020000630                . = (. + _Min_Stack_Size)
 *fill*         0x0000000020000230      0x400 
                0x0000000020000630                . = ALIGN (0x8)

/DISCARD/
 libc.a(*)
 libm.a(*)
 libgcc.a(*)

.ARM.attributes
                0x0000000000000000       0x2a
 *(.ARM.attributes)
 .ARM.attributes
                0x0000000000000000       0x1e /home/alchemic_ronin/STM32/gcc-arm-none-eabi-9-2019-q4-major/bin/../lib/gcc/arm-none-eabi/9.2.1/thumb/v7e-m/nofp/crti.o
 .ARM.attributes
                0x000000000000001e       0x2e /home/alchemic_ronin/STM32/gcc-arm-none-eabi-9-2019-q4-major/bin/../lib/gcc/arm-none-eabi/9.2.1/thumb/v7e-m/nofp/crtbegin.o
 .ARM.attributes
                0x000000000000004c       0x2e CMakeFiles/RoboMaster01.elf.dir/Drivers/STM32F4xx_HAL_Driver/Src/stm32f4xx_hal.c.obj
 .ARM.attributes
                0x000000000000007a       0x2e CMakeFiles/RoboMaster01.elf.dir/Drivers/STM32F4xx_HAL_Driver/Src/stm32f4xx_hal_cortex.c.obj
 .ARM.attributes
                0x00000000000000a8       0x2e CMakeFiles/RoboMaster01.elf.dir/Drivers/STM32F4xx_HAL_Driver/Src/stm32f4xx_hal_gpio.c.obj
 .ARM.attributes
                0x00000000000000d6       0x2e CMakeFiles/RoboMaster01.elf.dir/Drivers/STM32F4xx_HAL_Driver/Src/stm32f4xx_hal_rcc.c.obj
 .ARM.attributes
                0x0000000000000104       0x2e CMakeFiles/RoboMaster01.elf.dir/Src/main.c.obj
 .ARM.attributes
                0x0000000000000132       0x2e CMakeFiles/RoboMaster01.elf.dir/Src/stm32f4xx_hal_msp.c.obj
 .ARM.attributes
                0x0000000000000160       0x2e CMakeFiles/RoboMaster01.elf.dir/Src/stm32f4xx_it.c.obj
 .ARM.attributes
                0x000000000000018e       0x2e CMakeFiles/RoboMaster01.elf.dir/Src/system_stm32f4xx.c.obj
 .ARM.attributes
                0x00000000000001bc       0x21 CMakeFiles/RoboMaster01.elf.dir/startup/startup_stm32f427xx.s.obj
 .ARM.attributes
                0x00000000000001dd       0x1e /home/alchemic_ronin/STM32/gcc-arm-none-eabi-9-2019-q4-major/bin/../lib/gcc/arm-none-eabi/9.2.1/thumb/v7e-m/nofp/libgcc.a(_aeabi_uldivmod.o)
 .ARM.attributes
                0x00000000000001fb       0x2e /home/alchemic_ronin/STM32/gcc-arm-none-eabi-9-2019-q4-major/bin/../lib/gcc/arm-none-eabi/9.2.1/thumb/v7e-m/nofp/libgcc.a(_udivmoddi4.o)
 .ARM.attributes
                0x0000000000000229       0x1e /home/alchemic_ronin/STM32/gcc-arm-none-eabi-9-2019-q4-major/bin/../lib/gcc/arm-none-eabi/9.2.1/thumb/v7e-m/nofp/libgcc.a(_dvmd_tls.o)
 .ARM.attributes
                0x0000000000000247       0x2e /home/alchemic_ronin/STM32/gcc-arm-none-eabi-9-2019-q4-major/bin/../lib/gcc/arm-none-eabi/9.2.1/../../../../arm-none-eabi/lib/thumb/v7e-m/nofp/libg_nano.a(lib_a-init.o)
 .ARM.attributes
                0x0000000000000275       0x2e /home/alchemic_ronin/STM32/gcc-arm-none-eabi-9-2019-q4-major/bin/../lib/gcc/arm-none-eabi/9.2.1/../../../../arm-none-eabi/lib/thumb/v7e-m/nofp/libg_nano.a(lib_a-memset.o)
 .ARM.attributes
                0x00000000000002a3       0x1e /home/alchemic_ronin/STM32/gcc-arm-none-eabi-9-2019-q4-major/bin/../lib/gcc/arm-none-eabi/9.2.1/thumb/v7e-m/nofp/crtn.o
OUTPUT(RoboMaster01.elf elf32-littlearm)

.debug_info     0x0000000000000000     0x3da3
 .debug_info    0x0000000000000000      0xa13 CMakeFiles/RoboMaster01.elf.dir/Drivers/STM32F4xx_HAL_Driver/Src/stm32f4xx_hal.c.obj
 .debug_info    0x0000000000000a13      0xef6 CMakeFiles/RoboMaster01.elf.dir/Drivers/STM32F4xx_HAL_Driver/Src/stm32f4xx_hal_cortex.c.obj
 .debug_info    0x0000000000001909      0x83f CMakeFiles/RoboMaster01.elf.dir/Drivers/STM32F4xx_HAL_Driver/Src/stm32f4xx_hal_gpio.c.obj
 .debug_info    0x0000000000002148      0x9a7 CMakeFiles/RoboMaster01.elf.dir/Drivers/STM32F4xx_HAL_Driver/Src/stm32f4xx_hal_rcc.c.obj
 .debug_info    0x0000000000002aef      0x743 CMakeFiles/RoboMaster01.elf.dir/Src/main.c.obj
 .debug_info    0x0000000000003232      0x3a5 CMakeFiles/RoboMaster01.elf.dir/Src/stm32f4xx_hal_msp.c.obj
 .debug_info    0x00000000000035d7      0x217 CMakeFiles/RoboMaster01.elf.dir/Src/stm32f4xx_it.c.obj
 .debug_info    0x00000000000037ee      0x5b5 CMakeFiles/RoboMaster01.elf.dir/Src/system_stm32f4xx.c.obj

.debug_abbrev   0x0000000000000000      0xe4b
 .debug_abbrev  0x0000000000000000      0x1ea CMakeFiles/RoboMaster01.elf.dir/Drivers/STM32F4xx_HAL_Driver/Src/stm32f4xx_hal.c.obj
 .debug_abbrev  0x00000000000001ea      0x339 CMakeFiles/RoboMaster01.elf.dir/Drivers/STM32F4xx_HAL_Driver/Src/stm32f4xx_hal_cortex.c.obj
 .debug_abbrev  0x0000000000000523      0x1ee CMakeFiles/RoboMaster01.elf.dir/Drivers/STM32F4xx_HAL_Driver/Src/stm32f4xx_hal_gpio.c.obj
 .debug_abbrev  0x0000000000000711      0x272 CMakeFiles/RoboMaster01.elf.dir/Drivers/STM32F4xx_HAL_Driver/Src/stm32f4xx_hal_rcc.c.obj
 .debug_abbrev  0x0000000000000983      0x19d CMakeFiles/RoboMaster01.elf.dir/Src/main.c.obj
 .debug_abbrev  0x0000000000000b20      0x11a CMakeFiles/RoboMaster01.elf.dir/Src/stm32f4xx_hal_msp.c.obj
 .debug_abbrev  0x0000000000000c3a       0xcf CMakeFiles/RoboMaster01.elf.dir/Src/stm32f4xx_it.c.obj
 .debug_abbrev  0x0000000000000d09      0x142 CMakeFiles/RoboMaster01.elf.dir/Src/system_stm32f4xx.c.obj

.debug_aranges  0x0000000000000000      0x3d8
 .debug_aranges
                0x0000000000000000      0x100 CMakeFiles/RoboMaster01.elf.dir/Drivers/STM32F4xx_HAL_Driver/Src/stm32f4xx_hal.c.obj
 .debug_aranges
                0x0000000000000100      0x118 CMakeFiles/RoboMaster01.elf.dir/Drivers/STM32F4xx_HAL_Driver/Src/stm32f4xx_hal_cortex.c.obj
 .debug_aranges
                0x0000000000000218       0x58 CMakeFiles/RoboMaster01.elf.dir/Drivers/STM32F4xx_HAL_Driver/Src/stm32f4xx_hal_gpio.c.obj
 .debug_aranges
                0x0000000000000270       0x88 CMakeFiles/RoboMaster01.elf.dir/Drivers/STM32F4xx_HAL_Driver/Src/stm32f4xx_hal_rcc.c.obj
 .debug_aranges
                0x00000000000002f8       0x38 CMakeFiles/RoboMaster01.elf.dir/Src/main.c.obj
 .debug_aranges
                0x0000000000000330       0x20 CMakeFiles/RoboMaster01.elf.dir/Src/stm32f4xx_hal_msp.c.obj
 .debug_aranges
                0x0000000000000350       0x60 CMakeFiles/RoboMaster01.elf.dir/Src/stm32f4xx_it.c.obj
 .debug_aranges
                0x00000000000003b0       0x28 CMakeFiles/RoboMaster01.elf.dir/Src/system_stm32f4xx.c.obj

.debug_ranges   0x0000000000000000      0x358
 .debug_ranges  0x0000000000000000       0xf0 CMakeFiles/RoboMaster01.elf.dir/Drivers/STM32F4xx_HAL_Driver/Src/stm32f4xx_hal.c.obj
 .debug_ranges  0x00000000000000f0      0x108 CMakeFiles/RoboMaster01.elf.dir/Drivers/STM32F4xx_HAL_Driver/Src/stm32f4xx_hal_cortex.c.obj
 .debug_ranges  0x00000000000001f8       0x48 CMakeFiles/RoboMaster01.elf.dir/Drivers/STM32F4xx_HAL_Driver/Src/stm32f4xx_hal_gpio.c.obj
 .debug_ranges  0x0000000000000240       0x78 CMakeFiles/RoboMaster01.elf.dir/Drivers/STM32F4xx_HAL_Driver/Src/stm32f4xx_hal_rcc.c.obj
 .debug_ranges  0x00000000000002b8       0x28 CMakeFiles/RoboMaster01.elf.dir/Src/main.c.obj
 .debug_ranges  0x00000000000002e0       0x10 CMakeFiles/RoboMaster01.elf.dir/Src/stm32f4xx_hal_msp.c.obj
 .debug_ranges  0x00000000000002f0       0x50 CMakeFiles/RoboMaster01.elf.dir/Src/stm32f4xx_it.c.obj
 .debug_ranges  0x0000000000000340       0x18 CMakeFiles/RoboMaster01.elf.dir/Src/system_stm32f4xx.c.obj

.debug_line     0x0000000000000000     0x2d6b
 .debug_line    0x0000000000000000      0x61b CMakeFiles/RoboMaster01.elf.dir/Drivers/STM32F4xx_HAL_Driver/Src/stm32f4xx_hal.c.obj
 .debug_line    0x000000000000061b      0x8a6 CMakeFiles/RoboMaster01.elf.dir/Drivers/STM32F4xx_HAL_Driver/Src/stm32f4xx_hal_cortex.c.obj
 .debug_line    0x0000000000000ec1      0x7ad CMakeFiles/RoboMaster01.elf.dir/Drivers/STM32F4xx_HAL_Driver/Src/stm32f4xx_hal_gpio.c.obj
 .debug_line    0x000000000000166e      0x991 CMakeFiles/RoboMaster01.elf.dir/Drivers/STM32F4xx_HAL_Driver/Src/stm32f4xx_hal_rcc.c.obj
 .debug_line    0x0000000000001fff      0x3ea CMakeFiles/RoboMaster01.elf.dir/Src/main.c.obj
 .debug_line    0x00000000000023e9      0x2c9 CMakeFiles/RoboMaster01.elf.dir/Src/stm32f4xx_hal_msp.c.obj
 .debug_line    0x00000000000026b2      0x362 CMakeFiles/RoboMaster01.elf.dir/Src/stm32f4xx_it.c.obj
 .debug_line    0x0000000000002a14      0x357 CMakeFiles/RoboMaster01.elf.dir/Src/system_stm32f4xx.c.obj

.debug_str      0x0000000000000000     0x18c8
 .debug_str     0x0000000000000000      0xc0d CMakeFiles/RoboMaster01.elf.dir/Drivers/STM32F4xx_HAL_Driver/Src/stm32f4xx_hal.c.obj
                                        0xc76 (size before relaxing)
 .debug_str     0x0000000000000c0d      0x53a CMakeFiles/RoboMaster01.elf.dir/Drivers/STM32F4xx_HAL_Driver/Src/stm32f4xx_hal_cortex.c.obj
                                        0xdac (size before relaxing)
 .debug_str     0x0000000000001147      0x21a CMakeFiles/RoboMaster01.elf.dir/Drivers/STM32F4xx_HAL_Driver/Src/stm32f4xx_hal_gpio.c.obj
                                        0x638 (size before relaxing)
 .debug_str     0x0000000000001361      0x330 CMakeFiles/RoboMaster01.elf.dir/Drivers/STM32F4xx_HAL_Driver/Src/stm32f4xx_hal_rcc.c.obj
                                        0x7ef (size before relaxing)
 .debug_str     0x0000000000001691       0x7d CMakeFiles/RoboMaster01.elf.dir/Src/main.c.obj
                                        0x617 (size before relaxing)
 .debug_str     0x000000000000170e       0x57 CMakeFiles/RoboMaster01.elf.dir/Src/stm32f4xx_hal_msp.c.obj
                                        0x420 (size before relaxing)
 .debug_str     0x0000000000001765       0xe2 CMakeFiles/RoboMaster01.elf.dir/Src/stm32f4xx_it.c.obj
                                        0x389 (size before relaxing)
 .debug_str     0x0000000000001847       0x81 CMakeFiles/RoboMaster01.elf.dir/Src/system_stm32f4xx.c.obj
                                        0x49c (size before relaxing)

.comment        0x0000000000000000       0x79
 .comment       0x0000000000000000       0x79 CMakeFiles/RoboMaster01.elf.dir/Drivers/STM32F4xx_HAL_Driver/Src/stm32f4xx_hal.c.obj
                                         0x7a (size before relaxing)
 .comment       0x0000000000000079       0x7a CMakeFiles/RoboMaster01.elf.dir/Drivers/STM32F4xx_HAL_Driver/Src/stm32f4xx_hal_cortex.c.obj
 .comment       0x0000000000000079       0x7a CMakeFiles/RoboMaster01.elf.dir/Drivers/STM32F4xx_HAL_Driver/Src/stm32f4xx_hal_gpio.c.obj
 .comment       0x0000000000000079       0x7a CMakeFiles/RoboMaster01.elf.dir/Drivers/STM32F4xx_HAL_Driver/Src/stm32f4xx_hal_rcc.c.obj
 .comment       0x0000000000000079       0x7a CMakeFiles/RoboMaster01.elf.dir/Src/main.c.obj
 .comment       0x0000000000000079       0x7a CMakeFiles/RoboMaster01.elf.dir/Src/stm32f4xx_hal_msp.c.obj
 .comment       0x0000000000000079       0x7a CMakeFiles/RoboMaster01.elf.dir/Src/stm32f4xx_it.c.obj
 .comment       0x0000000000000079       0x7a CMakeFiles/RoboMaster01.elf.dir/Src/system_stm32f4xx.c.obj

.debug_frame    0x0000000000000000      0xe60
 .debug_frame   0x0000000000000000      0x3b4 CMakeFiles/RoboMaster01.elf.dir/Drivers/STM32F4xx_HAL_Driver/Src/stm32f4xx_hal.c.obj
 .debug_frame   0x00000000000003b4      0x498 CMakeFiles/RoboMaster01.elf.dir/Drivers/STM32F4xx_HAL_Driver/Src/stm32f4xx_hal_cortex.c.obj
 .debug_frame   0x000000000000084c      0x14c CMakeFiles/RoboMaster01.elf.dir/Drivers/STM32F4xx_HAL_Driver/Src/stm32f4xx_hal_gpio.c.obj
 .debug_frame   0x0000000000000998      0x1ec CMakeFiles/RoboMaster01.elf.dir/Drivers/STM32F4xx_HAL_Driver/Src/stm32f4xx_hal_rcc.c.obj
 .debug_frame   0x0000000000000b84       0x94 CMakeFiles/RoboMaster01.elf.dir/Src/main.c.obj
 .debug_frame   0x0000000000000c18       0x38 CMakeFiles/RoboMaster01.elf.dir/Src/stm32f4xx_hal_msp.c.obj
 .debug_frame   0x0000000000000c50      0x10c CMakeFiles/RoboMaster01.elf.dir/Src/stm32f4xx_it.c.obj
 .debug_frame   0x0000000000000d5c       0x58 CMakeFiles/RoboMaster01.elf.dir/Src/system_stm32f4xx.c.obj
 .debug_frame   0x0000000000000db4       0x2c /home/alchemic_ronin/STM32/gcc-arm-none-eabi-9-2019-q4-major/bin/../lib/gcc/arm-none-eabi/9.2.1/thumb/v7e-m/nofp/libgcc.a(_aeabi_uldivmod.o)
 .debug_frame   0x0000000000000de0       0x34 /home/alchemic_ronin/STM32/gcc-arm-none-eabi-9-2019-q4-major/bin/../lib/gcc/arm-none-eabi/9.2.1/thumb/v7e-m/nofp/libgcc.a(_udivmoddi4.o)
 .debug_frame   0x0000000000000e14       0x2c /home/alchemic_ronin/STM32/gcc-arm-none-eabi-9-2019-q4-major/bin/../lib/gcc/arm-none-eabi/9.2.1/../../../../arm-none-eabi/lib/thumb/v7e-m/nofp/libg_nano.a(lib_a-init.o)
 .debug_frame   0x0000000000000e40       0x20 /home/alchemic_ronin/STM32/gcc-arm-none-eabi-9-2019-q4-major/bin/../lib/gcc/arm-none-eabi/9.2.1/../../../../arm-none-eabi/lib/thumb/v7e-m/nofp/libg_nano.a(lib_a-memset.o)
